[시뮬레이션 설정] 익절 +3.5000000000000004% / 손절 -2.5%
============================================================
2025-11-06 20:07:55 | __main__ | INFO | 대상 날짜: 20250901
2025-11-06 20:07:55 | __main__ | INFO | 처리할 종목 수: 29개
2025-11-06 20:07:55 | __main__ | INFO | 손익 설정: 익절 +3.5000000000000004% / 손절 -2.5%
2025-11-06 20:07:55 | __main__ | INFO | 특정 시각 지정된 종목: 0개
2025-11-06 20:07:55 | api.kis_api_manager | INFO | KIS API Manager 초기화 시작...
2025-11-06 20:07:55 | api.kis_auth | DEBUG | ✅ 기존 토큰 사용
2025-11-06 20:07:55 | api.kis_auth | INFO | ✅ KIS API 인증 헤더 설정 완료
2025-11-06 20:07:55 | api.kis_api_manager | INFO | ✅ KIS 인증 성공
2025-11-06 20:07:55 | api.kis_api_manager | INFO | ✅ KIS 설정 검증 완료
2025-11-06 20:07:55 | api.kis_api_manager | INFO | ✅ KIS API Manager 초기화 완료
2025-11-06 20:07:55 | __main__ | INFO | 🔄 [007820] 처리 시작...
2025-11-06 20:07:55 | __main__ | INFO | 🔄 [005360] 처리 시작...
2025-11-06 20:07:55 | __main__ | INFO | 🔄 [484810] 처리 시작...
2025-11-06 20:07:55 | __main__ | INFO | 🔄 [250060] 처리 시작...
2025-11-06 20:07:55 | __main__ | INFO | 🔄 [391710] 처리 시작...
2025-11-06 20:07:55 | __main__ | INFO | 🔄 [441270] 처리 시작...
2025-11-06 20:07:55 | __main__ | INFO | 🔄 [064260] 처리 시작...
2025-11-06 20:07:55 | __main__ | INFO | 🔄 [097230] 처리 시작...
2025-11-06 20:07:55 | __main__ | INFO | 💾 [005360] 캐시 데이터 사용 - 379개 봉
2025-11-06 20:07:55 | __main__ | INFO | 💾 [007820] 캐시 데이터 사용 - 374개 봉
2025-11-06 20:07:55 | __main__ | INFO | 🔄 [019180] 처리 시작...
2025-11-06 20:07:55 | __main__ | INFO | 💾 [441270] 캐시 데이터 사용 - 380개 봉
2025-11-06 20:07:55 | __main__ | INFO | 🔄 [094940] 처리 시작...
2025-11-06 20:07:55 | __main__ | INFO | 💾 [391710] 캐시 데이터 사용 - 378개 봉
2025-11-06 20:07:55 | __main__ | INFO | 💾 [250060] 캐시 데이터 사용 - 379개 봉
2025-11-06 20:07:55 | __main__ | INFO | 💾 [064260] 캐시 데이터 사용 - 379개 봉
2025-11-06 20:07:55 | __main__ | INFO | 💾 [097230] 캐시 데이터 사용 - 380개 봉
2025-11-06 20:07:55 | __main__ | INFO | 💾 [484810] 캐시 데이터 사용 - 379개 봉
2025-11-06 20:07:55 | __main__ | INFO | 💾 [019180] 캐시 데이터 사용 - 350개 봉
2025-11-06 20:07:55 | __main__ | INFO | 💾 [094940] 캐시 데이터 사용 - 379개 봉
2025-11-06 20:07:55 | pullback_pattern_097230 | INFO | [097230] 일봉분석: 강도50, 이상적패턴False, 요구신뢰도70
2025-11-06 20:07:55 | pullback_pattern_484810 | INFO | [484810] 일봉분석: 강도50, 이상적패턴False, 요구신뢰도70
2025-11-06 20:07:55 | pullback_pattern_484810 | INFO | [484810] 일봉상세: 가격변화0.0%, 거래량변화0.0%
2025-11-06 20:07:55 | pullback_pattern_097230 | INFO | [097230] 일봉상세: 가격변화0.0%, 거래량변화0.0%
2025-11-06 20:07:55 | pullback_pattern_441270 | INFO | [441270] 일봉분석: 강도50, 이상적패턴False, 요구신뢰도70
2025-11-06 20:07:55 | pullback_pattern_441270 | INFO | [441270] 일봉상세: 가격변화0.0%, 거래량변화0.0%
2025-11-06 20:07:55 | pullback_pattern_097230 | INFO | [097230] 일봉분석: 강도50, 이상적패턴False, 요구신뢰도70
2025-11-06 20:07:55 | pullback_pattern_097230 | INFO | [097230] 일봉상세: 가격변화0.0%, 거래량변화0.0%
2025-11-06 20:07:55 | pullback_pattern_441270 | INFO | [441270] 일봉분석: 강도50, 이상적패턴False, 요구신뢰도70
2025-11-06 20:07:55 | pullback_pattern_441270 | INFO | [441270] 일봉상세: 가격변화0.0%, 거래량변화0.0%
2025-11-06 20:07:55 | pullback_pattern_097230 | INFO | [097230] 일봉분석: 강도50, 이상적패턴False, 요구신뢰도70
2025-11-06 20:07:55 | pullback_pattern_097230 | INFO | [097230] 일봉상세: 가격변화0.0%, 거래량변화0.0%
2025-11-06 20:07:55 | pullback_pattern_441270 | INFO | [441270] 일봉분석: 강도50, 이상적패턴False, 요구신뢰도70
2025-11-06 20:07:55 | pullback_pattern_019180 | INFO | [019180] 일봉분석: 강도50, 이상적패턴False, 요구신뢰도70
2025-11-06 20:07:55 | pullback_pattern_441270 | INFO | [441270] 일봉상세: 가격변화0.0%, 거래량변화0.0%
2025-11-06 20:07:55 | pullback_pattern_019180 | INFO | [019180] 일봉상세: 가격변화0.0%, 거래량변화0.0%
2025-11-06 20:07:55 | pullback_pattern_097230 | INFO | [097230] 일봉분석: 강도50, 이상적패턴False, 요구신뢰도70
2025-11-06 20:07:55 | pullback_pattern_097230 | INFO | [097230] 일봉상세: 가격변화0.0%, 거래량변화0.0%
2025-11-06 20:07:55 | pullback_pattern_441270 | INFO | [441270] 일봉분석: 강도50, 이상적패턴False, 요구신뢰도70
2025-11-06 20:07:55 | pullback_pattern_441270 | INFO | [441270] 일봉상세: 가격변화0.0%, 거래량변화0.0%
2025-11-06 20:07:55 | pullback_pattern_019180 | INFO | [019180] 일봉분석: 강도50, 이상적패턴False, 요구신뢰도70
2025-11-06 20:07:55 | pullback_pattern_019180 | INFO | [019180] 일봉상세: 가격변화0.0%, 거래량변화0.0%
2025-11-06 20:07:55 | pullback_pattern_097230 | INFO | [097230] 일봉분석: 강도50, 이상적패턴False, 요구신뢰도70
2025-11-06 20:07:55 | pullback_pattern_441270 | INFO | [441270] 일봉분석: 강도50, 이상적패턴False, 요구신뢰도70
2025-11-06 20:07:55 | pullback_pattern_097230 | INFO | [097230] 일봉상세: 가격변화0.0%, 거래량변화0.0%
2025-11-06 20:07:55 | pullback_pattern_441270 | INFO | [441270] 일봉상세: 가격변화0.0%, 거래량변화0.0%
2025-11-06 20:07:55 | pullback_pattern_019180 | INFO | [019180] 일봉분석: 강도50, 이상적패턴False, 요구신뢰도70
2025-11-06 20:07:55 | pullback_pattern_097230 | INFO | [097230] 일봉분석: 강도50, 이상적패턴False, 요구신뢰도70
2025-11-06 20:07:55 | pullback_pattern_019180 | INFO | [019180] 일봉상세: 가격변화0.0%, 거래량변화0.0%
2025-11-06 20:07:55 | pullback_pattern_484810 | INFO | [484810] 일봉분석: 강도50, 이상적패턴False, 요구신뢰도70
2025-11-06 20:07:55 | pullback_pattern_441270 | INFO | [441270] 일봉분석: 강도50, 이상적패턴False, 요구신뢰도70
2025-11-06 20:07:55 | pullback_pattern_064260 | INFO | [064260] 일봉분석: 강도50, 이상적패턴False, 요구신뢰도70
2025-11-06 20:07:55 | pullback_pattern_097230 | INFO | [097230] 일봉상세: 가격변화0.0%, 거래량변화0.0%
2025-11-06 20:07:55 | pullback_pattern_250060 | INFO | [250060] 일봉분석: 강도50, 이상적패턴False, 요구신뢰도70
2025-11-06 20:07:55 | pullback_pattern_484810 | INFO | [484810] 일봉상세: 가격변화0.0%, 거래량변화0.0%
2025-11-06 20:07:55 | pullback_pattern_064260 | INFO | [064260] 일봉상세: 가격변화0.0%, 거래량변화0.0%
2025-11-06 20:07:55 | pullback_pattern_250060 | INFO | [250060] 일봉상세: 가격변화0.0%, 거래량변화0.0%
2025-11-06 20:07:55 | pullback_pattern_484810 | INFO | [484810] 4단계패턴매수: 신뢰도91%, 진입가0원
2025-11-06 20:07:55 | pullback_pattern_019180 | INFO | [019180] 일봉분석: 강도50, 이상적패턴False, 요구신뢰도70
2025-11-06 20:07:55 | pullback_pattern_441270 | INFO | [441270] 일봉상세: 가격변화0.0%, 거래량변화0.0%
✅ 484810 매수 신호 감지: STRONG_BUY (신뢰도: 91.0%)
2025-11-06 20:07:55 | pullback_pattern_019180 | INFO | [019180] 일봉상세: 가격변화0.0%, 거래량변화0.0%
2025-11-06 20:07:55 | pullback_pattern_097230 | INFO | [097230] 일봉분석: 강도50, 이상적패턴False, 요구신뢰도70
2025-11-06 20:07:55 | pullback_pattern_097230 | INFO | [097230] 일봉상세: 가격변화0.0%, 거래량변화0.0%
2025-11-06 20:07:55 | pullback_pattern_250060 | INFO | [250060] 일봉분석: 강도50, 이상적패턴False, 요구신뢰도70
2025-11-06 20:07:55 | pullback_pattern_250060 | INFO | [250060] 일봉상세: 가격변화0.0%, 거래량변화0.0%
2025-11-06 20:07:55 | pullback_pattern_064260 | INFO | [064260] 일봉분석: 강도50, 이상적패턴False, 요구신뢰도70
2025-11-06 20:07:55 | pullback_pattern_441270 | INFO | [441270] 일봉분석: 강도50, 이상적패턴False, 요구신뢰도70
2025-11-06 20:07:55 | pullback_pattern_064260 | INFO | [064260] 일봉상세: 가격변화0.0%, 거래량변화0.0%
📊 484810: 가격변화 -1.0%, 거래량 감소, 신뢰도 91%
✅ 484810 패턴 필터 통과: 패턴 필터 통과
2025-11-06 20:07:55 | pullback_pattern_019180 | INFO | [019180] 일봉분석: 강도50, 이상적패턴False, 요구신뢰도70
2025-11-06 20:07:55 | pullback_pattern_441270 | INFO | [441270] 일봉상세: 가격변화0.0%, 거래량변화0.0%
2025-11-06 20:07:55 | pullback_pattern_097230 | INFO | [097230] 일봉분석: 강도50, 이상적패턴False, 요구신뢰도70
2025-11-06 20:07:55 | pullback_pattern_019180 | INFO | [019180] 일봉상세: 가격변화0.0%, 거래량변화0.0%
2025-11-06 20:07:55 | pullback_pattern_064260 | INFO | [064260] 일봉분석: 강도50, 이상적패턴False, 요구신뢰도70
2025-11-06 20:07:55 | pullback_pattern_097230 | INFO | [097230] 일봉상세: 가격변화0.0%, 거래량변화0.0%
2025-11-06 20:07:55 | pullback_pattern_064260 | INFO | [064260] 일봉상세: 가격변화0.0%, 거래량변화0.0%
2025-11-06 20:07:55 | pullback_pattern_441270 | INFO | [441270] 일봉분석: 강도50, 이상적패턴False, 요구신뢰도70
2025-11-06 20:07:55 | pullback_pattern_250060 | INFO | [250060] 일봉분석: 강도50, 이상적패턴False, 요구신뢰도70
2025-11-06 20:07:55 | pullback_pattern_441270 | INFO | [441270] 일봉상세: 가격변화0.0%, 거래량변화0.0%
2025-11-06 20:07:55 | pullback_pattern_097230 | INFO | [097230] 4단계패턴매수: 신뢰도90%, 진입가0원
2025-11-06 20:07:55 | pullback_pattern_250060 | INFO | [250060] 일봉상세: 가격변화0.0%, 거래량변화0.0%
✅ 097230 매수 신호 감지: STRONG_BUY (신뢰도: 90.0%)
📊 097230: 가격변화 +5.7%, 거래량 감소, 신뢰도 90%
✅ 097230 패턴 필터 통과: 패턴 필터 통과
2025-11-06 20:07:55 | pullback_pattern_019180 | INFO | [019180] 일봉분석: 강도50, 이상적패턴False, 요구신뢰도70
2025-11-06 20:07:55 | pullback_pattern_484810 | INFO | [484810] 일봉분석: 강도50, 이상적패턴False, 요구신뢰도70
2025-11-06 20:07:55 | pullback_pattern_064260 | INFO | [064260] 일봉분석: 강도50, 이상적패턴False, 요구신뢰도70
2025-11-06 20:07:55 | pullback_pattern_484810 | INFO | [484810] 일봉상세: 가격변화0.0%, 거래량변화0.0%
2025-11-06 20:07:55 | pullback_pattern_391710 | INFO | [391710] 일봉분석: 강도50, 이상적패턴False, 요구신뢰도70
2025-11-06 20:07:55 | pullback_pattern_250060 | INFO | [250060] 일봉분석: 강도50, 이상적패턴False, 요구신뢰도70
2025-11-06 20:07:55 | pullback_pattern_441270 | INFO | [441270] 일봉분석: 강도50, 이상적패턴False, 요구신뢰도70
2025-11-06 20:07:55 | pullback_pattern_391710 | INFO | [391710] 일봉상세: 가격변화0.0%, 거래량변화0.0%
2025-11-06 20:07:55 | pullback_pattern_250060 | INFO | [250060] 일봉상세: 가격변화0.0%, 거래량변화0.0%
2025-11-06 20:07:55 | pullback_pattern_064260 | INFO | [064260] 일봉상세: 가격변화0.0%, 거래량변화0.0%
2025-11-06 20:07:55 | pullback_pattern_441270 | INFO | [441270] 일봉상세: 가격변화0.0%, 거래량변화0.0%
2025-11-06 20:07:55 | pullback_pattern_484810 | INFO | [484810] 일봉분석: 강도50, 이상적패턴False, 요구신뢰도70
2025-11-06 20:07:55 | pullback_pattern_097230 | INFO | [097230] 일봉분석: 강도50, 이상적패턴False, 요구신뢰도70
2025-11-06 20:07:55 | pullback_pattern_019180 | INFO | [019180] 일봉상세: 가격변화0.0%, 거래량변화0.0%
2025-11-06 20:07:55 | pullback_pattern_250060 | INFO | [250060] 일봉분석: 강도50, 이상적패턴False, 요구신뢰도70
2025-11-06 20:07:55 | pullback_pattern_097230 | INFO | [097230] 일봉상세: 가격변화0.0%, 거래량변화0.0%
2025-11-06 20:07:55 | pullback_pattern_484810 | INFO | [484810] 일봉상세: 가격변화0.0%, 거래량변화0.0%
2025-11-06 20:07:56 | pullback_pattern_250060 | INFO | [250060] 일봉상세: 가격변화0.0%, 거래량변화0.0%
2025-11-06 20:07:56 | pullback_pattern_097230 | INFO | [097230] 4단계패턴매수: 신뢰도88%, 진입가0원
2025-11-06 20:07:56 | pullback_pattern_064260 | INFO | [064260] 일봉분석: 강도50, 이상적패턴False, 요구신뢰도70
2025-11-06 20:07:56 | pullback_pattern_441270 | INFO | [441270] 일봉분석: 강도50, 이상적패턴False, 요구신뢰도70
2025-11-06 20:07:56 | pullback_pattern_019180 | INFO | [019180] 일봉분석: 강도50, 이상적패턴False, 요구신뢰도70
2025-11-06 20:07:56 | pullback_pattern_005360 | INFO | [005360] 일봉분석: 강도50, 이상적패턴False, 요구신뢰도75
2025-11-06 20:07:56 | pullback_pattern_484810 | INFO | [484810] 일봉분석: 강도50, 이상적패턴False, 요구신뢰도70
2025-11-06 20:07:56 | pullback_pattern_441270 | INFO | [441270] 일봉상세: 가격변화0.0%, 거래량변화0.0%
2025-11-06 20:07:56 | pullback_pattern_064260 | INFO | [064260] 일봉상세: 가격변화0.0%, 거래량변화0.0%
2025-11-06 20:07:56 | pullback_pattern_005360 | INFO | [005360] 일봉상세: 가격변화0.0%, 거래량변화0.0%
2025-11-06 20:07:56 | pullback_pattern_019180 | INFO | [019180] 일봉상세: 가격변화0.0%, 거래량변화0.0%
✅ 097230 매수 신호 감지: STRONG_BUY (신뢰도: 88.0%)
📊 097230: 가격변화 +5.0%, 거래량 감소, 신뢰도 88%
✅ 097230 패턴 필터 통과: 패턴 필터 통과
2025-11-06 20:07:56 | pullback_pattern_391710 | INFO | [391710] 일봉분석: 강도50, 이상적패턴False, 요구신뢰도75
2025-11-06 20:07:56 | pullback_pattern_484810 | INFO | [484810] 일봉상세: 가격변화0.0%, 거래량변화0.0%
2025-11-06 20:07:56 | pullback_pattern_441270 | INFO | [441270] 일봉분석: 강도50, 이상적패턴False, 요구신뢰도70
2025-11-06 20:07:56 | pullback_pattern_391710 | INFO | [391710] 일봉상세: 가격변화0.0%, 거래량변화0.0%
2025-11-06 20:07:56 | pullback_pattern_250060 | INFO | [250060] 일봉분석: 강도50, 이상적패턴False, 요구신뢰도70
2025-11-06 20:07:56 | pullback_pattern_441270 | INFO | [441270] 일봉상세: 가격변화0.0%, 거래량변화0.0%
2025-11-06 20:07:56 | pullback_pattern_005360 | INFO | [005360] 일봉분석: 강도50, 이상적패턴False, 요구신뢰도75
2025-11-06 20:07:56 | pullback_pattern_019180 | INFO | [019180] 일봉분석: 강도50, 이상적패턴False, 요구신뢰도70
2025-11-06 20:07:56 | pullback_pattern_250060 | INFO | [250060] 일봉상세: 가격변화0.0%, 거래량변화0.0%
2025-11-06 20:07:56 | pullback_pattern_005360 | INFO | [005360] 일봉상세: 가격변화0.0%, 거래량변화0.0%
2025-11-06 20:07:56 | pullback_pattern_064260 | INFO | [064260] 일봉분석: 강도50, 이상적패턴False, 요구신뢰도70
2025-11-06 20:07:56 | pullback_pattern_097230 | INFO | [097230] 일봉분석: 강도50, 이상적패턴False, 요구신뢰도70
2025-11-06 20:07:56 | pullback_pattern_064260 | INFO | [064260] 일봉상세: 가격변화0.0%, 거래량변화0.0%
2025-11-06 20:07:56 | pullback_pattern_019180 | INFO | [019180] 일봉상세: 가격변화0.0%, 거래량변화0.0%
2025-11-06 20:07:56 | pullback_pattern_097230 | INFO | [097230] 일봉상세: 가격변화0.0%, 거래량변화0.0%
2025-11-06 20:07:56 | pullback_pattern_250060 | INFO | [250060] 일봉분석: 강도50, 이상적패턴False, 요구신뢰도70
2025-11-06 20:07:56 | pullback_pattern_005360 | INFO | [005360] 일봉분석: 강도50, 이상적패턴False, 요구신뢰도75
2025-11-06 20:07:56 | pullback_pattern_097230 | INFO | [097230] 4단계패턴매수: 신뢰도90%, 진입가0원
2025-11-06 20:07:56 | pullback_pattern_250060 | INFO | [250060] 일봉상세: 가격변화0.0%, 거래량변화0.0%
2025-11-06 20:07:56 | pullback_pattern_005360 | INFO | [005360] 일봉상세: 가격변화0.0%, 거래량변화0.0%
2025-11-06 20:07:56 | pullback_pattern_484810 | INFO | [484810] 일봉분석: 강도50, 이상적패턴False, 요구신뢰도70
2025-11-06 20:07:56 | pullback_pattern_019180 | INFO | [019180] 일봉분석: 강도50, 이상적패턴False, 요구신뢰도70
✅ 097230 매수 신호 감지: STRONG_BUY (신뢰도: 90.0%)
📊 097230: 가격변화 +2.8%, 거래량 증가, 신뢰도 90%
✅ 097230 패턴 필터 통과: 패턴 필터 통과
2025-11-06 20:07:56 | pullback_pattern_064260 | INFO | [064260] 일봉분석: 강도50, 이상적패턴False, 요구신뢰도70
2025-11-06 20:07:56 | pullback_pattern_484810 | INFO | [484810] 일봉상세: 가격변화0.0%, 거래량변화0.0%
2025-11-06 20:07:56 | pullback_pattern_441270 | INFO | [441270] 일봉분석: 강도50, 이상적패턴False, 요구신뢰도70
2025-11-06 20:07:56 | pullback_pattern_064260 | INFO | [064260] 일봉상세: 가격변화0.0%, 거래량변화0.0%
2025-11-06 20:07:56 | pullback_pattern_019180 | INFO | [019180] 일봉상세: 가격변화0.0%, 거래량변화0.0%
2025-11-06 20:07:56 | pullback_pattern_005360 | INFO | [005360] 일봉분석: 강도50, 이상적패턴False, 요구신뢰도75
2025-11-06 20:07:56 | pullback_pattern_441270 | INFO | [441270] 일봉상세: 가격변화0.0%, 거래량변화0.0%
2025-11-06 20:07:56 | pullback_pattern_005360 | INFO | [005360] 일봉상세: 가격변화0.0%, 거래량변화0.0%
2025-11-06 20:07:56 | pullback_pattern_250060 | INFO | [250060] 일봉분석: 강도50, 이상적패턴False, 요구신뢰도70
2025-11-06 20:07:56 | pullback_pattern_064260 | INFO | [064260] 일봉분석: 강도50, 이상적패턴False, 요구신뢰도70
2025-11-06 20:07:56 | pullback_pattern_097230 | INFO | [097230] 일봉분석: 강도50, 이상적패턴False, 요구신뢰도70
2025-11-06 20:07:56 | pullback_pattern_484810 | INFO | [484810] 일봉분석: 강도50, 이상적패턴False, 요구신뢰도70
2025-11-06 20:07:56 | pullback_pattern_250060 | INFO | [250060] 일봉상세: 가격변화0.0%, 거래량변화0.0%
2025-11-06 20:07:56 | pullback_pattern_019180 | INFO | [019180] 일봉분석: 강도50, 이상적패턴False, 요구신뢰도70
2025-11-06 20:07:56 | pullback_pattern_484810 | INFO | [484810] 일봉상세: 가격변화0.0%, 거래량변화0.0%
2025-11-06 20:07:56 | pullback_pattern_097230 | INFO | [097230] 일봉상세: 가격변화0.0%, 거래량변화0.0%
2025-11-06 20:07:56 | pullback_pattern_019180 | INFO | [019180] 일봉상세: 가격변화0.0%, 거래량변화0.0%
2025-11-06 20:07:56 | pullback_pattern_064260 | INFO | [064260] 일봉상세: 가격변화0.0%, 거래량변화0.0%
2025-11-06 20:07:56 | pullback_pattern_250060 | INFO | [250060] 일봉분석: 강도50, 이상적패턴False, 요구신뢰도70
2025-11-06 20:07:56 | pullback_pattern_441270 | INFO | [441270] 일봉분석: 강도50, 이상적패턴False, 요구신뢰도70
2025-11-06 20:07:56 | pullback_pattern_484810 | INFO | [484810] 일봉분석: 강도50, 이상적패턴False, 요구신뢰도75
2025-11-06 20:07:56 | pullback_pattern_019180 | INFO | [019180] 일봉분석: 강도50, 이상적패턴False, 요구신뢰도70
2025-11-06 20:07:56 | pullback_pattern_250060 | INFO | [250060] 일봉상세: 가격변화0.0%, 거래량변화0.0%
2025-11-06 20:07:56 | pullback_pattern_064260 | INFO | [064260] 일봉분석: 강도50, 이상적패턴False, 요구신뢰도70
2025-11-06 20:07:56 | pullback_pattern_019180 | INFO | [019180] 일봉상세: 가격변화0.0%, 거래량변화0.0%
2025-11-06 20:07:56 | pullback_pattern_441270 | INFO | [441270] 일봉상세: 가격변화0.0%, 거래량변화0.0%
2025-11-06 20:07:56 | pullback_pattern_064260 | INFO | [064260] 일봉상세: 가격변화0.0%, 거래량변화0.0%
2025-11-06 20:07:56 | pullback_pattern_097230 | INFO | [097230] 일봉분석: 강도50, 이상적패턴False, 요구신뢰도70
2025-11-06 20:07:56 | pullback_pattern_484810 | INFO | [484810] 일봉상세: 가격변화0.0%, 거래량변화0.0%
2025-11-06 20:07:56 | pullback_pattern_097230 | INFO | [097230] 일봉상세: 가격변화0.0%, 거래량변화0.0%
2025-11-06 20:07:56 | pullback_pattern_250060 | INFO | [250060] 일봉분석: 강도50, 이상적패턴False, 요구신뢰도75
2025-11-06 20:07:56 | pullback_pattern_019180 | INFO | [019180] 일봉분석: 강도50, 이상적패턴False, 요구신뢰도70
2025-11-06 20:07:56 | pullback_pattern_064260 | INFO | [064260] 일봉분석: 강도50, 이상적패턴False, 요구신뢰도75
2025-11-06 20:07:56 | pullback_pattern_441270 | INFO | [441270] 일봉분석: 강도50, 이상적패턴False, 요구신뢰도70
2025-11-06 20:07:56 | pullback_pattern_250060 | INFO | [250060] 일봉상세: 가격변화0.0%, 거래량변화0.0%
2025-11-06 20:07:56 | pullback_pattern_484810 | INFO | [484810] 일봉분석: 강도50, 이상적패턴False, 요구신뢰도75
2025-11-06 20:07:56 | pullback_pattern_019180 | INFO | [019180] 일봉상세: 가격변화0.0%, 거래량변화0.0%
2025-11-06 20:07:56 | pullback_pattern_064260 | INFO | [064260] 일봉상세: 가격변화0.0%, 거래량변화0.0%
2025-11-06 20:07:56 | pullback_pattern_441270 | INFO | [441270] 일봉상세: 가격변화0.0%, 거래량변화0.0%
2025-11-06 20:07:56 | pullback_pattern_484810 | INFO | [484810] 일봉상세: 가격변화0.0%, 거래량변화0.0%
2025-11-06 20:07:56 | pullback_pattern_097230 | INFO | [097230] 일봉분석: 강도50, 이상적패턴False, 요구신뢰도70
2025-11-06 20:07:56 | pullback_pattern_484810 | INFO | [484810] 4단계패턴매수: 신뢰도93%, 진입가0원
2025-11-06 20:07:56 | pullback_pattern_097230 | INFO | [097230] 일봉상세: 가격변화0.0%, 거래량변화0.0%
✅ 484810 매수 신호 감지: STRONG_BUY (신뢰도: 93.0%)
📊 484810: 가격변화 +1.3%, 거래량 증가, 신뢰도 93%
✅ 484810 패턴 필터 통과: 패턴 필터 통과
2025-11-06 20:07:56 | pullback_pattern_019180 | INFO | [019180] 일봉분석: 강도50, 이상적패턴False, 요구신뢰도70
2025-11-06 20:07:56 | pullback_pattern_250060 | INFO | [250060] 일봉분석: 강도50, 이상적패턴False, 요구신뢰도75
2025-11-06 20:07:56 | pullback_pattern_441270 | INFO | [441270] 일봉분석: 강도50, 이상적패턴False, 요구신뢰도70
2025-11-06 20:07:56 | pullback_pattern_250060 | INFO | [250060] 일봉상세: 가격변화0.0%, 거래량변화0.0%
2025-11-06 20:07:56 | pullback_pattern_019180 | INFO | [019180] 일봉상세: 가격변화0.0%, 거래량변화0.0%
2025-11-06 20:07:56 | pullback_pattern_064260 | INFO | [064260] 일봉분석: 강도50, 이상적패턴False, 요구신뢰도75
2025-11-06 20:07:56 | pullback_pattern_484810 | INFO | [484810] 일봉분석: 강도50, 이상적패턴False, 요구신뢰도75
2025-11-06 20:07:56 | pullback_pattern_441270 | INFO | [441270] 일봉상세: 가격변화0.0%, 거래량변화0.0%
2025-11-06 20:07:56 | pullback_pattern_064260 | INFO | [064260] 일봉상세: 가격변화0.0%, 거래량변화0.0%
2025-11-06 20:07:56 | pullback_pattern_250060 | INFO | [250060] 일봉분석: 강도50, 이상적패턴False, 요구신뢰도75
2025-11-06 20:07:56 | pullback_pattern_019180 | INFO | [019180] 일봉분석: 강도50, 이상적패턴False, 요구신뢰도70
2025-11-06 20:07:56 | pullback_pattern_097230 | INFO | [097230] 일봉분석: 강도50, 이상적패턴False, 요구신뢰도70
2025-11-06 20:07:56 | pullback_pattern_484810 | INFO | [484810] 일봉상세: 가격변화0.0%, 거래량변화0.0%
2025-11-06 20:07:56 | pullback_pattern_019180 | INFO | [019180] 일봉상세: 가격변화0.0%, 거래량변화0.0%
2025-11-06 20:07:56 | pullback_pattern_097230 | INFO | [097230] 일봉상세: 가격변화0.0%, 거래량변화0.0%
2025-11-06 20:07:56 | pullback_pattern_250060 | INFO | [250060] 일봉상세: 가격변화0.0%, 거래량변화0.0%
2025-11-06 20:07:56 | pullback_pattern_441270 | INFO | [441270] 일봉분석: 강도50, 이상적패턴False, 요구신뢰도70
2025-11-06 20:07:56 | pullback_pattern_064260 | INFO | [064260] 일봉분석: 강도50, 이상적패턴False, 요구신뢰도75
2025-11-06 20:07:56 | pullback_pattern_441270 | INFO | [441270] 일봉상세: 가격변화0.0%, 거래량변화0.0%
2025-11-06 20:07:56 | pullback_pattern_064260 | INFO | [064260] 일봉상세: 가격변화0.0%, 거래량변화0.0%
2025-11-06 20:07:56 | pullback_pattern_097230 | INFO | [097230] 일봉분석: 강도50, 이상적패턴False, 요구신뢰도70
2025-11-06 20:07:56 | pullback_pattern_019180 | INFO | [019180] 일봉분석: 강도50, 이상적패턴False, 요구신뢰도75
2025-11-06 20:07:56 | pullback_pattern_484810 | INFO | [484810] 일봉분석: 강도50, 이상적패턴False, 요구신뢰도75
2025-11-06 20:07:56 | pullback_pattern_097230 | INFO | [097230] 일봉상세: 가격변화0.0%, 거래량변화0.0%
2025-11-06 20:07:56 | pullback_pattern_019180 | INFO | [019180] 일봉상세: 가격변화0.0%, 거래량변화0.0%
2025-11-06 20:07:56 | pullback_pattern_250060 | INFO | [250060] 일봉분석: 강도50, 이상적패턴False, 요구신뢰도75
2025-11-06 20:07:56 | pullback_pattern_484810 | INFO | [484810] 일봉상세: 가격변화0.0%, 거래량변화0.0%
2025-11-06 20:07:56 | pullback_pattern_441270 | INFO | [441270] 일봉분석: 강도50, 이상적패턴False, 요구신뢰도75
2025-11-06 20:07:56 | pullback_pattern_250060 | INFO | [250060] 일봉상세: 가격변화0.0%, 거래량변화0.0%
2025-11-06 20:07:56 | pullback_pattern_097230 | INFO | [097230] 일봉분석: 강도50, 이상적패턴False, 요구신뢰도70
2025-11-06 20:07:56 | pullback_pattern_441270 | INFO | [441270] 일봉상세: 가격변화0.0%, 거래량변화0.0%
2025-11-06 20:07:56 | pullback_pattern_019180 | INFO | [019180] 일봉분석: 강도50, 이상적패턴False, 요구신뢰도75
2025-11-06 20:07:56 | pullback_pattern_484810 | INFO | [484810] 일봉분석: 강도50, 이상적패턴False, 요구신뢰도75
2025-11-06 20:07:56 | pullback_pattern_064260 | INFO | [064260] 일봉분석: 강도50, 이상적패턴False, 요구신뢰도75
2025-11-06 20:07:56 | pullback_pattern_019180 | INFO | [019180] 일봉상세: 가격변화0.0%, 거래량변화0.0%
2025-11-06 20:07:56 | pullback_pattern_097230 | INFO | [097230] 일봉상세: 가격변화0.0%, 거래량변화0.0%
2025-11-06 20:07:56 | pullback_pattern_064260 | INFO | [064260] 일봉상세: 가격변화0.0%, 거래량변화0.0%
2025-11-06 20:07:56 | pullback_pattern_019180 | INFO | [019180] 4단계패턴매수: 신뢰도88%, 진입가0원
2025-11-06 20:07:56 | pullback_pattern_441270 | INFO | [441270] 일봉분석: 강도50, 이상적패턴False, 요구신뢰도75
2025-11-06 20:07:56 | pullback_pattern_484810 | INFO | [484810] 일봉상세: 가격변화0.0%, 거래량변화0.0%
2025-11-06 20:07:56 | pullback_pattern_250060 | INFO | [250060] 일봉분석: 강도50, 이상적패턴False, 요구신뢰도75
✅ 019180 매수 신호 감지: STRONG_BUY (신뢰도: 88.0%)
📊 019180: 가격변화 -0.8%, 거래량 감소, 신뢰도 88%
✅ 019180 패턴 필터 통과: 패턴 필터 통과
2025-11-06 20:07:56 | pullback_pattern_441270 | INFO | [441270] 일봉상세: 가격변화0.0%, 거래량변화0.0%
2025-11-06 20:07:56 | pullback_pattern_250060 | INFO | [250060] 일봉상세: 가격변화0.0%, 거래량변화0.0%
2025-11-06 20:07:56 | pullback_pattern_097230 | INFO | [097230] 일봉분석: 강도50, 이상적패턴False, 요구신뢰도75
2025-11-06 20:07:56 | pullback_pattern_484810 | INFO | [484810] 일봉분석: 강도50, 이상적패턴False, 요구신뢰도75
2025-11-06 20:07:56 | pullback_pattern_064260 | INFO | [064260] 일봉분석: 강도50, 이상적패턴False, 요구신뢰도75
2025-11-06 20:07:56 | pullback_pattern_484810 | INFO | [484810] 일봉상세: 가격변화0.0%, 거래량변화0.0%
2025-11-06 20:07:56 | pullback_pattern_391710 | INFO | [391710] 일봉분석: 강도50, 이상적패턴False, 요구신뢰도75
2025-11-06 20:07:56 | pullback_pattern_064260 | INFO | [064260] 일봉상세: 가격변화0.0%, 거래량변화0.0%
2025-11-06 20:07:56 | pullback_pattern_441270 | INFO | [441270] 일봉분석: 강도50, 이상적패턴False, 요구신뢰도75
2025-11-06 20:07:56 | pullback_pattern_019180 | INFO | [019180] 일봉분석: 강도50, 이상적패턴False, 요구신뢰도75
2025-11-06 20:07:56 | pullback_pattern_250060 | INFO | [250060] 일봉분석: 강도50, 이상적패턴False, 요구신뢰도75
2025-11-06 20:07:56 | pullback_pattern_391710 | INFO | [391710] 일봉상세: 가격변화0.0%, 거래량변화0.0%
2025-11-06 20:07:56 | pullback_pattern_097230 | INFO | [097230] 일봉상세: 가격변화0.0%, 거래량변화0.0%
2025-11-06 20:07:56 | pullback_pattern_005360 | INFO | [005360] 일봉분석: 강도50, 이상적패턴False, 요구신뢰도75
2025-11-06 20:07:56 | pullback_pattern_441270 | INFO | [441270] 일봉상세: 가격변화0.0%, 거래량변화0.0%
2025-11-06 20:07:56 | pullback_pattern_484810 | INFO | [484810] 일봉분석: 강도50, 이상적패턴False, 요구신뢰도75
2025-11-06 20:07:56 | pullback_pattern_250060 | INFO | [250060] 일봉상세: 가격변화0.0%, 거래량변화0.0%
2025-11-06 20:07:56 | pullback_pattern_019180 | INFO | [019180] 일봉상세: 가격변화0.0%, 거래량변화0.0%
2025-11-06 20:07:56 | pullback_pattern_484810 | INFO | [484810] 일봉상세: 가격변화0.0%, 거래량변화0.0%
2025-11-06 20:07:56 | pullback_pattern_064260 | INFO | [064260] 일봉분석: 강도50, 이상적패턴False, 요구신뢰도75
2025-11-06 20:07:56 | pullback_pattern_005360 | INFO | [005360] 일봉상세: 가격변화0.0%, 거래량변화0.0%
2025-11-06 20:07:56 | pullback_pattern_097230 | INFO | [097230] 일봉분석: 강도50, 이상적패턴False, 요구신뢰도75
2025-11-06 20:07:56 | pullback_pattern_391710 | INFO | [391710] 일봉분석: 강도50, 이상적패턴False, 요구신뢰도75
2025-11-06 20:07:56 | pullback_pattern_019180 | INFO | [019180] 4단계패턴매수: 신뢰도90%, 진입가0원
2025-11-06 20:07:56 | pullback_pattern_064260 | INFO | [064260] 일봉상세: 가격변화0.0%, 거래량변화0.0%
2025-11-06 20:07:56 | pullback_pattern_250060 | INFO | [250060] 일봉분석: 강도50, 이상적패턴False, 요구신뢰도75
2025-11-06 20:07:56 | pullback_pattern_441270 | INFO | [441270] 일봉분석: 강도50, 이상적패턴False, 요구신뢰도75
2025-11-06 20:07:56 | pullback_pattern_007820 | INFO | [007820] 일봉분석: 강도50, 이상적패턴False, 요구신뢰도75
2025-11-06 20:07:56 | pullback_pattern_484810 | INFO | [484810] 일봉분석: 강도50, 이상적패턴False, 요구신뢰도75
2025-11-06 20:07:56 | pullback_pattern_250060 | INFO | [250060] 일봉상세: 가격변화0.0%, 거래량변화0.0%
2025-11-06 20:07:56 | pullback_pattern_441270 | INFO | [441270] 일봉상세: 가격변화0.0%, 거래량변화0.0%
✅ 019180 매수 신호 감지: STRONG_BUY (신뢰도: 90.0%)
📊 019180: 가격변화 -0.4%, 거래량 증가, 신뢰도 90%
✅ 019180 패턴 필터 통과: 패턴 필터 통과
2025-11-06 20:07:56 | pullback_pattern_064260 | INFO | [064260] 4단계패턴매수: 신뢰도92%, 진입가0원
2025-11-06 20:07:56 | pullback_pattern_005360 | INFO | [005360] 일봉분석: 강도50, 이상적패턴False, 요구신뢰도75
2025-11-06 20:07:56 | pullback_pattern_391710 | INFO | [391710] 일봉상세: 가격변화0.0%, 거래량변화0.0%
2025-11-06 20:07:56 | pullback_pattern_007820 | INFO | [007820] 일봉상세: 가격변화0.0%, 거래량변화0.0%
2025-11-06 20:07:56 | pullback_pattern_484810 | INFO | [484810] 일봉상세: 가격변화0.0%, 거래량변화0.0%
2025-11-06 20:07:56 | pullback_pattern_097230 | INFO | [097230] 일봉상세: 가격변화0.0%, 거래량변화0.0%
2025-11-06 20:07:56 | pullback_pattern_250060 | INFO | [250060] 일봉분석: 강도50, 이상적패턴False, 요구신뢰도75
2025-11-06 20:07:56 | pullback_pattern_441270 | INFO | [441270] 일봉분석: 강도50, 이상적패턴False, 요구신뢰도75
2025-11-06 20:07:56 | pullback_pattern_005360 | INFO | [005360] 일봉상세: 가격변화0.0%, 거래량변화0.0%
✅ 064260 매수 신호 감지: STRONG_BUY (신뢰도: 92.0%)
📊 064260: 가격변화 -0.1%, 거래량 감소, 신뢰도 92%
✅ 064260 패턴 필터 통과: 패턴 필터 통과
2025-11-06 20:07:56 | pullback_pattern_019180 | INFO | [019180] 일봉분석: 강도50, 이상적패턴False, 요구신뢰도75
2025-11-06 20:07:56 | pullback_pattern_391710 | INFO | [391710] 일봉분석: 강도50, 이상적패턴False, 요구신뢰도75
2025-11-06 20:07:56 | pullback_pattern_441270 | INFO | [441270] 일봉상세: 가격변화0.0%, 거래량변화0.0%
2025-11-06 20:07:56 | pullback_pattern_019180 | INFO | [019180] 일봉상세: 가격변화0.0%, 거래량변화0.0%
2025-11-06 20:07:56 | pullback_pattern_097230 | INFO | [097230] 일봉분석: 강도50, 이상적패턴False, 요구신뢰도75
2025-11-06 20:07:56 | pullback_pattern_391710 | INFO | [391710] 일봉상세: 가격변화0.0%, 거래량변화0.0%
2025-11-06 20:07:56 | pullback_pattern_064260 | INFO | [064260] 일봉분석: 강도50, 이상적패턴False, 요구신뢰도75
2025-11-06 20:07:56 | pullback_pattern_250060 | INFO | [250060] 일봉상세: 가격변화0.0%, 거래량변화0.0%
2025-11-06 20:07:56 | pullback_pattern_484810 | INFO | [484810] 일봉분석: 강도50, 이상적패턴False, 요구신뢰도75
2025-11-06 20:07:56 | pullback_pattern_007820 | INFO | [007820] 일봉분석: 강도50, 이상적패턴False, 요구신뢰도75
2025-11-06 20:07:56 | pullback_pattern_441270 | INFO | [441270] 일봉분석: 강도50, 이상적패턴False, 요구신뢰도75
2025-11-06 20:07:56 | pullback_pattern_064260 | INFO | [064260] 일봉상세: 가격변화0.0%, 거래량변화0.0%
2025-11-06 20:07:56 | pullback_pattern_484810 | INFO | [484810] 일봉상세: 가격변화0.0%, 거래량변화0.0%
2025-11-06 20:07:56 | pullback_pattern_005360 | INFO | [005360] 일봉분석: 강도50, 이상적패턴False, 요구신뢰도75
2025-11-06 20:07:56 | pullback_pattern_019180 | INFO | [019180] 일봉분석: 강도50, 이상적패턴False, 요구신뢰도75
2025-11-06 20:07:56 | pullback_pattern_097230 | INFO | [097230] 일봉상세: 가격변화0.0%, 거래량변화0.0%
2025-11-06 20:07:56 | pullback_pattern_007820 | INFO | [007820] 일봉상세: 가격변화0.0%, 거래량변화0.0%
2025-11-06 20:07:56 | pullback_pattern_441270 | INFO | [441270] 일봉상세: 가격변화0.0%, 거래량변화0.0%
2025-11-06 20:07:56 | pullback_pattern_005360 | INFO | [005360] 일봉상세: 가격변화0.0%, 거래량변화0.0%
2025-11-06 20:07:56 | pullback_pattern_019180 | INFO | [019180] 일봉상세: 가격변화0.0%, 거래량변화0.0%
2025-11-06 20:07:56 | pullback_pattern_391710 | INFO | [391710] 일봉분석: 강도50, 이상적패턴False, 요구신뢰도75
2025-11-06 20:07:56 | pullback_pattern_250060 | INFO | [250060] 일봉분석: 강도50, 이상적패턴False, 요구신뢰도75
2025-11-06 20:07:56 | pullback_pattern_097230 | INFO | [097230] 일봉분석: 강도50, 이상적패턴False, 요구신뢰도75
2025-11-06 20:07:56 | pullback_pattern_484810 | INFO | [484810] 일봉분석: 강도50, 이상적패턴False, 요구신뢰도75
2025-11-06 20:07:56 | pullback_pattern_007820 | INFO | [007820] 일봉분석: 강도50, 이상적패턴False, 요구신뢰도75
2025-11-06 20:07:56 | pullback_pattern_097230 | INFO | [097230] 일봉상세: 가격변화0.0%, 거래량변화0.0%
2025-11-06 20:07:56 | pullback_pattern_441270 | INFO | [441270] 일봉분석: 강도50, 이상적패턴False, 요구신뢰도75
2025-11-06 20:07:56 | pullback_pattern_019180 | INFO | [019180] 일봉분석: 강도50, 이상적패턴False, 요구신뢰도75
2025-11-06 20:07:56 | pullback_pattern_064260 | INFO | [064260] 일봉분석: 강도50, 이상적패턴False, 요구신뢰도75
2025-11-06 20:07:56 | pullback_pattern_484810 | INFO | [484810] 일봉상세: 가격변화0.0%, 거래량변화0.0%
2025-11-06 20:07:56 | pullback_pattern_007820 | INFO | [007820] 일봉상세: 가격변화0.0%, 거래량변화0.0%
2025-11-06 20:07:56 | pullback_pattern_441270 | INFO | [441270] 일봉상세: 가격변화0.0%, 거래량변화0.0%
2025-11-06 20:07:56 | pullback_pattern_019180 | INFO | [019180] 일봉상세: 가격변화0.0%, 거래량변화0.0%
2025-11-06 20:07:56 | pullback_pattern_391710 | INFO | [391710] 일봉상세: 가격변화0.0%, 거래량변화0.0%
2025-11-06 20:07:56 | pullback_pattern_250060 | INFO | [250060] 일봉상세: 가격변화0.0%, 거래량변화0.0%
2025-11-06 20:07:56 | pullback_pattern_005360 | INFO | [005360] 일봉분석: 강도50, 이상적패턴False, 요구신뢰도75
2025-11-06 20:07:56 | pullback_pattern_064260 | INFO | [064260] 일봉상세: 가격변화0.0%, 거래량변화0.0%
2025-11-06 20:07:56 | pullback_pattern_097230 | INFO | [097230] 일봉분석: 강도50, 이상적패턴False, 요구신뢰도75
2025-11-06 20:07:56 | pullback_pattern_005360 | INFO | [005360] 일봉상세: 가격변화0.0%, 거래량변화0.0%
2025-11-06 20:07:56 | pullback_pattern_019180 | INFO | [019180] 일봉분석: 강도50, 이상적패턴False, 요구신뢰도75
2025-11-06 20:07:56 | pullback_pattern_484810 | INFO | [484810] 일봉분석: 강도50, 이상적패턴False, 요구신뢰도75
2025-11-06 20:07:56 | pullback_pattern_097230 | INFO | [097230] 일봉상세: 가격변화0.0%, 거래량변화0.0%
2025-11-06 20:07:56 | pullback_pattern_250060 | INFO | [250060] 일봉분석: 강도50, 이상적패턴False, 요구신뢰도75
2025-11-06 20:07:56 | pullback_pattern_007820 | INFO | [007820] 일봉분석: 강도50, 이상적패턴False, 요구신뢰도95
2025-11-06 20:07:56 | pullback_pattern_484810 | INFO | [484810] 일봉상세: 가격변화0.0%, 거래량변화0.0%
2025-11-06 20:07:56 | pullback_pattern_019180 | INFO | [019180] 일봉상세: 가격변화0.0%, 거래량변화0.0%
2025-11-06 20:07:56 | pullback_pattern_064260 | INFO | [064260] 일봉분석: 강도50, 이상적패턴False, 요구신뢰도75
2025-11-06 20:07:56 | pullback_pattern_007820 | INFO | [007820] 일봉상세: 가격변화0.0%, 거래량변화0.0%
2025-11-06 20:07:56 | pullback_pattern_250060 | INFO | [250060] 일봉상세: 가격변화0.0%, 거래량변화0.0%
2025-11-06 20:07:56 | pullback_pattern_441270 | INFO | [441270] 일봉분석: 강도50, 이상적패턴False, 요구신뢰도75
2025-11-06 20:07:56 | pullback_pattern_391710 | INFO | [391710] 일봉분석: 강도50, 이상적패턴False, 요구신뢰도75
2025-11-06 20:07:56 | pullback_pattern_484810 | INFO | [484810] 일봉분석: 강도50, 이상적패턴False, 요구신뢰도75
2025-11-06 20:07:56 | pullback_pattern_441270 | INFO | [441270] 일봉상세: 가격변화0.0%, 거래량변화0.0%
2025-11-06 20:07:56 | pullback_pattern_064260 | INFO | [064260] 일봉상세: 가격변화0.0%, 거래량변화0.0%
2025-11-06 20:07:56 | pullback_pattern_005360 | INFO | [005360] 일봉분석: 강도50, 이상적패턴False, 요구신뢰도75
2025-11-06 20:07:56 | pullback_pattern_484810 | INFO | [484810] 일봉상세: 가격변화0.0%, 거래량변화0.0%
2025-11-06 20:07:56 | pullback_pattern_250060 | INFO | [250060] 일봉분석: 강도50, 이상적패턴False, 요구신뢰도75
2025-11-06 20:07:56 | pullback_pattern_007820 | INFO | [007820] 일봉분석: 강도50, 이상적패턴False, 요구신뢰도95
2025-11-06 20:07:56 | pullback_pattern_097230 | INFO | [097230] 일봉분석: 강도50, 이상적패턴False, 요구신뢰도75
2025-11-06 20:07:56 | pullback_pattern_484810 | INFO | [484810] 4단계패턴매수: 신뢰도93%, 진입가0원
2025-11-06 20:07:56 | pullback_pattern_019180 | INFO | [019180] 일봉분석: 강도50, 이상적패턴False, 요구신뢰도75
2025-11-06 20:07:56 | pullback_pattern_007820 | INFO | [007820] 일봉상세: 가격변화0.0%, 거래량변화0.0%
2025-11-06 20:07:56 | pullback_pattern_391710 | INFO | [391710] 일봉상세: 가격변화0.0%, 거래량변화0.0%
2025-11-06 20:07:56 | pullback_pattern_064260 | INFO | [064260] 일봉분석: 강도50, 이상적패턴False, 요구신뢰도75
✅ 484810 매수 신호 감지: STRONG_BUY (신뢰도: 93.0%)
📊 484810: 가격변화 -0.4%, 거래량 감소, 신뢰도 93%
🚫 484810 약한 패턴으로 매수 차단: 약한지지구간 (거래량감소-65%/돌파량부족)
2025-11-06 20:07:56 | pullback_pattern_019180 | INFO | [019180] 일봉상세: 가격변화0.0%, 거래량변화0.0%
2025-11-06 20:07:56 | pullback_pattern_441270 | INFO | [441270] 일봉분석: 강도50, 이상적패턴False, 요구신뢰도75
2025-11-06 20:07:56 | pullback_pattern_250060 | INFO | [250060] 일봉상세: 가격변화0.0%, 거래량변화0.0%
2025-11-06 20:07:56 | pullback_pattern_005360 | INFO | [005360] 일봉상세: 가격변화0.0%, 거래량변화0.0%
2025-11-06 20:07:56 | pullback_pattern_097230 | INFO | [097230] 일봉상세: 가격변화0.0%, 거래량변화0.0%
2025-11-06 20:07:56 | pullback_pattern_484810 | INFO | [484810] 일봉분석: 강도50, 이상적패턴False, 요구신뢰도75
2025-11-06 20:07:56 | pullback_pattern_064260 | INFO | [064260] 일봉상세: 가격변화0.0%, 거래량변화0.0%
2025-11-06 20:07:56 | pullback_pattern_441270 | INFO | [441270] 일봉상세: 가격변화0.0%, 거래량변화0.0%
2025-11-06 20:07:56 | pullback_pattern_019180 | INFO | [019180] 일봉분석: 강도50, 이상적패턴False, 요구신뢰도75
2025-11-06 20:07:56 | pullback_pattern_484810 | INFO | [484810] 일봉상세: 가격변화0.0%, 거래량변화0.0%
2025-11-06 20:07:56 | pullback_pattern_007820 | INFO | [007820] 일봉분석: 강도50, 이상적패턴False, 요구신뢰도95
2025-11-06 20:07:56 | pullback_pattern_097230 | INFO | [097230] 일봉분석: 강도50, 이상적패턴False, 요구신뢰도75
2025-11-06 20:07:56 | pullback_pattern_391710 | INFO | [391710] 일봉분석: 강도50, 이상적패턴False, 요구신뢰도75
2025-11-06 20:07:56 | pullback_pattern_250060 | INFO | [250060] 일봉분석: 강도50, 이상적패턴False, 요구신뢰도75
2025-11-06 20:07:56 | pullback_pattern_007820 | INFO | [007820] 일봉상세: 가격변화0.0%, 거래량변화0.0%
2025-11-06 20:07:56 | pullback_pattern_441270 | INFO | [441270] 일봉분석: 강도50, 이상적패턴False, 요구신뢰도75
2025-11-06 20:07:56 | pullback_pattern_097230 | INFO | [097230] 일봉상세: 가격변화0.0%, 거래량변화0.0%
2025-11-06 20:07:56 | pullback_pattern_391710 | INFO | [391710] 일봉상세: 가격변화0.0%, 거래량변화0.0%
2025-11-06 20:07:56 | pullback_pattern_250060 | INFO | [250060] 일봉상세: 가격변화0.0%, 거래량변화0.0%
2025-11-06 20:07:56 | pullback_pattern_064260 | INFO | [064260] 일봉분석: 강도50, 이상적패턴False, 요구신뢰도75
2025-11-06 20:07:56 | pullback_pattern_484810 | INFO | [484810] 일봉분석: 강도50, 이상적패턴False, 요구신뢰도75
2025-11-06 20:07:56 | pullback_pattern_019180 | INFO | [019180] 일봉상세: 가격변화0.0%, 거래량변화0.0%
2025-11-06 20:07:56 | pullback_pattern_441270 | INFO | [441270] 일봉상세: 가격변화0.0%, 거래량변화0.0%
2025-11-06 20:07:56 | pullback_pattern_064260 | INFO | [064260] 일봉상세: 가격변화0.0%, 거래량변화0.0%
2025-11-06 20:07:56 | pullback_pattern_007820 | INFO | [007820] 일봉분석: 강도50, 이상적패턴False, 요구신뢰도95
2025-11-06 20:07:56 | pullback_pattern_097230 | INFO | [097230] 일봉분석: 강도50, 이상적패턴False, 요구신뢰도75
2025-11-06 20:07:56 | pullback_pattern_391710 | INFO | [391710] 일봉분석: 강도50, 이상적패턴False, 요구신뢰도75
2025-11-06 20:07:56 | pullback_pattern_094940 | INFO | [094940] 일봉분석: 강도50, 이상적패턴False, 요구신뢰도95
2025-11-06 20:07:56 | pullback_pattern_005360 | INFO | [005360] 일봉분석: 강도50, 이상적패턴False, 요구신뢰도75
2025-11-06 20:07:56 | pullback_pattern_484810 | INFO | [484810] 일봉상세: 가격변화0.0%, 거래량변화0.0%
2025-11-06 20:07:56 | pullback_pattern_019180 | INFO | [019180] 일봉분석: 강도50, 이상적패턴False, 요구신뢰도75
2025-11-06 20:07:56 | pullback_pattern_441270 | INFO | [441270] 일봉분석: 강도50, 이상적패턴False, 요구신뢰도75
2025-11-06 20:07:56 | pullback_pattern_007820 | INFO | [007820] 일봉상세: 가격변화0.0%, 거래량변화0.0%
2025-11-06 20:07:56 | pullback_pattern_064260 | INFO | [064260] 일봉분석: 강도50, 이상적패턴False, 요구신뢰도75
2025-11-06 20:07:56 | pullback_pattern_005360 | INFO | [005360] 일봉상세: 가격변화0.0%, 거래량변화0.0%
2025-11-06 20:07:56 | pullback_pattern_391710 | INFO | [391710] 일봉상세: 가격변화0.0%, 거래량변화0.0%
2025-11-06 20:07:56 | pullback_pattern_094940 | INFO | [094940] 일봉상세: 가격변화0.0%, 거래량변화0.0%
2025-11-06 20:07:56 | pullback_pattern_097230 | INFO | [097230] 일봉상세: 가격변화0.0%, 거래량변화0.0%
2025-11-06 20:07:56 | pullback_pattern_064260 | INFO | [064260] 일봉상세: 가격변화0.0%, 거래량변화0.0%
2025-11-06 20:07:56 | pullback_pattern_441270 | INFO | [441270] 일봉상세: 가격변화0.0%, 거래량변화0.0%
2025-11-06 20:07:56 | pullback_pattern_484810 | INFO | [484810] 일봉분석: 강도50, 이상적패턴False, 요구신뢰도75
2025-11-06 20:07:56 | pullback_pattern_019180 | INFO | [019180] 일봉상세: 가격변화0.0%, 거래량변화0.0%
2025-11-06 20:07:56 | pullback_pattern_250060 | INFO | [250060] 일봉분석: 강도50, 이상적패턴False, 요구신뢰도75
2025-11-06 20:07:56 | pullback_pattern_097230 | INFO | [097230] 4단계패턴매수: 신뢰도91%, 진입가0원
2025-11-06 20:07:56 | pullback_pattern_007820 | INFO | [007820] 일봉분석: 강도50, 이상적패턴False, 요구신뢰도95
2025-11-06 20:07:56 | pullback_pattern_484810 | INFO | [484810] 일봉상세: 가격변화0.0%, 거래량변화0.0%
2025-11-06 20:07:56 | pullback_pattern_391710 | INFO | [391710] 일봉분석: 강도50, 이상적패턴False, 요구신뢰도75
2025-11-06 20:07:56 | pullback_pattern_441270 | INFO | [441270] 일봉분석: 강도50, 이상적패턴False, 요구신뢰도75
2025-11-06 20:07:56 | pullback_pattern_250060 | INFO | [250060] 일봉상세: 가격변화0.0%, 거래량변화0.0%
✅ 097230 매수 신호 감지: STRONG_BUY (신뢰도: 91.0%)
📊 097230: 가격변화 -0.5%, 거래량 감소, 신뢰도 91%
🚫 097230 약한 패턴으로 매수 차단: 실패 위험 높은 약한 패턴
2025-11-06 20:07:56 | pullback_pattern_064260 | INFO | [064260] 일봉분석: 강도50, 이상적패턴False, 요구신뢰도75
2025-11-06 20:07:56 | pullback_pattern_005360 | INFO | [005360] 일봉분석: 강도50, 이상적패턴False, 요구신뢰도75
2025-11-06 20:07:56 | pullback_pattern_007820 | INFO | [007820] 일봉상세: 가격변화0.0%, 거래량변화0.0%
2025-11-06 20:07:56 | pullback_pattern_097230 | INFO | [097230] 일봉분석: 강도50, 이상적패턴False, 요구신뢰도75
2025-11-06 20:07:56 | pullback_pattern_064260 | INFO | [064260] 일봉상세: 가격변화0.0%, 거래량변화0.0%
2025-11-06 20:07:56 | pullback_pattern_019180 | INFO | [019180] 일봉분석: 강도50, 이상적패턴False, 요구신뢰도75
2025-11-06 20:07:56 | pullback_pattern_005360 | INFO | [005360] 일봉상세: 가격변화0.0%, 거래량변화0.0%
2025-11-06 20:07:56 | pullback_pattern_250060 | INFO | [250060] 일봉분석: 강도50, 이상적패턴False, 요구신뢰도75
2025-11-06 20:07:56 | pullback_pattern_097230 | INFO | [097230] 일봉상세: 가격변화0.0%, 거래량변화0.0%
2025-11-06 20:07:56 | pullback_pattern_391710 | INFO | [391710] 일봉상세: 가격변화0.0%, 거래량변화0.0%
2025-11-06 20:07:56 | pullback_pattern_484810 | INFO | [484810] 일봉분석: 강도50, 이상적패턴False, 요구신뢰도75
2025-11-06 20:07:56 | pullback_pattern_250060 | INFO | [250060] 일봉상세: 가격변화0.0%, 거래량변화0.0%
2025-11-06 20:07:56 | pullback_pattern_019180 | INFO | [019180] 일봉상세: 가격변화0.0%, 거래량변화0.0%
2025-11-06 20:07:56 | pullback_pattern_007820 | INFO | [007820] 일봉분석: 강도50, 이상적패턴False, 요구신뢰도95
2025-11-06 20:07:56 | pullback_pattern_441270 | INFO | [441270] 일봉상세: 가격변화0.0%, 거래량변화0.0%
2025-11-06 20:07:56 | pullback_pattern_484810 | INFO | [484810] 일봉상세: 가격변화0.0%, 거래량변화0.0%
2025-11-06 20:07:56 | pullback_pattern_064260 | INFO | [064260] 일봉분석: 강도50, 이상적패턴False, 요구신뢰도75
2025-11-06 20:07:56 | pullback_pattern_094940 | INFO | [094940] 일봉분석: 강도50, 이상적패턴False, 요구신뢰도95
2025-11-06 20:07:56 | pullback_pattern_250060 | INFO | [250060] 일봉분석: 강도50, 이상적패턴False, 요구신뢰도75
2025-11-06 20:07:56 | pullback_pattern_097230 | INFO | [097230] 일봉분석: 강도50, 이상적패턴False, 요구신뢰도75
2025-11-06 20:07:56 | pullback_pattern_007820 | INFO | [007820] 일봉상세: 가격변화0.0%, 거래량변화0.0%
2025-11-06 20:07:56 | pullback_pattern_064260 | INFO | [064260] 일봉상세: 가격변화0.0%, 거래량변화0.0%
2025-11-06 20:07:56 | pullback_pattern_094940 | INFO | [094940] 일봉상세: 가격변화0.0%, 거래량변화0.0%
2025-11-06 20:07:56 | pullback_pattern_391710 | INFO | [391710] 일봉분석: 강도50, 이상적패턴False, 요구신뢰도95
2025-11-06 20:07:56 | pullback_pattern_019180 | INFO | [019180] 일봉분석: 강도50, 이상적패턴False, 요구신뢰도75
2025-11-06 20:07:56 | pullback_pattern_441270 | INFO | [441270] 일봉분석: 강도50, 이상적패턴False, 요구신뢰도75
2025-11-06 20:07:56 | pullback_pattern_019180 | INFO | [019180] 일봉상세: 가격변화0.0%, 거래량변화0.0%
2025-11-06 20:07:56 | pullback_pattern_097230 | INFO | [097230] 일봉상세: 가격변화0.0%, 거래량변화0.0%
2025-11-06 20:07:56 | pullback_pattern_005360 | INFO | [005360] 일봉분석: 강도50, 이상적패턴False, 요구신뢰도75
2025-11-06 20:07:56 | pullback_pattern_250060 | INFO | [250060] 일봉상세: 가격변화0.0%, 거래량변화0.0%
2025-11-06 20:07:56 | pullback_pattern_007820 | INFO | [007820] 일봉분석: 강도50, 이상적패턴False, 요구신뢰도95
2025-11-06 20:07:56 | pullback_pattern_484810 | INFO | [484810] 일봉분석: 강도50, 이상적패턴False, 요구신뢰도75
2025-11-06 20:07:57 | pullback_pattern_005360 | INFO | [005360] 일봉상세: 가격변화0.0%, 거래량변화0.0%
2025-11-06 20:07:56 | pullback_pattern_391710 | INFO | [391710] 일봉상세: 가격변화0.0%, 거래량변화0.0%
2025-11-06 20:07:57 | pullback_pattern_064260 | INFO | [064260] 일봉분석: 강도50, 이상적패턴False, 요구신뢰도75
2025-11-06 20:07:57 | pullback_pattern_484810 | INFO | [484810] 일봉상세: 가격변화0.0%, 거래량변화0.0%
2025-11-06 20:07:57 | pullback_pattern_019180 | INFO | [019180] 일봉분석: 강도50, 이상적패턴False, 요구신뢰도75
2025-11-06 20:07:56 | pullback_pattern_441270 | INFO | [441270] 일봉상세: 가격변화0.0%, 거래량변화0.0%
2025-11-06 20:07:57 | pullback_pattern_097230 | INFO | [097230] 일봉분석: 강도50, 이상적패턴False, 요구신뢰도75
2025-11-06 20:07:57 | pullback_pattern_007820 | INFO | [007820] 일봉상세: 가격변화0.0%, 거래량변화0.0%
2025-11-06 20:07:57 | pullback_pattern_391710 | INFO | [391710] 일봉분석: 강도50, 이상적패턴False, 요구신뢰도95
2025-11-06 20:07:57 | pullback_pattern_064260 | INFO | [064260] 일봉상세: 가격변화0.0%, 거래량변화0.0%
2025-11-06 20:07:57 | pullback_pattern_097230 | INFO | [097230] 일봉상세: 가격변화0.0%, 거래량변화0.0%
2025-11-06 20:07:57 | pullback_pattern_019180 | INFO | [019180] 일봉상세: 가격변화0.0%, 거래량변화0.0%
2025-11-06 20:07:57 | pullback_pattern_484810 | INFO | [484810] 일봉분석: 강도50, 이상적패턴False, 요구신뢰도75
2025-11-06 20:07:57 | pullback_pattern_005360 | INFO | [005360] 일봉분석: 강도50, 이상적패턴False, 요구신뢰도75
2025-11-06 20:07:57 | pullback_pattern_064260 | INFO | [064260] 4단계패턴매수: 신뢰도86%, 진입가0원
2025-11-06 20:07:57 | pullback_pattern_250060 | INFO | [250060] 일봉분석: 강도50, 이상적패턴False, 요구신뢰도75
2025-11-06 20:07:57 | pullback_pattern_391710 | INFO | [391710] 일봉상세: 가격변화0.0%, 거래량변화0.0%
2025-11-06 20:07:57 | pullback_pattern_007820 | INFO | [007820] 일봉분석: 강도50, 이상적패턴False, 요구신뢰도95
✅ 064260 매수 신호 감지: STRONG_BUY (신뢰도: 86.0%)
📊 064260: 가격변화 -0.3%, 거래량 증가, 신뢰도 86%
✅ 064260 패턴 필터 통과: 패턴 필터 통과
2025-11-06 20:07:57 | pullback_pattern_097230 | INFO | [097230] 일봉분석: 강도50, 이상적패턴False, 요구신뢰도75
2025-11-06 20:07:57 | pullback_pattern_019180 | INFO | [019180] 일봉분석: 강도50, 이상적패턴False, 요구신뢰도75
2025-11-06 20:07:57 | pullback_pattern_250060 | INFO | [250060] 일봉상세: 가격변화0.0%, 거래량변화0.0%
2025-11-06 20:07:57 | pullback_pattern_007820 | INFO | [007820] 일봉상세: 가격변화0.0%, 거래량변화0.0%
2025-11-06 20:07:57 | pullback_pattern_097230 | INFO | [097230] 일봉상세: 가격변화0.0%, 거래량변화0.0%
2025-11-06 20:07:57 | pullback_pattern_441270 | INFO | [441270] 일봉분석: 강도50, 이상적패턴False, 요구신뢰도75
2025-11-06 20:07:57 | pullback_pattern_484810 | INFO | [484810] 일봉상세: 가격변화0.0%, 거래량변화0.0%
2025-11-06 20:07:57 | pullback_pattern_019180 | INFO | [019180] 일봉상세: 가격변화0.0%, 거래량변화0.0%
2025-11-06 20:07:57 | pullback_pattern_441270 | INFO | [441270] 일봉상세: 가격변화0.0%, 거래량변화0.0%
2025-11-06 20:07:57 | pullback_pattern_250060 | INFO | [250060] 일봉분석: 강도50, 이상적패턴False, 요구신뢰도75
2025-11-06 20:07:57 | pullback_pattern_007820 | INFO | [007820] 일봉분석: 강도50, 이상적패턴False, 요구신뢰도95
2025-11-06 20:07:57 | pullback_pattern_005360 | INFO | [005360] 일봉상세: 가격변화0.0%, 거래량변화0.0%
2025-11-06 20:07:57 | pullback_pattern_094940 | INFO | [094940] 일봉분석: 강도50, 이상적패턴False, 요구신뢰도95
2025-11-06 20:07:57 | pullback_pattern_391710 | INFO | [391710] 일봉분석: 강도50, 이상적패턴False, 요구신뢰도95
2025-11-06 20:07:57 | pullback_pattern_019180 | INFO | [019180] 일봉분석: 강도50, 이상적패턴False, 요구신뢰도75
2025-11-06 20:07:57 | pullback_pattern_097230 | INFO | [097230] 일봉분석: 강도50, 이상적패턴False, 요구신뢰도75
2025-11-06 20:07:57 | pullback_pattern_064260 | INFO | [064260] 일봉분석: 강도50, 이상적패턴False, 요구신뢰도75
2025-11-06 20:07:57 | pullback_pattern_094940 | INFO | [094940] 일봉상세: 가격변화0.0%, 거래량변화0.0%
2025-11-06 20:07:57 | pullback_pattern_391710 | INFO | [391710] 일봉상세: 가격변화0.0%, 거래량변화0.0%
2025-11-06 20:07:57 | pullback_pattern_019180 | INFO | [019180] 일봉상세: 가격변화0.0%, 거래량변화0.0%
2025-11-06 20:07:57 | pullback_pattern_097230 | INFO | [097230] 일봉상세: 가격변화0.0%, 거래량변화0.0%
2025-11-06 20:07:57 | pullback_pattern_064260 | INFO | [064260] 일봉상세: 가격변화0.0%, 거래량변화0.0%
2025-11-06 20:07:57 | pullback_pattern_441270 | INFO | [441270] 일봉분석: 강도50, 이상적패턴False, 요구신뢰도75
2025-11-06 20:07:57 | pullback_pattern_007820 | INFO | [007820] 일봉상세: 가격변화0.0%, 거래량변화0.0%
2025-11-06 20:07:57 | pullback_pattern_250060 | INFO | [250060] 일봉상세: 가격변화0.0%, 거래량변화0.0%
2025-11-06 20:07:57 | pullback_pattern_441270 | INFO | [441270] 일봉상세: 가격변화0.0%, 거래량변화0.0%
2025-11-06 20:07:57 | pullback_pattern_094940 | INFO | [094940] 일봉분석: 강도50, 이상적패턴False, 요구신뢰도95
2025-11-06 20:07:57 | pullback_pattern_005360 | INFO | [005360] 일봉분석: 강도50, 이상적패턴False, 요구신뢰도75
2025-11-06 20:07:57 | pullback_pattern_097230 | INFO | [097230] 일봉분석: 강도50, 이상적패턴False, 요구신뢰도75
2025-11-06 20:07:57 | pullback_pattern_094940 | INFO | [094940] 일봉상세: 가격변화0.0%, 거래량변화0.0%
2025-11-06 20:07:57 | pullback_pattern_391710 | INFO | [391710] 일봉분석: 강도50, 이상적패턴False, 요구신뢰도95
2025-11-06 20:07:57 | pullback_pattern_005360 | INFO | [005360] 일봉상세: 가격변화0.0%, 거래량변화0.0%
2025-11-06 20:07:57 | pullback_pattern_097230 | INFO | [097230] 일봉상세: 가격변화0.0%, 거래량변화0.0%
2025-11-06 20:07:57 | pullback_pattern_064260 | INFO | [064260] 일봉분석: 강도50, 이상적패턴False, 요구신뢰도75
2025-11-06 20:07:57 | pullback_pattern_441270 | INFO | [441270] 일봉분석: 강도50, 이상적패턴False, 요구신뢰도75
2025-11-06 20:07:57 | pullback_pattern_391710 | INFO | [391710] 일봉상세: 가격변화0.0%, 거래량변화0.0%
2025-11-06 20:07:57 | pullback_pattern_005360 | INFO | [005360] 4단계패턴매수: 신뢰도91%, 진입가0원
2025-11-06 20:07:57 | pullback_pattern_250060 | INFO | [250060] 일봉분석: 강도50, 이상적패턴False, 요구신뢰도75
2025-11-06 20:07:57 | pullback_pattern_019180 | INFO | [019180] 일봉분석: 강도50, 이상적패턴False, 요구신뢰도75
2025-11-06 20:07:57 | pullback_pattern_007820 | INFO | [007820] 일봉분석: 강도50, 이상적패턴False, 요구신뢰도95
2025-11-06 20:07:57 | pullback_pattern_064260 | INFO | [064260] 일봉상세: 가격변화0.0%, 거래량변화0.0%
✅ 005360 매수 신호 감지: STRONG_BUY (신뢰도: 91.0%)
📊 005360: 가격변화 +1.1%, 거래량 감소, 신뢰도 91%
🚫 005360 약한 패턴으로 매수 차단: 약한지지구간 (거래량감소-62%/돌파량부족)
2025-11-06 20:07:57 | pullback_pattern_250060 | INFO | [250060] 일봉상세: 가격변화0.0%, 거래량변화0.0%
2025-11-06 20:07:57 | pullback_pattern_019180 | INFO | [019180] 일봉상세: 가격변화0.0%, 거래량변화0.0%
2025-11-06 20:07:57 | pullback_pattern_441270 | INFO | [441270] 일봉상세: 가격변화0.0%, 거래량변화0.0%
2025-11-06 20:07:57 | pullback_pattern_391710 | INFO | [391710] 일봉분석: 강도50, 이상적패턴False, 요구신뢰도95
2025-11-06 20:07:57 | pullback_pattern_097230 | INFO | [097230] 일봉분석: 강도50, 이상적패턴False, 요구신뢰도75
2025-11-06 20:07:57 | pullback_pattern_484810 | INFO | [484810] 일봉분석: 강도50, 이상적패턴False, 요구신뢰도75
2025-11-06 20:07:57 | pullback_pattern_005360 | INFO | [005360] 일봉분석: 강도50, 이상적패턴False, 요구신뢰도75
2025-11-06 20:07:57 | pullback_pattern_250060 | INFO | [250060] 일봉분석: 강도50, 이상적패턴False, 요구신뢰도75
2025-11-06 20:07:57 | pullback_pattern_391710 | INFO | [391710] 일봉상세: 가격변화0.0%, 거래량변화0.0%
2025-11-06 20:07:57 | pullback_pattern_094940 | INFO | [094940] 일봉분석: 강도50, 이상적패턴False, 요구신뢰도95
2025-11-06 20:07:57 | pullback_pattern_064260 | INFO | [064260] 일봉분석: 강도50, 이상적패턴False, 요구신뢰도75
2025-11-06 20:07:57 | pullback_pattern_441270 | INFO | [441270] 일봉분석: 강도50, 이상적패턴False, 요구신뢰도75
2025-11-06 20:07:57 | pullback_pattern_005360 | INFO | [005360] 일봉상세: 가격변화0.0%, 거래량변화0.0%
2025-11-06 20:07:57 | pullback_pattern_250060 | INFO | [250060] 일봉상세: 가격변화0.0%, 거래량변화0.0%
2025-11-06 20:07:57 | pullback_pattern_484810 | INFO | [484810] 일봉상세: 가격변화0.0%, 거래량변화0.0%
2025-11-06 20:07:57 | pullback_pattern_007820 | INFO | [007820] 일봉상세: 가격변화0.0%, 거래량변화0.0%
2025-11-06 20:07:57 | pullback_pattern_019180 | INFO | [019180] 일봉분석: 강도50, 이상적패턴False, 요구신뢰도75
2025-11-06 20:07:57 | pullback_pattern_097230 | INFO | [097230] 일봉상세: 가격변화0.0%, 거래량변화0.0%
2025-11-06 20:07:57 | pullback_pattern_064260 | INFO | [064260] 일봉상세: 가격변화0.0%, 거래량변화0.0%
2025-11-06 20:07:57 | pullback_pattern_441270 | INFO | [441270] 일봉상세: 가격변화0.0%, 거래량변화0.0%
2025-11-06 20:07:57 | pullback_pattern_391710 | INFO | [391710] 일봉분석: 강도50, 이상적패턴False, 요구신뢰도95
2025-11-06 20:07:57 | pullback_pattern_484810 | INFO | [484810] 4단계패턴매수: 신뢰도93%, 진입가0원
2025-11-06 20:07:57 | pullback_pattern_094940 | INFO | [094940] 일봉상세: 가격변화0.0%, 거래량변화0.0%
2025-11-06 20:07:57 | pullback_pattern_005360 | INFO | [005360] 일봉분석: 강도50, 이상적패턴False, 요구신뢰도75
2025-11-06 20:07:57 | pullback_pattern_391710 | INFO | [391710] 일봉상세: 가격변화0.0%, 거래량변화0.0%
2025-11-06 20:07:57 | pullback_pattern_250060 | INFO | [250060] 일봉분석: 강도50, 이상적패턴False, 요구신뢰도75
2025-11-06 20:07:57 | pullback_pattern_064260 | INFO | [064260] 일봉분석: 강도50, 이상적패턴False, 요구신뢰도75
2025-11-06 20:07:57 | pullback_pattern_441270 | INFO | [441270] 일봉분석: 강도50, 이상적패턴False, 요구신뢰도75
2025-11-06 20:07:57 | pullback_pattern_005360 | INFO | [005360] 일봉상세: 가격변화0.0%, 거래량변화0.0%
2025-11-06 20:07:57 | pullback_pattern_097230 | INFO | [097230] 일봉분석: 강도50, 이상적패턴False, 요구신뢰도75
2025-11-06 20:07:57 | pullback_pattern_064260 | INFO | [064260] 일봉상세: 가격변화0.0%, 거래량변화0.0%
✅ 484810 매수 신호 감지: STRONG_BUY (신뢰도: 93.0%)
📊 484810: 가격변화 -1.9%, 거래량 증가, 신뢰도 93%
🚫 484810 약한 패턴으로 매수 차단: 실패 위험 높은 약한 패턴
2025-11-06 20:07:57 | pullback_pattern_007820 | INFO | [007820] 일봉분석: 강도50, 이상적패턴False, 요구신뢰도95
2025-11-06 20:07:57 | pullback_pattern_250060 | INFO | [250060] 일봉상세: 가격변화0.0%, 거래량변화0.0%
2025-11-06 20:07:57 | pullback_pattern_019180 | INFO | [019180] 일봉상세: 가격변화0.0%, 거래량변화0.0%
2025-11-06 20:07:57 | pullback_pattern_484810 | INFO | [484810] 일봉분석: 강도50, 이상적패턴False, 요구신뢰도75
2025-11-06 20:07:57 | pullback_pattern_007820 | INFO | [007820] 일봉상세: 가격변화0.0%, 거래량변화0.0%
2025-11-06 20:07:57 | pullback_pattern_097230 | INFO | [097230] 일봉상세: 가격변화0.0%, 거래량변화0.0%
2025-11-06 20:07:57 | pullback_pattern_441270 | INFO | [441270] 일봉상세: 가격변화0.0%, 거래량변화0.0%
2025-11-06 20:07:57 | pullback_pattern_484810 | INFO | [484810] 일봉상세: 가격변화0.0%, 거래량변화0.0%
2025-11-06 20:07:57 | pullback_pattern_005360 | INFO | [005360] 일봉분석: 강도50, 이상적패턴False, 요구신뢰도95
2025-11-06 20:07:57 | pullback_pattern_250060 | INFO | [250060] 일봉분석: 강도50, 이상적패턴False, 요구신뢰도75
2025-11-06 20:07:57 | pullback_pattern_094940 | INFO | [094940] 일봉분석: 강도50, 이상적패턴False, 요구신뢰도95
2025-11-06 20:07:57 | pullback_pattern_005360 | INFO | [005360] 일봉상세: 가격변화0.0%, 거래량변화0.0%
2025-11-06 20:07:57 | pullback_pattern_007820 | INFO | [007820] 일봉분석: 강도50, 이상적패턴False, 요구신뢰도95
2025-11-06 20:07:57 | pullback_pattern_441270 | INFO | [441270] 일봉분석: 강도50, 이상적패턴False, 요구신뢰도75
2025-11-06 20:07:57 | pullback_pattern_250060 | INFO | [250060] 일봉상세: 가격변화0.0%, 거래량변화0.0%
2025-11-06 20:07:57 | pullback_pattern_019180 | INFO | [019180] 일봉분석: 강도50, 이상적패턴False, 요구신뢰도75
2025-11-06 20:07:57 | pullback_pattern_094940 | INFO | [094940] 일봉상세: 가격변화0.0%, 거래량변화0.0%
2025-11-06 20:07:57 | pullback_pattern_097230 | INFO | [097230] 일봉분석: 강도50, 이상적패턴False, 요구신뢰도75
2025-11-06 20:07:57 | pullback_pattern_391710 | INFO | [391710] 일봉분석: 강도50, 이상적패턴False, 요구신뢰도95
2025-11-06 20:07:57 | pullback_pattern_484810 | INFO | [484810] 일봉분석: 강도50, 이상적패턴False, 요구신뢰도75
2025-11-06 20:07:57 | pullback_pattern_007820 | INFO | [007820] 일봉상세: 가격변화0.0%, 거래량변화0.0%
2025-11-06 20:07:57 | pullback_pattern_441270 | INFO | [441270] 일봉상세: 가격변화0.0%, 거래량변화0.0%
2025-11-06 20:07:57 | pullback_pattern_391710 | INFO | [391710] 일봉상세: 가격변화0.0%, 거래량변화0.0%
2025-11-06 20:07:57 | pullback_pattern_484810 | INFO | [484810] 일봉상세: 가격변화0.0%, 거래량변화0.0%
2025-11-06 20:07:57 | pullback_pattern_005360 | INFO | [005360] 일봉분석: 강도50, 이상적패턴False, 요구신뢰도95
2025-11-06 20:07:57 | pullback_pattern_064260 | INFO | [064260] 일봉분석: 강도50, 이상적패턴False, 요구신뢰도75
2025-11-06 20:07:57 | pullback_pattern_019180 | INFO | [019180] 일봉상세: 가격변화0.0%, 거래량변화0.0%
2025-11-06 20:07:57 | pullback_pattern_097230 | INFO | [097230] 일봉상세: 가격변화0.0%, 거래량변화0.0%
2025-11-06 20:07:57 | pullback_pattern_250060 | INFO | [250060] 일봉분석: 강도50, 이상적패턴False, 요구신뢰도75
2025-11-06 20:07:57 | pullback_pattern_441270 | INFO | [441270] 일봉분석: 강도50, 이상적패턴False, 요구신뢰도75
2025-11-06 20:07:57 | pullback_pattern_005360 | INFO | [005360] 일봉상세: 가격변화0.0%, 거래량변화0.0%
2025-11-06 20:07:57 | pullback_pattern_250060 | INFO | [250060] 일봉상세: 가격변화0.0%, 거래량변화0.0%
2025-11-06 20:07:57 | pullback_pattern_484810 | INFO | [484810] 일봉분석: 강도50, 이상적패턴False, 요구신뢰도75
2025-11-06 20:07:57 | pullback_pattern_441270 | INFO | [441270] 일봉상세: 가격변화0.0%, 거래량변화0.0%
2025-11-06 20:07:57 | pullback_pattern_007820 | INFO | [007820] 일봉분석: 강도50, 이상적패턴False, 요구신뢰도95
2025-11-06 20:07:57 | pullback_pattern_391710 | INFO | [391710] 일봉분석: 강도50, 이상적패턴False, 요구신뢰도95
2025-11-06 20:07:57 | pullback_pattern_019180 | INFO | [019180] 일봉분석: 강도50, 이상적패턴False, 요구신뢰도75
2025-11-06 20:07:57 | pullback_pattern_484810 | INFO | [484810] 일봉상세: 가격변화0.0%, 거래량변화0.0%
2025-11-06 20:07:57 | pullback_pattern_097230 | INFO | [097230] 일봉분석: 강도50, 이상적패턴False, 요구신뢰도75
2025-11-06 20:07:57 | pullback_pattern_005360 | INFO | [005360] 일봉분석: 강도50, 이상적패턴False, 요구신뢰도95
2025-11-06 20:07:57 | pullback_pattern_391710 | INFO | [391710] 일봉상세: 가격변화0.0%, 거래량변화0.0%
2025-11-06 20:07:57 | pullback_pattern_019180 | INFO | [019180] 일봉상세: 가격변화0.0%, 거래량변화0.0%
2025-11-06 20:07:57 | pullback_pattern_007820 | INFO | [007820] 일봉상세: 가격변화0.0%, 거래량변화0.0%
2025-11-06 20:07:57 | pullback_pattern_097230 | INFO | [097230] 일봉상세: 가격변화0.0%, 거래량변화0.0%
2025-11-06 20:07:57 | pullback_pattern_064260 | INFO | [064260] 일봉상세: 가격변화0.0%, 거래량변화0.0%
2025-11-06 20:07:57 | pullback_pattern_250060 | INFO | [250060] 일봉분석: 강도50, 이상적패턴False, 요구신뢰도75
2025-11-06 20:07:57 | pullback_pattern_484810 | INFO | [484810] 일봉분석: 강도50, 이상적패턴False, 요구신뢰도75
2025-11-06 20:07:57 | pullback_pattern_005360 | INFO | [005360] 일봉상세: 가격변화0.0%, 거래량변화0.0%
2025-11-06 20:07:57 | pullback_pattern_019180 | INFO | [019180] 일봉분석: 강도50, 이상적패턴False, 요구신뢰도75
2025-11-06 20:07:57 | pullback_pattern_250060 | INFO | [250060] 일봉상세: 가격변화0.0%, 거래량변화0.0%
2025-11-06 20:07:57 | pullback_pattern_484810 | INFO | [484810] 일봉상세: 가격변화0.0%, 거래량변화0.0%
2025-11-06 20:07:57 | pullback_pattern_007820 | INFO | [007820] 일봉분석: 강도50, 이상적패턴False, 요구신뢰도95
2025-11-06 20:07:57 | pullback_pattern_064260 | INFO | [064260] 일봉분석: 강도50, 이상적패턴False, 요구신뢰도75
2025-11-06 20:07:57 | pullback_pattern_441270 | INFO | [441270] 일봉분석: 강도50, 이상적패턴False, 요구신뢰도75
2025-11-06 20:07:57 | pullback_pattern_097230 | INFO | [097230] 일봉분석: 강도50, 이상적패턴False, 요구신뢰도75
2025-11-06 20:07:57 | pullback_pattern_007820 | INFO | [007820] 일봉상세: 가격변화0.0%, 거래량변화0.0%
2025-11-06 20:07:57 | pullback_pattern_094940 | INFO | [094940] 일봉분석: 강도50, 이상적패턴False, 요구신뢰도95
2025-11-06 20:07:57 | pullback_pattern_391710 | INFO | [391710] 일봉분석: 강도50, 이상적패턴False, 요구신뢰도95
2025-11-06 20:07:57 | pullback_pattern_441270 | INFO | [441270] 일봉상세: 가격변화0.0%, 거래량변화0.0%
2025-11-06 20:07:57 | pullback_pattern_250060 | INFO | [250060] 일봉분석: 강도50, 이상적패턴False, 요구신뢰도75
2025-11-06 20:07:57 | pullback_pattern_097230 | INFO | [097230] 일봉상세: 가격변화0.0%, 거래량변화0.0%
2025-11-06 20:07:57 | pullback_pattern_094940 | INFO | [094940] 일봉상세: 가격변화0.0%, 거래량변화0.0%
2025-11-06 20:07:57 | pullback_pattern_391710 | INFO | [391710] 일봉상세: 가격변화0.0%, 거래량변화0.0%
2025-11-06 20:07:57 | pullback_pattern_019180 | INFO | [019180] 일봉상세: 가격변화0.0%, 거래량변화0.0%
2025-11-06 20:07:57 | pullback_pattern_064260 | INFO | [064260] 일봉상세: 가격변화0.0%, 거래량변화0.0%
2025-11-06 20:07:57 | pullback_pattern_005360 | INFO | [005360] 일봉분석: 강도50, 이상적패턴False, 요구신뢰도95
2025-11-06 20:07:57 | pullback_pattern_484810 | INFO | [484810] 일봉분석: 강도50, 이상적패턴False, 요구신뢰도75
2025-11-06 20:07:57 | pullback_pattern_250060 | INFO | [250060] 일봉상세: 가격변화0.0%, 거래량변화0.0%
2025-11-06 20:07:57 | pullback_pattern_007820 | INFO | [007820] 일봉분석: 강도50, 이상적패턴False, 요구신뢰도95
2025-11-06 20:07:57 | pullback_pattern_005360 | INFO | [005360] 일봉상세: 가격변화0.0%, 거래량변화0.0%
2025-11-06 20:07:57 | pullback_pattern_097230 | INFO | [097230] 일봉분석: 강도50, 이상적패턴False, 요구신뢰도75
2025-11-06 20:07:57 | pullback_pattern_441270 | INFO | [441270] 일봉분석: 강도50, 이상적패턴False, 요구신뢰도75
2025-11-06 20:07:57 | pullback_pattern_007820 | INFO | [007820] 일봉상세: 가격변화0.0%, 거래량변화0.0%
2025-11-06 20:07:57 | pullback_pattern_484810 | INFO | [484810] 일봉상세: 가격변화0.0%, 거래량변화0.0%
2025-11-06 20:07:57 | pullback_pattern_064260 | INFO | [064260] 일봉분석: 강도50, 이상적패턴False, 요구신뢰도75
2025-11-06 20:07:57 | pullback_pattern_441270 | INFO | [441270] 일봉상세: 가격변화0.0%, 거래량변화0.0%
2025-11-06 20:07:57 | pullback_pattern_097230 | INFO | [097230] 일봉상세: 가격변화0.0%, 거래량변화0.0%
2025-11-06 20:07:57 | pullback_pattern_250060 | INFO | [250060] 일봉분석: 강도50, 이상적패턴False, 요구신뢰도75
2025-11-06 20:07:57 | pullback_pattern_064260 | INFO | [064260] 일봉상세: 가격변화0.0%, 거래량변화0.0%
2025-11-06 20:07:57 | pullback_pattern_484810 | INFO | [484810] 일봉분석: 강도50, 이상적패턴False, 요구신뢰도75
2025-11-06 20:07:57 | pullback_pattern_007820 | INFO | [007820] 일봉분석: 강도50, 이상적패턴False, 요구신뢰도95
2025-11-06 20:07:57 | pullback_pattern_250060 | INFO | [250060] 일봉상세: 가격변화0.0%, 거래량변화0.0%
2025-11-06 20:07:57 | pullback_pattern_005360 | INFO | [005360] 일봉분석: 강도50, 이상적패턴False, 요구신뢰도95
2025-11-06 20:07:57 | pullback_pattern_019180 | INFO | [019180] 일봉분석: 강도50, 이상적패턴False, 요구신뢰도75
2025-11-06 20:07:57 | pullback_pattern_441270 | INFO | [441270] 4단계패턴매수: 신뢰도89%, 진입가0원
2025-11-06 20:07:57 | pullback_pattern_484810 | INFO | [484810] 일봉상세: 가격변화0.0%, 거래량변화0.0%
2025-11-06 20:07:57 | pullback_pattern_097230 | INFO | [097230] 일봉분석: 강도50, 이상적패턴False, 요구신뢰도75
✅ 441270 매수 신호 감지: STRONG_BUY (신뢰도: 89.0%)
📊 441270: 가격변화 -1.4%, 거래량 감소, 신뢰도 89%
✅ 441270 패턴 필터 통과: 패턴 필터 통과
2025-11-06 20:07:57 | pullback_pattern_019180 | INFO | [019180] 일봉상세: 가격변화0.0%, 거래량변화0.0%
2025-11-06 20:07:57 | pullback_pattern_064260 | INFO | [064260] 일봉분석: 강도50, 이상적패턴False, 요구신뢰도75
2025-11-06 20:07:57 | pullback_pattern_097230 | INFO | [097230] 일봉상세: 가격변화0.0%, 거래량변화0.0%
2025-11-06 20:07:57 | pullback_pattern_007820 | INFO | [007820] 일봉상세: 가격변화0.0%, 거래량변화0.0%
2025-11-06 20:07:57 | pullback_pattern_250060 | INFO | [250060] 일봉분석: 강도50, 이상적패턴False, 요구신뢰도75
2025-11-06 20:07:57 | pullback_pattern_064260 | INFO | [064260] 일봉상세: 가격변화0.0%, 거래량변화0.0%
2025-11-06 20:07:57 | pullback_pattern_005360 | INFO | [005360] 일봉상세: 가격변화0.0%, 거래량변화0.0%
2025-11-06 20:07:57 | pullback_pattern_250060 | INFO | [250060] 일봉상세: 가격변화0.0%, 거래량변화0.0%
2025-11-06 20:07:57 | pullback_pattern_484810 | INFO | [484810] 일봉분석: 강도50, 이상적패턴False, 요구신뢰도75
2025-11-06 20:07:57 | pullback_pattern_007820 | INFO | [007820] 일봉분석: 강도50, 이상적패턴False, 요구신뢰도95
2025-11-06 20:07:57 | pullback_pattern_019180 | INFO | [019180] 일봉분석: 강도50, 이상적패턴False, 요구신뢰도75
2025-11-06 20:07:57 | pullback_pattern_097230 | INFO | [097230] 일봉분석: 강도50, 이상적패턴False, 요구신뢰도75
2025-11-06 20:07:57 | pullback_pattern_007820 | INFO | [007820] 일봉상세: 가격변화0.0%, 거래량변화0.0%
2025-11-06 20:07:57 | pullback_pattern_441270 | INFO | [441270] 일봉분석: 강도50, 이상적패턴False, 요구신뢰도75
2025-11-06 20:07:57 | pullback_pattern_019180 | INFO | [019180] 일봉상세: 가격변화0.0%, 거래량변화0.0%
2025-11-06 20:07:57 | pullback_pattern_097230 | INFO | [097230] 일봉상세: 가격변화0.0%, 거래량변화0.0%
2025-11-06 20:07:57 | pullback_pattern_064260 | INFO | [064260] 일봉분석: 강도50, 이상적패턴False, 요구신뢰도75
2025-11-06 20:07:57 | pullback_pattern_484810 | INFO | [484810] 일봉상세: 가격변화0.0%, 거래량변화0.0%
2025-11-06 20:07:57 | pullback_pattern_441270 | INFO | [441270] 일봉상세: 가격변화0.0%, 거래량변화0.0%
2025-11-06 20:07:57 | pullback_pattern_391710 | INFO | [391710] 일봉분석: 강도50, 이상적패턴False, 요구신뢰도95
2025-11-06 20:07:57 | pullback_pattern_064260 | INFO | [064260] 일봉상세: 가격변화0.0%, 거래량변화0.0%
2025-11-06 20:07:57 | pullback_pattern_007820 | INFO | [007820] 일봉분석: 강도50, 이상적패턴False, 요구신뢰도95
2025-11-06 20:07:57 | pullback_pattern_019180 | INFO | [019180] 일봉분석: 강도50, 이상적패턴False, 요구신뢰도75
2025-11-06 20:07:57 | pullback_pattern_391710 | INFO | [391710] 일봉상세: 가격변화0.0%, 거래량변화0.0%
2025-11-06 20:07:57 | pullback_pattern_007820 | INFO | [007820] 일봉상세: 가격변화0.0%, 거래량변화0.0%
2025-11-06 20:07:57 | pullback_pattern_250060 | INFO | [250060] 일봉분석: 강도50, 이상적패턴False, 요구신뢰도75
2025-11-06 20:07:57 | pullback_pattern_019180 | INFO | [019180] 일봉상세: 가격변화0.0%, 거래량변화0.0%
2025-11-06 20:07:57 | pullback_pattern_484810 | INFO | [484810] 일봉분석: 강도50, 이상적패턴False, 요구신뢰도75
2025-11-06 20:07:57 | pullback_pattern_097230 | INFO | [097230] 일봉분석: 강도50, 이상적패턴False, 요구신뢰도75
2025-11-06 20:07:57 | pullback_pattern_441270 | INFO | [441270] 일봉분석: 강도50, 이상적패턴False, 요구신뢰도75
2025-11-06 20:07:57 | pullback_pattern_064260 | INFO | [064260] 일봉분석: 강도50, 이상적패턴False, 요구신뢰도75
2025-11-06 20:07:57 | pullback_pattern_484810 | INFO | [484810] 일봉상세: 가격변화0.0%, 거래량변화0.0%
2025-11-06 20:07:57 | pullback_pattern_391710 | INFO | [391710] 일봉분석: 강도50, 이상적패턴False, 요구신뢰도95
2025-11-06 20:07:57 | pullback_pattern_007820 | INFO | [007820] 일봉분석: 강도50, 이상적패턴False, 요구신뢰도95
2025-11-06 20:07:57 | pullback_pattern_019180 | INFO | [019180] 일봉분석: 강도50, 이상적패턴False, 요구신뢰도75
2025-11-06 20:07:57 | pullback_pattern_097230 | INFO | [097230] 일봉상세: 가격변화0.0%, 거래량변화0.0%
2025-11-06 20:07:57 | pullback_pattern_005360 | INFO | [005360] 일봉분석: 강도50, 이상적패턴False, 요구신뢰도95
2025-11-06 20:07:57 | pullback_pattern_391710 | INFO | [391710] 일봉상세: 가격변화0.0%, 거래량변화0.0%
2025-11-06 20:07:57 | pullback_pattern_007820 | INFO | [007820] 일봉상세: 가격변화0.0%, 거래량변화0.0%
2025-11-06 20:07:57 | pullback_pattern_019180 | INFO | [019180] 일봉상세: 가격변화0.0%, 거래량변화0.0%
2025-11-06 20:07:57 | pullback_pattern_005360 | INFO | [005360] 일봉상세: 가격변화0.0%, 거래량변화0.0%
2025-11-06 20:07:57 | pullback_pattern_250060 | INFO | [250060] 일봉상세: 가격변화0.0%, 거래량변화0.0%
2025-11-06 20:07:57 | pullback_pattern_441270 | INFO | [441270] 일봉상세: 가격변화0.0%, 거래량변화0.0%
2025-11-06 20:07:57 | pullback_pattern_064260 | INFO | [064260] 일봉상세: 가격변화0.0%, 거래량변화0.0%
2025-11-06 20:07:57 | pullback_pattern_484810 | INFO | [484810] 일봉분석: 강도50, 이상적패턴False, 요구신뢰도75
2025-11-06 20:07:57 | pullback_pattern_097230 | INFO | [097230] 일봉분석: 강도50, 이상적패턴False, 요구신뢰도75
2025-11-06 20:07:57 | pullback_pattern_005360 | INFO | [005360] 일봉분석: 강도50, 이상적패턴False, 요구신뢰도95
2025-11-06 20:07:57 | pullback_pattern_007820 | INFO | [007820] 일봉분석: 강도50, 이상적패턴False, 요구신뢰도95
2025-11-06 20:07:57 | pullback_pattern_097230 | INFO | [097230] 일봉상세: 가격변화0.0%, 거래량변화0.0%
2025-11-06 20:07:57 | pullback_pattern_005360 | INFO | [005360] 일봉상세: 가격변화0.0%, 거래량변화0.0%
2025-11-06 20:07:57 | pullback_pattern_007820 | INFO | [007820] 일봉상세: 가격변화0.0%, 거래량변화0.0%
2025-11-06 20:07:57 | pullback_pattern_441270 | INFO | [441270] 일봉분석: 강도50, 이상적패턴False, 요구신뢰도75
2025-11-06 20:07:57 | pullback_pattern_484810 | INFO | [484810] 일봉상세: 가격변화0.0%, 거래량변화0.0%
2025-11-06 20:07:57 | pullback_pattern_391710 | INFO | [391710] 일봉분석: 강도50, 이상적패턴False, 요구신뢰도95
2025-11-06 20:07:57 | pullback_pattern_250060 | INFO | [250060] 일봉분석: 강도50, 이상적패턴False, 요구신뢰도75
2025-11-06 20:07:57 | pullback_pattern_441270 | INFO | [441270] 일봉상세: 가격변화0.0%, 거래량변화0.0%
2025-11-06 20:07:57 | pullback_pattern_064260 | INFO | [064260] 일봉분석: 강도50, 이상적패턴False, 요구신뢰도75
2025-11-06 20:07:57 | pullback_pattern_391710 | INFO | [391710] 일봉상세: 가격변화0.0%, 거래량변화0.0%
2025-11-06 20:07:57 | pullback_pattern_005360 | INFO | [005360] 일봉분석: 강도50, 이상적패턴False, 요구신뢰도95
2025-11-06 20:07:57 | pullback_pattern_250060 | INFO | [250060] 일봉상세: 가격변화0.0%, 거래량변화0.0%
2025-11-06 20:07:57 | pullback_pattern_019180 | INFO | [019180] 일봉분석: 강도50, 이상적패턴False, 요구신뢰도75
2025-11-06 20:07:57 | pullback_pattern_484810 | INFO | [484810] 일봉분석: 강도50, 이상적패턴False, 요구신뢰도75
2025-11-06 20:07:57 | pullback_pattern_007820 | INFO | [007820] 일봉분석: 강도50, 이상적패턴False, 요구신뢰도95
2025-11-06 20:07:57 | pullback_pattern_064260 | INFO | [064260] 일봉상세: 가격변화0.0%, 거래량변화0.0%
2025-11-06 20:07:57 | pullback_pattern_097230 | INFO | [097230] 일봉분석: 강도50, 이상적패턴False, 요구신뢰도75
2025-11-06 20:07:57 | pullback_pattern_005360 | INFO | [005360] 일봉상세: 가격변화0.0%, 거래량변화0.0%
2025-11-06 20:07:57 | pullback_pattern_484810 | INFO | [484810] 일봉상세: 가격변화0.0%, 거래량변화0.0%
2025-11-06 20:07:57 | pullback_pattern_250060 | INFO | [250060] 일봉분석: 강도50, 이상적패턴False, 요구신뢰도75
2025-11-06 20:07:57 | pullback_pattern_019180 | INFO | [019180] 일봉상세: 가격변화0.0%, 거래량변화0.0%
2025-11-06 20:07:57 | pullback_pattern_097230 | INFO | [097230] 일봉상세: 가격변화0.0%, 거래량변화0.0%
2025-11-06 20:07:57 | pullback_pattern_441270 | INFO | [441270] 일봉분석: 강도50, 이상적패턴False, 요구신뢰도75
2025-11-06 20:07:57 | pullback_pattern_250060 | INFO | [250060] 일봉상세: 가격변화0.0%, 거래량변화0.0%
2025-11-06 20:07:57 | pullback_pattern_391710 | INFO | [391710] 일봉분석: 강도50, 이상적패턴False, 요구신뢰도95
2025-11-06 20:07:57 | pullback_pattern_484810 | INFO | [484810] 일봉분석: 강도50, 이상적패턴False, 요구신뢰도75
2025-11-06 20:07:57 | pullback_pattern_007820 | INFO | [007820] 일봉상세: 가격변화0.0%, 거래량변화0.0%
2025-11-06 20:07:57 | pullback_pattern_441270 | INFO | [441270] 일봉상세: 가격변화0.0%, 거래량변화0.0%
2025-11-06 20:07:57 | pullback_pattern_391710 | INFO | [391710] 일봉상세: 가격변화0.0%, 거래량변화0.0%
2025-11-06 20:07:57 | pullback_pattern_484810 | INFO | [484810] 일봉상세: 가격변화0.0%, 거래량변화0.0%
2025-11-06 20:07:57 | pullback_pattern_019180 | INFO | [019180] 일봉분석: 강도50, 이상적패턴False, 요구신뢰도75
2025-11-06 20:07:57 | pullback_pattern_064260 | INFO | [064260] 일봉분석: 강도50, 이상적패턴False, 요구신뢰도75
2025-11-06 20:07:57 | pullback_pattern_005360 | INFO | [005360] 일봉분석: 강도50, 이상적패턴False, 요구신뢰도95
2025-11-06 20:07:57 | pullback_pattern_097230 | INFO | [097230] 일봉분석: 강도50, 이상적패턴False, 요구신뢰도75
2025-11-06 20:07:57 | pullback_pattern_064260 | INFO | [064260] 일봉상세: 가격변화0.0%, 거래량변화0.0%
2025-11-06 20:07:57 | pullback_pattern_441270 | INFO | [441270] 일봉분석: 강도50, 이상적패턴False, 요구신뢰도75
2025-11-06 20:07:57 | pullback_pattern_250060 | INFO | [250060] 일봉분석: 강도50, 이상적패턴False, 요구신뢰도75
2025-11-06 20:07:57 | pullback_pattern_097230 | INFO | [097230] 일봉상세: 가격변화0.0%, 거래량변화0.0%
2025-11-06 20:07:57 | pullback_pattern_007820 | INFO | [007820] 일봉분석: 강도50, 이상적패턴False, 요구신뢰도95
2025-11-06 20:07:57 | pullback_pattern_391710 | INFO | [391710] 일봉분석: 강도50, 이상적패턴False, 요구신뢰도95
2025-11-06 20:07:57 | pullback_pattern_005360 | INFO | [005360] 일봉상세: 가격변화0.0%, 거래량변화0.0%
2025-11-06 20:07:57 | pullback_pattern_250060 | INFO | [250060] 일봉상세: 가격변화0.0%, 거래량변화0.0%
2025-11-06 20:07:57 | pullback_pattern_441270 | INFO | [441270] 일봉상세: 가격변화0.0%, 거래량변화0.0%
2025-11-06 20:07:57 | pullback_pattern_391710 | INFO | [391710] 일봉상세: 가격변화0.0%, 거래량변화0.0%
2025-11-06 20:07:57 | pullback_pattern_484810 | INFO | [484810] 일봉분석: 강도50, 이상적패턴False, 요구신뢰도75
2025-11-06 20:07:57 | pullback_pattern_441270 | INFO | [441270] 4단계패턴매수: 신뢰도89%, 진입가0원
2025-11-06 20:07:57 | pullback_pattern_019180 | INFO | [019180] 일봉상세: 가격변화0.0%, 거래량변화0.0%
2025-11-06 20:07:57 | pullback_pattern_007820 | INFO | [007820] 일봉상세: 가격변화0.0%, 거래량변화0.0%
2025-11-06 20:07:57 | pullback_pattern_005360 | INFO | [005360] 일봉분석: 강도50, 이상적패턴False, 요구신뢰도95
2025-11-06 20:07:57 | pullback_pattern_097230 | INFO | [097230] 일봉분석: 강도50, 이상적패턴False, 요구신뢰도75
✅ 441270 매수 신호 감지: STRONG_BUY (신뢰도: 89.0%)
📊 441270: 가격변화 +1.6%, 거래량 감소, 신뢰도 89%
✅ 441270 패턴 필터 통과: 패턴 필터 통과
2025-11-06 20:07:57 | pullback_pattern_250060 | INFO | [250060] 일봉분석: 강도50, 이상적패턴False, 요구신뢰도75
2025-11-06 20:07:57 | pullback_pattern_064260 | INFO | [064260] 일봉분석: 강도50, 이상적패턴False, 요구신뢰도75
2025-11-06 20:07:57 | pullback_pattern_097230 | INFO | [097230] 일봉상세: 가격변화0.0%, 거래량변화0.0%
2025-11-06 20:07:57 | pullback_pattern_391710 | INFO | [391710] 일봉분석: 강도50, 이상적패턴False, 요구신뢰도95
2025-11-06 20:07:57 | pullback_pattern_005360 | INFO | [005360] 일봉상세: 가격변화0.0%, 거래량변화0.0%
2025-11-06 20:07:57 | pullback_pattern_484810 | INFO | [484810] 일봉상세: 가격변화0.0%, 거래량변화0.0%
2025-11-06 20:07:57 | pullback_pattern_250060 | INFO | [250060] 일봉상세: 가격변화0.0%, 거래량변화0.0%
2025-11-06 20:07:57 | pullback_pattern_007820 | INFO | [007820] 일봉분석: 강도50, 이상적패턴False, 요구신뢰도95
2025-11-06 20:07:57 | pullback_pattern_064260 | INFO | [064260] 일봉상세: 가격변화0.0%, 거래량변화0.0%
2025-11-06 20:07:57 | pullback_pattern_097230 | INFO | [097230] 일봉분석: 강도50, 이상적패턴False, 요구신뢰도75
2025-11-06 20:07:57 | pullback_pattern_441270 | INFO | [441270] 일봉분석: 강도50, 이상적패턴False, 요구신뢰도75
2025-11-06 20:07:57 | pullback_pattern_391710 | INFO | [391710] 일봉상세: 가격변화0.0%, 거래량변화0.0%
2025-11-06 20:07:57 | pullback_pattern_005360 | INFO | [005360] 일봉분석: 강도50, 이상적패턴False, 요구신뢰도95
2025-11-06 20:07:57 | pullback_pattern_007820 | INFO | [007820] 일봉상세: 가격변화0.0%, 거래량변화0.0%
2025-11-06 20:07:57 | pullback_pattern_250060 | INFO | [250060] 일봉분석: 강도50, 이상적패턴False, 요구신뢰도75
2025-11-06 20:07:57 | pullback_pattern_441270 | INFO | [441270] 일봉상세: 가격변화0.0%, 거래량변화0.0%
2025-11-06 20:07:57 | pullback_pattern_484810 | INFO | [484810] 일봉분석: 강도50, 이상적패턴False, 요구신뢰도75
2025-11-06 20:07:57 | pullback_pattern_019180 | INFO | [019180] 일봉분석: 강도50, 이상적패턴False, 요구신뢰도75
2025-11-06 20:07:57 | pullback_pattern_097230 | INFO | [097230] 일봉상세: 가격변화0.0%, 거래량변화0.0%
2025-11-06 20:07:57 | pullback_pattern_005360 | INFO | [005360] 일봉상세: 가격변화0.0%, 거래량변화0.0%
2025-11-06 20:07:57 | pullback_pattern_250060 | INFO | [250060] 일봉상세: 가격변화0.0%, 거래량변화0.0%
2025-11-06 20:07:58 | pullback_pattern_019180 | INFO | [019180] 일봉상세: 가격변화0.0%, 거래량변화0.0%
2025-11-06 20:07:58 | pullback_pattern_391710 | INFO | [391710] 일봉분석: 강도50, 이상적패턴False, 요구신뢰도95
2025-11-06 20:07:58 | pullback_pattern_484810 | INFO | [484810] 일봉상세: 가격변화0.0%, 거래량변화0.0%
2025-11-06 20:07:58 | pullback_pattern_441270 | INFO | [441270] 일봉분석: 강도50, 이상적패턴False, 요구신뢰도75
2025-11-06 20:07:58 | pullback_pattern_097230 | INFO | [097230] 일봉분석: 강도50, 이상적패턴False, 요구신뢰도75
2025-11-06 20:07:58 | pullback_pattern_391710 | INFO | [391710] 일봉상세: 가격변화0.0%, 거래량변화0.0%
2025-11-06 20:07:58 | pullback_pattern_441270 | INFO | [441270] 일봉상세: 가격변화0.0%, 거래량변화0.0%
2025-11-06 20:07:58 | __main__ | INFO | 🎯 [094940] 총 0개 매수 신호 발견 (실시간 방식)
2025-11-06 20:07:58 | pullback_pattern_250060 | INFO | [250060] 일봉분석: 강도50, 이상적패턴False, 요구신뢰도75
2025-11-06 20:07:58 | pullback_pattern_097230 | INFO | [097230] 일봉상세: 가격변화0.0%, 거래량변화0.0%
2025-11-06 20:07:58 | pullback_pattern_019180 | INFO | [019180] 일봉분석: 강도50, 이상적패턴False, 요구신뢰도75
2025-11-06 20:07:58 | pullback_pattern_007820 | INFO | [007820] 일봉분석: 강도50, 이상적패턴False, 요구신뢰도95
2025-11-06 20:07:58 | pullback_pattern_250060 | INFO | [250060] 일봉상세: 가격변화0.0%, 거래량변화0.0%
2025-11-06 20:07:58 | __main__ | INFO | 매수 신호 없음 - 거래 시뮬레이션 불가 [094940]
2025-11-06 20:07:58 | pullback_pattern_019180 | INFO | [019180] 일봉상세: 가격변화0.0%, 거래량변화0.0%
2025-11-06 20:07:58 | pullback_pattern_005360 | INFO | [005360] 일봉분석: 강도50, 이상적패턴False, 요구신뢰도95
2025-11-06 20:07:58 | pullback_pattern_391710 | INFO | [391710] 일봉분석: 강도50, 이상적패턴False, 요구신뢰도95
2025-11-06 20:07:58 | pullback_pattern_484810 | INFO | [484810] 일봉분석: 강도50, 이상적패턴False, 요구신뢰도95
2025-11-06 20:07:58 | __main__ | INFO | ✅ [094940] 처리 완료 - 0건 거래, 0건 매수 못한 기회
2025-11-06 20:07:57 | pullback_pattern_064260 | INFO | [064260] 일봉분석: 강도50, 이상적패턴False, 요구신뢰도75
2025-11-06 20:07:58 | pullback_pattern_005360 | INFO | [005360] 일봉상세: 가격변화0.0%, 거래량변화0.0%
2025-11-06 20:07:58 | pullback_pattern_391710 | INFO | [391710] 일봉상세: 가격변화0.0%, 거래량변화0.0%
2025-11-06 20:07:58 | pullback_pattern_484810 | INFO | [484810] 일봉상세: 가격변화0.0%, 거래량변화0.0%
2025-11-06 20:07:58 | __main__ | INFO | 🔄 [001270] 처리 시작...
2025-11-06 20:07:58 | pullback_pattern_007820 | INFO | [007820] 일봉상세: 가격변화0.0%, 거래량변화0.0%
2025-11-06 20:07:58 | pullback_pattern_019180 | INFO | [019180] 일봉분석: 강도50, 이상적패턴False, 요구신뢰도75
2025-11-06 20:07:58 | pullback_pattern_097230 | INFO | [097230] 일봉분석: 강도50, 이상적패턴False, 요구신뢰도75
2025-11-06 20:07:58 | pullback_pattern_064260 | INFO | [064260] 일봉상세: 가격변화0.0%, 거래량변화0.0%
2025-11-06 20:07:58 | pullback_pattern_250060 | INFO | [250060] 일봉분석: 강도50, 이상적패턴False, 요구신뢰도75
2025-11-06 20:07:58 | pullback_pattern_097230 | INFO | [097230] 일봉상세: 가격변화0.0%, 거래량변화0.0%
2025-11-06 20:07:58 | pullback_pattern_441270 | INFO | [441270] 일봉분석: 강도50, 이상적패턴False, 요구신뢰도75
2025-11-06 20:07:58 | pullback_pattern_019180 | INFO | [019180] 일봉상세: 가격변화0.0%, 거래량변화0.0%
2025-11-06 20:07:58 | pullback_pattern_250060 | INFO | [250060] 일봉상세: 가격변화0.0%, 거래량변화0.0%
2025-11-06 20:07:58 | __main__ | INFO | 💾 [001270] 캐시 데이터 사용 - 379개 봉
2025-11-06 20:07:58 | pullback_pattern_007820 | INFO | [007820] 일봉분석: 강도50, 이상적패턴False, 요구신뢰도95
2025-11-06 20:07:58 | pullback_pattern_391710 | INFO | [391710] 일봉분석: 강도50, 이상적패턴False, 요구신뢰도95
2025-11-06 20:07:58 | pullback_pattern_005360 | INFO | [005360] 일봉분석: 강도50, 이상적패턴False, 요구신뢰도95
2025-11-06 20:07:58 | pullback_pattern_007820 | INFO | [007820] 일봉상세: 가격변화0.0%, 거래량변화0.0%
2025-11-06 20:07:58 | pullback_pattern_484810 | INFO | [484810] 일봉분석: 강도50, 이상적패턴False, 요구신뢰도95
2025-11-06 20:07:58 | pullback_pattern_441270 | INFO | [441270] 일봉상세: 가격변화0.0%, 거래량변화0.0%
2025-11-06 20:07:58 | pullback_pattern_005360 | INFO | [005360] 일봉상세: 가격변화0.0%, 거래량변화0.0%
2025-11-06 20:07:58 | pullback_pattern_391710 | INFO | [391710] 일봉상세: 가격변화0.0%, 거래량변화0.0%
2025-11-06 20:07:58 | pullback_pattern_097230 | INFO | [097230] 일봉분석: 강도50, 이상적패턴False, 요구신뢰도75
2025-11-06 20:07:58 | pullback_pattern_019180 | INFO | [019180] 일봉분석: 강도50, 이상적패턴False, 요구신뢰도75
2025-11-06 20:07:58 | pullback_pattern_250060 | INFO | [250060] 일봉분석: 강도50, 이상적패턴False, 요구신뢰도75
2025-11-06 20:07:58 | pullback_pattern_064260 | INFO | [064260] 일봉분석: 강도50, 이상적패턴False, 요구신뢰도75
2025-11-06 20:07:58 | pullback_pattern_019180 | INFO | [019180] 일봉상세: 가격변화0.0%, 거래량변화0.0%
2025-11-06 20:07:58 | pullback_pattern_250060 | INFO | [250060] 일봉상세: 가격변화0.0%, 거래량변화0.0%
2025-11-06 20:07:58 | pullback_pattern_097230 | INFO | [097230] 일봉상세: 가격변화0.0%, 거래량변화0.0%
2025-11-06 20:07:58 | pullback_pattern_007820 | INFO | [007820] 일봉분석: 강도50, 이상적패턴False, 요구신뢰도95
2025-11-06 20:07:58 | pullback_pattern_441270 | INFO | [441270] 일봉분석: 강도50, 이상적패턴False, 요구신뢰도75
2025-11-06 20:07:58 | pullback_pattern_005360 | INFO | [005360] 일봉분석: 강도50, 이상적패턴False, 요구신뢰도95
2025-11-06 20:07:58 | pullback_pattern_391710 | INFO | [391710] 일봉분석: 강도50, 이상적패턴False, 요구신뢰도95
2025-11-06 20:07:58 | pullback_pattern_001270 | INFO | [001270] 일봉분석: 강도50, 이상적패턴False, 요구신뢰도70
2025-11-06 20:07:58 | pullback_pattern_064260 | INFO | [064260] 일봉상세: 가격변화0.0%, 거래량변화0.0%
2025-11-06 20:07:58 | pullback_pattern_019180 | INFO | [019180] 일봉분석: 강도50, 이상적패턴False, 요구신뢰도75
2025-11-06 20:07:58 | pullback_pattern_484810 | INFO | [484810] 일봉상세: 가격변화0.0%, 거래량변화0.0%
2025-11-06 20:07:58 | pullback_pattern_097230 | INFO | [097230] 일봉분석: 강도50, 이상적패턴False, 요구신뢰도75
2025-11-06 20:07:58 | pullback_pattern_391710 | INFO | [391710] 일봉상세: 가격변화0.0%, 거래량변화0.0%
2025-11-06 20:07:58 | pullback_pattern_001270 | INFO | [001270] 일봉상세: 가격변화0.0%, 거래량변화0.0%
2025-11-06 20:07:58 | pullback_pattern_005360 | INFO | [005360] 일봉상세: 가격변화0.0%, 거래량변화0.0%
2025-11-06 20:07:58 | pullback_pattern_007820 | INFO | [007820] 일봉상세: 가격변화0.0%, 거래량변화0.0%
2025-11-06 20:07:58 | pullback_pattern_097230 | INFO | [097230] 일봉상세: 가격변화0.0%, 거래량변화0.0%
2025-11-06 20:07:58 | pullback_pattern_019180 | INFO | [019180] 일봉상세: 가격변화0.0%, 거래량변화0.0%
2025-11-06 20:07:58 | pullback_pattern_250060 | INFO | [250060] 일봉분석: 강도50, 이상적패턴False, 요구신뢰도75
2025-11-06 20:07:58 | pullback_pattern_441270 | INFO | [441270] 일봉상세: 가격변화0.0%, 거래량변화0.0%
2025-11-06 20:07:58 | pullback_pattern_250060 | INFO | [250060] 일봉상세: 가격변화0.0%, 거래량변화0.0%
2025-11-06 20:07:58 | pullback_pattern_064260 | INFO | [064260] 일봉분석: 강도50, 이상적패턴False, 요구신뢰도75
2025-11-06 20:07:58 | pullback_pattern_484810 | INFO | [484810] 일봉분석: 강도50, 이상적패턴False, 요구신뢰도95
2025-11-06 20:07:58 | pullback_pattern_005360 | INFO | [005360] 일봉분석: 강도50, 이상적패턴False, 요구신뢰도95
2025-11-06 20:07:58 | pullback_pattern_019180 | INFO | [019180] 일봉분석: 강도50, 이상적패턴False, 요구신뢰도75
2025-11-06 20:07:58 | pullback_pattern_391710 | INFO | [391710] 일봉분석: 강도50, 이상적패턴False, 요구신뢰도95
2025-11-06 20:07:58 | pullback_pattern_007820 | INFO | [007820] 일봉분석: 강도50, 이상적패턴False, 요구신뢰도95
2025-11-06 20:07:58 | pullback_pattern_005360 | INFO | [005360] 일봉상세: 가격변화0.0%, 거래량변화0.0%
2025-11-06 20:07:58 | pullback_pattern_097230 | INFO | [097230] 일봉분석: 강도50, 이상적패턴False, 요구신뢰도75
2025-11-06 20:07:58 | pullback_pattern_019180 | INFO | [019180] 일봉상세: 가격변화0.0%, 거래량변화0.0%
2025-11-06 20:07:58 | pullback_pattern_484810 | INFO | [484810] 일봉상세: 가격변화0.0%, 거래량변화0.0%
2025-11-06 20:07:58 | pullback_pattern_441270 | INFO | [441270] 일봉분석: 강도50, 이상적패턴False, 요구신뢰도75
2025-11-06 20:07:58 | pullback_pattern_064260 | INFO | [064260] 일봉상세: 가격변화0.0%, 거래량변화0.0%
2025-11-06 20:07:58 | pullback_pattern_097230 | INFO | [097230] 일봉상세: 가격변화0.0%, 거래량변화0.0%
2025-11-06 20:07:58 | pullback_pattern_007820 | INFO | [007820] 일봉상세: 가격변화0.0%, 거래량변화0.0%
2025-11-06 20:07:58 | pullback_pattern_441270 | INFO | [441270] 일봉상세: 가격변화0.0%, 거래량변화0.0%
2025-11-06 20:07:58 | pullback_pattern_250060 | INFO | [250060] 일봉분석: 강도50, 이상적패턴False, 요구신뢰도75
2025-11-06 20:07:58 | pullback_pattern_391710 | INFO | [391710] 일봉상세: 가격변화0.0%, 거래량변화0.0%
2025-11-06 20:07:58 | pullback_pattern_005360 | INFO | [005360] 일봉분석: 강도50, 이상적패턴False, 요구신뢰도95
2025-11-06 20:07:58 | pullback_pattern_097230 | INFO | [097230] 일봉분석: 강도50, 이상적패턴False, 요구신뢰도75
2025-11-06 20:07:58 | pullback_pattern_484810 | INFO | [484810] 일봉분석: 강도50, 이상적패턴False, 요구신뢰도95
2025-11-06 20:07:58 | pullback_pattern_005360 | INFO | [005360] 일봉상세: 가격변화0.0%, 거래량변화0.0%
2025-11-06 20:07:58 | pullback_pattern_019180 | INFO | [019180] 일봉분석: 강도50, 이상적패턴False, 요구신뢰도75
2025-11-06 20:07:58 | pullback_pattern_097230 | INFO | [097230] 일봉상세: 가격변화0.0%, 거래량변화0.0%
2025-11-06 20:07:58 | pullback_pattern_484810 | INFO | [484810] 일봉상세: 가격변화0.0%, 거래량변화0.0%
2025-11-06 20:07:58 | pullback_pattern_064260 | INFO | [064260] 일봉분석: 강도50, 이상적패턴False, 요구신뢰도75
2025-11-06 20:07:58 | pullback_pattern_441270 | INFO | [441270] 일봉분석: 강도50, 이상적패턴False, 요구신뢰도75
2025-11-06 20:07:58 | pullback_pattern_391710 | INFO | [391710] 일봉분석: 강도50, 이상적패턴False, 요구신뢰도95
2025-11-06 20:07:58 | pullback_pattern_005360 | INFO | [005360] 일봉분석: 강도50, 이상적패턴False, 요구신뢰도95
2025-11-06 20:07:58 | pullback_pattern_064260 | INFO | [064260] 일봉상세: 가격변화0.0%, 거래량변화0.0%
2025-11-06 20:07:58 | pullback_pattern_441270 | INFO | [441270] 일봉상세: 가격변화0.0%, 거래량변화0.0%
2025-11-06 20:07:58 | pullback_pattern_007820 | INFO | [007820] 일봉분석: 강도50, 이상적패턴False, 요구신뢰도95
2025-11-06 20:07:58 | pullback_pattern_391710 | INFO | [391710] 일봉상세: 가격변화0.0%, 거래량변화0.0%
2025-11-06 20:07:58 | pullback_pattern_005360 | INFO | [005360] 일봉상세: 가격변화0.0%, 거래량변화0.0%
2025-11-06 20:07:58 | pullback_pattern_097230 | INFO | [097230] 일봉분석: 강도50, 이상적패턴False, 요구신뢰도75
2025-11-06 20:07:58 | pullback_pattern_007820 | INFO | [007820] 일봉상세: 가격변화0.0%, 거래량변화0.0%
2025-11-06 20:07:58 | pullback_pattern_484810 | INFO | [484810] 일봉분석: 강도50, 이상적패턴False, 요구신뢰도95
2025-11-06 20:07:58 | pullback_pattern_097230 | INFO | [097230] 일봉상세: 가격변화0.0%, 거래량변화0.0%
2025-11-06 20:07:58 | pullback_pattern_250060 | INFO | [250060] 일봉상세: 가격변화0.0%, 거래량변화0.0%
2025-11-06 20:07:58 | pullback_pattern_019180 | INFO | [019180] 일봉상세: 가격변화0.0%, 거래량변화0.0%
2025-11-06 20:07:58 | pullback_pattern_391710 | INFO | [391710] 일봉분석: 강도50, 이상적패턴False, 요구신뢰도95
2025-11-06 20:07:58 | pullback_pattern_064260 | INFO | [064260] 일봉분석: 강도50, 이상적패턴False, 요구신뢰도75
2025-11-06 20:07:58 | pullback_pattern_005360 | INFO | [005360] 일봉분석: 강도50, 이상적패턴False, 요구신뢰도95
2025-11-06 20:07:58 | pullback_pattern_484810 | INFO | [484810] 일봉상세: 가격변화0.0%, 거래량변화0.0%
2025-11-06 20:07:58 | pullback_pattern_097230 | INFO | [097230] 일봉분석: 강도50, 이상적패턴False, 요구신뢰도75
2025-11-06 20:07:58 | pullback_pattern_441270 | INFO | [441270] 일봉분석: 강도50, 이상적패턴False, 요구신뢰도75
2025-11-06 20:07:58 | pullback_pattern_005360 | INFO | [005360] 일봉상세: 가격변화0.0%, 거래량변화0.0%
2025-11-06 20:07:58 | pullback_pattern_019180 | INFO | [019180] 일봉분석: 강도50, 이상적패턴False, 요구신뢰도75
2025-11-06 20:07:58 | pullback_pattern_007820 | INFO | [007820] 일봉분석: 강도50, 이상적패턴False, 요구신뢰도95
2025-11-06 20:07:58 | pullback_pattern_097230 | INFO | [097230] 일봉상세: 가격변화0.0%, 거래량변화0.0%
2025-11-06 20:07:58 | pullback_pattern_441270 | INFO | [441270] 일봉상세: 가격변화0.0%, 거래량변화0.0%
2025-11-06 20:07:58 | pullback_pattern_019180 | INFO | [019180] 일봉상세: 가격변화0.0%, 거래량변화0.0%
2025-11-06 20:07:58 | pullback_pattern_484810 | INFO | [484810] 일봉분석: 강도50, 이상적패턴False, 요구신뢰도95
2025-11-06 20:07:58 | pullback_pattern_007820 | INFO | [007820] 일봉상세: 가격변화0.0%, 거래량변화0.0%
2025-11-06 20:07:58 | pullback_pattern_250060 | INFO | [250060] 일봉분석: 강도50, 이상적패턴False, 요구신뢰도75
2025-11-06 20:07:58 | pullback_pattern_484810 | INFO | [484810] 일봉상세: 가격변화0.0%, 거래량변화0.0%
2025-11-06 20:07:58 | pullback_pattern_391710 | INFO | [391710] 일봉상세: 가격변화0.0%, 거래량변화0.0%
2025-11-06 20:07:58 | pullback_pattern_250060 | INFO | [250060] 일봉상세: 가격변화0.0%, 거래량변화0.0%
2025-11-06 20:07:58 | pullback_pattern_005360 | INFO | [005360] 일봉분석: 강도50, 이상적패턴False, 요구신뢰도95
2025-11-06 20:07:58 | pullback_pattern_019180 | INFO | [019180] 일봉분석: 강도50, 이상적패턴False, 요구신뢰도75
2025-11-06 20:07:58 | pullback_pattern_064260 | INFO | [064260] 일봉상세: 가격변화0.0%, 거래량변화0.0%
2025-11-06 20:07:58 | pullback_pattern_007820 | INFO | [007820] 일봉분석: 강도50, 이상적패턴False, 요구신뢰도95
2025-11-06 20:07:58 | pullback_pattern_001270 | INFO | [001270] 일봉분석: 강도50, 이상적패턴False, 요구신뢰도70
2025-11-06 20:07:58 | pullback_pattern_097230 | INFO | [097230] 일봉분석: 강도50, 이상적패턴False, 요구신뢰도75
2025-11-06 20:07:58 | pullback_pattern_391710 | INFO | [391710] 일봉분석: 강도50, 이상적패턴False, 요구신뢰도95
2025-11-06 20:07:58 | pullback_pattern_484810 | INFO | [484810] 일봉분석: 강도50, 이상적패턴False, 요구신뢰도95
2025-11-06 20:07:58 | pullback_pattern_007820 | INFO | [007820] 일봉상세: 가격변화0.0%, 거래량변화0.0%
2025-11-06 20:07:58 | pullback_pattern_250060 | INFO | [250060] 일봉분석: 강도50, 이상적패턴False, 요구신뢰도75
2025-11-06 20:07:58 | pullback_pattern_441270 | INFO | [441270] 일봉분석: 강도50, 이상적패턴False, 요구신뢰도75
2025-11-06 20:07:58 | pullback_pattern_391710 | INFO | [391710] 일봉상세: 가격변화0.0%, 거래량변화0.0%
2025-11-06 20:07:58 | pullback_pattern_064260 | INFO | [064260] 일봉분석: 강도50, 이상적패턴False, 요구신뢰도75
2025-11-06 20:07:58 | pullback_pattern_484810 | INFO | [484810] 일봉상세: 가격변화0.0%, 거래량변화0.0%
2025-11-06 20:07:58 | pullback_pattern_097230 | INFO | [097230] 일봉상세: 가격변화0.0%, 거래량변화0.0%
2025-11-06 20:07:58 | pullback_pattern_005360 | INFO | [005360] 일봉상세: 가격변화0.0%, 거래량변화0.0%
2025-11-06 20:07:58 | pullback_pattern_019180 | INFO | [019180] 일봉상세: 가격변화0.0%, 거래량변화0.0%
2025-11-06 20:07:58 | pullback_pattern_064260 | INFO | [064260] 일봉상세: 가격변화0.0%, 거래량변화0.0%
2025-11-06 20:07:58 | pullback_pattern_441270 | INFO | [441270] 일봉상세: 가격변화0.0%, 거래량변화0.0%
2025-11-06 20:07:58 | pullback_pattern_250060 | INFO | [250060] 일봉상세: 가격변화0.0%, 거래량변화0.0%
2025-11-06 20:07:58 | pullback_pattern_001270 | INFO | [001270] 일봉상세: 가격변화0.0%, 거래량변화0.0%
2025-11-06 20:07:58 | pullback_pattern_484810 | INFO | [484810] 일봉분석: 강도50, 이상적패턴False, 요구신뢰도95
2025-11-06 20:07:58 | pullback_pattern_391710 | INFO | [391710] 일봉분석: 강도50, 이상적패턴False, 요구신뢰도95
2025-11-06 20:07:58 | pullback_pattern_097230 | INFO | [097230] 일봉분석: 강도50, 이상적패턴False, 요구신뢰도75
2025-11-06 20:07:58 | pullback_pattern_484810 | INFO | [484810] 일봉상세: 가격변화0.0%, 거래량변화0.0%
2025-11-06 20:07:58 | pullback_pattern_005360 | INFO | [005360] 일봉분석: 강도50, 이상적패턴False, 요구신뢰도95
2025-11-06 20:07:58 | pullback_pattern_064260 | INFO | [064260] 일봉분석: 강도50, 이상적패턴False, 요구신뢰도75
2025-11-06 20:07:58 | pullback_pattern_007820 | INFO | [007820] 일봉분석: 강도50, 이상적패턴False, 요구신뢰도95
2025-11-06 20:07:58 | pullback_pattern_019180 | INFO | [019180] 일봉분석: 강도50, 이상적패턴False, 요구신뢰도75
2025-11-06 20:07:58 | pullback_pattern_441270 | INFO | [441270] 일봉분석: 강도50, 이상적패턴False, 요구신뢰도75
2025-11-06 20:07:58 | pullback_pattern_005360 | INFO | [005360] 일봉상세: 가격변화0.0%, 거래량변화0.0%
2025-11-06 20:07:58 | pullback_pattern_250060 | INFO | [250060] 일봉분석: 강도50, 이상적패턴False, 요구신뢰도75
2025-11-06 20:07:58 | pullback_pattern_007820 | INFO | [007820] 일봉상세: 가격변화0.0%, 거래량변화0.0%
2025-11-06 20:07:58 | pullback_pattern_064260 | INFO | [064260] 일봉상세: 가격변화0.0%, 거래량변화0.0%
2025-11-06 20:07:58 | pullback_pattern_019180 | INFO | [019180] 일봉상세: 가격변화0.0%, 거래량변화0.0%
2025-11-06 20:07:58 | pullback_pattern_001270 | INFO | [001270] 일봉분석: 강도50, 이상적패턴False, 요구신뢰도70
2025-11-06 20:07:58 | pullback_pattern_391710 | INFO | [391710] 일봉상세: 가격변화0.0%, 거래량변화0.0%
2025-11-06 20:07:58 | pullback_pattern_484810 | INFO | [484810] 일봉분석: 강도50, 이상적패턴False, 요구신뢰도95
2025-11-06 20:07:58 | pullback_pattern_250060 | INFO | [250060] 일봉상세: 가격변화0.0%, 거래량변화0.0%
2025-11-06 20:07:58 | pullback_pattern_001270 | INFO | [001270] 일봉상세: 가격변화0.0%, 거래량변화0.0%
2025-11-06 20:07:58 | pullback_pattern_005360 | INFO | [005360] 일봉분석: 강도50, 이상적패턴False, 요구신뢰도95
2025-11-06 20:07:58 | pullback_pattern_484810 | INFO | [484810] 일봉상세: 가격변화0.0%, 거래량변화0.0%
2025-11-06 20:07:58 | pullback_pattern_007820 | INFO | [007820] 일봉분석: 강도50, 이상적패턴False, 요구신뢰도95
2025-11-06 20:07:58 | pullback_pattern_064260 | INFO | [064260] 일봉분석: 강도50, 이상적패턴False, 요구신뢰도75
2025-11-06 20:07:58 | pullback_pattern_097230 | INFO | [097230] 일봉상세: 가격변화0.0%, 거래량변화0.0%
2025-11-06 20:07:58 | pullback_pattern_005360 | INFO | [005360] 일봉상세: 가격변화0.0%, 거래량변화0.0%
2025-11-06 20:07:58 | pullback_pattern_007820 | INFO | [007820] 일봉상세: 가격변화0.0%, 거래량변화0.0%
2025-11-06 20:07:58 | pullback_pattern_064260 | INFO | [064260] 일봉상세: 가격변화0.0%, 거래량변화0.0%
2025-11-06 20:07:58 | pullback_pattern_019180 | INFO | [019180] 일봉분석: 강도50, 이상적패턴False, 요구신뢰도75
2025-11-06 20:07:58 | pullback_pattern_001270 | INFO | [001270] 일봉분석: 강도50, 이상적패턴False, 요구신뢰도70
2025-11-06 20:07:58 | pullback_pattern_391710 | INFO | [391710] 일봉분석: 강도50, 이상적패턴False, 요구신뢰도95
2025-11-06 20:07:58 | pullback_pattern_019180 | INFO | [019180] 일봉상세: 가격변화0.0%, 거래량변화0.0%
2025-11-06 20:07:58 | pullback_pattern_097230 | INFO | [097230] 일봉분석: 강도50, 이상적패턴False, 요구신뢰도75
2025-11-06 20:07:58 | pullback_pattern_441270 | INFO | [441270] 일봉상세: 가격변화0.0%, 거래량변화0.0%
2025-11-06 20:07:58 | pullback_pattern_001270 | INFO | [001270] 일봉상세: 가격변화0.0%, 거래량변화0.0%
2025-11-06 20:07:58 | pullback_pattern_064260 | INFO | [064260] 일봉분석: 강도50, 이상적패턴False, 요구신뢰도75
2025-11-06 20:07:58 | pullback_pattern_007820 | INFO | [007820] 일봉분석: 강도50, 이상적패턴False, 요구신뢰도95
2025-11-06 20:07:58 | pullback_pattern_005360 | INFO | [005360] 일봉분석: 강도50, 이상적패턴False, 요구신뢰도95
2025-11-06 20:07:58 | pullback_pattern_484810 | INFO | [484810] 일봉분석: 강도50, 이상적패턴False, 요구신뢰도95
2025-11-06 20:07:58 | pullback_pattern_064260 | INFO | [064260] 일봉상세: 가격변화0.0%, 거래량변화0.0%
2025-11-06 20:07:58 | pullback_pattern_007820 | INFO | [007820] 일봉상세: 가격변화0.0%, 거래량변화0.0%
2025-11-06 20:07:58 | pullback_pattern_441270 | INFO | [441270] 일봉분석: 강도50, 이상적패턴False, 요구신뢰도75
2025-11-06 20:07:58 | pullback_pattern_019180 | INFO | [019180] 일봉분석: 강도50, 이상적패턴False, 요구신뢰도75
2025-11-06 20:07:58 | pullback_pattern_250060 | INFO | [250060] 일봉분석: 강도50, 이상적패턴False, 요구신뢰도95
2025-11-06 20:07:58 | pullback_pattern_097230 | INFO | [097230] 일봉상세: 가격변화0.0%, 거래량변화0.0%
2025-11-06 20:07:58 | pullback_pattern_005360 | INFO | [005360] 일봉상세: 가격변화0.0%, 거래량변화0.0%
2025-11-06 20:07:58 | pullback_pattern_484810 | INFO | [484810] 일봉상세: 가격변화0.0%, 거래량변화0.0%
2025-11-06 20:07:58 | pullback_pattern_001270 | INFO | [001270] 일봉분석: 강도50, 이상적패턴False, 요구신뢰도75
2025-11-06 20:07:58 | pullback_pattern_391710 | INFO | [391710] 일봉상세: 가격변화0.0%, 거래량변화0.0%
2025-11-06 20:07:58 | pullback_pattern_064260 | INFO | [064260] 일봉분석: 강도50, 이상적패턴False, 요구신뢰도75
2025-11-06 20:07:58 | pullback_pattern_250060 | INFO | [250060] 일봉상세: 가격변화0.0%, 거래량변화0.0%
2025-11-06 20:07:58 | pullback_pattern_001270 | INFO | [001270] 일봉상세: 가격변화0.0%, 거래량변화0.0%
2025-11-06 20:07:58 | pullback_pattern_019180 | INFO | [019180] 일봉상세: 가격변화0.0%, 거래량변화0.0%
2025-11-06 20:07:58 | pullback_pattern_007820 | INFO | [007820] 일봉분석: 강도50, 이상적패턴False, 요구신뢰도95
2025-11-06 20:07:58 | pullback_pattern_441270 | INFO | [441270] 일봉상세: 가격변화0.0%, 거래량변화0.0%
2025-11-06 20:07:58 | pullback_pattern_097230 | INFO | [097230] 일봉분석: 강도50, 이상적패턴False, 요구신뢰도75
2025-11-06 20:07:58 | pullback_pattern_484810 | INFO | [484810] 일봉분석: 강도50, 이상적패턴False, 요구신뢰도95
2025-11-06 20:07:58 | pullback_pattern_007820 | INFO | [007820] 일봉상세: 가격변화0.0%, 거래량변화0.0%
2025-11-06 20:07:58 | pullback_pattern_097230 | INFO | [097230] 일봉상세: 가격변화0.0%, 거래량변화0.0%
2025-11-06 20:07:58 | pullback_pattern_484810 | INFO | [484810] 일봉상세: 가격변화0.0%, 거래량변화0.0%
2025-11-06 20:07:58 | pullback_pattern_064260 | INFO | [064260] 일봉상세: 가격변화0.0%, 거래량변화0.0%
2025-11-06 20:07:58 | pullback_pattern_001270 | INFO | [001270] 일봉분석: 강도50, 이상적패턴False, 요구신뢰도75
2025-11-06 20:07:58 | pullback_pattern_391710 | INFO | [391710] 일봉분석: 강도50, 이상적패턴False, 요구신뢰도95
2025-11-06 20:07:58 | pullback_pattern_250060 | INFO | [250060] 일봉분석: 강도50, 이상적패턴False, 요구신뢰도95
2025-11-06 20:07:58 | pullback_pattern_001270 | INFO | [001270] 일봉상세: 가격변화0.0%, 거래량변화0.0%
2025-11-06 20:07:58 | pullback_pattern_391710 | INFO | [391710] 일봉상세: 가격변화0.0%, 거래량변화0.0%
2025-11-06 20:07:58 | pullback_pattern_250060 | INFO | [250060] 일봉상세: 가격변화0.0%, 거래량변화0.0%
2025-11-06 20:07:58 | pullback_pattern_097230 | INFO | [097230] 일봉분석: 강도50, 이상적패턴False, 요구신뢰도95
2025-11-06 20:07:58 | pullback_pattern_484810 | INFO | [484810] 일봉분석: 강도50, 이상적패턴False, 요구신뢰도95
2025-11-06 20:07:58 | pullback_pattern_064260 | INFO | [064260] 일봉분석: 강도50, 이상적패턴False, 요구신뢰도75
2025-11-06 20:07:58 | pullback_pattern_441270 | INFO | [441270] 일봉분석: 강도50, 이상적패턴False, 요구신뢰도75
2025-11-06 20:07:58 | pullback_pattern_484810 | INFO | [484810] 일봉상세: 가격변화0.0%, 거래량변화0.0%
2025-11-06 20:07:58 | pullback_pattern_007820 | INFO | [007820] 일봉분석: 강도50, 이상적패턴False, 요구신뢰도95
2025-11-06 20:07:58 | pullback_pattern_019180 | INFO | [019180] 일봉분석: 강도50, 이상적패턴False, 요구신뢰도75
2025-11-06 20:07:58 | pullback_pattern_097230 | INFO | [097230] 일봉상세: 가격변화0.0%, 거래량변화0.0%
2025-11-06 20:07:58 | pullback_pattern_391710 | INFO | [391710] 일봉분석: 강도50, 이상적패턴False, 요구신뢰도95
2025-11-06 20:07:58 | pullback_pattern_007820 | INFO | [007820] 일봉상세: 가격변화0.0%, 거래량변화0.0%
2025-11-06 20:07:58 | pullback_pattern_019180 | INFO | [019180] 일봉상세: 가격변화0.0%, 거래량변화0.0%
2025-11-06 20:07:58 | pullback_pattern_250060 | INFO | [250060] 일봉분석: 강도50, 이상적패턴False, 요구신뢰도95
2025-11-06 20:07:58 | pullback_pattern_391710 | INFO | [391710] 일봉상세: 가격변화0.0%, 거래량변화0.0%
2025-11-06 20:07:58 | pullback_pattern_064260 | INFO | [064260] 일봉상세: 가격변화0.0%, 거래량변화0.0%
2025-11-06 20:07:58 | pullback_pattern_441270 | INFO | [441270] 일봉상세: 가격변화0.0%, 거래량변화0.0%
2025-11-06 20:07:58 | pullback_pattern_484810 | INFO | [484810] 일봉분석: 강도50, 이상적패턴False, 요구신뢰도95
2025-11-06 20:07:58 | pullback_pattern_250060 | INFO | [250060] 일봉상세: 가격변화0.0%, 거래량변화0.0%
2025-11-06 20:07:58 | pullback_pattern_097230 | INFO | [097230] 일봉분석: 강도50, 이상적패턴False, 요구신뢰도95
2025-11-06 20:07:58 | pullback_pattern_484810 | INFO | [484810] 일봉상세: 가격변화0.0%, 거래량변화0.0%
2025-11-06 20:07:58 | pullback_pattern_019180 | INFO | [019180] 일봉분석: 강도50, 이상적패턴False, 요구신뢰도95
2025-11-06 20:07:58 | pullback_pattern_007820 | INFO | [007820] 일봉분석: 강도50, 이상적패턴False, 요구신뢰도95
2025-11-06 20:07:58 | pullback_pattern_001270 | INFO | [001270] 일봉분석: 강도50, 이상적패턴False, 요구신뢰도75
2025-11-06 20:07:58 | pullback_pattern_391710 | INFO | [391710] 일봉분석: 강도50, 이상적패턴False, 요구신뢰도95
2025-11-06 20:07:58 | pullback_pattern_007820 | INFO | [007820] 일봉상세: 가격변화0.0%, 거래량변화0.0%
2025-11-06 20:07:58 | pullback_pattern_064260 | INFO | [064260] 일봉분석: 강도50, 이상적패턴False, 요구신뢰도75
2025-11-06 20:07:58 | pullback_pattern_250060 | INFO | [250060] 일봉분석: 강도50, 이상적패턴False, 요구신뢰도95
2025-11-06 20:07:58 | pullback_pattern_001270 | INFO | [001270] 일봉상세: 가격변화0.0%, 거래량변화0.0%
2025-11-06 20:07:58 | pullback_pattern_441270 | INFO | [441270] 일봉분석: 강도50, 이상적패턴False, 요구신뢰도75
2025-11-06 20:07:58 | pullback_pattern_019180 | INFO | [019180] 일봉상세: 가격변화0.0%, 거래량변화0.0%
2025-11-06 20:07:58 | pullback_pattern_064260 | INFO | [064260] 일봉상세: 가격변화0.0%, 거래량변화0.0%
2025-11-06 20:07:58 | pullback_pattern_250060 | INFO | [250060] 일봉상세: 가격변화0.0%, 거래량변화0.0%
2025-11-06 20:07:58 | pullback_pattern_001270 | INFO | [001270] 4단계패턴매수: 신뢰도90%, 진입가0원
2025-11-06 20:07:58 | pullback_pattern_441270 | INFO | [441270] 일봉상세: 가격변화0.0%, 거래량변화0.0%
2025-11-06 20:07:58 | pullback_pattern_007820 | INFO | [007820] 일봉분석: 강도50, 이상적패턴False, 요구신뢰도95
2025-11-06 20:07:58 | pullback_pattern_064260 | INFO | [064260] 4단계패턴매수: 신뢰도92%, 진입가0원
2025-11-06 20:07:58 | pullback_pattern_391710 | INFO | [391710] 일봉상세: 가격변화0.0%, 거래량변화0.0%
✅ 001270 매수 신호 감지: STRONG_BUY (신뢰도: 90.0%)
📊 001270: 가격변화 +3.0%, 거래량 감소, 신뢰도 90%
🚫 001270 약한 패턴으로 매수 차단: 약한지지구간 (거래량감소-79%/돌파량부족)
2025-11-06 20:07:58 | pullback_pattern_007820 | INFO | [007820] 일봉상세: 가격변화0.0%, 거래량변화0.0%
2025-11-06 20:07:58 | pullback_pattern_484810 | INFO | [484810] 일봉분석: 강도50, 이상적패턴False, 요구신뢰도95
2025-11-06 20:07:58 | pullback_pattern_097230 | INFO | [097230] 일봉상세: 가격변화0.0%, 거래량변화0.0%
2025-11-06 20:07:58 | pullback_pattern_001270 | INFO | [001270] 일봉분석: 강도50, 이상적패턴False, 요구신뢰도75
2025-11-06 20:07:58 | pullback_pattern_484810 | INFO | [484810] 일봉상세: 가격변화0.0%, 거래량변화0.0%
✅ 064260 매수 신호 감지: STRONG_BUY (신뢰도: 92.0%)
📊 064260: 가격변화 -0.6%, 거래량 감소, 신뢰도 92%
✅ 064260 패턴 필터 통과: 패턴 필터 통과
2025-11-06 20:07:58 | pullback_pattern_019180 | INFO | [019180] 일봉분석: 강도50, 이상적패턴False, 요구신뢰도95
2025-11-06 20:07:58 | pullback_pattern_250060 | INFO | [250060] 일봉분석: 강도50, 이상적패턴False, 요구신뢰도95
2025-11-06 20:07:58 | pullback_pattern_007820 | INFO | [007820] 일봉분석: 강도50, 이상적패턴False, 요구신뢰도95
2025-11-06 20:07:58 | pullback_pattern_001270 | INFO | [001270] 일봉상세: 가격변화0.0%, 거래량변화0.0%
2025-11-06 20:07:58 | pullback_pattern_064260 | INFO | [064260] 일봉분석: 강도50, 이상적패턴False, 요구신뢰도95
2025-11-06 20:07:58 | pullback_pattern_250060 | INFO | [250060] 일봉상세: 가격변화0.0%, 거래량변화0.0%
2025-11-06 20:07:58 | pullback_pattern_097230 | INFO | [097230] 일봉분석: 강도50, 이상적패턴False, 요구신뢰도95
2025-11-06 20:07:58 | pullback_pattern_484810 | INFO | [484810] 일봉분석: 강도50, 이상적패턴False, 요구신뢰도95
2025-11-06 20:07:58 | pullback_pattern_441270 | INFO | [441270] 일봉분석: 강도50, 이상적패턴False, 요구신뢰도95
2025-11-06 20:07:58 | pullback_pattern_064260 | INFO | [064260] 일봉상세: 가격변화0.0%, 거래량변화0.0%
2025-11-06 20:07:58 | pullback_pattern_097230 | INFO | [097230] 일봉상세: 가격변화0.0%, 거래량변화0.0%
2025-11-06 20:07:58 | pullback_pattern_019180 | INFO | [019180] 일봉상세: 가격변화0.0%, 거래량변화0.0%
2025-11-06 20:07:58 | pullback_pattern_001270 | INFO | [001270] 4단계패턴매수: 신뢰도90%, 진입가0원
2025-11-06 20:07:58 | pullback_pattern_007820 | INFO | [007820] 일봉상세: 가격변화0.0%, 거래량변화0.0%
2025-11-06 20:07:58 | pullback_pattern_441270 | INFO | [441270] 일봉상세: 가격변화0.0%, 거래량변화0.0%
2025-11-06 20:07:58 | pullback_pattern_484810 | INFO | [484810] 일봉상세: 가격변화0.0%, 거래량변화0.0%
✅ 001270 매수 신호 감지: STRONG_BUY (신뢰도: 90.0%)
📊 001270: 가격변화 -1.0%, 거래량 감소, 신뢰도 90%
✅ 001270 패턴 필터 통과: 패턴 필터 통과
2025-11-06 20:07:58 | pullback_pattern_064260 | INFO | [064260] 일봉분석: 강도50, 이상적패턴False, 요구신뢰도95
2025-11-06 20:07:58 | pullback_pattern_097230 | INFO | [097230] 일봉분석: 강도50, 이상적패턴False, 요구신뢰도95
2025-11-06 20:07:58 | pullback_pattern_250060 | INFO | [250060] 일봉분석: 강도50, 이상적패턴False, 요구신뢰도95
2025-11-06 20:07:58 | pullback_pattern_064260 | INFO | [064260] 일봉상세: 가격변화0.0%, 거래량변화0.0%
2025-11-06 20:07:58 | pullback_pattern_250060 | INFO | [250060] 일봉상세: 가격변화0.0%, 거래량변화0.0%
2025-11-06 20:07:58 | pullback_pattern_441270 | INFO | [441270] 일봉분석: 강도50, 이상적패턴False, 요구신뢰도95
2025-11-06 20:07:58 | pullback_pattern_019180 | INFO | [019180] 일봉분석: 강도50, 이상적패턴False, 요구신뢰도95
2025-11-06 20:07:58 | pullback_pattern_097230 | INFO | [097230] 일봉상세: 가격변화0.0%, 거래량변화0.0%
2025-11-06 20:07:58 | pullback_pattern_007820 | INFO | [007820] 일봉분석: 강도50, 이상적패턴False, 요구신뢰도95
2025-11-06 20:07:58 | pullback_pattern_441270 | INFO | [441270] 일봉상세: 가격변화0.0%, 거래량변화0.0%
2025-11-06 20:07:58 | pullback_pattern_064260 | INFO | [064260] 일봉분석: 강도50, 이상적패턴False, 요구신뢰도95
2025-11-06 20:07:58 | pullback_pattern_001270 | INFO | [001270] 일봉분석: 강도50, 이상적패턴False, 요구신뢰도75
2025-11-06 20:07:58 | pullback_pattern_019180 | INFO | [019180] 일봉상세: 가격변화0.0%, 거래량변화0.0%
2025-11-06 20:07:58 | pullback_pattern_250060 | INFO | [250060] 일봉분석: 강도50, 이상적패턴False, 요구신뢰도95
2025-11-06 20:07:58 | pullback_pattern_064260 | INFO | [064260] 일봉상세: 가격변화0.0%, 거래량변화0.0%
2025-11-06 20:07:58 | pullback_pattern_441270 | INFO | [441270] 일봉분석: 강도50, 이상적패턴False, 요구신뢰도95
2025-11-06 20:07:58 | pullback_pattern_097230 | INFO | [097230] 일봉분석: 강도50, 이상적패턴False, 요구신뢰도95
2025-11-06 20:07:58 | pullback_pattern_250060 | INFO | [250060] 일봉상세: 가격변화0.0%, 거래량변화0.0%
2025-11-06 20:07:58 | pullback_pattern_484810 | INFO | [484810] 일봉분석: 강도50, 이상적패턴False, 요구신뢰도95
2025-11-06 20:07:58 | pullback_pattern_007820 | INFO | [007820] 일봉상세: 가격변화0.0%, 거래량변화0.0%
2025-11-06 20:07:58 | pullback_pattern_001270 | INFO | [001270] 일봉상세: 가격변화0.0%, 거래량변화0.0%
2025-11-06 20:07:58 | pullback_pattern_064260 | INFO | [064260] 일봉분석: 강도50, 이상적패턴False, 요구신뢰도95
2025-11-06 20:07:58 | pullback_pattern_484810 | INFO | [484810] 일봉상세: 가격변화0.0%, 거래량변화0.0%
2025-11-06 20:07:58 | pullback_pattern_019180 | INFO | [019180] 일봉분석: 강도50, 이상적패턴False, 요구신뢰도95
2025-11-06 20:07:58 | pullback_pattern_250060 | INFO | [250060] 일봉분석: 강도50, 이상적패턴False, 요구신뢰도95
2025-11-06 20:07:58 | pullback_pattern_064260 | INFO | [064260] 일봉상세: 가격변화0.0%, 거래량변화0.0%
2025-11-06 20:07:58 | pullback_pattern_097230 | INFO | [097230] 일봉상세: 가격변화0.0%, 거래량변화0.0%
2025-11-06 20:07:58 | pullback_pattern_001270 | INFO | [001270] 일봉분석: 강도50, 이상적패턴False, 요구신뢰도75
2025-11-06 20:07:58 | pullback_pattern_250060 | INFO | [250060] 일봉상세: 가격변화0.0%, 거래량변화0.0%
2025-11-06 20:07:58 | pullback_pattern_484810 | INFO | [484810] 일봉분석: 강도50, 이상적패턴False, 요구신뢰도95
2025-11-06 20:07:58 | pullback_pattern_001270 | INFO | [001270] 일봉상세: 가격변화0.0%, 거래량변화0.0%
2025-11-06 20:07:58 | pullback_pattern_441270 | INFO | [441270] 일봉상세: 가격변화0.0%, 거래량변화0.0%
2025-11-06 20:07:58 | pullback_pattern_019180 | INFO | [019180] 일봉상세: 가격변화0.0%, 거래량변화0.0%
2025-11-06 20:07:58 | pullback_pattern_064260 | INFO | [064260] 일봉분석: 강도50, 이상적패턴False, 요구신뢰도95
2025-11-06 20:07:58 | pullback_pattern_250060 | INFO | [250060] 일봉분석: 강도50, 이상적패턴False, 요구신뢰도95
2025-11-06 20:07:58 | pullback_pattern_001270 | INFO | [001270] 일봉분석: 강도50, 이상적패턴False, 요구신뢰도75
2025-11-06 20:07:58 | pullback_pattern_064260 | INFO | [064260] 일봉상세: 가격변화0.0%, 거래량변화0.0%
2025-11-06 20:07:58 | pullback_pattern_097230 | INFO | [097230] 일봉분석: 강도50, 이상적패턴False, 요구신뢰도95
2025-11-06 20:07:58 | pullback_pattern_484810 | INFO | [484810] 일봉상세: 가격변화0.0%, 거래량변화0.0%
2025-11-06 20:07:58 | pullback_pattern_441270 | INFO | [441270] 일봉분석: 강도50, 이상적패턴False, 요구신뢰도95
2025-11-06 20:07:58 | pullback_pattern_250060 | INFO | [250060] 일봉상세: 가격변화0.0%, 거래량변화0.0%
2025-11-06 20:07:58 | pullback_pattern_097230 | INFO | [097230] 일봉상세: 가격변화0.0%, 거래량변화0.0%
2025-11-06 20:07:58 | pullback_pattern_019180 | INFO | [019180] 일봉분석: 강도50, 이상적패턴False, 요구신뢰도95
2025-11-06 20:07:58 | pullback_pattern_001270 | INFO | [001270] 일봉상세: 가격변화0.0%, 거래량변화0.0%
2025-11-06 20:07:58 | pullback_pattern_441270 | INFO | [441270] 일봉상세: 가격변화0.0%, 거래량변화0.0%
2025-11-06 20:07:58 | pullback_pattern_007820 | INFO | [007820] 일봉분석: 강도50, 이상적패턴False, 요구신뢰도75
2025-11-06 20:07:58 | pullback_pattern_484810 | INFO | [484810] 일봉분석: 강도50, 이상적패턴False, 요구신뢰도95
2025-11-06 20:07:58 | pullback_pattern_019180 | INFO | [019180] 일봉상세: 가격변화0.0%, 거래량변화0.0%
2025-11-06 20:07:58 | pullback_pattern_001270 | INFO | [001270] 4단계패턴매수: 신뢰도90%, 진입가0원
2025-11-06 20:07:58 | pullback_pattern_097230 | INFO | [097230] 일봉분석: 강도50, 이상적패턴False, 요구신뢰도95
2025-11-06 20:07:58 | pullback_pattern_250060 | INFO | [250060] 일봉분석: 강도50, 이상적패턴False, 요구신뢰도95
2025-11-06 20:07:58 | pullback_pattern_064260 | INFO | [064260] 일봉분석: 강도50, 이상적패턴False, 요구신뢰도95
✅ 001270 매수 신호 감지: STRONG_BUY (신뢰도: 90.0%)
📊 001270: 가격변화 +1.9%, 거래량 증가, 신뢰도 90%
✅ 001270 패턴 필터 통과: 패턴 필터 통과
2025-11-06 20:07:58 | pullback_pattern_441270 | INFO | [441270] 일봉분석: 강도50, 이상적패턴False, 요구신뢰도95
2025-11-06 20:07:58 | pullback_pattern_484810 | INFO | [484810] 일봉상세: 가격변화0.0%, 거래량변화0.0%
2025-11-06 20:07:58 | pullback_pattern_007820 | INFO | [007820] 일봉상세: 가격변화0.0%, 거래량변화0.0%
2025-11-06 20:07:58 | pullback_pattern_064260 | INFO | [064260] 일봉상세: 가격변화0.0%, 거래량변화0.0%
2025-11-06 20:07:58 | pullback_pattern_019180 | INFO | [019180] 일봉분석: 강도50, 이상적패턴False, 요구신뢰도95
2025-11-06 20:07:58 | pullback_pattern_097230 | INFO | [097230] 일봉상세: 가격변화0.0%, 거래량변화0.0%
2025-11-06 20:07:58 | pullback_pattern_001270 | INFO | [001270] 일봉분석: 강도50, 이상적패턴False, 요구신뢰도75
2025-11-06 20:07:58 | pullback_pattern_019180 | INFO | [019180] 일봉상세: 가격변화0.0%, 거래량변화0.0%
2025-11-06 20:07:58 | pullback_pattern_484810 | INFO | [484810] 일봉분석: 강도50, 이상적패턴False, 요구신뢰도95
2025-11-06 20:07:58 | pullback_pattern_007820 | INFO | [007820] 일봉분석: 강도50, 이상적패턴False, 요구신뢰도75
2025-11-06 20:07:58 | pullback_pattern_001270 | INFO | [001270] 일봉상세: 가격변화0.0%, 거래량변화0.0%
2025-11-06 20:07:58 | pullback_pattern_484810 | INFO | [484810] 일봉상세: 가격변화0.0%, 거래량변화0.0%
2025-11-06 20:07:58 | pullback_pattern_064260 | INFO | [064260] 일봉분석: 강도50, 이상적패턴False, 요구신뢰도95
2025-11-06 20:07:58 | pullback_pattern_007820 | INFO | [007820] 일봉상세: 가격변화0.0%, 거래량변화0.0%
2025-11-06 20:07:58 | pullback_pattern_250060 | INFO | [250060] 일봉상세: 가격변화0.0%, 거래량변화0.0%
2025-11-06 20:07:58 | pullback_pattern_064260 | INFO | [064260] 일봉상세: 가격변화0.0%, 거래량변화0.0%
2025-11-06 20:07:58 | pullback_pattern_097230 | INFO | [097230] 일봉분석: 강도50, 이상적패턴False, 요구신뢰도95
2025-11-06 20:07:58 | pullback_pattern_019180 | INFO | [019180] 일봉분석: 강도50, 이상적패턴False, 요구신뢰도95
2025-11-06 20:07:58 | pullback_pattern_441270 | INFO | [441270] 일봉상세: 가격변화0.0%, 거래량변화0.0%
2025-11-06 20:07:58 | pullback_pattern_484810 | INFO | [484810] 일봉분석: 강도50, 이상적패턴False, 요구신뢰도95
2025-11-06 20:07:58 | pullback_pattern_097230 | INFO | [097230] 일봉상세: 가격변화0.0%, 거래량변화0.0%
2025-11-06 20:07:58 | pullback_pattern_001270 | INFO | [001270] 일봉분석: 강도50, 이상적패턴False, 요구신뢰도75
2025-11-06 20:07:58 | pullback_pattern_484810 | INFO | [484810] 일봉상세: 가격변화0.0%, 거래량변화0.0%
2025-11-06 20:07:58 | pullback_pattern_007820 | INFO | [007820] 일봉분석: 강도50, 이상적패턴False, 요구신뢰도75
2025-11-06 20:07:58 | pullback_pattern_064260 | INFO | [064260] 일봉분석: 강도50, 이상적패턴False, 요구신뢰도95
2025-11-06 20:07:58 | pullback_pattern_001270 | INFO | [001270] 일봉상세: 가격변화0.0%, 거래량변화0.0%
2025-11-06 20:07:58 | pullback_pattern_007820 | INFO | [007820] 일봉상세: 가격변화0.0%, 거래량변화0.0%
2025-11-06 20:07:58 | pullback_pattern_441270 | INFO | [441270] 일봉분석: 강도50, 이상적패턴False, 요구신뢰도95
2025-11-06 20:07:58 | pullback_pattern_064260 | INFO | [064260] 일봉상세: 가격변화0.0%, 거래량변화0.0%
2025-11-06 20:07:58 | pullback_pattern_097230 | INFO | [097230] 일봉분석: 강도50, 이상적패턴False, 요구신뢰도95
2025-11-06 20:07:58 | pullback_pattern_441270 | INFO | [441270] 일봉상세: 가격변화0.0%, 거래량변화0.0%
2025-11-06 20:07:58 | pullback_pattern_250060 | INFO | [250060] 일봉분석: 강도50, 이상적패턴False, 요구신뢰도95
2025-11-06 20:07:58 | pullback_pattern_097230 | INFO | [097230] 일봉상세: 가격변화0.0%, 거래량변화0.0%
2025-11-06 20:07:58 | pullback_pattern_019180 | INFO | [019180] 일봉상세: 가격변화0.0%, 거래량변화0.0%
2025-11-06 20:07:58 | pullback_pattern_007820 | INFO | [007820] 일봉분석: 강도50, 이상적패턴False, 요구신뢰도75
2025-11-06 20:07:58 | pullback_pattern_064260 | INFO | [064260] 일봉분석: 강도50, 이상적패턴False, 요구신뢰도95
2025-11-06 20:07:58 | pullback_pattern_001270 | INFO | [001270] 일봉분석: 강도50, 이상적패턴False, 요구신뢰도75
2025-11-06 20:07:58 | pullback_pattern_007820 | INFO | [007820] 일봉상세: 가격변화0.0%, 거래량변화0.0%
2025-11-06 20:07:58 | pullback_pattern_484810 | INFO | [484810] 일봉분석: 강도50, 이상적패턴False, 요구신뢰도95
2025-11-06 20:07:58 | pullback_pattern_064260 | INFO | [064260] 일봉상세: 가격변화0.0%, 거래량변화0.0%
2025-11-06 20:07:58 | pullback_pattern_250060 | INFO | [250060] 일봉상세: 가격변화0.0%, 거래량변화0.0%
2025-11-06 20:07:58 | pullback_pattern_019180 | INFO | [019180] 일봉분석: 강도50, 이상적패턴False, 요구신뢰도95
2025-11-06 20:07:58 | pullback_pattern_001270 | INFO | [001270] 일봉상세: 가격변화0.0%, 거래량변화0.0%
2025-11-06 20:07:58 | pullback_pattern_441270 | INFO | [441270] 일봉분석: 강도50, 이상적패턴False, 요구신뢰도95
2025-11-06 20:07:58 | pullback_pattern_484810 | INFO | [484810] 일봉상세: 가격변화0.0%, 거래량변화0.0%
2025-11-06 20:07:58 | pullback_pattern_019180 | INFO | [019180] 일봉상세: 가격변화0.0%, 거래량변화0.0%
2025-11-06 20:07:58 | pullback_pattern_441270 | INFO | [441270] 일봉상세: 가격변화0.0%, 거래량변화0.0%
2025-11-06 20:07:58 | pullback_pattern_097230 | INFO | [097230] 일봉분석: 강도50, 이상적패턴False, 요구신뢰도95
2025-11-06 20:07:58 | pullback_pattern_007820 | INFO | [007820] 일봉분석: 강도50, 이상적패턴False, 요구신뢰도75
2025-11-06 20:07:58 | pullback_pattern_001270 | INFO | [001270] 일봉분석: 강도50, 이상적패턴False, 요구신뢰도75
2025-11-06 20:07:58 | pullback_pattern_064260 | INFO | [064260] 일봉분석: 강도50, 이상적패턴False, 요구신뢰도95
2025-11-06 20:07:58 | pullback_pattern_001270 | INFO | [001270] 일봉상세: 가격변화0.0%, 거래량변화0.0%
2025-11-06 20:07:58 | pullback_pattern_007820 | INFO | [007820] 일봉상세: 가격변화0.0%, 거래량변화0.0%
2025-11-06 20:07:58 | pullback_pattern_484810 | INFO | [484810] 일봉분석: 강도50, 이상적패턴False, 요구신뢰도95
2025-11-06 20:07:58 | pullback_pattern_064260 | INFO | [064260] 일봉상세: 가격변화0.0%, 거래량변화0.0%
2025-11-06 20:07:58 | pullback_pattern_097230 | INFO | [097230] 일봉상세: 가격변화0.0%, 거래량변화0.0%
2025-11-06 20:07:58 | pullback_pattern_019180 | INFO | [019180] 일봉분석: 강도50, 이상적패턴False, 요구신뢰도95
2025-11-06 20:07:58 | pullback_pattern_441270 | INFO | [441270] 일봉분석: 강도50, 이상적패턴False, 요구신뢰도95
2025-11-06 20:07:58 | pullback_pattern_019180 | INFO | [019180] 일봉상세: 가격변화0.0%, 거래량변화0.0%
2025-11-06 20:07:58 | pullback_pattern_484810 | INFO | [484810] 일봉상세: 가격변화0.0%, 거래량변화0.0%
2025-11-06 20:07:58 | pullback_pattern_441270 | INFO | [441270] 일봉상세: 가격변화0.0%, 거래량변화0.0%
2025-11-06 20:07:58 | pullback_pattern_007820 | INFO | [007820] 일봉분석: 강도50, 이상적패턴False, 요구신뢰도75
2025-11-06 20:07:58 | pullback_pattern_001270 | INFO | [001270] 일봉분석: 강도50, 이상적패턴False, 요구신뢰도75
2025-11-06 20:07:58 | pullback_pattern_097230 | INFO | [097230] 일봉분석: 강도50, 이상적패턴False, 요구신뢰도95
2025-11-06 20:07:58 | pullback_pattern_007820 | INFO | [007820] 일봉상세: 가격변화0.0%, 거래량변화0.0%
2025-11-06 20:07:58 | pullback_pattern_484810 | INFO | [484810] 일봉분석: 강도50, 이상적패턴False, 요구신뢰도95
2025-11-06 20:07:58 | pullback_pattern_001270 | INFO | [001270] 일봉상세: 가격변화0.0%, 거래량변화0.0%
2025-11-06 20:07:58 | pullback_pattern_064260 | INFO | [064260] 일봉분석: 강도50, 이상적패턴False, 요구신뢰도95
2025-11-06 20:07:58 | pullback_pattern_097230 | INFO | [097230] 일봉상세: 가격변화0.0%, 거래량변화0.0%
2025-11-06 20:07:58 | pullback_pattern_441270 | INFO | [441270] 일봉분석: 강도50, 이상적패턴False, 요구신뢰도95
2025-11-06 20:07:58 | pullback_pattern_484810 | INFO | [484810] 일봉상세: 가격변화0.0%, 거래량변화0.0%
2025-11-06 20:07:58 | pullback_pattern_019180 | INFO | [019180] 일봉분석: 강도50, 이상적패턴False, 요구신뢰도95
2025-11-06 20:07:58 | pullback_pattern_441270 | INFO | [441270] 일봉상세: 가격변화0.0%, 거래량변화0.0%
2025-11-06 20:07:58 | pullback_pattern_064260 | INFO | [064260] 일봉상세: 가격변화0.0%, 거래량변화0.0%
2025-11-06 20:07:58 | pullback_pattern_007820 | INFO | [007820] 일봉분석: 강도50, 이상적패턴False, 요구신뢰도75
2025-11-06 20:07:58 | pullback_pattern_019180 | INFO | [019180] 일봉상세: 가격변화0.0%, 거래량변화0.0%
2025-11-06 20:07:58 | pullback_pattern_097230 | INFO | [097230] 일봉분석: 강도50, 이상적패턴False, 요구신뢰도95
2025-11-06 20:07:58 | pullback_pattern_001270 | INFO | [001270] 일봉분석: 강도50, 이상적패턴False, 요구신뢰도75
2025-11-06 20:07:58 | pullback_pattern_441270 | INFO | [441270] 일봉분석: 강도50, 이상적패턴False, 요구신뢰도95
2025-11-06 20:07:58 | pullback_pattern_097230 | INFO | [097230] 일봉상세: 가격변화0.0%, 거래량변화0.0%
2025-11-06 20:07:58 | pullback_pattern_001270 | INFO | [001270] 일봉상세: 가격변화0.0%, 거래량변화0.0%
2025-11-06 20:07:58 | pullback_pattern_019180 | INFO | [019180] 일봉분석: 강도50, 이상적패턴False, 요구신뢰도95
2025-11-06 20:07:58 | pullback_pattern_484810 | INFO | [484810] 일봉분석: 강도50, 이상적패턴False, 요구신뢰도95
2025-11-06 20:07:58 | pullback_pattern_007820 | INFO | [007820] 일봉상세: 가격변화0.0%, 거래량변화0.0%
2025-11-06 20:07:58 | pullback_pattern_019180 | INFO | [019180] 일봉상세: 가격변화0.0%, 거래량변화0.0%
2025-11-06 20:07:58 | __main__ | INFO | 🎯 [391710] 총 0개 매수 신호 발견 (실시간 방식)
2025-11-06 20:07:58 | pullback_pattern_064260 | INFO | [064260] 일봉분석: 강도50, 이상적패턴False, 요구신뢰도95
2025-11-06 20:07:58 | pullback_pattern_484810 | INFO | [484810] 일봉상세: 가격변화0.0%, 거래량변화0.0%
2025-11-06 20:07:58 | __main__ | INFO | 매수 신호 없음 - 거래 시뮬레이션 불가 [391710]
2025-11-06 20:07:58 | pullback_pattern_097230 | INFO | [097230] 일봉분석: 강도50, 이상적패턴False, 요구신뢰도95
2025-11-06 20:07:58 | pullback_pattern_005360 | INFO | [005360] 일봉분석: 강도50, 이상적패턴False, 요구신뢰도75
2025-11-06 20:07:58 | pullback_pattern_441270 | INFO | [441270] 일봉상세: 가격변화0.0%, 거래량변화0.0%
2025-11-06 20:07:58 | __main__ | INFO | ✅ [391710] 처리 완료 - 0건 거래, 0건 매수 못한 기회
2025-11-06 20:07:58 | pullback_pattern_001270 | INFO | [001270] 일봉분석: 강도50, 이상적패턴False, 요구신뢰도75
2025-11-06 20:07:58 | pullback_pattern_019180 | INFO | [019180] 일봉분석: 강도50, 이상적패턴False, 요구신뢰도95
2025-11-06 20:07:58 | pullback_pattern_064260 | INFO | [064260] 일봉상세: 가격변화0.0%, 거래량변화0.0%
2025-11-06 20:07:58 | pullback_pattern_097230 | INFO | [097230] 일봉상세: 가격변화0.0%, 거래량변화0.0%
2025-11-06 20:07:58 | pullback_pattern_005360 | INFO | [005360] 일봉상세: 가격변화0.0%, 거래량변화0.0%
2025-11-06 20:07:58 | __main__ | INFO | 🔄 [317830] 처리 시작...
2025-11-06 20:07:58 | pullback_pattern_484810 | INFO | [484810] 일봉분석: 강도50, 이상적패턴False, 요구신뢰도95
2025-11-06 20:07:58 | pullback_pattern_019180 | INFO | [019180] 일봉상세: 가격변화0.0%, 거래량변화0.0%
2025-11-06 20:07:58 | pullback_pattern_001270 | INFO | [001270] 일봉상세: 가격변화0.0%, 거래량변화0.0%
2025-11-06 20:07:58 | pullback_pattern_441270 | INFO | [441270] 일봉분석: 강도50, 이상적패턴False, 요구신뢰도95
2025-11-06 20:07:58 | pullback_pattern_484810 | INFO | [484810] 일봉상세: 가격변화0.0%, 거래량변화0.0%
2025-11-06 20:07:59 | pullback_pattern_097230 | INFO | [097230] 일봉분석: 강도50, 이상적패턴False, 요구신뢰도95
2025-11-06 20:07:58 | __main__ | INFO | 💾 [317830] 캐시 데이터 사용 - 378개 봉
2025-11-06 20:07:59 | pullback_pattern_441270 | INFO | [441270] 일봉상세: 가격변화0.0%, 거래량변화0.0%
2025-11-06 20:07:59 | pullback_pattern_019180 | INFO | [019180] 일봉분석: 강도50, 이상적패턴False, 요구신뢰도95
2025-11-06 20:07:59 | pullback_pattern_097230 | INFO | [097230] 일봉상세: 가격변화0.0%, 거래량변화0.0%
2025-11-06 20:07:59 | pullback_pattern_064260 | INFO | [064260] 일봉분석: 강도50, 이상적패턴False, 요구신뢰도95
2025-11-06 20:07:59 | pullback_pattern_001270 | INFO | [001270] 일봉분석: 강도50, 이상적패턴False, 요구신뢰도75
2025-11-06 20:07:59 | pullback_pattern_064260 | INFO | [064260] 일봉상세: 가격변화0.0%, 거래량변화0.0%
2025-11-06 20:07:59 | pullback_pattern_001270 | INFO | [001270] 일봉상세: 가격변화0.0%, 거래량변화0.0%
2025-11-06 20:07:59 | pullback_pattern_441270 | INFO | [441270] 일봉분석: 강도50, 이상적패턴False, 요구신뢰도95
2025-11-06 20:07:59 | pullback_pattern_097230 | INFO | [097230] 일봉분석: 강도50, 이상적패턴False, 요구신뢰도95
2025-11-06 20:07:59 | pullback_pattern_441270 | INFO | [441270] 일봉상세: 가격변화0.0%, 거래량변화0.0%
2025-11-06 20:07:59 | pullback_pattern_097230 | INFO | [097230] 일봉상세: 가격변화0.0%, 거래량변화0.0%
2025-11-06 20:07:59 | pullback_pattern_019180 | INFO | [019180] 일봉상세: 가격변화0.0%, 거래량변화0.0%
2025-11-06 20:07:59 | pullback_pattern_005360 | INFO | [005360] 일봉분석: 강도50, 이상적패턴False, 요구신뢰도75
2025-11-06 20:07:59 | pullback_pattern_001270 | INFO | [001270] 일봉분석: 강도50, 이상적패턴False, 요구신뢰도75
2025-11-06 20:07:59 | pullback_pattern_064260 | INFO | [064260] 일봉분석: 강도50, 이상적패턴False, 요구신뢰도95
2025-11-06 20:07:59 | pullback_pattern_005360 | INFO | [005360] 일봉상세: 가격변화0.0%, 거래량변화0.0%
2025-11-06 20:07:59 | pullback_pattern_001270 | INFO | [001270] 일봉상세: 가격변화0.0%, 거래량변화0.0%
2025-11-06 20:07:59 | pullback_pattern_019180 | INFO | [019180] 일봉분석: 강도50, 이상적패턴False, 요구신뢰도95
2025-11-06 20:07:59 | pullback_pattern_064260 | INFO | [064260] 일봉상세: 가격변화0.0%, 거래량변화0.0%
2025-11-06 20:07:59 | __main__ | INFO | 🎯 [005360] 총 0개 매수 신호 발견 (실시간 방식)
2025-11-06 20:07:59 | pullback_pattern_097230 | INFO | [097230] 일봉분석: 강도50, 이상적패턴False, 요구신뢰도95
2025-11-06 20:07:59 | pullback_pattern_441270 | INFO | [441270] 일봉분석: 강도50, 이상적패턴False, 요구신뢰도95
2025-11-06 20:07:59 | pullback_pattern_001270 | INFO | [001270] 일봉분석: 강도50, 이상적패턴False, 요구신뢰도75
2025-11-06 20:07:59 | __main__ | INFO | 매수 신호 없음 - 거래 시뮬레이션 불가 [005360]
2025-11-06 20:07:59 | pullback_pattern_441270 | INFO | [441270] 일봉상세: 가격변화0.0%, 거래량변화0.0%
2025-11-06 20:07:59 | pullback_pattern_001270 | INFO | [001270] 일봉상세: 가격변화0.0%, 거래량변화0.0%
2025-11-06 20:07:59 | pullback_pattern_097230 | INFO | [097230] 일봉상세: 가격변화0.0%, 거래량변화0.0%
2025-11-06 20:07:59 | pullback_pattern_064260 | INFO | [064260] 일봉분석: 강도50, 이상적패턴False, 요구신뢰도95
2025-11-06 20:07:59 | pullback_pattern_019180 | INFO | [019180] 일봉상세: 가격변화0.0%, 거래량변화0.0%
2025-11-06 20:07:59 | pullback_pattern_064260 | INFO | [064260] 일봉상세: 가격변화0.0%, 거래량변화0.0%
2025-11-06 20:07:59 | __main__ | INFO | ✅ [005360] 처리 완료 - 0건 거래, 0건 매수 못한 기회
2025-11-06 20:07:59 | pullback_pattern_441270 | INFO | [441270] 일봉분석: 강도50, 이상적패턴False, 요구신뢰도95
2025-11-06 20:07:59 | __main__ | INFO | 🔄 [023160] 처리 시작...
2025-11-06 20:07:59 | pullback_pattern_001270 | INFO | [001270] 일봉분석: 강도50, 이상적패턴False, 요구신뢰도75
2025-11-06 20:07:59 | pullback_pattern_441270 | INFO | [441270] 일봉상세: 가격변화0.0%, 거래량변화0.0%
2025-11-06 20:07:59 | pullback_pattern_019180 | INFO | [019180] 일봉분석: 강도50, 이상적패턴False, 요구신뢰도95
2025-11-06 20:07:59 | pullback_pattern_001270 | INFO | [001270] 일봉상세: 가격변화0.0%, 거래량변화0.0%
2025-11-06 20:07:59 | pullback_pattern_019180 | INFO | [019180] 일봉상세: 가격변화0.0%, 거래량변화0.0%
2025-11-06 20:07:59 | pullback_pattern_064260 | INFO | [064260] 일봉분석: 강도50, 이상적패턴False, 요구신뢰도95
2025-11-06 20:07:59 | __main__ | INFO | 💾 [023160] 캐시 데이터 사용 - 380개 봉
2025-11-06 20:07:59 | pullback_pattern_484810 | INFO | [484810] 일봉분석: 강도50, 이상적패턴False, 요구신뢰도95
2025-11-06 20:07:59 | pullback_pattern_441270 | INFO | [441270] 일봉분석: 강도50, 이상적패턴False, 요구신뢰도95
2025-11-06 20:07:59 | pullback_pattern_097230 | INFO | [097230] 일봉분석: 강도50, 이상적패턴False, 요구신뢰도95
2025-11-06 20:07:59 | pullback_pattern_484810 | INFO | [484810] 일봉상세: 가격변화0.0%, 거래량변화0.0%
2025-11-06 20:07:59 | pullback_pattern_441270 | INFO | [441270] 일봉상세: 가격변화0.0%, 거래량변화0.0%
2025-11-06 20:07:59 | pullback_pattern_019180 | INFO | [019180] 일봉분석: 강도50, 이상적패턴False, 요구신뢰도95
2025-11-06 20:07:59 | pullback_pattern_001270 | INFO | [001270] 일봉분석: 강도50, 이상적패턴False, 요구신뢰도75
2025-11-06 20:07:59 | pullback_pattern_064260 | INFO | [064260] 일봉상세: 가격변화0.0%, 거래량변화0.0%
2025-11-06 20:07:59 | pullback_pattern_097230 | INFO | [097230] 일봉상세: 가격변화0.0%, 거래량변화0.0%
2025-11-06 20:07:59 | pullback_pattern_250060 | INFO | [250060] 일봉분석: 강도50, 이상적패턴False, 요구신뢰도95
2025-11-06 20:07:59 | pullback_pattern_001270 | INFO | [001270] 일봉상세: 가격변화0.0%, 거래량변화0.0%
2025-11-06 20:07:59 | pullback_pattern_250060 | INFO | [250060] 일봉상세: 가격변화0.0%, 거래량변화0.0%
2025-11-06 20:07:59 | pullback_pattern_019180 | INFO | [019180] 일봉상세: 가격변화0.0%, 거래량변화0.0%
2025-11-06 20:07:59 | pullback_pattern_441270 | INFO | [441270] 일봉분석: 강도50, 이상적패턴False, 요구신뢰도95
2025-11-06 20:07:59 | pullback_pattern_484810 | INFO | [484810] 일봉분석: 강도50, 이상적패턴False, 요구신뢰도95
2025-11-06 20:07:59 | pullback_pattern_064260 | INFO | [064260] 일봉분석: 강도50, 이상적패턴False, 요구신뢰도95
2025-11-06 20:07:59 | pullback_pattern_097230 | INFO | [097230] 일봉분석: 강도50, 이상적패턴False, 요구신뢰도95
2025-11-06 20:07:59 | pullback_pattern_484810 | INFO | [484810] 일봉상세: 가격변화0.0%, 거래량변화0.0%
2025-11-06 20:07:59 | pullback_pattern_064260 | INFO | [064260] 일봉상세: 가격변화0.0%, 거래량변화0.0%
2025-11-06 20:07:59 | pullback_pattern_250060 | INFO | [250060] 일봉분석: 강도50, 이상적패턴False, 요구신뢰도95
2025-11-06 20:07:59 | pullback_pattern_097230 | INFO | [097230] 일봉상세: 가격변화0.0%, 거래량변화0.0%
2025-11-06 20:07:59 | pullback_pattern_441270 | INFO | [441270] 일봉상세: 가격변화0.0%, 거래량변화0.0%
2025-11-06 20:07:59 | pullback_pattern_019180 | INFO | [019180] 일봉분석: 강도50, 이상적패턴False, 요구신뢰도95
2025-11-06 20:07:59 | pullback_pattern_001270 | INFO | [001270] 일봉분석: 강도50, 이상적패턴False, 요구신뢰도75
2025-11-06 20:07:59 | pullback_pattern_023160 | INFO | [023160] 일봉분석: 강도50, 이상적패턴False, 요구신뢰도70
2025-11-06 20:07:59 | pullback_pattern_250060 | INFO | [250060] 일봉상세: 가격변화0.0%, 거래량변화0.0%
2025-11-06 20:07:59 | pullback_pattern_019180 | INFO | [019180] 일봉상세: 가격변화0.0%, 거래량변화0.0%
2025-11-06 20:07:59 | pullback_pattern_484810 | INFO | [484810] 일봉분석: 강도50, 이상적패턴False, 요구신뢰도95
2025-11-06 20:07:59 | pullback_pattern_023160 | INFO | [023160] 일봉상세: 가격변화0.0%, 거래량변화0.0%
2025-11-06 20:07:59 | pullback_pattern_097230 | INFO | [097230] 일봉분석: 강도50, 이상적패턴False, 요구신뢰도95
2025-11-06 20:07:59 | pullback_pattern_064260 | INFO | [064260] 일봉분석: 강도50, 이상적패턴False, 요구신뢰도95
2025-11-06 20:07:59 | pullback_pattern_001270 | INFO | [001270] 일봉상세: 가격변화0.0%, 거래량변화0.0%
2025-11-06 20:07:59 | pullback_pattern_250060 | INFO | [250060] 일봉분석: 강도50, 이상적패턴False, 요구신뢰도95
2025-11-06 20:07:59 | pullback_pattern_097230 | INFO | [097230] 일봉상세: 가격변화0.0%, 거래량변화0.0%
2025-11-06 20:07:59 | pullback_pattern_064260 | INFO | [064260] 일봉상세: 가격변화0.0%, 거래량변화0.0%
2025-11-06 20:07:59 | pullback_pattern_019180 | INFO | [019180] 일봉분석: 강도50, 이상적패턴False, 요구신뢰도95
2025-11-06 20:07:59 | pullback_pattern_250060 | INFO | [250060] 일봉상세: 가격변화0.0%, 거래량변화0.0%
2025-11-06 20:07:59 | pullback_pattern_484810 | INFO | [484810] 일봉상세: 가격변화0.0%, 거래량변화0.0%
2025-11-06 20:07:59 | __main__ | INFO | 🎯 [007820] 총 0개 매수 신호 발견 (실시간 방식)
2025-11-06 20:07:59 | pullback_pattern_019180 | INFO | [019180] 일봉상세: 가격변화0.0%, 거래량변화0.0%
2025-11-06 20:07:59 | pullback_pattern_441270 | INFO | [441270] 일봉분석: 강도50, 이상적패턴False, 요구신뢰도95
2025-11-06 20:07:59 | pullback_pattern_097230 | INFO | [097230] 일봉분석: 강도50, 이상적패턴False, 요구신뢰도95
2025-11-06 20:07:59 | __main__ | INFO | 매수 신호 없음 - 거래 시뮬레이션 불가 [007820]
2025-11-06 20:07:59 | pullback_pattern_023160 | INFO | [023160] 일봉분석: 강도50, 이상적패턴False, 요구신뢰도70
2025-11-06 20:07:59 | pullback_pattern_484810 | INFO | [484810] 일봉분석: 강도50, 이상적패턴False, 요구신뢰도95
2025-11-06 20:07:59 | pullback_pattern_441270 | INFO | [441270] 일봉상세: 가격변화0.0%, 거래량변화0.0%
2025-11-06 20:07:59 | pullback_pattern_097230 | INFO | [097230] 일봉상세: 가격변화0.0%, 거래량변화0.0%
2025-11-06 20:07:59 | pullback_pattern_250060 | INFO | [250060] 일봉분석: 강도50, 이상적패턴False, 요구신뢰도95
2025-11-06 20:07:59 | pullback_pattern_023160 | INFO | [023160] 일봉상세: 가격변화0.0%, 거래량변화0.0%
2025-11-06 20:07:59 | pullback_pattern_019180 | INFO | [019180] 일봉분석: 강도50, 이상적패턴False, 요구신뢰도95
2025-11-06 20:07:59 | __main__ | INFO | ✅ [007820] 처리 완료 - 0건 거래, 0건 매수 못한 기회
2025-11-06 20:07:59 | pullback_pattern_064260 | INFO | [064260] 일봉분석: 강도50, 이상적패턴False, 요구신뢰도95
2025-11-06 20:07:59 | pullback_pattern_250060 | INFO | [250060] 일봉상세: 가격변화0.0%, 거래량변화0.0%
2025-11-06 20:07:59 | pullback_pattern_019180 | INFO | [019180] 일봉상세: 가격변화0.0%, 거래량변화0.0%
2025-11-06 20:07:59 | pullback_pattern_484810 | INFO | [484810] 일봉상세: 가격변화0.0%, 거래량변화0.0%
2025-11-06 20:07:59 | pullback_pattern_001270 | INFO | [001270] 일봉분석: 강도50, 이상적패턴False, 요구신뢰도75
2025-11-06 20:07:59 | pullback_pattern_097230 | INFO | [097230] 일봉분석: 강도50, 이상적패턴False, 요구신뢰도95
2025-11-06 20:07:59 | __main__ | INFO | 🔄 [468530] 처리 시작...
2025-11-06 20:07:59 | pullback_pattern_023160 | INFO | [023160] 일봉분석: 강도50, 이상적패턴False, 요구신뢰도70
2025-11-06 20:07:59 | pullback_pattern_317830 | INFO | [317830] 일봉분석: 강도50, 이상적패턴False, 요구신뢰도75
2025-11-06 20:07:59 | pullback_pattern_441270 | INFO | [441270] 일봉분석: 강도50, 이상적패턴False, 요구신뢰도95
2025-11-06 20:07:59 | pullback_pattern_064260 | INFO | [064260] 일봉상세: 가격변화0.0%, 거래량변화0.0%
2025-11-06 20:07:59 | pullback_pattern_023160 | INFO | [023160] 일봉상세: 가격변화0.0%, 거래량변화0.0%
2025-11-06 20:07:59 | __main__ | INFO | 💾 [468530] 캐시 데이터 사용 - 380개 봉
2025-11-06 20:07:59 | pullback_pattern_019180 | INFO | [019180] 일봉분석: 강도50, 이상적패턴False, 요구신뢰도95
2025-11-06 20:07:59 | pullback_pattern_097230 | INFO | [097230] 일봉상세: 가격변화0.0%, 거래량변화0.0%
2025-11-06 20:07:59 | pullback_pattern_441270 | INFO | [441270] 일봉상세: 가격변화0.0%, 거래량변화0.0%
2025-11-06 20:07:59 | pullback_pattern_484810 | INFO | [484810] 일봉분석: 강도50, 이상적패턴False, 요구신뢰도95
2025-11-06 20:07:59 | pullback_pattern_250060 | INFO | [250060] 일봉분석: 강도50, 이상적패턴False, 요구신뢰도95
2025-11-06 20:07:59 | pullback_pattern_001270 | INFO | [001270] 일봉상세: 가격변화0.0%, 거래량변화0.0%
2025-11-06 20:07:59 | pullback_pattern_484810 | INFO | [484810] 일봉상세: 가격변화0.0%, 거래량변화0.0%
2025-11-06 20:07:59 | pullback_pattern_250060 | INFO | [250060] 일봉상세: 가격변화0.0%, 거래량변화0.0%
2025-11-06 20:07:59 | pullback_pattern_097230 | INFO | [097230] 일봉분석: 강도50, 이상적패턴False, 요구신뢰도95
2025-11-06 20:07:59 | pullback_pattern_001270 | INFO | [001270] 4단계패턴매수: 신뢰도92%, 진입가0원
2025-11-06 20:07:59 | pullback_pattern_317830 | INFO | [317830] 일봉상세: 가격변화0.0%, 거래량변화0.0%
2025-11-06 20:07:59 | pullback_pattern_019180 | INFO | [019180] 일봉상세: 가격변화0.0%, 거래량변화0.0%
2025-11-06 20:07:59 | pullback_pattern_064260 | INFO | [064260] 일봉분석: 강도50, 이상적패턴False, 요구신뢰도95
2025-11-06 20:07:59 | pullback_pattern_097230 | INFO | [097230] 일봉상세: 가격변화0.0%, 거래량변화0.0%
✅ 001270 매수 신호 감지: STRONG_BUY (신뢰도: 92.0%)
📊 001270: 가격변화 -0.6%, 거래량 감소, 신뢰도 92%
🚫 001270 약한 패턴으로 매수 차단: 약한지지구간 (거래량감소-83%/돌파량부족)
2025-11-06 20:07:59 | pullback_pattern_064260 | INFO | [064260] 일봉상세: 가격변화0.0%, 거래량변화0.0%
2025-11-06 20:07:59 | pullback_pattern_441270 | INFO | [441270] 일봉분석: 강도50, 이상적패턴False, 요구신뢰도95
2025-11-06 20:07:59 | pullback_pattern_001270 | INFO | [001270] 일봉분석: 강도50, 이상적패턴False, 요구신뢰도75
2025-11-06 20:07:59 | pullback_pattern_250060 | INFO | [250060] 일봉분석: 강도50, 이상적패턴False, 요구신뢰도75
2025-11-06 20:07:59 | pullback_pattern_019180 | INFO | [019180] 일봉분석: 강도50, 이상적패턴False, 요구신뢰도95
2025-11-06 20:07:59 | pullback_pattern_001270 | INFO | [001270] 일봉상세: 가격변화0.0%, 거래량변화0.0%
2025-11-06 20:07:59 | pullback_pattern_441270 | INFO | [441270] 일봉상세: 가격변화0.0%, 거래량변화0.0%
2025-11-06 20:07:59 | pullback_pattern_023160 | INFO | [023160] 일봉분석: 강도50, 이상적패턴False, 요구신뢰도70
2025-11-06 20:07:59 | pullback_pattern_064260 | INFO | [064260] 일봉분석: 강도50, 이상적패턴False, 요구신뢰도95
2025-11-06 20:07:59 | pullback_pattern_019180 | INFO | [019180] 일봉상세: 가격변화0.0%, 거래량변화0.0%
2025-11-06 20:07:59 | pullback_pattern_250060 | INFO | [250060] 일봉상세: 가격변화0.0%, 거래량변화0.0%
2025-11-06 20:07:59 | pullback_pattern_064260 | INFO | [064260] 일봉상세: 가격변화0.0%, 거래량변화0.0%
2025-11-06 20:07:59 | pullback_pattern_097230 | INFO | [097230] 일봉분석: 강도50, 이상적패턴False, 요구신뢰도95
2025-11-06 20:07:59 | pullback_pattern_001270 | INFO | [001270] 일봉분석: 강도50, 이상적패턴False, 요구신뢰도75
2025-11-06 20:07:59 | pullback_pattern_023160 | INFO | [023160] 일봉상세: 가격변화0.0%, 거래량변화0.0%
2025-11-06 20:07:59 | pullback_pattern_441270 | INFO | [441270] 일봉분석: 강도50, 이상적패턴False, 요구신뢰도95
2025-11-06 20:07:59 | pullback_pattern_097230 | INFO | [097230] 일봉상세: 가격변화0.0%, 거래량변화0.0%
2025-11-06 20:07:59 | pullback_pattern_019180 | INFO | [019180] 일봉분석: 강도50, 이상적패턴False, 요구신뢰도95
2025-11-06 20:07:59 | pullback_pattern_001270 | INFO | [001270] 일봉상세: 가격변화0.0%, 거래량변화0.0%
2025-11-06 20:07:59 | pullback_pattern_064260 | INFO | [064260] 일봉분석: 강도50, 이상적패턴False, 요구신뢰도95
2025-11-06 20:07:59 | pullback_pattern_023160 | INFO | [023160] 일봉분석: 강도50, 이상적패턴False, 요구신뢰도70
2025-11-06 20:07:59 | pullback_pattern_441270 | INFO | [441270] 일봉상세: 가격변화0.0%, 거래량변화0.0%
2025-11-06 20:07:59 | pullback_pattern_064260 | INFO | [064260] 일봉상세: 가격변화0.0%, 거래량변화0.0%
2025-11-06 20:07:59 | pullback_pattern_250060 | INFO | [250060] 일봉분석: 강도50, 이상적패턴False, 요구신뢰도75
2025-11-06 20:07:59 | pullback_pattern_023160 | INFO | [023160] 일봉상세: 가격변화0.0%, 거래량변화0.0%
2025-11-06 20:07:59 | pullback_pattern_019180 | INFO | [019180] 일봉상세: 가격변화0.0%, 거래량변화0.0%
2025-11-06 20:07:59 | pullback_pattern_097230 | INFO | [097230] 일봉분석: 강도50, 이상적패턴False, 요구신뢰도95
2025-11-06 20:07:59 | pullback_pattern_250060 | INFO | [250060] 일봉상세: 가격변화0.0%, 거래량변화0.0%
2025-11-06 20:07:59 | pullback_pattern_097230 | INFO | [097230] 일봉상세: 가격변화0.0%, 거래량변화0.0%
2025-11-06 20:07:59 | pullback_pattern_064260 | INFO | [064260] 일봉분석: 강도50, 이상적패턴False, 요구신뢰도95
2025-11-06 20:07:59 | pullback_pattern_001270 | INFO | [001270] 일봉분석: 강도50, 이상적패턴False, 요구신뢰도75
2025-11-06 20:07:59 | pullback_pattern_019180 | INFO | [019180] 일봉분석: 강도50, 이상적패턴False, 요구신뢰도95
2025-11-06 20:07:59 | pullback_pattern_064260 | INFO | [064260] 일봉상세: 가격변화0.0%, 거래량변화0.0%
2025-11-06 20:07:59 | pullback_pattern_023160 | INFO | [023160] 일봉분석: 강도50, 이상적패턴False, 요구신뢰도70
2025-11-06 20:07:59 | pullback_pattern_001270 | INFO | [001270] 일봉상세: 가격변화0.0%, 거래량변화0.0%
2025-11-06 20:07:59 | pullback_pattern_019180 | INFO | [019180] 일봉상세: 가격변화0.0%, 거래량변화0.0%
2025-11-06 20:07:59 | pullback_pattern_317830 | INFO | [317830] 일봉분석: 강도50, 이상적패턴False, 요구신뢰도75
2025-11-06 20:07:59 | pullback_pattern_441270 | INFO | [441270] 일봉분석: 강도50, 이상적패턴False, 요구신뢰도95
2025-11-06 20:07:59 | pullback_pattern_250060 | INFO | [250060] 일봉분석: 강도50, 이상적패턴False, 요구신뢰도75
2025-11-06 20:07:59 | pullback_pattern_064260 | INFO | [064260] 일봉분석: 강도50, 이상적패턴False, 요구신뢰도95
2025-11-06 20:07:59 | pullback_pattern_441270 | INFO | [441270] 일봉상세: 가격변화0.0%, 거래량변화0.0%
2025-11-06 20:07:59 | pullback_pattern_097230 | INFO | [097230] 일봉분석: 강도50, 이상적패턴False, 요구신뢰도95
2025-11-06 20:07:59 | pullback_pattern_023160 | INFO | [023160] 일봉상세: 가격변화0.0%, 거래량변화0.0%
2025-11-06 20:07:59 | pullback_pattern_317830 | INFO | [317830] 일봉상세: 가격변화0.0%, 거래량변화0.0%
2025-11-06 20:07:59 | pullback_pattern_064260 | INFO | [064260] 일봉상세: 가격변화0.0%, 거래량변화0.0%
2025-11-06 20:07:59 | pullback_pattern_097230 | INFO | [097230] 일봉상세: 가격변화0.0%, 거래량변화0.0%
2025-11-06 20:07:59 | pullback_pattern_250060 | INFO | [250060] 일봉상세: 가격변화0.0%, 거래량변화0.0%
2025-11-06 20:07:59 | pullback_pattern_441270 | INFO | [441270] 일봉분석: 강도50, 이상적패턴False, 요구신뢰도95
2025-11-06 20:07:59 | pullback_pattern_001270 | INFO | [001270] 일봉분석: 강도50, 이상적패턴False, 요구신뢰도75
2025-11-06 20:07:59 | pullback_pattern_441270 | INFO | [441270] 일봉상세: 가격변화0.0%, 거래량변화0.0%
2025-11-06 20:07:59 | pullback_pattern_023160 | INFO | [023160] 일봉분석: 강도50, 이상적패턴False, 요구신뢰도70
2025-11-06 20:07:59 | pullback_pattern_001270 | INFO | [001270] 일봉상세: 가격변화0.0%, 거래량변화0.0%
2025-11-06 20:07:59 | pullback_pattern_019180 | INFO | [019180] 일봉분석: 강도50, 이상적패턴False, 요구신뢰도95
2025-11-06 20:07:59 | pullback_pattern_097230 | INFO | [097230] 일봉분석: 강도50, 이상적패턴False, 요구신뢰도95
2025-11-06 20:07:59 | pullback_pattern_001270 | INFO | [001270] 4단계패턴매수: 신뢰도88%, 진입가0원
2025-11-06 20:07:59 | pullback_pattern_019180 | INFO | [019180] 일봉상세: 가격변화0.0%, 거래량변화0.0%
2025-11-06 20:07:59 | pullback_pattern_023160 | INFO | [023160] 일봉상세: 가격변화0.0%, 거래량변화0.0%
2025-11-06 20:07:59 | pullback_pattern_064260 | INFO | [064260] 일봉분석: 강도50, 이상적패턴False, 요구신뢰도95
2025-11-06 20:07:59 | pullback_pattern_250060 | INFO | [250060] 일봉분석: 강도50, 이상적패턴False, 요구신뢰도75
✅ 001270 매수 신호 감지: STRONG_BUY (신뢰도: 88.0%)
📊 001270: 가격변화 +1.0%, 거래량 증가, 신뢰도 88%
✅ 001270 패턴 필터 통과: 패턴 필터 통과
2025-11-06 20:07:59 | pullback_pattern_317830 | INFO | [317830] 일봉분석: 강도50, 이상적패턴False, 요구신뢰도75
2025-11-06 20:07:59 | pullback_pattern_441270 | INFO | [441270] 일봉분석: 강도50, 이상적패턴False, 요구신뢰도95
2025-11-06 20:07:59 | pullback_pattern_250060 | INFO | [250060] 일봉상세: 가격변화0.0%, 거래량변화0.0%
2025-11-06 20:07:59 | pullback_pattern_317830 | INFO | [317830] 일봉상세: 가격변화0.0%, 거래량변화0.0%
2025-11-06 20:07:59 | pullback_pattern_097230 | INFO | [097230] 일봉상세: 가격변화0.0%, 거래량변화0.0%
2025-11-06 20:07:59 | pullback_pattern_441270 | INFO | [441270] 일봉상세: 가격변화0.0%, 거래량변화0.0%
2025-11-06 20:07:59 | pullback_pattern_023160 | INFO | [023160] 일봉분석: 강도50, 이상적패턴False, 요구신뢰도70
2025-11-06 20:07:59 | pullback_pattern_064260 | INFO | [064260] 일봉상세: 가격변화0.0%, 거래량변화0.0%
2025-11-06 20:07:59 | pullback_pattern_317830 | INFO | [317830] 일봉분석: 강도50, 이상적패턴False, 요구신뢰도75
2025-11-06 20:07:59 | pullback_pattern_019180 | INFO | [019180] 일봉분석: 강도50, 이상적패턴False, 요구신뢰도95
2025-11-06 20:07:59 | pullback_pattern_023160 | INFO | [023160] 일봉상세: 가격변화0.0%, 거래량변화0.0%
2025-11-06 20:07:59 | pullback_pattern_317830 | INFO | [317830] 일봉상세: 가격변화0.0%, 거래량변화0.0%
2025-11-06 20:07:59 | pullback_pattern_001270 | INFO | [001270] 일봉분석: 강도50, 이상적패턴False, 요구신뢰도75
2025-11-06 20:07:59 | pullback_pattern_097230 | INFO | [097230] 일봉분석: 강도50, 이상적패턴False, 요구신뢰도95
2025-11-06 20:07:59 | pullback_pattern_064260 | INFO | [064260] 일봉분석: 강도50, 이상적패턴False, 요구신뢰도95
2025-11-06 20:07:59 | pullback_pattern_001270 | INFO | [001270] 일봉상세: 가격변화0.0%, 거래량변화0.0%
2025-11-06 20:07:59 | pullback_pattern_019180 | INFO | [019180] 일봉상세: 가격변화0.0%, 거래량변화0.0%
2025-11-06 20:07:59 | pullback_pattern_097230 | INFO | [097230] 일봉상세: 가격변화0.0%, 거래량변화0.0%
2025-11-06 20:07:59 | pullback_pattern_023160 | INFO | [023160] 일봉분석: 강도50, 이상적패턴False, 요구신뢰도70
2025-11-06 20:07:59 | pullback_pattern_064260 | INFO | [064260] 일봉상세: 가격변화0.0%, 거래량변화0.0%
2025-11-06 20:07:59 | pullback_pattern_317830 | INFO | [317830] 일봉분석: 강도50, 이상적패턴False, 요구신뢰도75
2025-11-06 20:07:59 | pullback_pattern_441270 | INFO | [441270] 일봉분석: 강도50, 이상적패턴False, 요구신뢰도95
2025-11-06 20:07:59 | pullback_pattern_023160 | INFO | [023160] 일봉상세: 가격변화0.0%, 거래량변화0.0%
2025-11-06 20:07:59 | pullback_pattern_019180 | INFO | [019180] 일봉분석: 강도50, 이상적패턴False, 요구신뢰도95
2025-11-06 20:07:59 | pullback_pattern_441270 | INFO | [441270] 일봉상세: 가격변화0.0%, 거래량변화0.0%
2025-11-06 20:07:59 | pullback_pattern_001270 | INFO | [001270] 일봉분석: 강도50, 이상적패턴False, 요구신뢰도75
2025-11-06 20:07:59 | pullback_pattern_097230 | INFO | [097230] 일봉분석: 강도50, 이상적패턴False, 요구신뢰도95
2025-11-06 20:07:59 | pullback_pattern_019180 | INFO | [019180] 일봉상세: 가격변화0.0%, 거래량변화0.0%
2025-11-06 20:07:59 | pullback_pattern_317830 | INFO | [317830] 일봉상세: 가격변화0.0%, 거래량변화0.0%
2025-11-06 20:07:59 | pullback_pattern_064260 | INFO | [064260] 일봉분석: 강도50, 이상적패턴False, 요구신뢰도95
2025-11-06 20:07:59 | pullback_pattern_097230 | INFO | [097230] 일봉상세: 가격변화0.0%, 거래량변화0.0%
2025-11-06 20:07:59 | pullback_pattern_023160 | INFO | [023160] 일봉분석: 강도50, 이상적패턴False, 요구신뢰도70
2025-11-06 20:07:59 | pullback_pattern_064260 | INFO | [064260] 일봉상세: 가격변화0.0%, 거래량변화0.0%
2025-11-06 20:07:59 | pullback_pattern_441270 | INFO | [441270] 일봉분석: 강도50, 이상적패턴False, 요구신뢰도95
2025-11-06 20:07:59 | pullback_pattern_001270 | INFO | [001270] 일봉상세: 가격변화0.0%, 거래량변화0.0%
2025-11-06 20:07:59 | pullback_pattern_023160 | INFO | [023160] 일봉상세: 가격변화0.0%, 거래량변화0.0%
2025-11-06 20:07:59 | pullback_pattern_441270 | INFO | [441270] 일봉상세: 가격변화0.0%, 거래량변화0.0%
2025-11-06 20:07:59 | pullback_pattern_019180 | INFO | [019180] 일봉분석: 강도50, 이상적패턴False, 요구신뢰도95
2025-11-06 20:07:59 | pullback_pattern_317830 | INFO | [317830] 일봉분석: 강도50, 이상적패턴False, 요구신뢰도75
2025-11-06 20:07:59 | pullback_pattern_097230 | INFO | [097230] 일봉분석: 강도50, 이상적패턴False, 요구신뢰도95
2025-11-06 20:07:59 | pullback_pattern_317830 | INFO | [317830] 일봉상세: 가격변화0.0%, 거래량변화0.0%
2025-11-06 20:07:59 | pullback_pattern_023160 | INFO | [023160] 일봉분석: 강도50, 이상적패턴False, 요구신뢰도75
2025-11-06 20:07:59 | pullback_pattern_001270 | INFO | [001270] 일봉분석: 강도50, 이상적패턴False, 요구신뢰도75
2025-11-06 20:07:59 | pullback_pattern_019180 | INFO | [019180] 일봉상세: 가격변화0.0%, 거래량변화0.0%
2025-11-06 20:07:59 | pullback_pattern_097230 | INFO | [097230] 일봉상세: 가격변화0.0%, 거래량변화0.0%
2025-11-06 20:07:59 | pullback_pattern_023160 | INFO | [023160] 일봉상세: 가격변화0.0%, 거래량변화0.0%
2025-11-06 20:07:59 | pullback_pattern_001270 | INFO | [001270] 일봉상세: 가격변화0.0%, 거래량변화0.0%
2025-11-06 20:07:59 | pullback_pattern_441270 | INFO | [441270] 일봉분석: 강도50, 이상적패턴False, 요구신뢰도95
2025-11-06 20:07:59 | pullback_pattern_064260 | INFO | [064260] 일봉분석: 강도50, 이상적패턴False, 요구신뢰도95
2025-11-06 20:07:59 | pullback_pattern_097230 | INFO | [097230] 일봉분석: 강도50, 이상적패턴False, 요구신뢰도95
2025-11-06 20:07:59 | pullback_pattern_317830 | INFO | [317830] 일봉분석: 강도50, 이상적패턴False, 요구신뢰도75
2025-11-06 20:07:59 | pullback_pattern_023160 | INFO | [023160] 일봉분석: 강도50, 이상적패턴False, 요구신뢰도75
2025-11-06 20:07:59 | pullback_pattern_064260 | INFO | [064260] 일봉상세: 가격변화0.0%, 거래량변화0.0%
2025-11-06 20:07:59 | pullback_pattern_441270 | INFO | [441270] 일봉상세: 가격변화0.0%, 거래량변화0.0%
2025-11-06 20:07:59 | pullback_pattern_019180 | INFO | [019180] 일봉분석: 강도50, 이상적패턴False, 요구신뢰도95
2025-11-06 20:07:59 | pullback_pattern_097230 | INFO | [097230] 일봉상세: 가격변화0.0%, 거래량변화0.0%
2025-11-06 20:07:59 | pullback_pattern_317830 | INFO | [317830] 일봉상세: 가격변화0.0%, 거래량변화0.0%
2025-11-06 20:07:59 | pullback_pattern_019180 | INFO | [019180] 일봉상세: 가격변화0.0%, 거래량변화0.0%
2025-11-06 20:07:59 | pullback_pattern_001270 | INFO | [001270] 일봉분석: 강도50, 이상적패턴False, 요구신뢰도75
2025-11-06 20:07:59 | pullback_pattern_023160 | INFO | [023160] 일봉상세: 가격변화0.0%, 거래량변화0.0%
2025-11-06 20:07:59 | pullback_pattern_001270 | INFO | [001270] 일봉상세: 가격변화0.0%, 거래량변화0.0%
2025-11-06 20:07:59 | pullback_pattern_441270 | INFO | [441270] 일봉분석: 강도50, 이상적패턴False, 요구신뢰도95
2025-11-06 20:07:59 | pullback_pattern_097230 | INFO | [097230] 일봉분석: 강도50, 이상적패턴False, 요구신뢰도95
2025-11-06 20:07:59 | pullback_pattern_097230 | INFO | [097230] 일봉상세: 가격변화0.0%, 거래량변화0.0%
2025-11-06 20:07:59 | pullback_pattern_064260 | INFO | [064260] 일봉분석: 강도50, 이상적패턴False, 요구신뢰도95
2025-11-06 20:07:59 | pullback_pattern_441270 | INFO | [441270] 일봉상세: 가격변화0.0%, 거래량변화0.0%
2025-11-06 20:07:59 | pullback_pattern_064260 | INFO | [064260] 일봉상세: 가격변화0.0%, 거래량변화0.0%
2025-11-06 20:07:59 | pullback_pattern_484810 | INFO | [484810] 일봉분석: 강도50, 이상적패턴False, 요구신뢰도75
2025-11-06 20:07:59 | pullback_pattern_019180 | INFO | [019180] 일봉분석: 강도50, 이상적패턴False, 요구신뢰도95
2025-11-06 20:07:59 | pullback_pattern_001270 | INFO | [001270] 일봉분석: 강도50, 이상적패턴False, 요구신뢰도75
2025-11-06 20:07:59 | pullback_pattern_484810 | INFO | [484810] 일봉상세: 가격변화0.0%, 거래량변화0.0%
2025-11-06 20:07:59 | pullback_pattern_023160 | INFO | [023160] 일봉분석: 강도50, 이상적패턴False, 요구신뢰도75
2025-11-06 20:07:59 | pullback_pattern_441270 | INFO | [441270] 일봉분석: 강도50, 이상적패턴False, 요구신뢰도95
2025-11-06 20:07:59 | pullback_pattern_097230 | INFO | [097230] 일봉분석: 강도50, 이상적패턴False, 요구신뢰도95
2025-11-06 20:07:59 | pullback_pattern_001270 | INFO | [001270] 일봉상세: 가격변화0.0%, 거래량변화0.0%
2025-11-06 20:07:59 | pullback_pattern_023160 | INFO | [023160] 일봉상세: 가격변화0.0%, 거래량변화0.0%
2025-11-06 20:07:59 | pullback_pattern_441270 | INFO | [441270] 일봉상세: 가격변화0.0%, 거래량변화0.0%
2025-11-06 20:07:59 | pullback_pattern_097230 | INFO | [097230] 일봉상세: 가격변화0.0%, 거래량변화0.0%
2025-11-06 20:07:59 | pullback_pattern_317830 | INFO | [317830] 일봉분석: 강도50, 이상적패턴False, 요구신뢰도75
2025-11-06 20:07:59 | pullback_pattern_064260 | INFO | [064260] 일봉분석: 강도50, 이상적패턴False, 요구신뢰도95
2025-11-06 20:07:59 | pullback_pattern_019180 | INFO | [019180] 일봉상세: 가격변화0.0%, 거래량변화0.0%
2025-11-06 20:07:59 | pullback_pattern_064260 | INFO | [064260] 일봉상세: 가격변화0.0%, 거래량변화0.0%
2025-11-06 20:07:59 | pullback_pattern_317830 | INFO | [317830] 일봉상세: 가격변화0.0%, 거래량변화0.0%
2025-11-06 20:07:59 | pullback_pattern_001270 | INFO | [001270] 일봉분석: 강도50, 이상적패턴False, 요구신뢰도75
2025-11-06 20:07:59 | pullback_pattern_441270 | INFO | [441270] 일봉분석: 강도50, 이상적패턴False, 요구신뢰도95
2025-11-06 20:07:59 | __main__ | INFO | 🎯 [484810] 총 2개 매수 신호 발견 (실시간 방식)
2025-11-06 20:07:59 | pullback_pattern_001270 | INFO | [001270] 일봉상세: 가격변화0.0%, 거래량변화0.0%
2025-11-06 20:07:59 | pullback_pattern_441270 | INFO | [441270] 일봉상세: 가격변화0.0%, 거래량변화0.0%
2025-11-06 20:07:59 | pullback_pattern_023160 | INFO | [023160] 일봉분석: 강도50, 이상적패턴False, 요구신뢰도75
2025-11-06 20:07:59 | __main__ | WARNING | ⚠️ [484810] 일봉 패턴 필터 초기화 실패: No module named 'core.indicators.daily_pattern_filter'
2025-11-06 20:07:59 | pullback_pattern_317830 | INFO | [317830] 일봉분석: 강도50, 이상적패턴False, 요구신뢰도75
2025-11-06 20:07:59 | pullback_pattern_064260 | INFO | [064260] 일봉분석: 강도50, 이상적패턴False, 요구신뢰도95
2025-11-06 20:07:59 | pullback_pattern_019180 | INFO | [019180] 일봉분석: 강도50, 이상적패턴False, 요구신뢰도95
2025-11-06 20:07:59 | pullback_pattern_441270 | INFO | [441270] 일봉분석: 강도50, 이상적패턴False, 요구신뢰도95
2025-11-06 20:07:59 | pullback_pattern_023160 | INFO | [023160] 일봉상세: 가격변화0.0%, 거래량변화0.0%
2025-11-06 20:07:59 | pullback_pattern_001270 | INFO | [001270] 일봉분석: 강도50, 이상적패턴False, 요구신뢰도75
2025-11-06 20:07:59 | pullback_pattern_097230 | INFO | [097230] 일봉분석: 강도50, 이상적패턴False, 요구신뢰도95
2025-11-06 20:07:59 | pullback_pattern_317830 | INFO | [317830] 일봉상세: 가격변화0.0%, 거래량변화0.0%
2025-11-06 20:07:59 | __main__ | DEBUG | 🔍 [484810] 4/5가 체크: 돌파봉인덱스=11, 4/5가=13,086원, 다음2봉범위=12~13, 전체데이터길이=128
2025-11-06 20:07:59 | pullback_pattern_001270 | INFO | [001270] 일봉상세: 가격변화0.0%, 거래량변화0.0%
2025-11-06 20:07:59 | pullback_pattern_097230 | INFO | [097230] 일봉상세: 가격변화0.0%, 거래량변화0.0%
2025-11-06 20:07:59 | pullback_pattern_064260 | INFO | [064260] 일봉상세: 가격변화0.0%, 거래량변화0.0%
2025-11-06 20:07:59 | __main__ | DEBUG | 🔍 [484810] 다음 2개 3분봉 데이터: 2개
2025-11-06 20:07:59 | pullback_pattern_019180 | INFO | [019180] 일봉상세: 가격변화0.0%, 거래량변화0.0%
2025-11-06 20:07:59 | pullback_pattern_317830 | INFO | [317830] 일봉분석: 강도50, 이상적패턴False, 요구신뢰도75
2025-11-06 20:07:59 | __main__ | DEBUG |   봉1(인덱스12): 09:36 저가=13,070원, 4/5가=13,086원, 도달여부=True
2025-11-06 20:07:59 | pullback_pattern_441270 | INFO | [441270] 일봉상세: 가격변화0.0%, 거래량변화0.0%
2025-11-06 20:07:59 | pullback_pattern_001270 | INFO | [001270] 일봉분석: 강도50, 이상적패턴False, 요구신뢰도75
2025-11-06 20:07:59 | pullback_pattern_317830 | INFO | [317830] 일봉상세: 가격변화0.0%, 거래량변화0.0%
2025-11-06 20:07:59 | pullback_pattern_064260 | INFO | [064260] 일봉분석: 강도50, 이상적패턴False, 요구신뢰도95
2025-11-06 20:07:59 | pullback_pattern_097230 | INFO | [097230] 일봉분석: 강도50, 이상적패턴False, 요구신뢰도95
2025-11-06 20:07:59 | __main__ | INFO | 🎯 [250060] 총 0개 매수 신호 발견 (실시간 방식)
2025-11-06 20:07:59 | pullback_pattern_019180 | INFO | [019180] 일봉분석: 강도50, 이상적패턴False, 요구신뢰도95
2025-11-06 20:07:59 | pullback_pattern_001270 | INFO | [001270] 일봉상세: 가격변화0.0%, 거래량변화0.0%
2025-11-06 20:07:59 | pullback_pattern_023160 | INFO | [023160] 일봉분석: 강도50, 이상적패턴False, 요구신뢰도75
2025-11-06 20:07:59 | pullback_pattern_019180 | INFO | [019180] 일봉상세: 가격변화0.0%, 거래량변화0.0%
2025-11-06 20:07:59 | pullback_pattern_441270 | INFO | [441270] 일봉분석: 강도50, 이상적패턴False, 요구신뢰도95
2025-11-06 20:07:59 | pullback_pattern_317830 | INFO | [317830] 일봉분석: 강도50, 이상적패턴False, 요구신뢰도75
2025-11-06 20:07:59 | __main__ | DEBUG |   봉2(인덱스13): 09:39 저가=13,050원, 4/5가=13,086원, 도달여부=True
2025-11-06 20:07:59 | pullback_pattern_441270 | INFO | [441270] 일봉상세: 가격변화0.0%, 거래량변화0.0%
2025-11-06 20:07:59 | pullback_pattern_064260 | INFO | [064260] 일봉상세: 가격변화0.0%, 거래량변화0.0%
2025-11-06 20:07:59 | pullback_pattern_317830 | INFO | [317830] 일봉상세: 가격변화0.0%, 거래량변화0.0%
2025-11-06 20:07:59 | pullback_pattern_023160 | INFO | [023160] 일봉상세: 가격변화0.0%, 거래량변화0.0%
2025-11-06 20:07:59 | pullback_pattern_001270 | INFO | [001270] 일봉분석: 강도50, 이상적패턴False, 요구신뢰도75
2025-11-06 20:07:59 | pullback_pattern_019180 | INFO | [019180] 일봉분석: 강도50, 이상적패턴False, 요구신뢰도95
2025-11-06 20:07:59 | __main__ | INFO | 매수 신호 없음 - 거래 시뮬레이션 불가 [250060]
2025-11-06 20:07:59 | pullback_pattern_097230 | INFO | [097230] 일봉상세: 가격변화0.0%, 거래량변화0.0%
2025-11-06 20:07:59 | pullback_pattern_001270 | INFO | [001270] 일봉상세: 가격변화0.0%, 거래량변화0.0%
2025-11-06 20:07:59 | pullback_pattern_019180 | INFO | [019180] 일봉상세: 가격변화0.0%, 거래량변화0.0%
2025-11-06 20:07:59 | pullback_pattern_441270 | INFO | [441270] 일봉분석: 강도50, 이상적패턴False, 요구신뢰도95
2025-11-06 20:07:59 | pullback_pattern_064260 | INFO | [064260] 일봉분석: 강도50, 이상적패턴False, 요구신뢰도95
2025-11-06 20:07:59 | pullback_pattern_023160 | INFO | [023160] 일봉분석: 강도50, 이상적패턴False, 요구신뢰도75
2025-11-06 20:07:59 | pullback_pattern_441270 | INFO | [441270] 일봉상세: 가격변화0.0%, 거래량변화0.0%
2025-11-06 20:07:59 | pullback_pattern_097230 | INFO | [097230] 일봉분석: 강도50, 이상적패턴False, 요구신뢰도95
2025-11-06 20:07:59 | pullback_pattern_001270 | INFO | [001270] 일봉분석: 강도50, 이상적패턴False, 요구신뢰도75
2025-11-06 20:07:59 | pullback_pattern_317830 | INFO | [317830] 일봉분석: 강도50, 이상적패턴False, 요구신뢰도75
2025-11-06 20:07:59 | pullback_pattern_019180 | INFO | [019180] 일봉분석: 강도50, 이상적패턴False, 요구신뢰도95
2025-11-06 20:07:59 | __main__ | DEBUG | ✅ [484810] 4/5가 도달: 09:36 저가 13,070원 ≤ 4/5가 13,086원 (인덱스12)
2025-11-06 20:07:59 | pullback_pattern_023160 | INFO | [023160] 일봉상세: 가격변화0.0%, 거래량변화0.0%
2025-11-06 20:07:59 | pullback_pattern_064260 | INFO | [064260] 일봉상세: 가격변화0.0%, 거래량변화0.0%
2025-11-06 20:07:59 | pullback_pattern_097230 | INFO | [097230] 일봉상세: 가격변화0.0%, 거래량변화0.0%
2025-11-06 20:07:59 | pullback_pattern_001270 | INFO | [001270] 일봉상세: 가격변화0.0%, 거래량변화0.0%
2025-11-06 20:07:59 | pullback_pattern_317830 | INFO | [317830] 일봉상세: 가격변화0.0%, 거래량변화0.0%
2025-11-06 20:07:59 | __main__ | INFO | ✅ [250060] 처리 완료 - 0건 거래, 0건 매수 못한 기회
2025-11-06 20:07:59 | pullback_pattern_019180 | INFO | [019180] 일봉상세: 가격변화0.0%, 거래량변화0.0%
2025-11-06 20:07:59 | pullback_pattern_441270 | INFO | [441270] 일봉분석: 강도50, 이상적패턴False, 요구신뢰도95
2025-11-06 20:07:59 | __main__ | DEBUG | 🕐 신호 라벨: 09:33, 신호 발생: 09:36, 매수가: 13,086원
2025-11-06 20:07:59 | pullback_pattern_441270 | INFO | [441270] 일봉상세: 가격변화0.0%, 거래량변화0.0%
2025-11-06 20:07:59 | pullback_pattern_023160 | INFO | [023160] 일봉분석: 강도50, 이상적패턴False, 요구신뢰도75
2025-11-06 20:07:59 | __main__ | INFO | 🔄 [009540] 처리 시작...
2025-11-06 20:07:59 | pullback_pattern_001270 | INFO | [001270] 일봉분석: 강도50, 이상적패턴False, 요구신뢰도95
2025-11-06 20:07:59 | pullback_pattern_064260 | INFO | [064260] 일봉분석: 강도50, 이상적패턴False, 요구신뢰도95
2025-11-06 20:07:59 | __main__ | DEBUG | 💰 [484810] 매수 체결: 13,086원 @ 09:36:00 (실제 체결: 09:36:00)
2025-11-06 20:07:59 | pullback_pattern_023160 | INFO | [023160] 일봉상세: 가격변화0.0%, 거래량변화0.0%
2025-11-06 20:07:59 | pullback_pattern_019180 | INFO | [019180] 일봉분석: 강도50, 이상적패턴False, 요구신뢰도95
2025-11-06 20:07:59 | pullback_pattern_097230 | INFO | [097230] 일봉분석: 강도50, 이상적패턴False, 요구신뢰도95
2025-11-06 20:07:59 | pullback_pattern_317830 | INFO | [317830] 일봉분석: 강도50, 이상적패턴False, 요구신뢰도75
2025-11-06 20:07:59 | pullback_pattern_001270 | INFO | [001270] 일봉상세: 가격변화0.0%, 거래량변화0.0%
2025-11-06 20:07:59 | pullback_pattern_441270 | INFO | [441270] 일봉분석: 강도50, 이상적패턴False, 요구신뢰도95
2025-11-06 20:07:59 | __main__ | INFO | 💾 [009540] 캐시 데이터 사용 - 380개 봉
2025-11-06 20:07:59 | pullback_pattern_064260 | INFO | [064260] 일봉상세: 가격변화0.0%, 거래량변화0.0%
2025-11-06 20:07:59 | pullback_pattern_019180 | INFO | [019180] 일봉상세: 가격변화0.0%, 거래량변화0.0%
2025-11-06 20:07:59 | pullback_pattern_441270 | INFO | [441270] 일봉상세: 가격변화0.0%, 거래량변화0.0%
2025-11-06 20:07:59 | __main__ | DEBUG | ⏰ [484810] 25분 쿨다운 설정: 10:01까지
2025-11-06 20:07:59 | pullback_pattern_097230 | INFO | [097230] 일봉상세: 가격변화0.0%, 거래량변화0.0%
2025-11-06 20:07:59 | pullback_pattern_317830 | INFO | [317830] 일봉상세: 가격변화0.0%, 거래량변화0.0%
2025-11-06 20:07:59 | pullback_pattern_001270 | INFO | [001270] 일봉분석: 강도50, 이상적패턴False, 요구신뢰도95
2025-11-06 20:07:59 | pullback_pattern_023160 | INFO | [023160] 일봉분석: 강도50, 이상적패턴False, 요구신뢰도75
2025-11-06 20:07:59 | pullback_pattern_064260 | INFO | [064260] 일봉분석: 강도50, 이상적패턴False, 요구신뢰도95
2025-11-06 20:07:59 | pullback_pattern_001270 | INFO | [001270] 일봉상세: 가격변화0.0%, 거래량변화0.0%
2025-11-06 20:07:59 | pullback_pattern_019180 | INFO | [019180] 일봉분석: 강도50, 이상적패턴False, 요구신뢰도95
2025-11-06 20:07:59 | pullback_pattern_023160 | INFO | [023160] 일봉상세: 가격변화0.0%, 거래량변화0.0%
2025-11-06 20:07:59 | pullback_pattern_097230 | INFO | [097230] 일봉분석: 강도50, 이상적패턴False, 요구신뢰도95
2025-11-06 20:07:59 | pullback_pattern_064260 | INFO | [064260] 일봉상세: 가격변화0.0%, 거래량변화0.0%
2025-11-06 20:07:59 | pullback_pattern_019180 | INFO | [019180] 일봉상세: 가격변화0.0%, 거래량변화0.0%
2025-11-06 20:07:59 | pullback_pattern_097230 | INFO | [097230] 일봉상세: 가격변화0.0%, 거래량변화0.0%
2025-11-06 20:07:59 | pullback_pattern_023160 | INFO | [023160] 일봉분석: 강도50, 이상적패턴False, 요구신뢰도75
2025-11-06 20:07:59 | pullback_pattern_317830 | INFO | [317830] 일봉분석: 강도50, 이상적패턴False, 요구신뢰도75
2025-11-06 20:07:59 | pullback_pattern_023160 | INFO | [023160] 일봉상세: 가격변화0.0%, 거래량변화0.0%
2025-11-06 20:07:59 | pullback_pattern_001270 | INFO | [001270] 일봉분석: 강도50, 이상적패턴False, 요구신뢰도95
2025-11-06 20:07:59 | pullback_pattern_317830 | INFO | [317830] 일봉상세: 가격변화0.0%, 거래량변화0.0%
2025-11-06 20:07:59 | pullback_pattern_064260 | INFO | [064260] 일봉분석: 강도50, 이상적패턴False, 요구신뢰도95
2025-11-06 20:07:59 | pullback_pattern_001270 | INFO | [001270] 일봉상세: 가격변화0.0%, 거래량변화0.0%
2025-11-06 20:07:59 | pullback_pattern_019180 | INFO | [019180] 일봉분석: 강도50, 이상적패턴False, 요구신뢰도95
2025-11-06 20:07:59 | pullback_pattern_441270 | INFO | [441270] 일봉분석: 강도50, 이상적패턴False, 요구신뢰도95
2025-11-06 20:08:00 | pullback_pattern_023160 | INFO | [023160] 일봉분석: 강도50, 이상적패턴False, 요구신뢰도75
2025-11-06 20:08:00 | pullback_pattern_317830 | INFO | [317830] 일봉분석: 강도50, 이상적패턴False, 요구신뢰도75
2025-11-06 20:08:00 | pullback_pattern_097230 | INFO | [097230] 일봉분석: 강도50, 이상적패턴False, 요구신뢰도95
2025-11-06 20:07:59 | pullback_pattern_064260 | INFO | [064260] 일봉상세: 가격변화0.0%, 거래량변화0.0%
2025-11-06 20:08:00 | pullback_pattern_019180 | INFO | [019180] 일봉상세: 가격변화0.0%, 거래량변화0.0%
2025-11-06 20:08:00 | pullback_pattern_441270 | INFO | [441270] 일봉상세: 가격변화0.0%, 거래량변화0.0%
2025-11-06 20:08:00 | pullback_pattern_097230 | INFO | [097230] 일봉상세: 가격변화0.0%, 거래량변화0.0%
2025-11-06 20:08:00 | pullback_pattern_023160 | INFO | [023160] 일봉상세: 가격변화0.0%, 거래량변화0.0%
2025-11-06 20:08:00 | pullback_pattern_001270 | INFO | [001270] 일봉분석: 강도50, 이상적패턴False, 요구신뢰도95
2025-11-06 20:08:00 | pullback_pattern_317830 | INFO | [317830] 일봉상세: 가격변화0.0%, 거래량변화0.0%
2025-11-06 20:08:00 | pullback_pattern_001270 | INFO | [001270] 일봉상세: 가격변화0.0%, 거래량변화0.0%
2025-11-06 20:08:00 | pullback_pattern_019180 | INFO | [019180] 일봉분석: 강도50, 이상적패턴False, 요구신뢰도95
2025-11-06 20:08:00 | pullback_pattern_009540 | INFO | [009540] 일봉분석: 강도50, 이상적패턴False, 요구신뢰도70
2025-11-06 20:08:00 | pullback_pattern_019180 | INFO | [019180] 일봉상세: 가격변화0.0%, 거래량변화0.0%
2025-11-06 20:08:00 | pullback_pattern_009540 | INFO | [009540] 일봉상세: 가격변화0.0%, 거래량변화0.0%
2025-11-06 20:08:00 | pullback_pattern_441270 | INFO | [441270] 일봉분석: 강도50, 이상적패턴False, 요구신뢰도95
2025-11-06 20:08:00 | pullback_pattern_023160 | INFO | [023160] 일봉분석: 강도50, 이상적패턴False, 요구신뢰도75
2025-11-06 20:08:00 | pullback_pattern_097230 | INFO | [097230] 일봉분석: 강도50, 이상적패턴False, 요구신뢰도95
2025-11-06 20:08:00 | pullback_pattern_023160 | INFO | [023160] 일봉상세: 가격변화0.0%, 거래량변화0.0%
2025-11-06 20:08:00 | pullback_pattern_064260 | INFO | [064260] 일봉분석: 강도50, 이상적패턴False, 요구신뢰도95
2025-11-06 20:08:00 | pullback_pattern_019180 | INFO | [019180] 일봉분석: 강도50, 이상적패턴False, 요구신뢰도95
2025-11-06 20:08:00 | pullback_pattern_001270 | INFO | [001270] 일봉분석: 강도50, 이상적패턴False, 요구신뢰도95
2025-11-06 20:08:00 | pullback_pattern_441270 | INFO | [441270] 일봉상세: 가격변화0.0%, 거래량변화0.0%
2025-11-06 20:08:00 | pullback_pattern_317830 | INFO | [317830] 일봉분석: 강도50, 이상적패턴False, 요구신뢰도75
2025-11-06 20:08:00 | pullback_pattern_097230 | INFO | [097230] 일봉상세: 가격변화0.0%, 거래량변화0.0%
2025-11-06 20:08:00 | pullback_pattern_009540 | INFO | [009540] 일봉분석: 강도50, 이상적패턴False, 요구신뢰도70
2025-11-06 20:08:00 | pullback_pattern_064260 | INFO | [064260] 일봉상세: 가격변화0.0%, 거래량변화0.0%
2025-11-06 20:08:00 | pullback_pattern_019180 | INFO | [019180] 일봉상세: 가격변화0.0%, 거래량변화0.0%
2025-11-06 20:08:00 | pullback_pattern_001270 | INFO | [001270] 일봉상세: 가격변화0.0%, 거래량변화0.0%
2025-11-06 20:08:00 | pullback_pattern_009540 | INFO | [009540] 일봉상세: 가격변화0.0%, 거래량변화0.0%
2025-11-06 20:08:00 | pullback_pattern_317830 | INFO | [317830] 일봉상세: 가격변화0.0%, 거래량변화0.0%
2025-11-06 20:08:00 | pullback_pattern_023160 | INFO | [023160] 일봉분석: 강도50, 이상적패턴False, 요구신뢰도75
2025-11-06 20:08:00 | pullback_pattern_441270 | INFO | [441270] 일봉분석: 강도50, 이상적패턴False, 요구신뢰도95
2025-11-06 20:08:00 | pullback_pattern_097230 | INFO | [097230] 일봉분석: 강도50, 이상적패턴False, 요구신뢰도95
2025-11-06 20:08:00 | pullback_pattern_023160 | INFO | [023160] 일봉상세: 가격변화0.0%, 거래량변화0.0%
2025-11-06 20:08:00 | pullback_pattern_019180 | INFO | [019180] 일봉분석: 강도50, 이상적패턴False, 요구신뢰도75
2025-11-06 20:08:00 | pullback_pattern_317830 | INFO | [317830] 일봉분석: 강도50, 이상적패턴False, 요구신뢰도75
2025-11-06 20:08:00 | pullback_pattern_097230 | INFO | [097230] 일봉상세: 가격변화0.0%, 거래량변화0.0%
2025-11-06 20:08:00 | pullback_pattern_009540 | INFO | [009540] 일봉분석: 강도50, 이상적패턴False, 요구신뢰도70
2025-11-06 20:08:00 | pullback_pattern_019180 | INFO | [019180] 일봉상세: 가격변화0.0%, 거래량변화0.0%
2025-11-06 20:08:00 | pullback_pattern_317830 | INFO | [317830] 일봉상세: 가격변화0.0%, 거래량변화0.0%
2025-11-06 20:08:00 | pullback_pattern_064260 | INFO | [064260] 일봉분석: 강도50, 이상적패턴False, 요구신뢰도95
2025-11-06 20:08:00 | pullback_pattern_009540 | INFO | [009540] 일봉상세: 가격변화0.0%, 거래량변화0.0%
2025-11-06 20:08:00 | pullback_pattern_023160 | INFO | [023160] 일봉분석: 강도50, 이상적패턴False, 요구신뢰도75
2025-11-06 20:08:00 | pullback_pattern_064260 | INFO | [064260] 일봉상세: 가격변화0.0%, 거래량변화0.0%
2025-11-06 20:08:00 | pullback_pattern_001270 | INFO | [001270] 일봉분석: 강도50, 이상적패턴False, 요구신뢰도95
2025-11-06 20:08:00 | pullback_pattern_441270 | INFO | [441270] 일봉상세: 가격변화0.0%, 거래량변화0.0%
2025-11-06 20:08:00 | pullback_pattern_097230 | INFO | [097230] 일봉분석: 강도50, 이상적패턴False, 요구신뢰도75
2025-11-06 20:08:00 | pullback_pattern_023160 | INFO | [023160] 일봉상세: 가격변화0.0%, 거래량변화0.0%
2025-11-06 20:08:00 | pullback_pattern_317830 | INFO | [317830] 일봉분석: 강도50, 이상적패턴False, 요구신뢰도75
2025-11-06 20:08:00 | pullback_pattern_001270 | INFO | [001270] 일봉상세: 가격변화0.0%, 거래량변화0.0%
2025-11-06 20:08:00 | pullback_pattern_009540 | INFO | [009540] 일봉분석: 강도50, 이상적패턴False, 요구신뢰도70
2025-11-06 20:08:00 | pullback_pattern_064260 | INFO | [064260] 일봉분석: 강도50, 이상적패턴False, 요구신뢰도75
2025-11-06 20:08:00 | pullback_pattern_317830 | INFO | [317830] 일봉상세: 가격변화0.0%, 거래량변화0.0%
2025-11-06 20:08:00 | pullback_pattern_019180 | INFO | [019180] 일봉분석: 강도50, 이상적패턴False, 요구신뢰도75
2025-11-06 20:08:00 | pullback_pattern_009540 | INFO | [009540] 일봉상세: 가격변화0.0%, 거래량변화0.0%
2025-11-06 20:08:00 | pullback_pattern_441270 | INFO | [441270] 일봉분석: 강도50, 이상적패턴False, 요구신뢰도95
2025-11-06 20:08:00 | pullback_pattern_023160 | INFO | [023160] 일봉분석: 강도50, 이상적패턴False, 요구신뢰도75
2025-11-06 20:08:00 | pullback_pattern_019180 | INFO | [019180] 일봉상세: 가격변화0.0%, 거래량변화0.0%
2025-11-06 20:08:00 | pullback_pattern_097230 | INFO | [097230] 일봉상세: 가격변화0.0%, 거래량변화0.0%
2025-11-06 20:08:00 | pullback_pattern_064260 | INFO | [064260] 일봉상세: 가격변화0.0%, 거래량변화0.0%
2025-11-06 20:08:00 | pullback_pattern_001270 | INFO | [001270] 일봉분석: 강도50, 이상적패턴False, 요구신뢰도95
2025-11-06 20:08:00 | pullback_pattern_441270 | INFO | [441270] 일봉상세: 가격변화0.0%, 거래량변화0.0%
2025-11-06 20:08:00 | pullback_pattern_317830 | INFO | [317830] 일봉분석: 강도50, 이상적패턴False, 요구신뢰도75
2025-11-06 20:08:00 | pullback_pattern_009540 | INFO | [009540] 일봉분석: 강도50, 이상적패턴False, 요구신뢰도70
2025-11-06 20:08:00 | pullback_pattern_019180 | INFO | [019180] 일봉분석: 강도50, 이상적패턴False, 요구신뢰도75
2025-11-06 20:08:00 | pullback_pattern_001270 | INFO | [001270] 일봉상세: 가격변화0.0%, 거래량변화0.0%
2025-11-06 20:08:00 | pullback_pattern_023160 | INFO | [023160] 일봉상세: 가격변화0.0%, 거래량변화0.0%
2025-11-06 20:08:00 | pullback_pattern_064260 | INFO | [064260] 일봉분석: 강도50, 이상적패턴False, 요구신뢰도75
2025-11-06 20:08:00 | pullback_pattern_019180 | INFO | [019180] 일봉상세: 가격변화0.0%, 거래량변화0.0%
2025-11-06 20:08:00 | pullback_pattern_097230 | INFO | [097230] 일봉분석: 강도50, 이상적패턴False, 요구신뢰도75
2025-11-06 20:08:00 | pullback_pattern_009540 | INFO | [009540] 일봉상세: 가격변화0.0%, 거래량변화0.0%
2025-11-06 20:08:00 | pullback_pattern_317830 | INFO | [317830] 일봉상세: 가격변화0.0%, 거래량변화0.0%
2025-11-06 20:08:00 | pullback_pattern_001270 | INFO | [001270] 일봉분석: 강도50, 이상적패턴False, 요구신뢰도95
2025-11-06 20:08:00 | pullback_pattern_097230 | INFO | [097230] 일봉상세: 가격변화0.0%, 거래량변화0.0%
2025-11-06 20:08:00 | pullback_pattern_441270 | INFO | [441270] 일봉분석: 강도50, 이상적패턴False, 요구신뢰도95
2025-11-06 20:08:00 | pullback_pattern_001270 | INFO | [001270] 일봉상세: 가격변화0.0%, 거래량변화0.0%
2025-11-06 20:08:00 | pullback_pattern_064260 | INFO | [064260] 일봉상세: 가격변화0.0%, 거래량변화0.0%
2025-11-06 20:08:00 | pullback_pattern_441270 | INFO | [441270] 일봉상세: 가격변화0.0%, 거래량변화0.0%
2025-11-06 20:08:00 | pullback_pattern_019180 | INFO | [019180] 일봉분석: 강도50, 이상적패턴False, 요구신뢰도75
2025-11-06 20:08:00 | pullback_pattern_009540 | INFO | [009540] 일봉분석: 강도50, 이상적패턴False, 요구신뢰도70
2025-11-06 20:08:00 | pullback_pattern_023160 | INFO | [023160] 일봉분석: 강도50, 이상적패턴False, 요구신뢰도75
2025-11-06 20:08:00 | pullback_pattern_317830 | INFO | [317830] 일봉분석: 강도50, 이상적패턴False, 요구신뢰도75
2025-11-06 20:08:00 | pullback_pattern_019180 | INFO | [019180] 일봉상세: 가격변화0.0%, 거래량변화0.0%
2025-11-06 20:08:00 | pullback_pattern_009540 | INFO | [009540] 일봉상세: 가격변화0.0%, 거래량변화0.0%
2025-11-06 20:08:00 | pullback_pattern_023160 | INFO | [023160] 일봉상세: 가격변화0.0%, 거래량변화0.0%
2025-11-06 20:08:00 | pullback_pattern_097230 | INFO | [097230] 일봉분석: 강도50, 이상적패턴False, 요구신뢰도75
2025-11-06 20:08:00 | pullback_pattern_001270 | INFO | [001270] 일봉분석: 강도50, 이상적패턴False, 요구신뢰도95
2025-11-06 20:08:00 | pullback_pattern_064260 | INFO | [064260] 일봉분석: 강도50, 이상적패턴False, 요구신뢰도75
2025-11-06 20:08:00 | pullback_pattern_317830 | INFO | [317830] 일봉상세: 가격변화0.0%, 거래량변화0.0%
2025-11-06 20:08:00 | pullback_pattern_441270 | INFO | [441270] 일봉분석: 강도50, 이상적패턴False, 요구신뢰도95
2025-11-06 20:08:00 | pullback_pattern_064260 | INFO | [064260] 일봉상세: 가격변화0.0%, 거래량변화0.0%
2025-11-06 20:08:00 | pullback_pattern_019180 | INFO | [019180] 일봉분석: 강도50, 이상적패턴False, 요구신뢰도75
2025-11-06 20:08:00 | pullback_pattern_001270 | INFO | [001270] 일봉상세: 가격변화0.0%, 거래량변화0.0%
2025-11-06 20:08:00 | pullback_pattern_097230 | INFO | [097230] 일봉상세: 가격변화0.0%, 거래량변화0.0%
2025-11-06 20:08:00 | pullback_pattern_441270 | INFO | [441270] 일봉상세: 가격변화0.0%, 거래량변화0.0%
2025-11-06 20:08:00 | pullback_pattern_019180 | INFO | [019180] 일봉상세: 가격변화0.0%, 거래량변화0.0%
2025-11-06 20:08:00 | pullback_pattern_009540 | INFO | [009540] 일봉분석: 강도50, 이상적패턴False, 요구신뢰도70
2025-11-06 20:08:00 | pullback_pattern_023160 | INFO | [023160] 일봉분석: 강도50, 이상적패턴False, 요구신뢰도75
2025-11-06 20:08:00 | pullback_pattern_009540 | INFO | [009540] 일봉상세: 가격변화0.0%, 거래량변화0.0%
2025-11-06 20:08:00 | pullback_pattern_317830 | INFO | [317830] 일봉분석: 강도50, 이상적패턴False, 요구신뢰도75
2025-11-06 20:08:00 | pullback_pattern_023160 | INFO | [023160] 일봉상세: 가격변화0.0%, 거래량변화0.0%
2025-11-06 20:08:00 | pullback_pattern_097230 | INFO | [097230] 일봉분석: 강도50, 이상적패턴False, 요구신뢰도75
2025-11-06 20:08:00 | pullback_pattern_441270 | INFO | [441270] 일봉분석: 강도50, 이상적패턴False, 요구신뢰도75
2025-11-06 20:08:00 | pullback_pattern_317830 | INFO | [317830] 일봉상세: 가격변화0.0%, 거래량변화0.0%
2025-11-06 20:08:00 | pullback_pattern_097230 | INFO | [097230] 일봉상세: 가격변화0.0%, 거래량변화0.0%
2025-11-06 20:08:00 | pullback_pattern_441270 | INFO | [441270] 일봉상세: 가격변화0.0%, 거래량변화0.0%
2025-11-06 20:08:00 | pullback_pattern_001270 | INFO | [001270] 일봉분석: 강도50, 이상적패턴False, 요구신뢰도95
2025-11-06 20:08:00 | pullback_pattern_023160 | INFO | [023160] 일봉분석: 강도50, 이상적패턴False, 요구신뢰도75
2025-11-06 20:08:00 | pullback_pattern_009540 | INFO | [009540] 일봉분석: 강도50, 이상적패턴False, 요구신뢰도70
2025-11-06 20:08:00 | pullback_pattern_001270 | INFO | [001270] 일봉상세: 가격변화0.0%, 거래량변화0.0%
2025-11-06 20:08:00 | pullback_pattern_023160 | INFO | [023160] 일봉상세: 가격변화0.0%, 거래량변화0.0%
2025-11-06 20:08:00 | pullback_pattern_441270 | INFO | [441270] 일봉분석: 강도50, 이상적패턴False, 요구신뢰도75
2025-11-06 20:08:00 | pullback_pattern_317830 | INFO | [317830] 일봉분석: 강도50, 이상적패턴False, 요구신뢰도75
2025-11-06 20:08:00 | pullback_pattern_009540 | INFO | [009540] 일봉상세: 가격변화0.0%, 거래량변화0.0%
2025-11-06 20:08:00 | pullback_pattern_019180 | INFO | [019180] 일봉분석: 강도50, 이상적패턴False, 요구신뢰도75
2025-11-06 20:08:00 | pullback_pattern_097230 | INFO | [097230] 일봉분석: 강도50, 이상적패턴False, 요구신뢰도75
2025-11-06 20:08:00 | pullback_pattern_441270 | INFO | [441270] 일봉상세: 가격변화0.0%, 거래량변화0.0%
2025-11-06 20:08:00 | pullback_pattern_023160 | INFO | [023160] 일봉분석: 강도50, 이상적패턴False, 요구신뢰도75
2025-11-06 20:08:00 | pullback_pattern_019180 | INFO | [019180] 일봉상세: 가격변화0.0%, 거래량변화0.0%
2025-11-06 20:08:00 | pullback_pattern_097230 | INFO | [097230] 일봉상세: 가격변화0.0%, 거래량변화0.0%
2025-11-06 20:08:00 | pullback_pattern_023160 | INFO | [023160] 일봉상세: 가격변화0.0%, 거래량변화0.0%
2025-11-06 20:08:00 | pullback_pattern_064260 | INFO | [064260] 일봉분석: 강도50, 이상적패턴False, 요구신뢰도75
2025-11-06 20:08:00 | pullback_pattern_317830 | INFO | [317830] 일봉상세: 가격변화0.0%, 거래량변화0.0%
2025-11-06 20:08:00 | pullback_pattern_009540 | INFO | [009540] 일봉분석: 강도50, 이상적패턴False, 요구신뢰도70
2025-11-06 20:08:00 | pullback_pattern_064260 | INFO | [064260] 일봉상세: 가격변화0.0%, 거래량변화0.0%
2025-11-06 20:08:00 | pullback_pattern_001270 | INFO | [001270] 일봉분석: 강도50, 이상적패턴False, 요구신뢰도95
2025-11-06 20:08:00 | pullback_pattern_009540 | INFO | [009540] 일봉상세: 가격변화0.0%, 거래량변화0.0%
2025-11-06 20:08:00 | pullback_pattern_097230 | INFO | [097230] 일봉분석: 강도50, 이상적패턴False, 요구신뢰도75
2025-11-06 20:08:00 | pullback_pattern_023160 | INFO | [023160] 일봉분석: 강도50, 이상적패턴False, 요구신뢰도75
2025-11-06 20:08:00 | pullback_pattern_441270 | INFO | [441270] 일봉분석: 강도50, 이상적패턴False, 요구신뢰도75
2025-11-06 20:08:00 | pullback_pattern_097230 | INFO | [097230] 일봉상세: 가격변화0.0%, 거래량변화0.0%
2025-11-06 20:08:00 | pullback_pattern_009540 | INFO | [009540] 일봉분석: 강도50, 이상적패턴False, 요구신뢰도70
2025-11-06 20:08:00 | pullback_pattern_023160 | INFO | [023160] 일봉상세: 가격변화0.0%, 거래량변화0.0%
2025-11-06 20:08:00 | pullback_pattern_019180 | INFO | [019180] 일봉분석: 강도50, 이상적패턴False, 요구신뢰도75
2025-11-06 20:08:00 | pullback_pattern_441270 | INFO | [441270] 일봉상세: 가격변화0.0%, 거래량변화0.0%
2025-11-06 20:08:00 | pullback_pattern_064260 | INFO | [064260] 일봉분석: 강도50, 이상적패턴False, 요구신뢰도75
2025-11-06 20:08:00 | pullback_pattern_001270 | INFO | [001270] 일봉상세: 가격변화0.0%, 거래량변화0.0%
2025-11-06 20:08:00 | pullback_pattern_009540 | INFO | [009540] 일봉상세: 가격변화0.0%, 거래량변화0.0%
2025-11-06 20:08:00 | pullback_pattern_064260 | INFO | [064260] 일봉상세: 가격변화0.0%, 거래량변화0.0%
2025-11-06 20:08:00 | pullback_pattern_097230 | INFO | [097230] 일봉분석: 강도50, 이상적패턴False, 요구신뢰도75
2025-11-06 20:08:00 | pullback_pattern_019180 | INFO | [019180] 일봉상세: 가격변화0.0%, 거래량변화0.0%
2025-11-06 20:08:00 | pullback_pattern_023160 | INFO | [023160] 일봉분석: 강도50, 이상적패턴False, 요구신뢰도75
2025-11-06 20:08:00 | pullback_pattern_097230 | INFO | [097230] 일봉상세: 가격변화0.0%, 거래량변화0.0%
2025-11-06 20:08:00 | pullback_pattern_441270 | INFO | [441270] 일봉분석: 강도50, 이상적패턴False, 요구신뢰도75
2025-11-06 20:08:00 | pullback_pattern_317830 | INFO | [317830] 일봉분석: 강도50, 이상적패턴False, 요구신뢰도75
2025-11-06 20:08:00 | pullback_pattern_023160 | INFO | [023160] 일봉상세: 가격변화0.0%, 거래량변화0.0%
2025-11-06 20:08:00 | pullback_pattern_064260 | INFO | [064260] 일봉분석: 강도50, 이상적패턴False, 요구신뢰도75
2025-11-06 20:08:00 | pullback_pattern_441270 | INFO | [441270] 일봉상세: 가격변화0.0%, 거래량변화0.0%
2025-11-06 20:08:00 | pullback_pattern_317830 | INFO | [317830] 일봉상세: 가격변화0.0%, 거래량변화0.0%
2025-11-06 20:08:00 | pullback_pattern_001270 | INFO | [001270] 일봉분석: 강도50, 이상적패턴False, 요구신뢰도95
2025-11-06 20:08:00 | pullback_pattern_064260 | INFO | [064260] 일봉상세: 가격변화0.0%, 거래량변화0.0%
2025-11-06 20:08:00 | pullback_pattern_023160 | INFO | [023160] 일봉분석: 강도50, 이상적패턴False, 요구신뢰도75
2025-11-06 20:08:00 | pullback_pattern_097230 | INFO | [097230] 일봉분석: 강도50, 이상적패턴False, 요구신뢰도75
2025-11-06 20:08:00 | pullback_pattern_019180 | INFO | [019180] 일봉분석: 강도50, 이상적패턴False, 요구신뢰도75
2025-11-06 20:08:00 | pullback_pattern_441270 | INFO | [441270] 일봉분석: 강도50, 이상적패턴False, 요구신뢰도75
2025-11-06 20:08:00 | pullback_pattern_001270 | INFO | [001270] 일봉상세: 가격변화0.0%, 거래량변화0.0%
2025-11-06 20:08:00 | pullback_pattern_097230 | INFO | [097230] 일봉상세: 가격변화0.0%, 거래량변화0.0%
2025-11-06 20:08:00 | pullback_pattern_019180 | INFO | [019180] 일봉상세: 가격변화0.0%, 거래량변화0.0%
2025-11-06 20:08:00 | pullback_pattern_009540 | INFO | [009540] 일봉분석: 강도50, 이상적패턴False, 요구신뢰도70
2025-11-06 20:08:00 | pullback_pattern_064260 | INFO | [064260] 일봉분석: 강도50, 이상적패턴False, 요구신뢰도75
2025-11-06 20:08:00 | pullback_pattern_023160 | INFO | [023160] 일봉상세: 가격변화0.0%, 거래량변화0.0%
2025-11-06 20:08:00 | pullback_pattern_009540 | INFO | [009540] 일봉상세: 가격변화0.0%, 거래량변화0.0%
2025-11-06 20:08:00 | pullback_pattern_441270 | INFO | [441270] 일봉상세: 가격변화0.0%, 거래량변화0.0%
2025-11-06 20:08:00 | pullback_pattern_317830 | INFO | [317830] 일봉분석: 강도50, 이상적패턴False, 요구신뢰도75
2025-11-06 20:08:00 | pullback_pattern_019180 | INFO | [019180] 일봉분석: 강도50, 이상적패턴False, 요구신뢰도75
2025-11-06 20:08:00 | pullback_pattern_001270 | INFO | [001270] 일봉분석: 강도50, 이상적패턴False, 요구신뢰도95
2025-11-06 20:08:00 | pullback_pattern_023160 | INFO | [023160] 일봉분석: 강도50, 이상적패턴False, 요구신뢰도75
2025-11-06 20:08:00 | pullback_pattern_317830 | INFO | [317830] 일봉상세: 가격변화0.0%, 거래량변화0.0%
2025-11-06 20:08:00 | pullback_pattern_019180 | INFO | [019180] 일봉상세: 가격변화0.0%, 거래량변화0.0%
2025-11-06 20:08:00 | pullback_pattern_064260 | INFO | [064260] 일봉상세: 가격변화0.0%, 거래량변화0.0%
2025-11-06 20:08:00 | pullback_pattern_001270 | INFO | [001270] 일봉상세: 가격변화0.0%, 거래량변화0.0%
2025-11-06 20:08:00 | pullback_pattern_441270 | INFO | [441270] 일봉분석: 강도50, 이상적패턴False, 요구신뢰도75
2025-11-06 20:08:00 | pullback_pattern_023160 | INFO | [023160] 일봉상세: 가격변화0.0%, 거래량변화0.0%
2025-11-06 20:08:00 | pullback_pattern_097230 | INFO | [097230] 일봉분석: 강도50, 이상적패턴False, 요구신뢰도75
2025-11-06 20:08:00 | pullback_pattern_009540 | INFO | [009540] 일봉분석: 강도50, 이상적패턴False, 요구신뢰도70
2025-11-06 20:08:00 | pullback_pattern_097230 | INFO | [097230] 일봉상세: 가격변화0.0%, 거래량변화0.0%
2025-11-06 20:08:00 | pullback_pattern_441270 | INFO | [441270] 일봉상세: 가격변화0.0%, 거래량변화0.0%
2025-11-06 20:08:00 | pullback_pattern_019180 | INFO | [019180] 일봉분석: 강도50, 이상적패턴False, 요구신뢰도75
2025-11-06 20:08:00 | pullback_pattern_009540 | INFO | [009540] 일봉상세: 가격변화0.0%, 거래량변화0.0%
2025-11-06 20:08:00 | pullback_pattern_064260 | INFO | [064260] 일봉분석: 강도50, 이상적패턴False, 요구신뢰도75
2025-11-06 20:08:00 | pullback_pattern_001270 | INFO | [001270] 일봉분석: 강도50, 이상적패턴False, 요구신뢰도95
2025-11-06 20:08:00 | pullback_pattern_019180 | INFO | [019180] 일봉상세: 가격변화0.0%, 거래량변화0.0%
2025-11-06 20:08:00 | pullback_pattern_064260 | INFO | [064260] 일봉상세: 가격변화0.0%, 거래량변화0.0%
2025-11-06 20:08:00 | pullback_pattern_001270 | INFO | [001270] 일봉상세: 가격변화0.0%, 거래량변화0.0%
2025-11-06 20:08:00 | pullback_pattern_023160 | INFO | [023160] 일봉분석: 강도50, 이상적패턴False, 요구신뢰도75
2025-11-06 20:08:00 | pullback_pattern_441270 | INFO | [441270] 일봉분석: 강도50, 이상적패턴False, 요구신뢰도75
2025-11-06 20:08:00 | pullback_pattern_317830 | INFO | [317830] 일봉분석: 강도50, 이상적패턴False, 요구신뢰도75
2025-11-06 20:08:00 | pullback_pattern_097230 | INFO | [097230] 일봉분석: 강도50, 이상적패턴False, 요구신뢰도75
2025-11-06 20:08:00 | pullback_pattern_441270 | INFO | [441270] 일봉상세: 가격변화0.0%, 거래량변화0.0%
2025-11-06 20:08:00 | pullback_pattern_023160 | INFO | [023160] 일봉상세: 가격변화0.0%, 거래량변화0.0%
2025-11-06 20:08:00 | pullback_pattern_317830 | INFO | [317830] 일봉상세: 가격변화0.0%, 거래량변화0.0%
2025-11-06 20:08:00 | pullback_pattern_009540 | INFO | [009540] 일봉분석: 강도50, 이상적패턴False, 요구신뢰도70
2025-11-06 20:08:00 | pullback_pattern_019180 | INFO | [019180] 일봉분석: 강도50, 이상적패턴False, 요구신뢰도75
2025-11-06 20:08:00 | pullback_pattern_097230 | INFO | [097230] 일봉상세: 가격변화0.0%, 거래량변화0.0%
2025-11-06 20:08:00 | pullback_pattern_009540 | INFO | [009540] 일봉상세: 가격변화0.0%, 거래량변화0.0%
2025-11-06 20:08:00 | pullback_pattern_019180 | INFO | [019180] 일봉상세: 가격변화0.0%, 거래량변화0.0%
2025-11-06 20:08:00 | pullback_pattern_001270 | INFO | [001270] 일봉분석: 강도50, 이상적패턴False, 요구신뢰도95
2025-11-06 20:08:00 | pullback_pattern_441270 | INFO | [441270] 일봉분석: 강도50, 이상적패턴False, 요구신뢰도75
2025-11-06 20:08:00 | pullback_pattern_023160 | INFO | [023160] 일봉분석: 강도50, 이상적패턴False, 요구신뢰도75
2025-11-06 20:08:00 | pullback_pattern_064260 | INFO | [064260] 일봉분석: 강도50, 이상적패턴False, 요구신뢰도75
2025-11-06 20:08:00 | pullback_pattern_317830 | INFO | [317830] 일봉분석: 강도50, 이상적패턴False, 요구신뢰도75
2025-11-06 20:08:00 | pullback_pattern_097230 | INFO | [097230] 일봉분석: 강도50, 이상적패턴False, 요구신뢰도75
2025-11-06 20:08:00 | pullback_pattern_001270 | INFO | [001270] 일봉상세: 가격변화0.0%, 거래량변화0.0%
2025-11-06 20:08:00 | pullback_pattern_064260 | INFO | [064260] 일봉상세: 가격변화0.0%, 거래량변화0.0%
2025-11-06 20:08:00 | pullback_pattern_023160 | INFO | [023160] 일봉상세: 가격변화0.0%, 거래량변화0.0%
2025-11-06 20:08:00 | pullback_pattern_097230 | INFO | [097230] 일봉상세: 가격변화0.0%, 거래량변화0.0%
2025-11-06 20:08:00 | pullback_pattern_317830 | INFO | [317830] 일봉상세: 가격변화0.0%, 거래량변화0.0%
2025-11-06 20:08:00 | pullback_pattern_441270 | INFO | [441270] 일봉상세: 가격변화0.0%, 거래량변화0.0%
2025-11-06 20:08:00 | pullback_pattern_019180 | INFO | [019180] 일봉분석: 강도50, 이상적패턴False, 요구신뢰도75
2025-11-06 20:08:00 | pullback_pattern_009540 | INFO | [009540] 일봉분석: 강도50, 이상적패턴False, 요구신뢰도75
2025-11-06 20:08:00 | pullback_pattern_019180 | INFO | [019180] 일봉상세: 가격변화0.0%, 거래량변화0.0%
2025-11-06 20:08:00 | pullback_pattern_001270 | INFO | [001270] 일봉분석: 강도50, 이상적패턴False, 요구신뢰도95
2025-11-06 20:08:00 | pullback_pattern_009540 | INFO | [009540] 일봉상세: 가격변화0.0%, 거래량변화0.0%
2025-11-06 20:08:00 | pullback_pattern_317830 | INFO | [317830] 일봉분석: 강도50, 이상적패턴False, 요구신뢰도95
2025-11-06 20:08:00 | pullback_pattern_064260 | INFO | [064260] 일봉분석: 강도50, 이상적패턴False, 요구신뢰도75
2025-11-06 20:08:00 | pullback_pattern_097230 | INFO | [097230] 일봉분석: 강도50, 이상적패턴False, 요구신뢰도75
2025-11-06 20:08:00 | pullback_pattern_001270 | INFO | [001270] 일봉상세: 가격변화0.0%, 거래량변화0.0%
2025-11-06 20:08:00 | pullback_pattern_317830 | INFO | [317830] 일봉상세: 가격변화0.0%, 거래량변화0.0%
2025-11-06 20:08:00 | pullback_pattern_023160 | INFO | [023160] 일봉분석: 강도50, 이상적패턴False, 요구신뢰도75
2025-11-06 20:08:00 | pullback_pattern_097230 | INFO | [097230] 일봉상세: 가격변화0.0%, 거래량변화0.0%
2025-11-06 20:08:00 | pullback_pattern_019180 | INFO | [019180] 일봉분석: 강도50, 이상적패턴False, 요구신뢰도75
2025-11-06 20:08:00 | pullback_pattern_441270 | INFO | [441270] 일봉분석: 강도50, 이상적패턴False, 요구신뢰도75
2025-11-06 20:08:00 | pullback_pattern_023160 | INFO | [023160] 일봉상세: 가격변화0.0%, 거래량변화0.0%
2025-11-06 20:08:00 | pullback_pattern_019180 | INFO | [019180] 일봉상세: 가격변화0.0%, 거래량변화0.0%
2025-11-06 20:08:00 | pullback_pattern_064260 | INFO | [064260] 일봉상세: 가격변화0.0%, 거래량변화0.0%
2025-11-06 20:08:00 | pullback_pattern_009540 | INFO | [009540] 일봉분석: 강도50, 이상적패턴False, 요구신뢰도75
2025-11-06 20:08:00 | pullback_pattern_441270 | INFO | [441270] 일봉상세: 가격변화0.0%, 거래량변화0.0%
2025-11-06 20:08:00 | pullback_pattern_001270 | INFO | [001270] 일봉분석: 강도50, 이상적패턴False, 요구신뢰도95
2025-11-06 20:08:00 | pullback_pattern_009540 | INFO | [009540] 일봉상세: 가격변화0.0%, 거래량변화0.0%
2025-11-06 20:08:00 | pullback_pattern_317830 | INFO | [317830] 일봉분석: 강도50, 이상적패턴False, 요구신뢰도95
2025-11-06 20:08:00 | pullback_pattern_097230 | INFO | [097230] 일봉분석: 강도50, 이상적패턴False, 요구신뢰도75
2025-11-06 20:08:00 | pullback_pattern_009540 | INFO | [009540] 4단계패턴매수: 신뢰도93%, 진입가0원
2025-11-06 20:08:00 | pullback_pattern_064260 | INFO | [064260] 일봉분석: 강도50, 이상적패턴False, 요구신뢰도75
2025-11-06 20:08:00 | pullback_pattern_441270 | INFO | [441270] 일봉분석: 강도50, 이상적패턴False, 요구신뢰도75
2025-11-06 20:08:00 | pullback_pattern_001270 | INFO | [001270] 일봉상세: 가격변화0.0%, 거래량변화0.0%
2025-11-06 20:08:00 | pullback_pattern_097230 | INFO | [097230] 일봉상세: 가격변화0.0%, 거래량변화0.0%
2025-11-06 20:08:00 | pullback_pattern_317830 | INFO | [317830] 일봉상세: 가격변화0.0%, 거래량변화0.0%
2025-11-06 20:08:00 | pullback_pattern_019180 | INFO | [019180] 일봉분석: 강도50, 이상적패턴False, 요구신뢰도75
2025-11-06 20:08:00 | pullback_pattern_023160 | INFO | [023160] 일봉분석: 강도50, 이상적패턴False, 요구신뢰도75
2025-11-06 20:08:00 | pullback_pattern_441270 | INFO | [441270] 일봉상세: 가격변화0.0%, 거래량변화0.0%
2025-11-06 20:08:00 | pullback_pattern_001270 | INFO | [001270] 일봉분석: 강도50, 이상적패턴False, 요구신뢰도95
2025-11-06 20:08:00 | pullback_pattern_019180 | INFO | [019180] 일봉상세: 가격변화0.0%, 거래량변화0.0%
2025-11-06 20:08:00 | pullback_pattern_009540 | INFO | [009540] 일봉분석: 강도50, 이상적패턴False, 요구신뢰도75
2025-11-06 20:08:00 | pullback_pattern_317830 | INFO | [317830] 일봉분석: 강도50, 이상적패턴False, 요구신뢰도95
✅ 009540 매수 신호 감지: STRONG_BUY (신뢰도: 93.0%)
📊 009540: 가격변화 -0.6%, 거래량 감소, 신뢰도 93%
✅ 009540 패턴 필터 통과: 패턴 필터 통과
2025-11-06 20:08:00 | pullback_pattern_064260 | INFO | [064260] 일봉상세: 가격변화0.0%, 거래량변화0.0%
2025-11-06 20:08:00 | pullback_pattern_023160 | INFO | [023160] 일봉상세: 가격변화0.0%, 거래량변화0.0%
2025-11-06 20:08:00 | __main__ | INFO | 🕰️ [484810] 매수 쿨다운 설정: 09:36 + 25분 = 10:01
2025-11-06 20:08:00 | pullback_pattern_001270 | INFO | [001270] 일봉상세: 가격변화0.0%, 거래량변화0.0%
2025-11-06 20:08:00 | pullback_pattern_097230 | INFO | [097230] 일봉분석: 강도50, 이상적패턴False, 요구신뢰도75
2025-11-06 20:08:00 | pullback_pattern_317830 | INFO | [317830] 일봉상세: 가격변화0.0%, 거래량변화0.0%
2025-11-06 20:08:00 | __main__ | DEBUG | ⚠️ [10:06] 포지션 보유 중(매도예정: 10:08)으로 매수 건너뜀
2025-11-06 20:08:00 | pullback_pattern_441270 | INFO | [441270] 일봉분석: 강도50, 이상적패턴False, 요구신뢰도75
2025-11-06 20:08:00 | pullback_pattern_097230 | INFO | [097230] 일봉상세: 가격변화0.0%, 거래량변화0.0%
2025-11-06 20:08:00 | pullback_pattern_009540 | INFO | [009540] 일봉상세: 가격변화0.0%, 거래량변화0.0%
2025-11-06 20:08:00 | pullback_pattern_023160 | INFO | [023160] 일봉분석: 강도50, 이상적패턴False, 요구신뢰도75
2025-11-06 20:08:00 | pullback_pattern_441270 | INFO | [441270] 일봉상세: 가격변화0.0%, 거래량변화0.0%
2025-11-06 20:08:00 | pullback_pattern_019180 | INFO | [019180] 일봉분석: 강도50, 이상적패턴False, 요구신뢰도75
2025-11-06 20:08:00 | pullback_pattern_001270 | INFO | [001270] 일봉분석: 강도50, 이상적패턴False, 요구신뢰도95
2025-11-06 20:08:00 | __main__ | INFO | 📈 [484810] 거래 시뮬레이션 완료:
2025-11-06 20:08:00 | pullback_pattern_317830 | INFO | [317830] 일봉분석: 강도50, 이상적패턴False, 요구신뢰도95
2025-11-06 20:08:00 | pullback_pattern_023160 | INFO | [023160] 일봉상세: 가격변화0.0%, 거래량변화0.0%
2025-11-06 20:08:00 | pullback_pattern_097230 | INFO | [097230] 일봉분석: 강도50, 이상적패턴False, 요구신뢰도75
2025-11-06 20:08:00 | __main__ | INFO |    전체 거래: 1건
2025-11-06 20:08:00 | pullback_pattern_441270 | INFO | [441270] 일봉분석: 강도50, 이상적패턴False, 요구신뢰도75
2025-11-06 20:08:00 | pullback_pattern_064260 | INFO | [064260] 일봉분석: 강도50, 이상적패턴False, 요구신뢰도75
2025-11-06 20:08:00 | pullback_pattern_001270 | INFO | [001270] 일봉상세: 가격변화0.0%, 거래량변화0.0%
2025-11-06 20:08:00 | pullback_pattern_019180 | INFO | [019180] 일봉상세: 가격변화0.0%, 거래량변화0.0%
2025-11-06 20:08:00 | __main__ | INFO |    완료 거래: 1건
2025-11-06 20:08:00 | pullback_pattern_441270 | INFO | [441270] 일봉상세: 가격변화0.0%, 거래량변화0.0%
2025-11-06 20:08:00 | pullback_pattern_064260 | INFO | [064260] 일봉상세: 가격변화0.0%, 거래량변화0.0%
2025-11-06 20:08:00 | pullback_pattern_023160 | INFO | [023160] 일봉분석: 강도50, 이상적패턴False, 요구신뢰도75
2025-11-06 20:08:00 | __main__ | INFO |    성공 거래: 1건
2025-11-06 20:08:00 | pullback_pattern_009540 | INFO | [009540] 일봉분석: 강도50, 이상적패턴False, 요구신뢰도75
2025-11-06 20:08:00 | pullback_pattern_023160 | INFO | [023160] 일봉상세: 가격변화0.0%, 거래량변화0.0%
2025-11-06 20:08:00 | __main__ | INFO |    매수 못한 기회: 0건
2025-11-06 20:08:00 | pullback_pattern_019180 | INFO | [019180] 일봉분석: 강도50, 이상적패턴False, 요구신뢰도75
2025-11-06 20:08:00 | pullback_pattern_441270 | INFO | [441270] 일봉분석: 강도50, 이상적패턴False, 요구신뢰도75
2025-11-06 20:08:00 | pullback_pattern_009540 | INFO | [009540] 일봉상세: 가격변화0.0%, 거래량변화0.0%
2025-11-06 20:08:00 | pullback_pattern_001270 | INFO | [001270] 일봉분석: 강도50, 이상적패턴False, 요구신뢰도95
2025-11-06 20:08:00 | __main__ | INFO | 🌅 12시 이전 매수 거래:
2025-11-06 20:08:00 | pullback_pattern_019180 | INFO | [019180] 일봉상세: 가격변화0.0%, 거래량변화0.0%
2025-11-06 20:08:00 | pullback_pattern_441270 | INFO | [441270] 일봉상세: 가격변화0.0%, 거래량변화0.0%
2025-11-06 20:08:00 | pullback_pattern_097230 | INFO | [097230] 일봉상세: 가격변화0.0%, 거래량변화0.0%
2025-11-06 20:08:00 | __main__ | INFO |    오전 거래 수: 1건
2025-11-06 20:08:00 | pullback_pattern_317830 | INFO | [317830] 일봉상세: 가격변화0.0%, 거래량변화0.0%
2025-11-06 20:08:00 | pullback_pattern_009540 | INFO | [009540] 일봉분석: 강도50, 이상적패턴False, 요구신뢰도75
2025-11-06 20:08:00 | pullback_pattern_064260 | INFO | [064260] 일봉분석: 강도50, 이상적패턴False, 요구신뢰도75
2025-11-06 20:08:00 | pullback_pattern_023160 | INFO | [023160] 일봉분석: 강도50, 이상적패턴False, 요구신뢰도75
2025-11-06 20:08:00 | pullback_pattern_001270 | INFO | [001270] 일봉상세: 가격변화0.0%, 거래량변화0.0%
2025-11-06 20:08:00 | __main__ | INFO |    오전 성공: 1건
2025-11-06 20:08:00 | pullback_pattern_009540 | INFO | [009540] 일봉상세: 가격변화0.0%, 거래량변화0.0%
2025-11-06 20:08:00 | pullback_pattern_441270 | INFO | [441270] 일봉분석: 강도50, 이상적패턴False, 요구신뢰도75
2025-11-06 20:08:00 | pullback_pattern_097230 | INFO | [097230] 일봉분석: 강도50, 이상적패턴False, 요구신뢰도75
2025-11-06 20:08:00 | pullback_pattern_317830 | INFO | [317830] 일봉분석: 강도50, 이상적패턴False, 요구신뢰도95
2025-11-06 20:08:00 | __main__ | INFO |    오전 실패: 0건
2025-11-06 20:08:00 | pullback_pattern_064260 | INFO | [064260] 일봉상세: 가격변화0.0%, 거래량변화0.0%
2025-11-06 20:08:00 | pullback_pattern_441270 | INFO | [441270] 일봉상세: 가격변화0.0%, 거래량변화0.0%
2025-11-06 20:08:00 | pullback_pattern_317830 | INFO | [317830] 일봉상세: 가격변화0.0%, 거래량변화0.0%
2025-11-06 20:08:00 | pullback_pattern_001270 | INFO | [001270] 일봉분석: 강도50, 이상적패턴False, 요구신뢰도95
2025-11-06 20:08:00 | __main__ | INFO |    오전 승률: 100.0%
2025-11-06 20:08:00 | pullback_pattern_009540 | INFO | [009540] 일봉분석: 강도50, 이상적패턴False, 요구신뢰도75
2025-11-06 20:08:00 | pullback_pattern_097230 | INFO | [097230] 일봉상세: 가격변화0.0%, 거래량변화0.0%
2025-11-06 20:08:00 | pullback_pattern_001270 | INFO | [001270] 일봉상세: 가격변화0.0%, 거래량변화0.0%
2025-11-06 20:08:00 | __main__ | INFO |    오전 평균 수익률: +3.50%
2025-11-06 20:08:00 | pullback_pattern_019180 | INFO | [019180] 일봉분석: 강도50, 이상적패턴False, 요구신뢰도75
2025-11-06 20:08:00 | pullback_pattern_023160 | INFO | [023160] 일봉상세: 가격변화0.0%, 거래량변화0.0%
2025-11-06 20:08:00 | pullback_pattern_009540 | INFO | [009540] 일봉상세: 가격변화0.0%, 거래량변화0.0%
2025-11-06 20:08:00 | pullback_pattern_317830 | INFO | [317830] 일봉분석: 강도50, 이상적패턴False, 요구신뢰도95
2025-11-06 20:08:00 | pullback_pattern_019180 | INFO | [019180] 일봉상세: 가격변화0.0%, 거래량변화0.0%
2025-11-06 20:08:00 | pullback_pattern_097230 | INFO | [097230] 일봉분석: 강도50, 이상적패턴False, 요구신뢰도75
2025-11-06 20:08:00 | __main__ | INFO |    🟢 09:36 매수 → +3.50%
2025-11-06 20:08:00 | pullback_pattern_001270 | INFO | [001270] 일봉분석: 강도50, 이상적패턴False, 요구신뢰도95
2025-11-06 20:08:00 | pullback_pattern_317830 | INFO | [317830] 일봉상세: 가격변화0.0%, 거래량변화0.0%
2025-11-06 20:08:00 | pullback_pattern_097230 | INFO | [097230] 일봉상세: 가격변화0.0%, 거래량변화0.0%
2025-11-06 20:08:00 | pullback_pattern_441270 | INFO | [441270] 일봉분석: 강도50, 이상적패턴False, 요구신뢰도75
2025-11-06 20:08:00 | pullback_pattern_001270 | INFO | [001270] 일봉상세: 가격변화0.0%, 거래량변화0.0%
2025-11-06 20:08:00 | __main__ | INFO | 🎯 [468530] 총 0개 매수 신호 발견 (실시간 방식)
2025-11-06 20:08:00 | pullback_pattern_023160 | INFO | [023160] 일봉분석: 강도50, 이상적패턴False, 요구신뢰도75
2025-11-06 20:08:00 | pullback_pattern_064260 | INFO | [064260] 일봉분석: 강도50, 이상적패턴False, 요구신뢰도75
2025-11-06 20:08:00 | pullback_pattern_019180 | INFO | [019180] 일봉분석: 강도50, 이상적패턴False, 요구신뢰도75
2025-11-06 20:08:00 | pullback_pattern_023160 | INFO | [023160] 일봉상세: 가격변화0.0%, 거래량변화0.0%
2025-11-06 20:08:00 | pullback_pattern_009540 | INFO | [009540] 일봉분석: 강도50, 이상적패턴False, 요구신뢰도75
2025-11-06 20:08:00 | pullback_pattern_317830 | INFO | [317830] 일봉분석: 강도50, 이상적패턴False, 요구신뢰도95
2025-11-06 20:08:00 | pullback_pattern_019180 | INFO | [019180] 일봉상세: 가격변화0.0%, 거래량변화0.0%
2025-11-06 20:08:00 | pullback_pattern_097230 | INFO | [097230] 일봉분석: 강도50, 이상적패턴False, 요구신뢰도75
2025-11-06 20:08:00 | pullback_pattern_064260 | INFO | [064260] 일봉상세: 가격변화0.0%, 거래량변화0.0%
2025-11-06 20:08:00 | pullback_pattern_001270 | INFO | [001270] 일봉분석: 강도50, 이상적패턴False, 요구신뢰도95
2025-11-06 20:08:00 | pullback_pattern_317830 | INFO | [317830] 일봉상세: 가격변화0.0%, 거래량변화0.0%
2025-11-06 20:08:00 | pullback_pattern_009540 | INFO | [009540] 일봉상세: 가격변화0.0%, 거래량변화0.0%
2025-11-06 20:08:00 | pullback_pattern_023160 | INFO | [023160] 일봉분석: 강도50, 이상적패턴False, 요구신뢰도75
2025-11-06 20:08:00 | __main__ | INFO |    평균 수익률: 3.50%
2025-11-06 20:08:00 | pullback_pattern_097230 | INFO | [097230] 일봉상세: 가격변화0.0%, 거래량변화0.0%
2025-11-06 20:08:00 | pullback_pattern_023160 | INFO | [023160] 일봉상세: 가격변화0.0%, 거래량변화0.0%
2025-11-06 20:08:00 | pullback_pattern_441270 | INFO | [441270] 일봉상세: 가격변화0.0%, 거래량변화0.0%
2025-11-06 20:08:00 | pullback_pattern_019180 | INFO | [019180] 일봉분석: 강도50, 이상적패턴False, 요구신뢰도75
2025-11-06 20:08:00 | pullback_pattern_064260 | INFO | [064260] 일봉분석: 강도50, 이상적패턴False, 요구신뢰도75
2025-11-06 20:08:00 | pullback_pattern_001270 | INFO | [001270] 일봉상세: 가격변화0.0%, 거래량변화0.0%
2025-11-06 20:08:00 | pullback_pattern_009540 | INFO | [009540] 일봉분석: 강도50, 이상적패턴False, 요구신뢰도75
2025-11-06 20:08:00 | pullback_pattern_019180 | INFO | [019180] 일봉상세: 가격변화0.0%, 거래량변화0.0%
2025-11-06 20:08:00 | pullback_pattern_317830 | INFO | [317830] 일봉분석: 강도50, 이상적패턴False, 요구신뢰도95
2025-11-06 20:08:00 | pullback_pattern_064260 | INFO | [064260] 일봉상세: 가격변화0.0%, 거래량변화0.0%
2025-11-06 20:08:00 | pullback_pattern_097230 | INFO | [097230] 일봉분석: 강도50, 이상적패턴False, 요구신뢰도75
2025-11-06 20:08:00 | __main__ | INFO | 매수 신호 없음 - 거래 시뮬레이션 불가 [468530]
2025-11-06 20:08:00 | pullback_pattern_441270 | INFO | [441270] 일봉분석: 강도50, 이상적패턴False, 요구신뢰도75
2025-11-06 20:08:00 | pullback_pattern_023160 | INFO | [023160] 일봉분석: 강도50, 이상적패턴False, 요구신뢰도75
2025-11-06 20:08:00 | pullback_pattern_317830 | INFO | [317830] 일봉상세: 가격변화0.0%, 거래량변화0.0%
2025-11-06 20:08:00 | pullback_pattern_097230 | INFO | [097230] 일봉상세: 가격변화0.0%, 거래량변화0.0%
2025-11-06 20:08:00 | __main__ | INFO | ✅ [484810] 처리 완료 - 1건 거래, 0건 매수 못한 기회
2025-11-06 20:08:00 | pullback_pattern_019180 | INFO | [019180] 일봉분석: 강도50, 이상적패턴False, 요구신뢰도75
2025-11-06 20:08:00 | pullback_pattern_064260 | INFO | [064260] 일봉분석: 강도50, 이상적패턴False, 요구신뢰도75
2025-11-06 20:08:00 | pullback_pattern_009540 | INFO | [009540] 일봉상세: 가격변화0.0%, 거래량변화0.0%
2025-11-06 20:08:00 | pullback_pattern_001270 | INFO | [001270] 일봉분석: 강도50, 이상적패턴False, 요구신뢰도95
2025-11-06 20:08:00 | pullback_pattern_023160 | INFO | [023160] 일봉상세: 가격변화0.0%, 거래량변화0.0%
2025-11-06 20:08:00 | pullback_pattern_441270 | INFO | [441270] 일봉상세: 가격변화0.0%, 거래량변화0.0%
2025-11-06 20:08:00 | __main__ | INFO | ✅ [468530] 처리 완료 - 0건 거래, 0건 매수 못한 기회
2025-11-06 20:08:00 | pullback_pattern_019180 | INFO | [019180] 일봉상세: 가격변화0.0%, 거래량변화0.0%
2025-11-06 20:08:00 | pullback_pattern_317830 | INFO | [317830] 일봉분석: 강도50, 이상적패턴False, 요구신뢰도95
2025-11-06 20:08:00 | pullback_pattern_064260 | INFO | [064260] 일봉상세: 가격변화0.0%, 거래량변화0.0%
2025-11-06 20:08:00 | pullback_pattern_097230 | INFO | [097230] 일봉분석: 강도50, 이상적패턴False, 요구신뢰도75
2025-11-06 20:08:00 | pullback_pattern_317830 | INFO | [317830] 일봉상세: 가격변화0.0%, 거래량변화0.0%
2025-11-06 20:08:00 | pullback_pattern_009540 | INFO | [009540] 일봉분석: 강도50, 이상적패턴False, 요구신뢰도75
2025-11-06 20:08:00 | pullback_pattern_001270 | INFO | [001270] 일봉상세: 가격변화0.0%, 거래량변화0.0%
2025-11-06 20:08:00 | __main__ | INFO | 🔄 [332570] 처리 시작...
2025-11-06 20:08:00 | pullback_pattern_009540 | INFO | [009540] 일봉상세: 가격변화0.0%, 거래량변화0.0%
2025-11-06 20:08:00 | pullback_pattern_097230 | INFO | [097230] 일봉상세: 가격변화0.0%, 거래량변화0.0%
2025-11-06 20:08:00 | pullback_pattern_023160 | INFO | [023160] 일봉분석: 강도50, 이상적패턴False, 요구신뢰도75
2025-11-06 20:08:00 | pullback_pattern_441270 | INFO | [441270] 일봉분석: 강도50, 이상적패턴False, 요구신뢰도75
2025-11-06 20:08:00 | __main__ | INFO | 🔄 [114840] 처리 시작...
2025-11-06 20:08:00 | pullback_pattern_317830 | INFO | [317830] 일봉분석: 강도50, 이상적패턴False, 요구신뢰도95
2025-11-06 20:08:00 | pullback_pattern_019180 | INFO | [019180] 일봉분석: 강도50, 이상적패턴False, 요구신뢰도75
2025-11-06 20:08:00 | pullback_pattern_064260 | INFO | [064260] 일봉분석: 강도50, 이상적패턴False, 요구신뢰도75
2025-11-06 20:08:00 | __main__ | INFO | 💾 [332570] 캐시 데이터 사용 - 380개 봉
2025-11-06 20:08:00 | pullback_pattern_009540 | INFO | [009540] 일봉분석: 강도50, 이상적패턴False, 요구신뢰도75
2025-11-06 20:08:00 | pullback_pattern_441270 | INFO | [441270] 일봉상세: 가격변화0.0%, 거래량변화0.0%
2025-11-06 20:08:00 | pullback_pattern_001270 | INFO | [001270] 일봉분석: 강도50, 이상적패턴False, 요구신뢰도95
2025-11-06 20:08:00 | pullback_pattern_097230 | INFO | [097230] 일봉분석: 강도50, 이상적패턴False, 요구신뢰도75
2025-11-06 20:08:00 | pullback_pattern_023160 | INFO | [023160] 일봉상세: 가격변화0.0%, 거래량변화0.0%
2025-11-06 20:08:00 | pullback_pattern_317830 | INFO | [317830] 일봉상세: 가격변화0.0%, 거래량변화0.0%
2025-11-06 20:08:00 | pullback_pattern_019180 | INFO | [019180] 일봉상세: 가격변화0.0%, 거래량변화0.0%
2025-11-06 20:08:00 | pullback_pattern_001270 | INFO | [001270] 일봉상세: 가격변화0.0%, 거래량변화0.0%
2025-11-06 20:08:00 | pullback_pattern_097230 | INFO | [097230] 일봉상세: 가격변화0.0%, 거래량변화0.0%
2025-11-06 20:08:00 | pullback_pattern_064260 | INFO | [064260] 일봉상세: 가격변화0.0%, 거래량변화0.0%
2025-11-06 20:08:00 | pullback_pattern_009540 | INFO | [009540] 일봉상세: 가격변화0.0%, 거래량변화0.0%
2025-11-06 20:08:00 | __main__ | INFO | 💾 [114840] 캐시 데이터 사용 - 378개 봉
2025-11-06 20:08:00 | pullback_pattern_441270 | INFO | [441270] 일봉분석: 강도50, 이상적패턴False, 요구신뢰도75
2025-11-06 20:08:00 | pullback_pattern_023160 | INFO | [023160] 일봉분석: 강도50, 이상적패턴False, 요구신뢰도75
2025-11-06 20:08:00 | pullback_pattern_441270 | INFO | [441270] 일봉상세: 가격변화0.0%, 거래량변화0.0%
2025-11-06 20:08:00 | pullback_pattern_023160 | INFO | [023160] 일봉상세: 가격변화0.0%, 거래량변화0.0%
2025-11-06 20:08:00 | pullback_pattern_317830 | INFO | [317830] 일봉분석: 강도50, 이상적패턴False, 요구신뢰도95
2025-11-06 20:08:00 | pullback_pattern_009540 | INFO | [009540] 일봉분석: 강도50, 이상적패턴False, 요구신뢰도75
2025-11-06 20:08:00 | pullback_pattern_064260 | INFO | [064260] 일봉분석: 강도50, 이상적패턴False, 요구신뢰도75
2025-11-06 20:08:00 | pullback_pattern_097230 | INFO | [097230] 일봉분석: 강도50, 이상적패턴False, 요구신뢰도75
2025-11-06 20:08:00 | pullback_pattern_317830 | INFO | [317830] 일봉상세: 가격변화0.0%, 거래량변화0.0%
2025-11-06 20:08:00 | pullback_pattern_019180 | INFO | [019180] 일봉분석: 강도50, 이상적패턴False, 요구신뢰도75
2025-11-06 20:08:01 | pullback_pattern_064260 | INFO | [064260] 일봉상세: 가격변화0.0%, 거래량변화0.0%
2025-11-06 20:08:00 | pullback_pattern_001270 | INFO | [001270] 일봉분석: 강도50, 이상적패턴False, 요구신뢰도95
2025-11-06 20:08:01 | pullback_pattern_097230 | INFO | [097230] 일봉상세: 가격변화0.0%, 거래량변화0.0%
2025-11-06 20:08:00 | pullback_pattern_009540 | INFO | [009540] 일봉상세: 가격변화0.0%, 거래량변화0.0%
2025-11-06 20:08:01 | pullback_pattern_441270 | INFO | [441270] 일봉분석: 강도50, 이상적패턴False, 요구신뢰도75
2025-11-06 20:08:01 | pullback_pattern_317830 | INFO | [317830] 일봉분석: 강도50, 이상적패턴False, 요구신뢰도95
2025-11-06 20:08:01 | pullback_pattern_023160 | INFO | [023160] 일봉분석: 강도50, 이상적패턴False, 요구신뢰도75
2025-11-06 20:08:01 | pullback_pattern_064260 | INFO | [064260] 일봉분석: 강도50, 이상적패턴False, 요구신뢰도75
2025-11-06 20:08:01 | pullback_pattern_001270 | INFO | [001270] 일봉상세: 가격변화0.0%, 거래량변화0.0%
2025-11-06 20:08:01 | pullback_pattern_019180 | INFO | [019180] 일봉상세: 가격변화0.0%, 거래량변화0.0%
2025-11-06 20:08:01 | pullback_pattern_441270 | INFO | [441270] 일봉상세: 가격변화0.0%, 거래량변화0.0%
2025-11-06 20:08:01 | pullback_pattern_317830 | INFO | [317830] 일봉상세: 가격변화0.0%, 거래량변화0.0%
2025-11-06 20:08:01 | pullback_pattern_097230 | INFO | [097230] 일봉분석: 강도50, 이상적패턴False, 요구신뢰도75
2025-11-06 20:08:01 | pullback_pattern_009540 | INFO | [009540] 일봉분석: 강도50, 이상적패턴False, 요구신뢰도75
2025-11-06 20:08:01 | pullback_pattern_332570 | INFO | [332570] 일봉분석: 강도50, 이상적패턴False, 요구신뢰도70
2025-11-06 20:08:01 | pullback_pattern_097230 | INFO | [097230] 일봉상세: 가격변화0.0%, 거래량변화0.0%
2025-11-06 20:08:01 | pullback_pattern_064260 | INFO | [064260] 일봉상세: 가격변화0.0%, 거래량변화0.0%
2025-11-06 20:08:01 | pullback_pattern_009540 | INFO | [009540] 일봉상세: 가격변화0.0%, 거래량변화0.0%
2025-11-06 20:08:01 | pullback_pattern_019180 | INFO | [019180] 일봉분석: 강도50, 이상적패턴False, 요구신뢰도75
2025-11-06 20:08:01 | pullback_pattern_001270 | INFO | [001270] 일봉분석: 강도50, 이상적패턴False, 요구신뢰도95
2025-11-06 20:08:01 | pullback_pattern_332570 | INFO | [332570] 일봉상세: 가격변화0.0%, 거래량변화0.0%
2025-11-06 20:08:01 | pullback_pattern_023160 | INFO | [023160] 일봉상세: 가격변화0.0%, 거래량변화0.0%
2025-11-06 20:08:01 | pullback_pattern_441270 | INFO | [441270] 일봉분석: 강도50, 이상적패턴False, 요구신뢰도75
2025-11-06 20:08:01 | pullback_pattern_001270 | INFO | [001270] 일봉상세: 가격변화0.0%, 거래량변화0.0%
2025-11-06 20:08:01 | pullback_pattern_019180 | INFO | [019180] 일봉상세: 가격변화0.0%, 거래량변화0.0%
2025-11-06 20:08:01 | pullback_pattern_097230 | INFO | [097230] 일봉분석: 강도50, 이상적패턴False, 요구신뢰도75
2025-11-06 20:08:01 | pullback_pattern_441270 | INFO | [441270] 일봉상세: 가격변화0.0%, 거래량변화0.0%
2025-11-06 20:08:01 | pullback_pattern_009540 | INFO | [009540] 일봉분석: 강도50, 이상적패턴False, 요구신뢰도75
2025-11-06 20:08:01 | pullback_pattern_097230 | INFO | [097230] 일봉상세: 가격변화0.0%, 거래량변화0.0%
2025-11-06 20:08:01 | pullback_pattern_317830 | INFO | [317830] 일봉분석: 강도50, 이상적패턴False, 요구신뢰도95
2025-11-06 20:08:01 | pullback_pattern_064260 | INFO | [064260] 일봉분석: 강도50, 이상적패턴False, 요구신뢰도75
2025-11-06 20:08:01 | pullback_pattern_023160 | INFO | [023160] 일봉분석: 강도50, 이상적패턴False, 요구신뢰도75
2025-11-06 20:08:01 | pullback_pattern_317830 | INFO | [317830] 일봉상세: 가격변화0.0%, 거래량변화0.0%
2025-11-06 20:08:01 | pullback_pattern_009540 | INFO | [009540] 일봉상세: 가격변화0.0%, 거래량변화0.0%
2025-11-06 20:08:01 | pullback_pattern_064260 | INFO | [064260] 일봉상세: 가격변화0.0%, 거래량변화0.0%
2025-11-06 20:08:01 | pullback_pattern_001270 | INFO | [001270] 일봉분석: 강도50, 이상적패턴False, 요구신뢰도95
2025-11-06 20:08:01 | pullback_pattern_332570 | INFO | [332570] 일봉분석: 강도50, 이상적패턴False, 요구신뢰도70
2025-11-06 20:08:01 | pullback_pattern_441270 | INFO | [441270] 일봉분석: 강도50, 이상적패턴False, 요구신뢰도75
2025-11-06 20:08:01 | pullback_pattern_023160 | INFO | [023160] 일봉상세: 가격변화0.0%, 거래량변화0.0%
2025-11-06 20:08:01 | pullback_pattern_001270 | INFO | [001270] 일봉상세: 가격변화0.0%, 거래량변화0.0%
2025-11-06 20:08:01 | pullback_pattern_332570 | INFO | [332570] 일봉상세: 가격변화0.0%, 거래량변화0.0%
2025-11-06 20:08:01 | pullback_pattern_019180 | INFO | [019180] 일봉분석: 강도50, 이상적패턴False, 요구신뢰도75
2025-11-06 20:08:01 | pullback_pattern_317830 | INFO | [317830] 일봉분석: 강도50, 이상적패턴False, 요구신뢰도95
2025-11-06 20:08:01 | pullback_pattern_009540 | INFO | [009540] 일봉분석: 강도50, 이상적패턴False, 요구신뢰도75
2025-11-06 20:08:01 | pullback_pattern_097230 | INFO | [097230] 일봉분석: 강도50, 이상적패턴False, 요구신뢰도75
2025-11-06 20:08:01 | pullback_pattern_441270 | INFO | [441270] 일봉상세: 가격변화0.0%, 거래량변화0.0%
2025-11-06 20:08:01 | pullback_pattern_317830 | INFO | [317830] 일봉상세: 가격변화0.0%, 거래량변화0.0%
2025-11-06 20:08:01 | pullback_pattern_019180 | INFO | [019180] 일봉상세: 가격변화0.0%, 거래량변화0.0%
2025-11-06 20:08:01 | pullback_pattern_064260 | INFO | [064260] 일봉분석: 강도50, 이상적패턴False, 요구신뢰도75
2025-11-06 20:08:01 | pullback_pattern_009540 | INFO | [009540] 일봉상세: 가격변화0.0%, 거래량변화0.0%
2025-11-06 20:08:01 | pullback_pattern_001270 | INFO | [001270] 일봉분석: 강도50, 이상적패턴False, 요구신뢰도95
2025-11-06 20:08:01 | pullback_pattern_097230 | INFO | [097230] 일봉상세: 가격변화0.0%, 거래량변화0.0%
2025-11-06 20:08:01 | pullback_pattern_023160 | INFO | [023160] 일봉분석: 강도50, 이상적패턴False, 요구신뢰도75
2025-11-06 20:08:01 | pullback_pattern_064260 | INFO | [064260] 일봉상세: 가격변화0.0%, 거래량변화0.0%
2025-11-06 20:08:01 | pullback_pattern_332570 | INFO | [332570] 일봉분석: 강도50, 이상적패턴False, 요구신뢰도70
2025-11-06 20:08:01 | pullback_pattern_001270 | INFO | [001270] 일봉상세: 가격변화0.0%, 거래량변화0.0%
2025-11-06 20:08:01 | pullback_pattern_019180 | INFO | [019180] 일봉분석: 강도50, 이상적패턴False, 요구신뢰도75
2025-11-06 20:08:01 | pullback_pattern_023160 | INFO | [023160] 일봉상세: 가격변화0.0%, 거래량변화0.0%
2025-11-06 20:08:01 | pullback_pattern_332570 | INFO | [332570] 일봉상세: 가격변화0.0%, 거래량변화0.0%
2025-11-06 20:08:01 | pullback_pattern_019180 | INFO | [019180] 일봉상세: 가격변화0.0%, 거래량변화0.0%
2025-11-06 20:08:01 | pullback_pattern_317830 | INFO | [317830] 일봉분석: 강도50, 이상적패턴False, 요구신뢰도95
2025-11-06 20:08:01 | pullback_pattern_001270 | INFO | [001270] 일봉분석: 강도50, 이상적패턴False, 요구신뢰도95
2025-11-06 20:08:01 | pullback_pattern_097230 | INFO | [097230] 일봉분석: 강도50, 이상적패턴False, 요구신뢰도75
2025-11-06 20:08:01 | pullback_pattern_009540 | INFO | [009540] 일봉분석: 강도50, 이상적패턴False, 요구신뢰도75
2025-11-06 20:08:01 | pullback_pattern_064260 | INFO | [064260] 일봉분석: 강도50, 이상적패턴False, 요구신뢰도75
2025-11-06 20:08:01 | pullback_pattern_332570 | INFO | [332570] 일봉분석: 강도50, 이상적패턴False, 요구신뢰도70
2025-11-06 20:08:01 | pullback_pattern_317830 | INFO | [317830] 일봉상세: 가격변화0.0%, 거래량변화0.0%
2025-11-06 20:08:01 | pullback_pattern_009540 | INFO | [009540] 일봉상세: 가격변화0.0%, 거래량변화0.0%
2025-11-06 20:08:01 | pullback_pattern_064260 | INFO | [064260] 일봉상세: 가격변화0.0%, 거래량변화0.0%
2025-11-06 20:08:01 | pullback_pattern_001270 | INFO | [001270] 일봉상세: 가격변화0.0%, 거래량변화0.0%
2025-11-06 20:08:01 | pullback_pattern_019180 | INFO | [019180] 일봉분석: 강도50, 이상적패턴False, 요구신뢰도75
2025-11-06 20:08:01 | pullback_pattern_097230 | INFO | [097230] 일봉상세: 가격변화0.0%, 거래량변화0.0%
2025-11-06 20:08:01 | pullback_pattern_023160 | INFO | [023160] 일봉분석: 강도50, 이상적패턴False, 요구신뢰도75
2025-11-06 20:08:01 | pullback_pattern_332570 | INFO | [332570] 일봉상세: 가격변화0.0%, 거래량변화0.0%
2025-11-06 20:08:01 | pullback_pattern_023160 | INFO | [023160] 일봉상세: 가격변화0.0%, 거래량변화0.0%
2025-11-06 20:08:01 | pullback_pattern_019180 | INFO | [019180] 일봉상세: 가격변화0.0%, 거래량변화0.0%
2025-11-06 20:08:01 | __main__ | INFO | 🎯 [441270] 총 2개 매수 신호 발견 (실시간 방식)
2025-11-06 20:08:01 | pullback_pattern_064260 | INFO | [064260] 일봉분석: 강도50, 이상적패턴False, 요구신뢰도75
2025-11-06 20:08:01 | pullback_pattern_001270 | INFO | [001270] 일봉분석: 강도50, 이상적패턴False, 요구신뢰도95
2025-11-06 20:08:01 | pullback_pattern_317830 | INFO | [317830] 일봉분석: 강도50, 이상적패턴False, 요구신뢰도95
2025-11-06 20:08:01 | pullback_pattern_097230 | INFO | [097230] 일봉분석: 강도50, 이상적패턴False, 요구신뢰도75
2025-11-06 20:08:01 | pullback_pattern_064260 | INFO | [064260] 일봉상세: 가격변화0.0%, 거래량변화0.0%
2025-11-06 20:08:01 | pullback_pattern_001270 | INFO | [001270] 일봉상세: 가격변화0.0%, 거래량변화0.0%
2025-11-06 20:08:01 | pullback_pattern_019180 | INFO | [019180] 일봉분석: 강도50, 이상적패턴False, 요구신뢰도75
2025-11-06 20:08:01 | __main__ | WARNING | ⚠️ [441270] 일봉 패턴 필터 초기화 실패: No module named 'core.indicators.daily_pattern_filter'
2025-11-06 20:08:01 | pullback_pattern_332570 | INFO | [332570] 일봉분석: 강도50, 이상적패턴False, 요구신뢰도70
2025-11-06 20:08:01 | pullback_pattern_009540 | INFO | [009540] 일봉분석: 강도50, 이상적패턴False, 요구신뢰도75
2025-11-06 20:08:01 | pullback_pattern_317830 | INFO | [317830] 일봉상세: 가격변화0.0%, 거래량변화0.0%
2025-11-06 20:08:01 | pullback_pattern_097230 | INFO | [097230] 일봉상세: 가격변화0.0%, 거래량변화0.0%
2025-11-06 20:08:01 | pullback_pattern_023160 | INFO | [023160] 일봉분석: 강도50, 이상적패턴False, 요구신뢰도75
2025-11-06 20:08:01 | pullback_pattern_019180 | INFO | [019180] 일봉상세: 가격변화0.0%, 거래량변화0.0%
2025-11-06 20:08:01 | pullback_pattern_064260 | INFO | [064260] 일봉분석: 강도50, 이상적패턴False, 요구신뢰도75
2025-11-06 20:08:01 | pullback_pattern_009540 | INFO | [009540] 일봉상세: 가격변화0.0%, 거래량변화0.0%
2025-11-06 20:08:01 | pullback_pattern_332570 | INFO | [332570] 일봉상세: 가격변화0.0%, 거래량변화0.0%
2025-11-06 20:08:01 | __main__ | INFO | 🎯 [097230] 총 3개 매수 신호 발견 (실시간 방식)
2025-11-06 20:08:01 | pullback_pattern_001270 | INFO | [001270] 일봉분석: 강도50, 이상적패턴False, 요구신뢰도95
2025-11-06 20:08:01 | pullback_pattern_023160 | INFO | [023160] 일봉상세: 가격변화0.0%, 거래량변화0.0%
2025-11-06 20:08:01 | pullback_pattern_317830 | INFO | [317830] 일봉분석: 강도50, 이상적패턴False, 요구신뢰도95
2025-11-06 20:08:01 | pullback_pattern_064260 | INFO | [064260] 일봉상세: 가격변화0.0%, 거래량변화0.0%
2025-11-06 20:08:01 | __main__ | DEBUG | 🔍 [441270] 4/5가 체크: 돌파봉인덱스=42, 4/5가=12,290원, 다음2봉범위=43~44, 전체데이터길이=128
2025-11-06 20:08:01 | pullback_pattern_001270 | INFO | [001270] 일봉상세: 가격변화0.0%, 거래량변화0.0%
2025-11-06 20:08:01 | pullback_pattern_317830 | INFO | [317830] 일봉상세: 가격변화0.0%, 거래량변화0.0%
2025-11-06 20:08:01 | pullback_pattern_332570 | INFO | [332570] 일봉분석: 강도50, 이상적패턴False, 요구신뢰도70
2025-11-06 20:08:01 | pullback_pattern_009540 | INFO | [009540] 일봉분석: 강도50, 이상적패턴False, 요구신뢰도75
2025-11-06 20:08:01 | pullback_pattern_332570 | INFO | [332570] 일봉상세: 가격변화0.0%, 거래량변화0.0%
2025-11-06 20:08:01 | pullback_pattern_023160 | INFO | [023160] 일봉분석: 강도50, 이상적패턴False, 요구신뢰도75
2025-11-06 20:08:01 | pullback_pattern_009540 | INFO | [009540] 일봉상세: 가격변화0.0%, 거래량변화0.0%
2025-11-06 20:08:01 | __main__ | INFO | 🎯 [019180] 총 2개 매수 신호 발견 (실시간 방식)
2025-11-06 20:08:01 | pullback_pattern_023160 | INFO | [023160] 일봉상세: 가격변화0.0%, 거래량변화0.0%
2025-11-06 20:08:01 | pullback_pattern_001270 | INFO | [001270] 일봉분석: 강도50, 이상적패턴False, 요구신뢰도95
2025-11-06 20:08:01 | pullback_pattern_332570 | INFO | [332570] 일봉분석: 강도50, 이상적패턴False, 요구신뢰도70
2025-11-06 20:08:01 | __main__ | WARNING | ⚠️ [097230] 일봉 패턴 필터 초기화 실패: No module named 'core.indicators.daily_pattern_filter'
2025-11-06 20:08:01 | pullback_pattern_317830 | INFO | [317830] 일봉분석: 강도50, 이상적패턴False, 요구신뢰도95
2025-11-06 20:08:01 | pullback_pattern_332570 | INFO | [332570] 일봉상세: 가격변화0.0%, 거래량변화0.0%
2025-11-06 20:08:01 | pullback_pattern_001270 | INFO | [001270] 일봉상세: 가격변화0.0%, 거래량변화0.0%
2025-11-06 20:08:01 | __main__ | INFO | 🎯 [064260] 총 3개 매수 신호 발견 (실시간 방식)
2025-11-06 20:08:01 | pullback_pattern_317830 | INFO | [317830] 일봉상세: 가격변화0.0%, 거래량변화0.0%
2025-11-06 20:08:01 | pullback_pattern_023160 | INFO | [023160] 일봉분석: 강도50, 이상적패턴False, 요구신뢰도95
2025-11-06 20:08:01 | __main__ | DEBUG | 🔍 [441270] 다음 2개 3분봉 데이터: 2개
2025-11-06 20:08:01 | pullback_pattern_009540 | INFO | [009540] 일봉분석: 강도50, 이상적패턴False, 요구신뢰도75
2025-11-06 20:08:01 | pullback_pattern_023160 | INFO | [023160] 일봉상세: 가격변화0.0%, 거래량변화0.0%
2025-11-06 20:08:01 | pullback_pattern_332570 | INFO | [332570] 일봉분석: 강도50, 이상적패턴False, 요구신뢰도70
2025-11-06 20:08:01 | __main__ | WARNING | ⚠️ [019180] 일봉 패턴 필터 초기화 실패: No module named 'core.indicators.daily_pattern_filter'
2025-11-06 20:08:01 | pullback_pattern_332570 | INFO | [332570] 일봉상세: 가격변화0.0%, 거래량변화0.0%
2025-11-06 20:08:01 | pullback_pattern_001270 | INFO | [001270] 일봉분석: 강도50, 이상적패턴False, 요구신뢰도95
2025-11-06 20:08:01 | __main__ | DEBUG | 🔍 [097230] 4/5가 체크: 돌파봉인덱스=11, 4/5가=21,220원, 다음2봉범위=12~13, 전체데이터길이=128
2025-11-06 20:08:01 | pullback_pattern_317830 | INFO | [317830] 일봉분석: 강도50, 이상적패턴False, 요구신뢰도95
2025-11-06 20:08:01 | pullback_pattern_009540 | INFO | [009540] 일봉상세: 가격변화0.0%, 거래량변화0.0%
2025-11-06 20:08:01 | __main__ | WARNING | ⚠️ [064260] 일봉 패턴 필터 초기화 실패: No module named 'core.indicators.daily_pattern_filter'
2025-11-06 20:08:01 | pullback_pattern_023160 | INFO | [023160] 일봉분석: 강도50, 이상적패턴False, 요구신뢰도95
2025-11-06 20:08:01 | pullback_pattern_001270 | INFO | [001270] 일봉상세: 가격변화0.0%, 거래량변화0.0%
2025-11-06 20:08:01 | pullback_pattern_317830 | INFO | [317830] 일봉상세: 가격변화0.0%, 거래량변화0.0%
2025-11-06 20:08:01 | pullback_pattern_332570 | INFO | [332570] 일봉분석: 강도50, 이상적패턴False, 요구신뢰도70
2025-11-06 20:08:01 | pullback_pattern_023160 | INFO | [023160] 일봉상세: 가격변화0.0%, 거래량변화0.0%
2025-11-06 20:08:01 | pullback_pattern_332570 | INFO | [332570] 일봉상세: 가격변화0.0%, 거래량변화0.0%
2025-11-06 20:08:01 | __main__ | DEBUG |   봉1(인덱스43): 11:09 저가=12,290원, 4/5가=12,290원, 도달여부=True
2025-11-06 20:08:01 | __main__ | DEBUG | ⚠️ [10:06] selection_date(14:41) 이전 신호로 건너뜀
2025-11-06 20:08:01 | __main__ | DEBUG | 🔍 [097230] 다음 2개 3분봉 데이터: 2개
2025-11-06 20:08:01 | __main__ | DEBUG |   봉2(인덱스44): 11:12 저가=12,250원, 4/5가=12,290원, 도달여부=True
2025-11-06 20:08:01 | pullback_pattern_009540 | INFO | [009540] 일봉분석: 강도50, 이상적패턴False, 요구신뢰도75
2025-11-06 20:08:01 | __main__ | DEBUG | 🔍 [064260] 4/5가 체크: 돌파봉인덱스=25, 4/5가=8,784원, 다음2봉범위=26~27, 전체데이터길이=128
2025-11-06 20:08:01 | pullback_pattern_317830 | INFO | [317830] 일봉분석: 강도50, 이상적패턴False, 요구신뢰도95
2025-11-06 20:08:01 | pullback_pattern_009540 | INFO | [009540] 일봉상세: 가격변화0.0%, 거래량변화0.0%
2025-11-06 20:08:01 | pullback_pattern_001270 | INFO | [001270] 일봉분석: 강도50, 이상적패턴False, 요구신뢰도95
2025-11-06 20:08:01 | pullback_pattern_317830 | INFO | [317830] 일봉상세: 가격변화0.0%, 거래량변화0.0%
2025-11-06 20:08:01 | pullback_pattern_023160 | INFO | [023160] 일봉분석: 강도50, 이상적패턴False, 요구신뢰도95
2025-11-06 20:08:01 | __main__ | DEBUG | ⚠️ [10:09] selection_date(14:41) 이전 신호로 건너뜀
2025-11-06 20:08:01 | pullback_pattern_332570 | INFO | [332570] 일봉분석: 강도50, 이상적패턴False, 요구신뢰도70
2025-11-06 20:08:01 | pullback_pattern_023160 | INFO | [023160] 일봉상세: 가격변화0.0%, 거래량변화0.0%
2025-11-06 20:08:01 | __main__ | DEBUG |   봉1(인덱스12): 09:36 저가=21,200원, 4/5가=21,220원, 도달여부=True
2025-11-06 20:08:01 | pullback_pattern_001270 | INFO | [001270] 일봉상세: 가격변화0.0%, 거래량변화0.0%
2025-11-06 20:08:01 | pullback_pattern_009540 | INFO | [009540] 일봉분석: 강도50, 이상적패턴False, 요구신뢰도75
2025-11-06 20:08:01 | pullback_pattern_332570 | INFO | [332570] 일봉상세: 가격변화0.0%, 거래량변화0.0%
2025-11-06 20:08:01 | __main__ | DEBUG | ✅ [441270] 4/5가 도달: 11:09 저가 12,290원 ≤ 4/5가 12,290원 (인덱스43)
2025-11-06 20:08:01 | pullback_pattern_317830 | INFO | [317830] 일봉분석: 강도50, 이상적패턴False, 요구신뢰도95
2025-11-06 20:08:01 | pullback_pattern_009540 | INFO | [009540] 일봉상세: 가격변화0.0%, 거래량변화0.0%
2025-11-06 20:08:01 | pullback_pattern_023160 | INFO | [023160] 일봉분석: 강도50, 이상적패턴False, 요구신뢰도95
2025-11-06 20:08:01 | __main__ | DEBUG | 🔍 [064260] 다음 2개 3분봉 데이터: 2개
2025-11-06 20:08:01 | pullback_pattern_001270 | INFO | [001270] 일봉분석: 강도50, 이상적패턴False, 요구신뢰도95
2025-11-06 20:08:01 | pullback_pattern_317830 | INFO | [317830] 일봉상세: 가격변화0.0%, 거래량변화0.0%
2025-11-06 20:08:01 | pullback_pattern_023160 | INFO | [023160] 일봉상세: 가격변화0.0%, 거래량변화0.0%
2025-11-06 20:08:01 | __main__ | INFO | 📈 [019180] 거래 시뮬레이션 완료:
2025-11-06 20:08:01 | pullback_pattern_332570 | INFO | [332570] 일봉분석: 강도50, 이상적패턴False, 요구신뢰도70
2025-11-06 20:08:01 | pullback_pattern_009540 | INFO | [009540] 일봉분석: 강도50, 이상적패턴False, 요구신뢰도75
2025-11-06 20:08:01 | __main__ | DEBUG |   봉2(인덱스13): 09:39 저가=21,400원, 4/5가=21,220원, 도달여부=False
2025-11-06 20:08:01 | pullback_pattern_001270 | INFO | [001270] 일봉상세: 가격변화0.0%, 거래량변화0.0%
2025-11-06 20:08:01 | pullback_pattern_332570 | INFO | [332570] 일봉상세: 가격변화0.0%, 거래량변화0.0%
2025-11-06 20:08:01 | pullback_pattern_023160 | INFO | [023160] 일봉분석: 강도50, 이상적패턴False, 요구신뢰도95
2025-11-06 20:08:01 | __main__ | DEBUG | 🕐 신호 라벨: 11:06, 신호 발생: 11:09, 매수가: 12,290원
2025-11-06 20:08:01 | pullback_pattern_317830 | INFO | [317830] 일봉분석: 강도50, 이상적패턴False, 요구신뢰도95
2025-11-06 20:08:01 | pullback_pattern_023160 | INFO | [023160] 일봉상세: 가격변화0.0%, 거래량변화0.0%
2025-11-06 20:08:01 | __main__ | DEBUG |   봉1(인덱스26): 10:18 저가=8,750원, 4/5가=8,784원, 도달여부=True
2025-11-06 20:08:01 | pullback_pattern_009540 | INFO | [009540] 일봉상세: 가격변화0.0%, 거래량변화0.0%
2025-11-06 20:08:01 | pullback_pattern_317830 | INFO | [317830] 일봉상세: 가격변화0.0%, 거래량변화0.0%
2025-11-06 20:08:01 | __main__ | INFO |    전체 거래: 0건
2025-11-06 20:08:01 | pullback_pattern_001270 | INFO | [001270] 일봉분석: 강도50, 이상적패턴False, 요구신뢰도95
2025-11-06 20:08:01 | __main__ | DEBUG | ✅ [097230] 4/5가 도달: 09:36 저가 21,200원 ≤ 4/5가 21,220원 (인덱스12)
2025-11-06 20:08:01 | pullback_pattern_001270 | INFO | [001270] 일봉상세: 가격변화0.0%, 거래량변화0.0%
2025-11-06 20:08:01 | pullback_pattern_332570 | INFO | [332570] 일봉분석: 강도50, 이상적패턴False, 요구신뢰도70
2025-11-06 20:08:01 | __main__ | DEBUG | 💰 [441270] 매수 체결: 12,290원 @ 11:09:00 (실제 체결: 11:09:00)
2025-11-06 20:08:01 | pullback_pattern_009540 | INFO | [009540] 일봉분석: 강도50, 이상적패턴False, 요구신뢰도75
2025-11-06 20:08:01 | pullback_pattern_332570 | INFO | [332570] 일봉상세: 가격변화0.0%, 거래량변화0.0%
2025-11-06 20:08:01 | pullback_pattern_317830 | INFO | [317830] 일봉분석: 강도50, 이상적패턴False, 요구신뢰도95
2025-11-06 20:08:01 | pullback_pattern_009540 | INFO | [009540] 일봉상세: 가격변화0.0%, 거래량변화0.0%
2025-11-06 20:08:01 | pullback_pattern_023160 | INFO | [023160] 일봉분석: 강도50, 이상적패턴False, 요구신뢰도95
2025-11-06 20:08:01 | pullback_pattern_001270 | INFO | [001270] 일봉분석: 강도50, 이상적패턴False, 요구신뢰도95
2025-11-06 20:08:01 | __main__ | DEBUG |   봉2(인덱스27): 10:21 저가=8,740원, 4/5가=8,784원, 도달여부=True
2025-11-06 20:08:01 | pullback_pattern_317830 | INFO | [317830] 일봉상세: 가격변화0.0%, 거래량변화0.0%
2025-11-06 20:08:01 | pullback_pattern_001270 | INFO | [001270] 일봉상세: 가격변화0.0%, 거래량변화0.0%
2025-11-06 20:08:01 | __main__ | INFO |    완료 거래: 0건
2025-11-06 20:08:01 | pullback_pattern_009540 | INFO | [009540] 일봉분석: 강도50, 이상적패턴False, 요구신뢰도75
2025-11-06 20:08:01 | pullback_pattern_332570 | INFO | [332570] 일봉분석: 강도50, 이상적패턴False, 요구신뢰도75
2025-11-06 20:08:01 | pullback_pattern_023160 | INFO | [023160] 일봉상세: 가격변화0.0%, 거래량변화0.0%
2025-11-06 20:08:01 | pullback_pattern_009540 | INFO | [009540] 일봉상세: 가격변화0.0%, 거래량변화0.0%
2025-11-06 20:08:01 | __main__ | DEBUG | 🕐 신호 라벨: 09:33, 신호 발생: 09:36, 매수가: 21,220원
2025-11-06 20:08:01 | pullback_pattern_332570 | INFO | [332570] 일봉상세: 가격변화0.0%, 거래량변화0.0%
2025-11-06 20:08:01 | pullback_pattern_317830 | INFO | [317830] 일봉분석: 강도50, 이상적패턴False, 요구신뢰도95
2025-11-06 20:08:01 | __main__ | DEBUG | ⏰ [441270] 25분 쿨다운 설정: 11:34까지
2025-11-06 20:08:01 | pullback_pattern_001270 | INFO | [001270] 일봉분석: 강도50, 이상적패턴False, 요구신뢰도95
2025-11-06 20:08:01 | __main__ | DEBUG | ✅ [064260] 4/5가 도달: 10:18 저가 8,750원 ≤ 4/5가 8,784원 (인덱스26)
2025-11-06 20:08:01 | pullback_pattern_023160 | INFO | [023160] 일봉분석: 강도50, 이상적패턴False, 요구신뢰도95
2025-11-06 20:08:01 | pullback_pattern_001270 | INFO | [001270] 일봉상세: 가격변화0.0%, 거래량변화0.0%
2025-11-06 20:08:01 | pullback_pattern_009540 | INFO | [009540] 일봉분석: 강도50, 이상적패턴False, 요구신뢰도75
2025-11-06 20:08:01 | pullback_pattern_332570 | INFO | [332570] 일봉분석: 강도50, 이상적패턴False, 요구신뢰도75
2025-11-06 20:08:01 | pullback_pattern_023160 | INFO | [023160] 일봉상세: 가격변화0.0%, 거래량변화0.0%
2025-11-06 20:08:01 | pullback_pattern_009540 | INFO | [009540] 일봉상세: 가격변화0.0%, 거래량변화0.0%
2025-11-06 20:08:01 | pullback_pattern_332570 | INFO | [332570] 일봉상세: 가격변화0.0%, 거래량변화0.0%
2025-11-06 20:08:01 | pullback_pattern_317830 | INFO | [317830] 일봉상세: 가격변화0.0%, 거래량변화0.0%
2025-11-06 20:08:01 | __main__ | INFO |    성공 거래: 0건
2025-11-06 20:08:01 | __main__ | DEBUG | 💰 [097230] 매수 체결: 21,220원 @ 09:36:00 (실제 체결: 09:36:00)
2025-11-06 20:08:01 | pullback_pattern_317830 | INFO | [317830] 일봉분석: 강도50, 이상적패턴False, 요구신뢰도95
2025-11-06 20:08:01 | pullback_pattern_317830 | INFO | [317830] 일봉상세: 가격변화0.0%, 거래량변화0.0%
2025-11-06 20:08:01 | __main__ | DEBUG | 🕐 신호 라벨: 10:15, 신호 발생: 10:18, 매수가: 8,784원
2025-11-06 20:08:01 | pullback_pattern_023160 | INFO | [023160] 일봉분석: 강도50, 이상적패턴False, 요구신뢰도95
2025-11-06 20:08:01 | pullback_pattern_009540 | INFO | [009540] 일봉분석: 강도50, 이상적패턴False, 요구신뢰도75
2025-11-06 20:08:01 | __main__ | INFO |    매수 못한 기회: 0건
2025-11-06 20:08:01 | pullback_pattern_001270 | INFO | [001270] 일봉분석: 강도50, 이상적패턴False, 요구신뢰도75
2025-11-06 20:08:01 | pullback_pattern_009540 | INFO | [009540] 일봉상세: 가격변화0.0%, 거래량변화0.0%
2025-11-06 20:08:01 | pullback_pattern_332570 | INFO | [332570] 일봉분석: 강도50, 이상적패턴False, 요구신뢰도75
2025-11-06 20:08:01 | pullback_pattern_023160 | INFO | [023160] 일봉상세: 가격변화0.0%, 거래량변화0.0%
2025-11-06 20:08:01 | pullback_pattern_001270 | INFO | [001270] 일봉상세: 가격변화0.0%, 거래량변화0.0%
2025-11-06 20:08:01 | pullback_pattern_332570 | INFO | [332570] 일봉상세: 가격변화0.0%, 거래량변화0.0%
2025-11-06 20:08:01 | __main__ | DEBUG | ⏰ [097230] 25분 쿨다운 설정: 10:01까지
2025-11-06 20:08:01 | pullback_pattern_317830 | INFO | [317830] 일봉분석: 강도50, 이상적패턴False, 요구신뢰도95
2025-11-06 20:08:01 | __main__ | DEBUG | 💰 [064260] 매수 체결: 8,784원 @ 10:18:00 (실제 체결: 10:18:00)
2025-11-06 20:08:01 | pullback_pattern_317830 | INFO | [317830] 일봉상세: 가격변화0.0%, 거래량변화0.0%
2025-11-06 20:08:01 | pullback_pattern_009540 | INFO | [009540] 일봉분석: 강도50, 이상적패턴False, 요구신뢰도75
2025-11-06 20:08:01 | pullback_pattern_023160 | INFO | [023160] 일봉분석: 강도50, 이상적패턴False, 요구신뢰도95
2025-11-06 20:08:01 | pullback_pattern_332570 | INFO | [332570] 일봉분석: 강도50, 이상적패턴False, 요구신뢰도75
2025-11-06 20:08:01 | pullback_pattern_009540 | INFO | [009540] 일봉상세: 가격변화0.0%, 거래량변화0.0%
2025-11-06 20:08:01 | pullback_pattern_317830 | INFO | [317830] 일봉분석: 강도50, 이상적패턴False, 요구신뢰도95
2025-11-06 20:08:01 | pullback_pattern_023160 | INFO | [023160] 일봉상세: 가격변화0.0%, 거래량변화0.0%
2025-11-06 20:08:01 | pullback_pattern_332570 | INFO | [332570] 일봉상세: 가격변화0.0%, 거래량변화0.0%
2025-11-06 20:08:01 | pullback_pattern_317830 | INFO | [317830] 일봉상세: 가격변화0.0%, 거래량변화0.0%
2025-11-06 20:08:01 | pullback_pattern_001270 | INFO | [001270] 일봉분석: 강도50, 이상적패턴False, 요구신뢰도75
2025-11-06 20:08:01 | __main__ | INFO | ✅ [019180] 처리 완료 - 0건 거래, 0건 매수 못한 기회
2025-11-06 20:08:01 | pullback_pattern_001270 | INFO | [001270] 일봉상세: 가격변화0.0%, 거래량변화0.0%
2025-11-06 20:08:01 | pullback_pattern_009540 | INFO | [009540] 일봉분석: 강도50, 이상적패턴False, 요구신뢰도75
2025-11-06 20:08:01 | pullback_pattern_023160 | INFO | [023160] 일봉분석: 강도50, 이상적패턴False, 요구신뢰도95
2025-11-06 20:08:01 | pullback_pattern_332570 | INFO | [332570] 일봉분석: 강도50, 이상적패턴False, 요구신뢰도75
2025-11-06 20:08:01 | __main__ | DEBUG | ⏰ [064260] 25분 쿨다운 설정: 10:43까지
2025-11-06 20:08:01 | pullback_pattern_023160 | INFO | [023160] 일봉상세: 가격변화0.0%, 거래량변화0.0%
2025-11-06 20:08:01 | pullback_pattern_332570 | INFO | [332570] 일봉상세: 가격변화0.0%, 거래량변화0.0%
2025-11-06 20:08:01 | __main__ | INFO | 🔄 [484870] 처리 시작...
2025-11-06 20:08:01 | pullback_pattern_001270 | INFO | [001270] 일봉분석: 강도50, 이상적패턴False, 요구신뢰도75
2025-11-06 20:08:01 | pullback_pattern_332570 | INFO | [332570] 4단계패턴매수: 신뢰도93%, 진입가0원
2025-11-06 20:08:01 | pullback_pattern_009540 | INFO | [009540] 일봉상세: 가격변화0.0%, 거래량변화0.0%
2025-11-06 20:08:01 | pullback_pattern_001270 | INFO | [001270] 일봉상세: 가격변화0.0%, 거래량변화0.0%
✅ 332570 매수 신호 감지: STRONG_BUY (신뢰도: 93.0%)
📊 332570: 가격변화 +0.1%, 거래량 감소, 신뢰도 93%
🚫 332570 약한 패턴으로 매수 차단: 약한지지구간 (거래량감소-64%/돌파량부족)
2025-11-06 20:08:01 | pullback_pattern_023160 | INFO | [023160] 일봉분석: 강도50, 이상적패턴False, 요구신뢰도95
2025-11-06 20:08:01 | __main__ | INFO | 💾 [484870] 캐시 데이터 사용 - 380개 봉
2025-11-06 20:08:01 | pullback_pattern_023160 | INFO | [023160] 일봉상세: 가격변화0.0%, 거래량변화0.0%
2025-11-06 20:08:01 | pullback_pattern_009540 | INFO | [009540] 일봉분석: 강도50, 이상적패턴False, 요구신뢰도75
2025-11-06 20:08:01 | pullback_pattern_332570 | INFO | [332570] 일봉분석: 강도50, 이상적패턴False, 요구신뢰도75
2025-11-06 20:08:01 | pullback_pattern_001270 | INFO | [001270] 일봉분석: 강도50, 이상적패턴False, 요구신뢰도75
2025-11-06 20:08:01 | pullback_pattern_332570 | INFO | [332570] 일봉상세: 가격변화0.0%, 거래량변화0.0%
2025-11-06 20:08:01 | pullback_pattern_009540 | INFO | [009540] 일봉상세: 가격변화0.0%, 거래량변화0.0%
2025-11-06 20:08:01 | pullback_pattern_023160 | INFO | [023160] 일봉분석: 강도50, 이상적패턴False, 요구신뢰도95
2025-11-06 20:08:01 | pullback_pattern_332570 | INFO | [332570] 4단계패턴매수: 신뢰도91%, 진입가0원
2025-11-06 20:08:01 | pullback_pattern_023160 | INFO | [023160] 일봉상세: 가격변화0.0%, 거래량변화0.0%
2025-11-06 20:08:01 | pullback_pattern_001270 | INFO | [001270] 일봉상세: 가격변화0.0%, 거래량변화0.0%
✅ 332570 매수 신호 감지: STRONG_BUY (신뢰도: 91.0%)
📊 332570: 가격변화 +0.9%, 거래량 감소, 신뢰도 91%
✅ 332570 패턴 필터 통과: 패턴 필터 통과
2025-11-06 20:08:01 | pullback_pattern_484870 | INFO | [484870] 일봉분석: 강도50, 이상적패턴False, 요구신뢰도70
2025-11-06 20:08:01 | pullback_pattern_484870 | INFO | [484870] 일봉상세: 가격변화0.0%, 거래량변화0.0%
2025-11-06 20:08:01 | pullback_pattern_009540 | INFO | [009540] 일봉분석: 강도50, 이상적패턴False, 요구신뢰도75
2025-11-06 20:08:01 | pullback_pattern_023160 | INFO | [023160] 일봉분석: 강도50, 이상적패턴False, 요구신뢰도95
2025-11-06 20:08:01 | pullback_pattern_009540 | INFO | [009540] 일봉상세: 가격변화0.0%, 거래량변화0.0%
2025-11-06 20:08:01 | pullback_pattern_023160 | INFO | [023160] 일봉상세: 가격변화0.0%, 거래량변화0.0%
2025-11-06 20:08:01 | pullback_pattern_484870 | INFO | [484870] 일봉분석: 강도50, 이상적패턴False, 요구신뢰도70
2025-11-06 20:08:01 | pullback_pattern_332570 | INFO | [332570] 일봉분석: 강도50, 이상적패턴False, 요구신뢰도75
2025-11-06 20:08:02 | pullback_pattern_009540 | INFO | [009540] 일봉분석: 강도50, 이상적패턴False, 요구신뢰도75
2025-11-06 20:08:02 | pullback_pattern_484870 | INFO | [484870] 일봉상세: 가격변화0.0%, 거래량변화0.0%
2025-11-06 20:08:02 | pullback_pattern_001270 | INFO | [001270] 일봉분석: 강도50, 이상적패턴False, 요구신뢰도75
2025-11-06 20:08:02 | pullback_pattern_332570 | INFO | [332570] 일봉상세: 가격변화0.0%, 거래량변화0.0%
2025-11-06 20:08:02 | pullback_pattern_009540 | INFO | [009540] 일봉상세: 가격변화0.0%, 거래량변화0.0%
2025-11-06 20:08:02 | pullback_pattern_023160 | INFO | [023160] 일봉분석: 강도50, 이상적패턴False, 요구신뢰도95
2025-11-06 20:08:02 | pullback_pattern_001270 | INFO | [001270] 일봉상세: 가격변화0.0%, 거래량변화0.0%
2025-11-06 20:08:02 | pullback_pattern_317830 | INFO | [317830] 일봉분석: 강도50, 이상적패턴False, 요구신뢰도95
2025-11-06 20:08:02 | pullback_pattern_023160 | INFO | [023160] 일봉상세: 가격변화0.0%, 거래량변화0.0%
2025-11-06 20:08:02 | pullback_pattern_332570 | INFO | [332570] 일봉분석: 강도50, 이상적패턴False, 요구신뢰도75
2025-11-06 20:08:02 | pullback_pattern_484870 | INFO | [484870] 일봉분석: 강도50, 이상적패턴False, 요구신뢰도70
2025-11-06 20:08:02 | pullback_pattern_332570 | INFO | [332570] 일봉상세: 가격변화0.0%, 거래량변화0.0%
2025-11-06 20:08:02 | pullback_pattern_317830 | INFO | [317830] 일봉상세: 가격변화0.0%, 거래량변화0.0%
2025-11-06 20:08:02 | pullback_pattern_484870 | INFO | [484870] 일봉상세: 가격변화0.0%, 거래량변화0.0%
2025-11-06 20:08:02 | pullback_pattern_001270 | INFO | [001270] 일봉분석: 강도50, 이상적패턴False, 요구신뢰도75
2025-11-06 20:08:02 | pullback_pattern_009540 | INFO | [009540] 일봉분석: 강도50, 이상적패턴False, 요구신뢰도75
2025-11-06 20:08:02 | pullback_pattern_001270 | INFO | [001270] 일봉상세: 가격변화0.0%, 거래량변화0.0%
2025-11-06 20:08:02 | pullback_pattern_023160 | INFO | [023160] 일봉분석: 강도50, 이상적패턴False, 요구신뢰도95
2025-11-06 20:08:02 | pullback_pattern_009540 | INFO | [009540] 일봉상세: 가격변화0.0%, 거래량변화0.0%
2025-11-06 20:08:02 | pullback_pattern_023160 | INFO | [023160] 일봉상세: 가격변화0.0%, 거래량변화0.0%
2025-11-06 20:08:02 | pullback_pattern_332570 | INFO | [332570] 일봉분석: 강도50, 이상적패턴False, 요구신뢰도75
2025-11-06 20:08:02 | pullback_pattern_484870 | INFO | [484870] 일봉분석: 강도50, 이상적패턴False, 요구신뢰도70
2025-11-06 20:08:02 | pullback_pattern_001270 | INFO | [001270] 일봉분석: 강도50, 이상적패턴False, 요구신뢰도75
2025-11-06 20:08:02 | pullback_pattern_317830 | INFO | [317830] 일봉분석: 강도50, 이상적패턴False, 요구신뢰도95
2025-11-06 20:08:02 | pullback_pattern_009540 | INFO | [009540] 일봉분석: 강도50, 이상적패턴False, 요구신뢰도75
2025-11-06 20:08:02 | pullback_pattern_001270 | INFO | [001270] 일봉상세: 가격변화0.0%, 거래량변화0.0%
2025-11-06 20:08:02 | pullback_pattern_332570 | INFO | [332570] 일봉상세: 가격변화0.0%, 거래량변화0.0%
2025-11-06 20:08:02 | pullback_pattern_317830 | INFO | [317830] 일봉상세: 가격변화0.0%, 거래량변화0.0%
2025-11-06 20:08:02 | pullback_pattern_484870 | INFO | [484870] 일봉상세: 가격변화0.0%, 거래량변화0.0%
2025-11-06 20:08:02 | pullback_pattern_023160 | INFO | [023160] 일봉분석: 강도50, 이상적패턴False, 요구신뢰도95
2025-11-06 20:08:02 | pullback_pattern_009540 | INFO | [009540] 일봉상세: 가격변화0.0%, 거래량변화0.0%
2025-11-06 20:08:02 | __main__ | INFO | 🕰️ [064260] 매수 쿨다운 설정: 10:18 + 25분 = 10:43
2025-11-06 20:08:02 | pullback_pattern_023160 | INFO | [023160] 일봉상세: 가격변화0.0%, 거래량변화0.0%
2025-11-06 20:08:02 | pullback_pattern_001270 | INFO | [001270] 일봉분석: 강도50, 이상적패턴False, 요구신뢰도75
2025-11-06 20:08:02 | __main__ | DEBUG | ⚠️ [10:45] 포지션 보유 중(매도예정: 10:54)으로 매수 건너뜀
2025-11-06 20:08:02 | pullback_pattern_332570 | INFO | [332570] 일봉분석: 강도50, 이상적패턴False, 요구신뢰도75
2025-11-06 20:08:02 | pullback_pattern_484870 | INFO | [484870] 일봉분석: 강도50, 이상적패턴False, 요구신뢰도70
2025-11-06 20:08:02 | __main__ | DEBUG | ✅ [12:00] 매도 완료, 새 매수 가능
2025-11-06 20:08:02 | pullback_pattern_023160 | INFO | [023160] 일봉분석: 강도50, 이상적패턴False, 요구신뢰도95
2025-11-06 20:08:02 | pullback_pattern_001270 | INFO | [001270] 일봉상세: 가격변화0.0%, 거래량변화0.0%
2025-11-06 20:08:02 | pullback_pattern_009540 | INFO | [009540] 일봉분석: 강도50, 이상적패턴False, 요구신뢰도75
2025-11-06 20:08:02 | __main__ | DEBUG | 🔍 [064260] 4/5가 체크: 돌파봉인덱스=59, 4/5가=8,850원, 다음2봉범위=60~61, 전체데이터길이=128
2025-11-06 20:08:02 | pullback_pattern_332570 | INFO | [332570] 일봉상세: 가격변화0.0%, 거래량변화0.0%
2025-11-06 20:08:02 | pullback_pattern_009540 | INFO | [009540] 일봉상세: 가격변화0.0%, 거래량변화0.0%
2025-11-06 20:08:02 | __main__ | DEBUG | 🔍 [064260] 다음 2개 3분봉 데이터: 2개
2025-11-06 20:08:02 | pullback_pattern_484870 | INFO | [484870] 일봉상세: 가격변화0.0%, 거래량변화0.0%
2025-11-06 20:08:02 | __main__ | DEBUG |   봉1(인덱스60): 12:00 저가=8,860원, 4/5가=8,850원, 도달여부=False
2025-11-06 20:08:02 | pullback_pattern_023160 | INFO | [023160] 일봉상세: 가격변화0.0%, 거래량변화0.0%
2025-11-06 20:08:02 | __main__ | DEBUG |   봉2(인덱스61): 12:03 저가=8,850원, 4/5가=8,850원, 도달여부=True
2025-11-06 20:08:02 | pullback_pattern_001270 | INFO | [001270] 일봉분석: 강도50, 이상적패턴False, 요구신뢰도75
2025-11-06 20:08:02 | pullback_pattern_009540 | INFO | [009540] 일봉분석: 강도50, 이상적패턴False, 요구신뢰도75
2025-11-06 20:08:02 | pullback_pattern_332570 | INFO | [332570] 일봉분석: 강도50, 이상적패턴False, 요구신뢰도75
2025-11-06 20:08:02 | pullback_pattern_001270 | INFO | [001270] 일봉상세: 가격변화0.0%, 거래량변화0.0%
2025-11-06 20:08:02 | __main__ | DEBUG | ✅ [064260] 4/5가 도달: 12:03 저가 8,850원 ≤ 4/5가 8,850원 (인덱스61)
2025-11-06 20:08:02 | pullback_pattern_484870 | INFO | [484870] 일봉분석: 강도50, 이상적패턴False, 요구신뢰도70
2025-11-06 20:08:02 | pullback_pattern_332570 | INFO | [332570] 일봉상세: 가격변화0.0%, 거래량변화0.0%
2025-11-06 20:08:02 | pullback_pattern_317830 | INFO | [317830] 일봉분석: 강도50, 이상적패턴False, 요구신뢰도75
2025-11-06 20:08:02 | pullback_pattern_009540 | INFO | [009540] 일봉상세: 가격변화0.0%, 거래량변화0.0%
2025-11-06 20:08:02 | pullback_pattern_484870 | INFO | [484870] 일봉상세: 가격변화0.0%, 거래량변화0.0%
2025-11-06 20:08:02 | __main__ | DEBUG | 🕐 신호 라벨: 11:57, 신호 발생: 12:00, 매수가: 8,850원
2025-11-06 20:08:02 | pullback_pattern_317830 | INFO | [317830] 일봉상세: 가격변화0.0%, 거래량변화0.0%
2025-11-06 20:08:02 | pullback_pattern_001270 | INFO | [001270] 일봉분석: 강도50, 이상적패턴False, 요구신뢰도75
2025-11-06 20:08:02 | __main__ | DEBUG | 💰 [064260] 매수 체결: 8,850원 @ 12:04:00 (실제 체결: 12:04:00)
2025-11-06 20:08:02 | pullback_pattern_332570 | INFO | [332570] 일봉분석: 강도50, 이상적패턴False, 요구신뢰도75
2025-11-06 20:08:02 | pullback_pattern_001270 | INFO | [001270] 일봉상세: 가격변화0.0%, 거래량변화0.0%
2025-11-06 20:08:02 | pullback_pattern_009540 | INFO | [009540] 일봉분석: 강도50, 이상적패턴False, 요구신뢰도75
2025-11-06 20:08:02 | pullback_pattern_023160 | INFO | [023160] 일봉분석: 강도50, 이상적패턴False, 요구신뢰도95
2025-11-06 20:08:02 | __main__ | DEBUG | ⏰ [064260] 25분 쿨다운 설정: 12:29까지
2025-11-06 20:08:02 | pullback_pattern_484870 | INFO | [484870] 일봉분석: 강도50, 이상적패턴False, 요구신뢰도70
2025-11-06 20:08:02 | pullback_pattern_023160 | INFO | [023160] 일봉상세: 가격변화0.0%, 거래량변화0.0%
2025-11-06 20:08:02 | pullback_pattern_009540 | INFO | [009540] 일봉상세: 가격변화0.0%, 거래량변화0.0%
2025-11-06 20:08:02 | pullback_pattern_332570 | INFO | [332570] 일봉상세: 가격변화0.0%, 거래량변화0.0%
2025-11-06 20:08:02 | pullback_pattern_001270 | INFO | [001270] 일봉분석: 강도50, 이상적패턴False, 요구신뢰도75
2025-11-06 20:08:02 | pullback_pattern_332570 | INFO | [332570] 4단계패턴매수: 신뢰도93%, 진입가0원
2025-11-06 20:08:02 | pullback_pattern_317830 | INFO | [317830] 일봉분석: 강도50, 이상적패턴False, 요구신뢰도75
2025-11-06 20:08:02 | pullback_pattern_001270 | INFO | [001270] 일봉상세: 가격변화0.0%, 거래량변화0.0%
✅ 332570 매수 신호 감지: STRONG_BUY (신뢰도: 93.0%)
📊 332570: 가격변화 +1.9%, 거래량 증가, 신뢰도 93%
✅ 332570 패턴 필터 통과: 패턴 필터 통과
2025-11-06 20:08:02 | pullback_pattern_317830 | INFO | [317830] 일봉상세: 가격변화0.0%, 거래량변화0.0%
2025-11-06 20:08:02 | pullback_pattern_484870 | INFO | [484870] 일봉상세: 가격변화0.0%, 거래량변화0.0%
2025-11-06 20:08:02 | pullback_pattern_009540 | INFO | [009540] 일봉분석: 강도50, 이상적패턴False, 요구신뢰도75
2025-11-06 20:08:02 | pullback_pattern_023160 | INFO | [023160] 일봉분석: 강도50, 이상적패턴False, 요구신뢰도95
2025-11-06 20:08:02 | pullback_pattern_009540 | INFO | [009540] 일봉상세: 가격변화0.0%, 거래량변화0.0%
2025-11-06 20:08:02 | pullback_pattern_023160 | INFO | [023160] 일봉상세: 가격변화0.0%, 거래량변화0.0%
2025-11-06 20:08:02 | pullback_pattern_317830 | INFO | [317830] 일봉분석: 강도50, 이상적패턴False, 요구신뢰도75
2025-11-06 20:08:02 | pullback_pattern_001270 | INFO | [001270] 일봉분석: 강도50, 이상적패턴False, 요구신뢰도75
2025-11-06 20:08:02 | pullback_pattern_484870 | INFO | [484870] 일봉분석: 강도50, 이상적패턴False, 요구신뢰도70
2025-11-06 20:08:02 | pullback_pattern_001270 | INFO | [001270] 일봉상세: 가격변화0.0%, 거래량변화0.0%
2025-11-06 20:08:02 | pullback_pattern_317830 | INFO | [317830] 일봉상세: 가격변화0.0%, 거래량변화0.0%
2025-11-06 20:08:02 | pullback_pattern_484870 | INFO | [484870] 일봉상세: 가격변화0.0%, 거래량변화0.0%
2025-11-06 20:08:02 | pullback_pattern_332570 | INFO | [332570] 일봉분석: 강도50, 이상적패턴False, 요구신뢰도75
2025-11-06 20:08:02 | pullback_pattern_009540 | INFO | [009540] 일봉분석: 강도50, 이상적패턴False, 요구신뢰도75
2025-11-06 20:08:02 | pullback_pattern_023160 | INFO | [023160] 일봉분석: 강도50, 이상적패턴False, 요구신뢰도95
2025-11-06 20:08:02 | pullback_pattern_332570 | INFO | [332570] 일봉상세: 가격변화0.0%, 거래량변화0.0%
2025-11-06 20:08:02 | pullback_pattern_023160 | INFO | [023160] 일봉상세: 가격변화0.0%, 거래량변화0.0%
2025-11-06 20:08:02 | pullback_pattern_009540 | INFO | [009540] 일봉상세: 가격변화0.0%, 거래량변화0.0%
2025-11-06 20:08:02 | pullback_pattern_001270 | INFO | [001270] 일봉분석: 강도50, 이상적패턴False, 요구신뢰도75
2025-11-06 20:08:02 | pullback_pattern_484870 | INFO | [484870] 일봉분석: 강도50, 이상적패턴False, 요구신뢰도70
2025-11-06 20:08:02 | pullback_pattern_317830 | INFO | [317830] 일봉분석: 강도50, 이상적패턴False, 요구신뢰도75
2025-11-06 20:08:02 | pullback_pattern_332570 | INFO | [332570] 일봉분석: 강도50, 이상적패턴False, 요구신뢰도75
2025-11-06 20:08:02 | pullback_pattern_484870 | INFO | [484870] 일봉상세: 가격변화0.0%, 거래량변화0.0%
2025-11-06 20:08:02 | pullback_pattern_023160 | INFO | [023160] 일봉분석: 강도50, 이상적패턴False, 요구신뢰도95
2025-11-06 20:08:02 | pullback_pattern_009540 | INFO | [009540] 일봉분석: 강도50, 이상적패턴False, 요구신뢰도75
2025-11-06 20:08:02 | pullback_pattern_332570 | INFO | [332570] 일봉상세: 가격변화0.0%, 거래량변화0.0%
2025-11-06 20:08:02 | pullback_pattern_001270 | INFO | [001270] 일봉상세: 가격변화0.0%, 거래량변화0.0%
2025-11-06 20:08:02 | pullback_pattern_317830 | INFO | [317830] 일봉상세: 가격변화0.0%, 거래량변화0.0%
2025-11-06 20:08:02 | pullback_pattern_023160 | INFO | [023160] 일봉상세: 가격변화0.0%, 거래량변화0.0%
2025-11-06 20:08:02 | pullback_pattern_484870 | INFO | [484870] 일봉분석: 강도50, 이상적패턴False, 요구신뢰도70
2025-11-06 20:08:02 | pullback_pattern_009540 | INFO | [009540] 일봉상세: 가격변화0.0%, 거래량변화0.0%
2025-11-06 20:08:02 | pullback_pattern_484870 | INFO | [484870] 일봉상세: 가격변화0.0%, 거래량변화0.0%
2025-11-06 20:08:02 | pullback_pattern_332570 | INFO | [332570] 일봉분석: 강도50, 이상적패턴False, 요구신뢰도75
2025-11-06 20:08:02 | pullback_pattern_332570 | INFO | [332570] 일봉상세: 가격변화0.0%, 거래량변화0.0%
2025-11-06 20:08:02 | pullback_pattern_023160 | INFO | [023160] 일봉분석: 강도50, 이상적패턴False, 요구신뢰도95
2025-11-06 20:08:02 | pullback_pattern_001270 | INFO | [001270] 일봉분석: 강도50, 이상적패턴False, 요구신뢰도75
2025-11-06 20:08:02 | pullback_pattern_317830 | INFO | [317830] 일봉분석: 강도50, 이상적패턴False, 요구신뢰도75
2025-11-06 20:08:02 | pullback_pattern_001270 | INFO | [001270] 일봉상세: 가격변화0.0%, 거래량변화0.0%
2025-11-06 20:08:02 | pullback_pattern_009540 | INFO | [009540] 일봉분석: 강도50, 이상적패턴False, 요구신뢰도95
2025-11-06 20:08:02 | pullback_pattern_317830 | INFO | [317830] 일봉상세: 가격변화0.0%, 거래량변화0.0%
2025-11-06 20:08:02 | pullback_pattern_009540 | INFO | [009540] 일봉상세: 가격변화0.0%, 거래량변화0.0%
2025-11-06 20:08:02 | pullback_pattern_332570 | INFO | [332570] 일봉분석: 강도50, 이상적패턴False, 요구신뢰도75
2025-11-06 20:08:02 | pullback_pattern_484870 | INFO | [484870] 일봉분석: 강도50, 이상적패턴False, 요구신뢰도70
2025-11-06 20:08:02 | pullback_pattern_023160 | INFO | [023160] 일봉상세: 가격변화0.0%, 거래량변화0.0%
2025-11-06 20:08:02 | pullback_pattern_317830 | INFO | [317830] 일봉분석: 강도50, 이상적패턴False, 요구신뢰도75
2025-11-06 20:08:02 | pullback_pattern_001270 | INFO | [001270] 일봉분석: 강도50, 이상적패턴False, 요구신뢰도75
2025-11-06 20:08:02 | pullback_pattern_484870 | INFO | [484870] 일봉상세: 가격변화0.0%, 거래량변화0.0%
2025-11-06 20:08:02 | pullback_pattern_001270 | INFO | [001270] 일봉상세: 가격변화0.0%, 거래량변화0.0%
2025-11-06 20:08:02 | pullback_pattern_009540 | INFO | [009540] 일봉분석: 강도50, 이상적패턴False, 요구신뢰도95
2025-11-06 20:08:02 | pullback_pattern_317830 | INFO | [317830] 일봉상세: 가격변화0.0%, 거래량변화0.0%
2025-11-06 20:08:02 | pullback_pattern_009540 | INFO | [009540] 일봉상세: 가격변화0.0%, 거래량변화0.0%
2025-11-06 20:08:02 | pullback_pattern_332570 | INFO | [332570] 일봉상세: 가격변화0.0%, 거래량변화0.0%
2025-11-06 20:08:02 | pullback_pattern_023160 | INFO | [023160] 일봉분석: 강도50, 이상적패턴False, 요구신뢰도95
2025-11-06 20:08:02 | __main__ | INFO | 🕰️ [097230] 매수 쿨다운 설정: 09:36 + 25분 = 10:01
2025-11-06 20:08:02 | pullback_pattern_023160 | INFO | [023160] 일봉상세: 가격변화0.0%, 거래량변화0.0%
2025-11-06 20:08:02 | pullback_pattern_484870 | INFO | [484870] 일봉분석: 강도50, 이상적패턴False, 요구신뢰도70
2025-11-06 20:08:02 | __main__ | INFO | ⚠️ [09:39] 매수 쿨다운 활성화 (남은 시간: 22분)
2025-11-06 20:08:02 | pullback_pattern_484870 | INFO | [484870] 일봉상세: 가격변화0.0%, 거래량변화0.0%
2025-11-06 20:08:02 | pullback_pattern_001270 | INFO | [001270] 일봉분석: 강도50, 이상적패턴False, 요구신뢰도75
2025-11-06 20:08:02 | pullback_pattern_332570 | INFO | [332570] 일봉분석: 강도50, 이상적패턴False, 요구신뢰도75
2025-11-06 20:08:02 | pullback_pattern_317830 | INFO | [317830] 일봉분석: 강도50, 이상적패턴False, 요구신뢰도75
2025-11-06 20:08:02 | pullback_pattern_009540 | INFO | [009540] 일봉분석: 강도50, 이상적패턴False, 요구신뢰도95
2025-11-06 20:08:02 | pullback_pattern_332570 | INFO | [332570] 일봉상세: 가격변화0.0%, 거래량변화0.0%
2025-11-06 20:08:02 | __main__ | INFO | ⚠️ [09:42] 매수 쿨다운 활성화 (남은 시간: 19분)
2025-11-06 20:08:02 | pullback_pattern_484870 | INFO | [484870] 일봉분석: 강도50, 이상적패턴False, 요구신뢰도70
2025-11-06 20:08:02 | pullback_pattern_009540 | INFO | [009540] 일봉상세: 가격변화0.0%, 거래량변화0.0%
2025-11-06 20:08:02 | pullback_pattern_317830 | INFO | [317830] 일봉상세: 가격변화0.0%, 거래량변화0.0%
2025-11-06 20:08:02 | pullback_pattern_001270 | INFO | [001270] 일봉상세: 가격변화0.0%, 거래량변화0.0%
2025-11-06 20:08:02 | pullback_pattern_484870 | INFO | [484870] 일봉상세: 가격변화0.0%, 거래량변화0.0%
2025-11-06 20:08:02 | pullback_pattern_332570 | INFO | [332570] 일봉분석: 강도50, 이상적패턴False, 요구신뢰도75
2025-11-06 20:08:02 | __main__ | INFO | 📈 [097230] 거래 시뮬레이션 완료:
2025-11-06 20:08:02 | pullback_pattern_023160 | INFO | [023160] 일봉분석: 강도50, 이상적패턴False, 요구신뢰도95
2025-11-06 20:08:02 | pullback_pattern_009540 | INFO | [009540] 일봉분석: 강도50, 이상적패턴False, 요구신뢰도95
2025-11-06 20:08:02 | __main__ | INFO |    전체 거래: 1건
2025-11-06 20:08:02 | pullback_pattern_001270 | INFO | [001270] 일봉분석: 강도50, 이상적패턴False, 요구신뢰도75
2025-11-06 20:08:02 | pullback_pattern_023160 | INFO | [023160] 일봉상세: 가격변화0.0%, 거래량변화0.0%
2025-11-06 20:08:02 | pullback_pattern_317830 | INFO | [317830] 일봉분석: 강도50, 이상적패턴False, 요구신뢰도75
2025-11-06 20:08:02 | pullback_pattern_332570 | INFO | [332570] 일봉상세: 가격변화0.0%, 거래량변화0.0%
2025-11-06 20:08:02 | pullback_pattern_114840 | INFO | [114840] 일봉분석: 강도50, 이상적패턴False, 요구신뢰도95
2025-11-06 20:08:02 | pullback_pattern_001270 | INFO | [001270] 일봉상세: 가격변화0.0%, 거래량변화0.0%
2025-11-06 20:08:02 | __main__ | INFO |    완료 거래: 1건
2025-11-06 20:08:02 | pullback_pattern_009540 | INFO | [009540] 일봉상세: 가격변화0.0%, 거래량변화0.0%
2025-11-06 20:08:02 | pullback_pattern_484870 | INFO | [484870] 일봉분석: 강도50, 이상적패턴False, 요구신뢰도70
2025-11-06 20:08:02 | __main__ | INFO |    성공 거래: 1건
2025-11-06 20:08:02 | pullback_pattern_317830 | INFO | [317830] 일봉상세: 가격변화0.0%, 거래량변화0.0%
2025-11-06 20:08:02 | pullback_pattern_023160 | INFO | [023160] 일봉분석: 강도50, 이상적패턴False, 요구신뢰도95
2025-11-06 20:08:02 | pullback_pattern_484870 | INFO | [484870] 일봉상세: 가격변화0.0%, 거래량변화0.0%
2025-11-06 20:08:02 | __main__ | INFO |    매수 못한 기회: 0건
2025-11-06 20:08:02 | pullback_pattern_001270 | INFO | [001270] 일봉분석: 강도50, 이상적패턴False, 요구신뢰도75
2025-11-06 20:08:02 | pullback_pattern_009540 | INFO | [009540] 일봉분석: 강도50, 이상적패턴False, 요구신뢰도95
2025-11-06 20:08:02 | pullback_pattern_114840 | INFO | [114840] 일봉상세: 가격변화0.0%, 거래량변화0.0%
2025-11-06 20:08:02 | pullback_pattern_023160 | INFO | [023160] 일봉상세: 가격변화0.0%, 거래량변화0.0%
2025-11-06 20:08:02 | pullback_pattern_001270 | INFO | [001270] 일봉상세: 가격변화0.0%, 거래량변화0.0%
2025-11-06 20:08:02 | __main__ | INFO | 🌅 12시 이전 매수 거래:
2025-11-06 20:08:02 | pullback_pattern_332570 | INFO | [332570] 일봉분석: 강도50, 이상적패턴False, 요구신뢰도75
2025-11-06 20:08:02 | pullback_pattern_009540 | INFO | [009540] 일봉상세: 가격변화0.0%, 거래량변화0.0%
2025-11-06 20:08:02 | pullback_pattern_484870 | INFO | [484870] 일봉분석: 강도50, 이상적패턴False, 요구신뢰도70
2025-11-06 20:08:02 | pullback_pattern_317830 | INFO | [317830] 일봉분석: 강도50, 이상적패턴False, 요구신뢰도75
2025-11-06 20:08:02 | __main__ | INFO |    오전 거래 수: 1건
2025-11-06 20:08:02 | pullback_pattern_332570 | INFO | [332570] 일봉상세: 가격변화0.0%, 거래량변화0.0%
2025-11-06 20:08:02 | pullback_pattern_317830 | INFO | [317830] 일봉상세: 가격변화0.0%, 거래량변화0.0%
2025-11-06 20:08:02 | pullback_pattern_484870 | INFO | [484870] 일봉상세: 가격변화0.0%, 거래량변화0.0%
2025-11-06 20:08:02 | __main__ | INFO |    오전 성공: 1건
2025-11-06 20:08:02 | pullback_pattern_009540 | INFO | [009540] 일봉분석: 강도50, 이상적패턴False, 요구신뢰도95
2025-11-06 20:08:02 | pullback_pattern_001270 | INFO | [001270] 일봉분석: 강도50, 이상적패턴False, 요구신뢰도75
2025-11-06 20:08:02 | pullback_pattern_114840 | INFO | [114840] 일봉분석: 강도50, 이상적패턴False, 요구신뢰도95
2025-11-06 20:08:02 | pullback_pattern_023160 | INFO | [023160] 일봉분석: 강도50, 이상적패턴False, 요구신뢰도95
2025-11-06 20:08:02 | pullback_pattern_332570 | INFO | [332570] 일봉분석: 강도50, 이상적패턴False, 요구신뢰도75
2025-11-06 20:08:02 | __main__ | INFO |    오전 실패: 0건
2025-11-06 20:08:02 | pullback_pattern_009540 | INFO | [009540] 일봉상세: 가격변화0.0%, 거래량변화0.0%
2025-11-06 20:08:02 | pullback_pattern_484870 | INFO | [484870] 일봉분석: 강도50, 이상적패턴False, 요구신뢰도70
2025-11-06 20:08:02 | pullback_pattern_317830 | INFO | [317830] 일봉분석: 강도50, 이상적패턴False, 요구신뢰도75
2025-11-06 20:08:02 | pullback_pattern_114840 | INFO | [114840] 일봉상세: 가격변화0.0%, 거래량변화0.0%
2025-11-06 20:08:02 | __main__ | INFO |    오전 승률: 100.0%
2025-11-06 20:08:02 | pullback_pattern_332570 | INFO | [332570] 일봉상세: 가격변화0.0%, 거래량변화0.0%
2025-11-06 20:08:02 | pullback_pattern_001270 | INFO | [001270] 일봉상세: 가격변화0.0%, 거래량변화0.0%
2025-11-06 20:08:02 | pullback_pattern_023160 | INFO | [023160] 일봉상세: 가격변화0.0%, 거래량변화0.0%
2025-11-06 20:08:02 | pullback_pattern_484870 | INFO | [484870] 일봉상세: 가격변화0.0%, 거래량변화0.0%
2025-11-06 20:08:02 | pullback_pattern_009540 | INFO | [009540] 일봉분석: 강도50, 이상적패턴False, 요구신뢰도95
2025-11-06 20:08:02 | pullback_pattern_317830 | INFO | [317830] 일봉상세: 가격변화0.0%, 거래량변화0.0%
2025-11-06 20:08:02 | pullback_pattern_009540 | INFO | [009540] 일봉상세: 가격변화0.0%, 거래량변화0.0%
2025-11-06 20:08:02 | pullback_pattern_114840 | INFO | [114840] 일봉분석: 강도50, 이상적패턴False, 요구신뢰도95
2025-11-06 20:08:02 | pullback_pattern_332570 | INFO | [332570] 일봉분석: 강도50, 이상적패턴False, 요구신뢰도75
2025-11-06 20:08:02 | pullback_pattern_001270 | INFO | [001270] 일봉분석: 강도50, 이상적패턴False, 요구신뢰도75
2025-11-06 20:08:02 | pullback_pattern_023160 | INFO | [023160] 일봉분석: 강도50, 이상적패턴False, 요구신뢰도95
2025-11-06 20:08:02 | pullback_pattern_317830 | INFO | [317830] 일봉분석: 강도50, 이상적패턴False, 요구신뢰도75
2025-11-06 20:08:02 | pullback_pattern_332570 | INFO | [332570] 일봉상세: 가격변화0.0%, 거래량변화0.0%
2025-11-06 20:08:02 | pullback_pattern_484870 | INFO | [484870] 일봉분석: 강도50, 이상적패턴False, 요구신뢰도75
2025-11-06 20:08:02 | pullback_pattern_023160 | INFO | [023160] 일봉상세: 가격변화0.0%, 거래량변화0.0%
2025-11-06 20:08:02 | pullback_pattern_114840 | INFO | [114840] 일봉상세: 가격변화0.0%, 거래량변화0.0%
2025-11-06 20:08:02 | pullback_pattern_317830 | INFO | [317830] 일봉상세: 가격변화0.0%, 거래량변화0.0%
2025-11-06 20:08:02 | pullback_pattern_484870 | INFO | [484870] 일봉상세: 가격변화0.0%, 거래량변화0.0%
2025-11-06 20:08:02 | pullback_pattern_001270 | INFO | [001270] 일봉상세: 가격변화0.0%, 거래량변화0.0%
2025-11-06 20:08:02 | pullback_pattern_009540 | INFO | [009540] 일봉분석: 강도50, 이상적패턴False, 요구신뢰도95
2025-11-06 20:08:02 | pullback_pattern_332570 | INFO | [332570] 일봉분석: 강도50, 이상적패턴False, 요구신뢰도75
2025-11-06 20:08:02 | pullback_pattern_009540 | INFO | [009540] 일봉상세: 가격변화0.0%, 거래량변화0.0%
2025-11-06 20:08:02 | pullback_pattern_114840 | INFO | [114840] 일봉분석: 강도50, 이상적패턴False, 요구신뢰도75
2025-11-06 20:08:02 | pullback_pattern_023160 | INFO | [023160] 일봉분석: 강도50, 이상적패턴False, 요구신뢰도95
2025-11-06 20:08:02 | __main__ | INFO |    오전 평균 수익률: +3.50%
2025-11-06 20:08:02 | pullback_pattern_317830 | INFO | [317830] 일봉분석: 강도50, 이상적패턴False, 요구신뢰도75
2025-11-06 20:08:02 | pullback_pattern_001270 | INFO | [001270] 일봉분석: 강도50, 이상적패턴False, 요구신뢰도75
2025-11-06 20:08:02 | pullback_pattern_023160 | INFO | [023160] 일봉상세: 가격변화0.0%, 거래량변화0.0%
2025-11-06 20:08:02 | pullback_pattern_332570 | INFO | [332570] 일봉상세: 가격변화0.0%, 거래량변화0.0%
2025-11-06 20:08:02 | pullback_pattern_114840 | INFO | [114840] 일봉상세: 가격변화0.0%, 거래량변화0.0%
2025-11-06 20:08:02 | __main__ | INFO |    🟢 09:36 매수 → +3.50%
2025-11-06 20:08:02 | pullback_pattern_484870 | INFO | [484870] 일봉분석: 강도50, 이상적패턴False, 요구신뢰도75
2025-11-06 20:08:02 | pullback_pattern_001270 | INFO | [001270] 일봉상세: 가격변화0.0%, 거래량변화0.0%
2025-11-06 20:08:02 | pullback_pattern_023160 | INFO | [023160] 일봉분석: 강도50, 이상적패턴False, 요구신뢰도95
2025-11-06 20:08:02 | __main__ | INFO |    평균 수익률: 3.50%
2025-11-06 20:08:02 | pullback_pattern_009540 | INFO | [009540] 일봉분석: 강도50, 이상적패턴False, 요구신뢰도95
2025-11-06 20:08:02 | pullback_pattern_484870 | INFO | [484870] 일봉상세: 가격변화0.0%, 거래량변화0.0%
2025-11-06 20:08:02 | pullback_pattern_332570 | INFO | [332570] 일봉분석: 강도50, 이상적패턴False, 요구신뢰도75
2025-11-06 20:08:02 | pullback_pattern_317830 | INFO | [317830] 일봉상세: 가격변화0.0%, 거래량변화0.0%
2025-11-06 20:08:02 | pullback_pattern_023160 | INFO | [023160] 일봉상세: 가격변화0.0%, 거래량변화0.0%
2025-11-06 20:08:02 | __main__ | INFO | ✅ [097230] 처리 완료 - 1건 거래, 0건 매수 못한 기회
2025-11-06 20:08:02 | pullback_pattern_001270 | INFO | [001270] 일봉분석: 강도50, 이상적패턴False, 요구신뢰도75
2025-11-06 20:08:02 | pullback_pattern_332570 | INFO | [332570] 일봉상세: 가격변화0.0%, 거래량변화0.0%
2025-11-06 20:08:02 | __main__ | INFO | 🔄 [458870] 처리 시작...
2025-11-06 20:08:02 | pullback_pattern_484870 | INFO | [484870] 일봉분석: 강도50, 이상적패턴False, 요구신뢰도75
2025-11-06 20:08:02 | pullback_pattern_317830 | INFO | [317830] 일봉분석: 강도50, 이상적패턴False, 요구신뢰도75
2025-11-06 20:08:02 | pullback_pattern_009540 | INFO | [009540] 일봉상세: 가격변화0.0%, 거래량변화0.0%
2025-11-06 20:08:02 | pullback_pattern_001270 | INFO | [001270] 일봉상세: 가격변화0.0%, 거래량변화0.0%
2025-11-06 20:08:02 | pullback_pattern_317830 | INFO | [317830] 일봉상세: 가격변화0.0%, 거래량변화0.0%
2025-11-06 20:08:02 | __main__ | INFO | 💾 [458870] 캐시 데이터 사용 - 379개 봉
2025-11-06 20:08:02 | pullback_pattern_023160 | INFO | [023160] 일봉분석: 강도50, 이상적패턴False, 요구신뢰도95
2025-11-06 20:08:02 | pullback_pattern_484870 | INFO | [484870] 일봉상세: 가격변화0.0%, 거래량변화0.0%
2025-11-06 20:08:02 | pullback_pattern_023160 | INFO | [023160] 일봉상세: 가격변화0.0%, 거래량변화0.0%
2025-11-06 20:08:02 | pullback_pattern_009540 | INFO | [009540] 일봉분석: 강도50, 이상적패턴False, 요구신뢰도95
2025-11-06 20:08:02 | pullback_pattern_332570 | INFO | [332570] 일봉분석: 강도50, 이상적패턴False, 요구신뢰도75
2025-11-06 20:08:02 | pullback_pattern_009540 | INFO | [009540] 일봉상세: 가격변화0.0%, 거래량변화0.0%
2025-11-06 20:08:02 | pullback_pattern_332570 | INFO | [332570] 일봉상세: 가격변화0.0%, 거래량변화0.0%
2025-11-06 20:08:02 | pullback_pattern_317830 | INFO | [317830] 일봉분석: 강도50, 이상적패턴False, 요구신뢰도75
2025-11-06 20:08:02 | pullback_pattern_484870 | INFO | [484870] 일봉분석: 강도50, 이상적패턴False, 요구신뢰도75
2025-11-06 20:08:02 | pullback_pattern_317830 | INFO | [317830] 일봉상세: 가격변화0.0%, 거래량변화0.0%
2025-11-06 20:08:02 | pullback_pattern_023160 | INFO | [023160] 일봉분석: 강도50, 이상적패턴False, 요구신뢰도95
2025-11-06 20:08:02 | pullback_pattern_001270 | INFO | [001270] 일봉분석: 강도50, 이상적패턴False, 요구신뢰도75
2025-11-06 20:08:02 | pullback_pattern_023160 | INFO | [023160] 일봉상세: 가격변화0.0%, 거래량변화0.0%
2025-11-06 20:08:02 | pullback_pattern_332570 | INFO | [332570] 일봉분석: 강도50, 이상적패턴False, 요구신뢰도75
2025-11-06 20:08:02 | pullback_pattern_001270 | INFO | [001270] 일봉상세: 가격변화0.0%, 거래량변화0.0%
2025-11-06 20:08:02 | pullback_pattern_484870 | INFO | [484870] 일봉상세: 가격변화0.0%, 거래량변화0.0%
2025-11-06 20:08:02 | pullback_pattern_009540 | INFO | [009540] 일봉분석: 강도50, 이상적패턴False, 요구신뢰도95
2025-11-06 20:08:02 | pullback_pattern_317830 | INFO | [317830] 일봉분석: 강도50, 이상적패턴False, 요구신뢰도75
2025-11-06 20:08:02 | pullback_pattern_009540 | INFO | [009540] 일봉상세: 가격변화0.0%, 거래량변화0.0%
2025-11-06 20:08:02 | pullback_pattern_332570 | INFO | [332570] 일봉상세: 가격변화0.0%, 거래량변화0.0%
2025-11-06 20:08:02 | pullback_pattern_317830 | INFO | [317830] 일봉상세: 가격변화0.0%, 거래량변화0.0%
2025-11-06 20:08:02 | pullback_pattern_023160 | INFO | [023160] 일봉분석: 강도50, 이상적패턴False, 요구신뢰도95
2025-11-06 20:08:02 | pullback_pattern_484870 | INFO | [484870] 일봉분석: 강도50, 이상적패턴False, 요구신뢰도75
2025-11-06 20:08:02 | pullback_pattern_001270 | INFO | [001270] 일봉분석: 강도50, 이상적패턴False, 요구신뢰도75
2025-11-06 20:08:02 | pullback_pattern_023160 | INFO | [023160] 일봉상세: 가격변화0.0%, 거래량변화0.0%
2025-11-06 20:08:02 | pullback_pattern_484870 | INFO | [484870] 일봉상세: 가격변화0.0%, 거래량변화0.0%
2025-11-06 20:08:02 | pullback_pattern_332570 | INFO | [332570] 일봉분석: 강도50, 이상적패턴False, 요구신뢰도75
2025-11-06 20:08:02 | pullback_pattern_009540 | INFO | [009540] 일봉분석: 강도50, 이상적패턴False, 요구신뢰도95
2025-11-06 20:08:02 | pullback_pattern_332570 | INFO | [332570] 일봉상세: 가격변화0.0%, 거래량변화0.0%
2025-11-06 20:08:02 | pullback_pattern_317830 | INFO | [317830] 일봉분석: 강도50, 이상적패턴False, 요구신뢰도75
2025-11-06 20:08:02 | pullback_pattern_001270 | INFO | [001270] 일봉상세: 가격변화0.0%, 거래량변화0.0%
2025-11-06 20:08:02 | pullback_pattern_023160 | INFO | [023160] 일봉분석: 강도50, 이상적패턴False, 요구신뢰도95
2025-11-06 20:08:02 | pullback_pattern_484870 | INFO | [484870] 일봉분석: 강도50, 이상적패턴False, 요구신뢰도75
2025-11-06 20:08:02 | pullback_pattern_009540 | INFO | [009540] 일봉상세: 가격변화0.0%, 거래량변화0.0%
2025-11-06 20:08:02 | pullback_pattern_317830 | INFO | [317830] 일봉상세: 가격변화0.0%, 거래량변화0.0%
2025-11-06 20:08:02 | pullback_pattern_023160 | INFO | [023160] 일봉상세: 가격변화0.0%, 거래량변화0.0%
2025-11-06 20:08:02 | pullback_pattern_332570 | INFO | [332570] 일봉분석: 강도50, 이상적패턴False, 요구신뢰도75
2025-11-06 20:08:02 | pullback_pattern_484870 | INFO | [484870] 일봉상세: 가격변화0.0%, 거래량변화0.0%
2025-11-06 20:08:02 | pullback_pattern_001270 | INFO | [001270] 일봉분석: 강도50, 이상적패턴False, 요구신뢰도75
2025-11-06 20:08:02 | pullback_pattern_332570 | INFO | [332570] 일봉상세: 가격변화0.0%, 거래량변화0.0%
2025-11-06 20:08:02 | pullback_pattern_001270 | INFO | [001270] 일봉상세: 가격변화0.0%, 거래량변화0.0%
2025-11-06 20:08:02 | pullback_pattern_009540 | INFO | [009540] 일봉분석: 강도50, 이상적패턴False, 요구신뢰도95
2025-11-06 20:08:02 | pullback_pattern_009540 | INFO | [009540] 일봉상세: 가격변화0.0%, 거래량변화0.0%
2025-11-06 20:08:02 | pullback_pattern_317830 | INFO | [317830] 일봉분석: 강도50, 이상적패턴False, 요구신뢰도75
2025-11-06 20:08:02 | pullback_pattern_023160 | INFO | [023160] 일봉분석: 강도50, 이상적패턴False, 요구신뢰도95
2025-11-06 20:08:02 | pullback_pattern_332570 | INFO | [332570] 일봉분석: 강도50, 이상적패턴False, 요구신뢰도75
2025-11-06 20:08:02 | pullback_pattern_484870 | INFO | [484870] 일봉분석: 강도50, 이상적패턴False, 요구신뢰도75
2025-11-06 20:08:02 | pullback_pattern_317830 | INFO | [317830] 일봉상세: 가격변화0.0%, 거래량변화0.0%
2025-11-06 20:08:02 | pullback_pattern_332570 | INFO | [332570] 일봉상세: 가격변화0.0%, 거래량변화0.0%
2025-11-06 20:08:02 | pullback_pattern_009540 | INFO | [009540] 일봉분석: 강도50, 이상적패턴False, 요구신뢰도95
2025-11-06 20:08:02 | pullback_pattern_023160 | INFO | [023160] 일봉상세: 가격변화0.0%, 거래량변화0.0%
2025-11-06 20:08:02 | pullback_pattern_484870 | INFO | [484870] 일봉상세: 가격변화0.0%, 거래량변화0.0%
2025-11-06 20:08:02 | pullback_pattern_001270 | INFO | [001270] 일봉분석: 강도50, 이상적패턴False, 요구신뢰도75
2025-11-06 20:08:02 | pullback_pattern_458870 | INFO | [458870] 일봉분석: 강도50, 이상적패턴False, 요구신뢰도70
2025-11-06 20:08:02 | pullback_pattern_009540 | INFO | [009540] 일봉상세: 가격변화0.0%, 거래량변화0.0%
2025-11-06 20:08:02 | pullback_pattern_317830 | INFO | [317830] 일봉분석: 강도50, 이상적패턴False, 요구신뢰도75
2025-11-06 20:08:02 | pullback_pattern_458870 | INFO | [458870] 일봉상세: 가격변화0.0%, 거래량변화0.0%
2025-11-06 20:08:02 | pullback_pattern_332570 | INFO | [332570] 일봉분석: 강도50, 이상적패턴False, 요구신뢰도75
2025-11-06 20:08:03 | pullback_pattern_484870 | INFO | [484870] 일봉분석: 강도50, 이상적패턴False, 요구신뢰도75
2025-11-06 20:08:03 | pullback_pattern_009540 | INFO | [009540] 일봉분석: 강도50, 이상적패턴False, 요구신뢰도95
2025-11-06 20:08:02 | pullback_pattern_001270 | INFO | [001270] 일봉상세: 가격변화0.0%, 거래량변화0.0%
2025-11-06 20:08:03 | pullback_pattern_332570 | INFO | [332570] 일봉상세: 가격변화0.0%, 거래량변화0.0%
2025-11-06 20:08:02 | pullback_pattern_023160 | INFO | [023160] 일봉분석: 강도50, 이상적패턴False, 요구신뢰도95
2025-11-06 20:08:03 | pullback_pattern_009540 | INFO | [009540] 일봉상세: 가격변화0.0%, 거래량변화0.0%
2025-11-06 20:08:03 | __main__ | INFO | 🎯 [001270] 총 3개 매수 신호 발견 (실시간 방식)
2025-11-06 20:08:03 | pullback_pattern_458870 | INFO | [458870] 일봉분석: 강도50, 이상적패턴False, 요구신뢰도70
2025-11-06 20:08:03 | pullback_pattern_023160 | INFO | [023160] 일봉상세: 가격변화0.0%, 거래량변화0.0%
2025-11-06 20:08:03 | pullback_pattern_484870 | INFO | [484870] 일봉상세: 가격변화0.0%, 거래량변화0.0%
2025-11-06 20:08:03 | pullback_pattern_458870 | INFO | [458870] 일봉상세: 가격변화0.0%, 거래량변화0.0%
2025-11-06 20:08:03 | __main__ | WARNING | ⚠️ [001270] 일봉 패턴 필터 초기화 실패: No module named 'core.indicators.daily_pattern_filter'
2025-11-06 20:08:03 | pullback_pattern_317830 | INFO | [317830] 일봉상세: 가격변화0.0%, 거래량변화0.0%
2025-11-06 20:08:03 | pullback_pattern_332570 | INFO | [332570] 일봉분석: 강도50, 이상적패턴False, 요구신뢰도75
2025-11-06 20:08:03 | __main__ | INFO | 🕰️ [064260] 매수 쿨다운 설정: 12:04 + 25분 = 12:29
2025-11-06 20:08:03 | pullback_pattern_009540 | INFO | [009540] 일봉분석: 강도50, 이상적패턴False, 요구신뢰도95
2025-11-06 20:08:03 | pullback_pattern_458870 | INFO | [458870] 일봉분석: 강도50, 이상적패턴False, 요구신뢰도70
2025-11-06 20:08:03 | pullback_pattern_332570 | INFO | [332570] 일봉상세: 가격변화0.0%, 거래량변화0.0%
2025-11-06 20:08:03 | pullback_pattern_023160 | INFO | [023160] 일봉분석: 강도50, 이상적패턴False, 요구신뢰도95
2025-11-06 20:08:03 | pullback_pattern_009540 | INFO | [009540] 일봉상세: 가격변화0.0%, 거래량변화0.0%
2025-11-06 20:08:03 | pullback_pattern_317830 | INFO | [317830] 일봉분석: 강도50, 이상적패턴False, 요구신뢰도75
2025-11-06 20:08:03 | pullback_pattern_458870 | INFO | [458870] 일봉상세: 가격변화0.0%, 거래량변화0.0%
2025-11-06 20:08:03 | pullback_pattern_484870 | INFO | [484870] 일봉분석: 강도50, 이상적패턴False, 요구신뢰도75
2025-11-06 20:08:03 | __main__ | INFO | 📈 [064260] 거래 시뮬레이션 완료:
2025-11-06 20:08:03 | pullback_pattern_317830 | INFO | [317830] 일봉상세: 가격변화0.0%, 거래량변화0.0%
2025-11-06 20:08:03 | pullback_pattern_114840 | INFO | [114840] 일봉분석: 강도50, 이상적패턴False, 요구신뢰도75
2025-11-06 20:08:03 | pullback_pattern_023160 | INFO | [023160] 일봉상세: 가격변화0.0%, 거래량변화0.0%
2025-11-06 20:08:03 | pullback_pattern_484870 | INFO | [484870] 일봉상세: 가격변화0.0%, 거래량변화0.0%
2025-11-06 20:08:03 | pullback_pattern_458870 | INFO | [458870] 일봉분석: 강도50, 이상적패턴False, 요구신뢰도70
2025-11-06 20:08:03 | pullback_pattern_114840 | INFO | [114840] 일봉상세: 가격변화0.0%, 거래량변화0.0%
2025-11-06 20:08:03 | pullback_pattern_332570 | INFO | [332570] 일봉분석: 강도50, 이상적패턴False, 요구신뢰도75
2025-11-06 20:08:03 | pullback_pattern_317830 | INFO | [317830] 일봉분석: 강도50, 이상적패턴False, 요구신뢰도75
2025-11-06 20:08:03 | pullback_pattern_009540 | INFO | [009540] 일봉분석: 강도50, 이상적패턴False, 요구신뢰도95
2025-11-06 20:08:03 | pullback_pattern_023160 | INFO | [023160] 일봉분석: 강도50, 이상적패턴False, 요구신뢰도95
2025-11-06 20:08:03 | pullback_pattern_484870 | INFO | [484870] 일봉분석: 강도50, 이상적패턴False, 요구신뢰도75
2025-11-06 20:08:03 | __main__ | DEBUG | 🔍 [001270] 4/5가 체크: 돌파봉인덱스=28, 4/5가=69,720원, 다음2봉범위=29~30, 전체데이터길이=128
2025-11-06 20:08:03 | pullback_pattern_458870 | INFO | [458870] 일봉상세: 가격변화0.0%, 거래량변화0.0%
2025-11-06 20:08:03 | pullback_pattern_332570 | INFO | [332570] 일봉상세: 가격변화0.0%, 거래량변화0.0%
2025-11-06 20:08:03 | pullback_pattern_317830 | INFO | [317830] 일봉상세: 가격변화0.0%, 거래량변화0.0%
2025-11-06 20:08:03 | pullback_pattern_009540 | INFO | [009540] 일봉상세: 가격변화0.0%, 거래량변화0.0%
2025-11-06 20:08:03 | pullback_pattern_023160 | INFO | [023160] 일봉상세: 가격변화0.0%, 거래량변화0.0%
2025-11-06 20:08:03 | __main__ | INFO | 🕰️ [441270] 매수 쿨다운 설정: 11:09 + 25분 = 11:34
2025-11-06 20:08:03 | pullback_pattern_458870 | INFO | [458870] 일봉분석: 강도50, 이상적패턴False, 요구신뢰도70
2025-11-06 20:08:03 | pullback_pattern_484870 | INFO | [484870] 일봉상세: 가격변화0.0%, 거래량변화0.0%
2025-11-06 20:08:03 | __main__ | INFO |    전체 거래: 2건
2025-11-06 20:08:03 | pullback_pattern_458870 | INFO | [458870] 일봉상세: 가격변화0.0%, 거래량변화0.0%
2025-11-06 20:08:03 | pullback_pattern_332570 | INFO | [332570] 일봉분석: 강도50, 이상적패턴False, 요구신뢰도75
2025-11-06 20:08:03 | pullback_pattern_114840 | INFO | [114840] 일봉분석: 강도50, 이상적패턴False, 요구신뢰도75
2025-11-06 20:08:03 | __main__ | DEBUG | 🔍 [001270] 다음 2개 3분봉 데이터: 2개
2025-11-06 20:08:03 | pullback_pattern_023160 | INFO | [023160] 일봉분석: 강도50, 이상적패턴False, 요구신뢰도95
2025-11-06 20:08:03 | pullback_pattern_332570 | INFO | [332570] 일봉상세: 가격변화0.0%, 거래량변화0.0%
2025-11-06 20:08:03 | pullback_pattern_114840 | INFO | [114840] 일봉상세: 가격변화0.0%, 거래량변화0.0%
2025-11-06 20:08:03 | pullback_pattern_009540 | INFO | [009540] 일봉분석: 강도50, 이상적패턴False, 요구신뢰도95
2025-11-06 20:08:03 | pullback_pattern_458870 | INFO | [458870] 일봉분석: 강도50, 이상적패턴False, 요구신뢰도70
2025-11-06 20:08:03 | __main__ | INFO | ⚠️ [11:24] 매수 쿨다운 활성화 (남은 시간: 10분)
2025-11-06 20:08:03 | pullback_pattern_023160 | INFO | [023160] 일봉상세: 가격변화0.0%, 거래량변화0.0%
2025-11-06 20:08:03 | pullback_pattern_009540 | INFO | [009540] 일봉상세: 가격변화0.0%, 거래량변화0.0%
2025-11-06 20:08:03 | pullback_pattern_458870 | INFO | [458870] 일봉상세: 가격변화0.0%, 거래량변화0.0%
2025-11-06 20:08:03 | __main__ | INFO |    완료 거래: 2건
2025-11-06 20:08:03 | pullback_pattern_317830 | INFO | [317830] 일봉분석: 강도50, 이상적패턴False, 요구신뢰도75
2025-11-06 20:08:03 | pullback_pattern_484870 | INFO | [484870] 일봉분석: 강도50, 이상적패턴False, 요구신뢰도75
2025-11-06 20:08:03 | pullback_pattern_332570 | INFO | [332570] 일봉분석: 강도50, 이상적패턴False, 요구신뢰도75
2025-11-06 20:08:03 | __main__ | DEBUG |   봉1(인덱스29): 10:27 저가=69,300원, 4/5가=69,720원, 도달여부=True
2025-11-06 20:08:03 | pullback_pattern_023160 | INFO | [023160] 일봉분석: 강도50, 이상적패턴False, 요구신뢰도95
2025-11-06 20:08:03 | pullback_pattern_484870 | INFO | [484870] 일봉상세: 가격변화0.0%, 거래량변화0.0%
2025-11-06 20:08:03 | pullback_pattern_114840 | INFO | [114840] 일봉분석: 강도50, 이상적패턴False, 요구신뢰도75
2025-11-06 20:08:03 | pullback_pattern_332570 | INFO | [332570] 일봉상세: 가격변화0.0%, 거래량변화0.0%
2025-11-06 20:08:03 | __main__ | INFO | 📈 [441270] 거래 시뮬레이션 완료:
2025-11-06 20:08:03 | pullback_pattern_009540 | INFO | [009540] 일봉분석: 강도50, 이상적패턴False, 요구신뢰도95
2025-11-06 20:08:03 | pullback_pattern_317830 | INFO | [317830] 일봉상세: 가격변화0.0%, 거래량변화0.0%
2025-11-06 20:08:03 | pullback_pattern_458870 | INFO | [458870] 일봉분석: 강도50, 이상적패턴False, 요구신뢰도70
2025-11-06 20:08:03 | __main__ | INFO |    성공 거래: 1건
2025-11-06 20:08:03 | pullback_pattern_009540 | INFO | [009540] 일봉상세: 가격변화0.0%, 거래량변화0.0%
2025-11-06 20:08:03 | pullback_pattern_114840 | INFO | [114840] 일봉상세: 가격변화0.0%, 거래량변화0.0%
2025-11-06 20:08:03 | __main__ | DEBUG |   봉2(인덱스30): 10:30 저가=69,300원, 4/5가=69,720원, 도달여부=True
2025-11-06 20:08:03 | pullback_pattern_023160 | INFO | [023160] 일봉상세: 가격변화0.0%, 거래량변화0.0%
2025-11-06 20:08:03 | pullback_pattern_458870 | INFO | [458870] 일봉상세: 가격변화0.0%, 거래량변화0.0%
2025-11-06 20:08:03 | pullback_pattern_332570 | INFO | [332570] 일봉분석: 강도50, 이상적패턴False, 요구신뢰도75
2025-11-06 20:08:03 | pullback_pattern_317830 | INFO | [317830] 일봉분석: 강도50, 이상적패턴False, 요구신뢰도75
2025-11-06 20:08:03 | __main__ | INFO |    전체 거래: 1건
2025-11-06 20:08:03 | pullback_pattern_484870 | INFO | [484870] 일봉분석: 강도50, 이상적패턴False, 요구신뢰도75
2025-11-06 20:08:03 | pullback_pattern_317830 | INFO | [317830] 일봉상세: 가격변화0.0%, 거래량변화0.0%
2025-11-06 20:08:03 | pullback_pattern_332570 | INFO | [332570] 일봉상세: 가격변화0.0%, 거래량변화0.0%
2025-11-06 20:08:03 | pullback_pattern_114840 | INFO | [114840] 일봉분석: 강도50, 이상적패턴False, 요구신뢰도75
2025-11-06 20:08:03 | pullback_pattern_458870 | INFO | [458870] 일봉분석: 강도50, 이상적패턴False, 요구신뢰도75
2025-11-06 20:08:03 | __main__ | INFO |    매수 못한 기회: 0건
2025-11-06 20:08:03 | pullback_pattern_484870 | INFO | [484870] 일봉상세: 가격변화0.0%, 거래량변화0.0%
2025-11-06 20:08:03 | pullback_pattern_114840 | INFO | [114840] 일봉상세: 가격변화0.0%, 거래량변화0.0%
2025-11-06 20:08:03 | pullback_pattern_458870 | INFO | [458870] 일봉상세: 가격변화0.0%, 거래량변화0.0%
2025-11-06 20:08:03 | __main__ | DEBUG | ✅ [001270] 4/5가 도달: 10:27 저가 69,300원 ≤ 4/5가 69,720원 (인덱스29)
2025-11-06 20:08:03 | pullback_pattern_332570 | INFO | [332570] 일봉분석: 강도50, 이상적패턴False, 요구신뢰도75
2025-11-06 20:08:03 | __main__ | INFO |    완료 거래: 1건
2025-11-06 20:08:03 | pullback_pattern_332570 | INFO | [332570] 일봉상세: 가격변화0.0%, 거래량변화0.0%
2025-11-06 20:08:03 | __main__ | INFO | 🎯 [317830] 총 0개 매수 신호 발견 (실시간 방식)
2025-11-06 20:08:03 | pullback_pattern_114840 | INFO | [114840] 일봉분석: 강도50, 이상적패턴False, 요구신뢰도75
2025-11-06 20:08:03 | pullback_pattern_484870 | INFO | [484870] 일봉분석: 강도50, 이상적패턴False, 요구신뢰도75
2025-11-06 20:08:03 | pullback_pattern_458870 | INFO | [458870] 일봉분석: 강도50, 이상적패턴False, 요구신뢰도75
2025-11-06 20:08:03 | __main__ | INFO | 🌅 12시 이전 매수 거래:
2025-11-06 20:08:03 | pullback_pattern_484870 | INFO | [484870] 일봉상세: 가격변화0.0%, 거래량변화0.0%
2025-11-06 20:08:03 | pullback_pattern_458870 | INFO | [458870] 일봉상세: 가격변화0.0%, 거래량변화0.0%
2025-11-06 20:08:03 | __main__ | DEBUG | 🕐 신호 라벨: 10:24, 신호 발생: 10:27, 매수가: 69,720원
2025-11-06 20:08:03 | pullback_pattern_332570 | INFO | [332570] 일봉분석: 강도50, 이상적패턴False, 요구신뢰도75
2025-11-06 20:08:03 | pullback_pattern_114840 | INFO | [114840] 일봉상세: 가격변화0.0%, 거래량변화0.0%
2025-11-06 20:08:03 | __main__ | INFO |    성공 거래: 0건
2025-11-06 20:08:03 | pullback_pattern_332570 | INFO | [332570] 일봉상세: 가격변화0.0%, 거래량변화0.0%
2025-11-06 20:08:03 | pullback_pattern_023160 | INFO | [023160] 일봉분석: 강도50, 이상적패턴False, 요구신뢰도75
2025-11-06 20:08:03 | pullback_pattern_484870 | INFO | [484870] 일봉분석: 강도50, 이상적패턴False, 요구신뢰도75
2025-11-06 20:08:03 | __main__ | INFO | 매수 신호 없음 - 거래 시뮬레이션 불가 [317830]
2025-11-06 20:08:03 | pullback_pattern_458870 | INFO | [458870] 일봉분석: 강도50, 이상적패턴False, 요구신뢰도75
2025-11-06 20:08:03 | pullback_pattern_484870 | INFO | [484870] 일봉상세: 가격변화0.0%, 거래량변화0.0%
2025-11-06 20:08:03 | pullback_pattern_023160 | INFO | [023160] 일봉상세: 가격변화0.0%, 거래량변화0.0%
2025-11-06 20:08:03 | pullback_pattern_458870 | INFO | [458870] 일봉상세: 가격변화0.0%, 거래량변화0.0%
2025-11-06 20:08:03 | pullback_pattern_332570 | INFO | [332570] 일봉분석: 강도50, 이상적패턴False, 요구신뢰도75
2025-11-06 20:08:03 | __main__ | INFO |    오전 거래 수: 1건
2025-11-06 20:08:03 | pullback_pattern_332570 | INFO | [332570] 일봉상세: 가격변화0.0%, 거래량변화0.0%
2025-11-06 20:08:03 | __main__ | DEBUG | 💰 [001270] 매수 체결: 69,720원 @ 10:27:00 (실제 체결: 10:27:00)
2025-11-06 20:08:03 | pullback_pattern_114840 | INFO | [114840] 일봉분석: 강도50, 이상적패턴False, 요구신뢰도75
2025-11-06 20:08:03 | __main__ | INFO |    매수 못한 기회: 0건
2025-11-06 20:08:03 | pullback_pattern_484870 | INFO | [484870] 일봉분석: 강도50, 이상적패턴False, 요구신뢰도75
2025-11-06 20:08:03 | __main__ | INFO | ✅ [317830] 처리 완료 - 0건 거래, 0건 매수 못한 기회
2025-11-06 20:08:03 | pullback_pattern_484870 | INFO | [484870] 일봉상세: 가격변화0.0%, 거래량변화0.0%
2025-11-06 20:08:03 | pullback_pattern_114840 | INFO | [114840] 일봉상세: 가격변화0.0%, 거래량변화0.0%
2025-11-06 20:08:03 | pullback_pattern_458870 | INFO | [458870] 일봉분석: 강도50, 이상적패턴False, 요구신뢰도75
2025-11-06 20:08:03 | pullback_pattern_332570 | INFO | [332570] 일봉분석: 강도50, 이상적패턴False, 요구신뢰도75
2025-11-06 20:08:03 | pullback_pattern_023160 | INFO | [023160] 일봉분석: 강도50, 이상적패턴False, 요구신뢰도75
2025-11-06 20:08:03 | pullback_pattern_332570 | INFO | [332570] 일봉상세: 가격변화0.0%, 거래량변화0.0%
2025-11-06 20:08:03 | __main__ | INFO |    오전 성공: 1건
2025-11-06 20:08:03 | pullback_pattern_023160 | INFO | [023160] 일봉상세: 가격변화0.0%, 거래량변화0.0%
2025-11-06 20:08:03 | pullback_pattern_458870 | INFO | [458870] 일봉상세: 가격변화0.0%, 거래량변화0.0%
2025-11-06 20:08:03 | __main__ | DEBUG | ⏰ [001270] 25분 쿨다운 설정: 10:52까지
2025-11-06 20:08:03 | __main__ | INFO | 🌅 12시 이전 매수 거래:
2025-11-06 20:08:03 | pullback_pattern_114840 | INFO | [114840] 일봉분석: 강도50, 이상적패턴False, 요구신뢰도75
2025-11-06 20:08:03 | __main__ | INFO | 🔄 [078520] 처리 시작...
2025-11-06 20:08:03 | pullback_pattern_332570 | INFO | [332570] 일봉분석: 강도50, 이상적패턴False, 요구신뢰도75
2025-11-06 20:08:03 | pullback_pattern_484870 | INFO | [484870] 일봉분석: 강도50, 이상적패턴False, 요구신뢰도75
2025-11-06 20:08:03 | pullback_pattern_114840 | INFO | [114840] 일봉상세: 가격변화0.0%, 거래량변화0.0%
2025-11-06 20:08:03 | __main__ | INFO |    오전 실패: 0건
2025-11-06 20:08:03 | pullback_pattern_484870 | INFO | [484870] 일봉상세: 가격변화0.0%, 거래량변화0.0%
2025-11-06 20:08:03 | pullback_pattern_023160 | INFO | [023160] 일봉분석: 강도50, 이상적패턴False, 요구신뢰도75
2025-11-06 20:08:03 | pullback_pattern_332570 | INFO | [332570] 일봉상세: 가격변화0.0%, 거래량변화0.0%
2025-11-06 20:08:03 | __main__ | INFO |    오전 거래 수: 1건
2025-11-06 20:08:03 | pullback_pattern_023160 | INFO | [023160] 일봉상세: 가격변화0.0%, 거래량변화0.0%
2025-11-06 20:08:03 | pullback_pattern_458870 | INFO | [458870] 일봉분석: 강도50, 이상적패턴False, 요구신뢰도75
2025-11-06 20:08:03 | __main__ | INFO | 💾 [078520] 캐시 데이터 사용 - 380개 봉
2025-11-06 20:08:03 | pullback_pattern_458870 | INFO | [458870] 일봉상세: 가격변화0.0%, 거래량변화0.0%
2025-11-06 20:08:03 | __main__ | INFO |    오전 승률: 100.0%
2025-11-06 20:08:03 | pullback_pattern_114840 | INFO | [114840] 일봉분석: 강도50, 이상적패턴False, 요구신뢰도75
2025-11-06 20:08:03 | __main__ | INFO |    오전 성공: 0건
2025-11-06 20:08:03 | pullback_pattern_332570 | INFO | [332570] 일봉분석: 강도50, 이상적패턴False, 요구신뢰도75
2025-11-06 20:08:03 | pullback_pattern_114840 | INFO | [114840] 일봉상세: 가격변화0.0%, 거래량변화0.0%
2025-11-06 20:08:03 | pullback_pattern_458870 | INFO | [458870] 일봉분석: 강도50, 이상적패턴False, 요구신뢰도75
2025-11-06 20:08:03 | __main__ | INFO |    오전 평균 수익률: +3.50%
2025-11-06 20:08:03 | pullback_pattern_332570 | INFO | [332570] 일봉상세: 가격변화0.0%, 거래량변화0.0%
2025-11-06 20:08:03 | pullback_pattern_023160 | INFO | [023160] 일봉분석: 강도50, 이상적패턴False, 요구신뢰도75
2025-11-06 20:08:03 | pullback_pattern_484870 | INFO | [484870] 일봉분석: 강도50, 이상적패턴False, 요구신뢰도75
2025-11-06 20:08:03 | pullback_pattern_458870 | INFO | [458870] 일봉상세: 가격변화0.0%, 거래량변화0.0%
2025-11-06 20:08:03 | pullback_pattern_023160 | INFO | [023160] 일봉상세: 가격변화0.0%, 거래량변화0.0%
2025-11-06 20:08:03 | pullback_pattern_484870 | INFO | [484870] 일봉상세: 가격변화0.0%, 거래량변화0.0%
2025-11-06 20:08:03 | __main__ | INFO |    오전 실패: 1건
2025-11-06 20:08:03 | pullback_pattern_114840 | INFO | [114840] 일봉분석: 강도50, 이상적패턴False, 요구신뢰도75
2025-11-06 20:08:03 | __main__ | INFO |    🟢 10:18 매수 → +3.50%
2025-11-06 20:08:03 | pullback_pattern_458870 | INFO | [458870] 일봉분석: 강도50, 이상적패턴False, 요구신뢰도75
2025-11-06 20:08:03 | pullback_pattern_114840 | INFO | [114840] 일봉상세: 가격변화0.0%, 거래량변화0.0%
2025-11-06 20:08:03 | pullback_pattern_484870 | INFO | [484870] 일봉분석: 강도50, 이상적패턴False, 요구신뢰도75
2025-11-06 20:08:03 | __main__ | INFO |    오전 승률: 0.0%
2025-11-06 20:08:03 | pullback_pattern_332570 | INFO | [332570] 일봉분석: 강도50, 이상적패턴False, 요구신뢰도95
2025-11-06 20:08:03 | pullback_pattern_484870 | INFO | [484870] 일봉상세: 가격변화0.0%, 거래량변화0.0%
2025-11-06 20:08:03 | pullback_pattern_023160 | INFO | [023160] 일봉분석: 강도50, 이상적패턴False, 요구신뢰도75
2025-11-06 20:08:03 | pullback_pattern_458870 | INFO | [458870] 일봉상세: 가격변화0.0%, 거래량변화0.0%
2025-11-06 20:08:03 | __main__ | INFO |    평균 수익률: 0.50%
2025-11-06 20:08:03 | pullback_pattern_023160 | INFO | [023160] 일봉상세: 가격변화0.0%, 거래량변화0.0%
2025-11-06 20:08:03 | pullback_pattern_332570 | INFO | [332570] 일봉상세: 가격변화0.0%, 거래량변화0.0%
2025-11-06 20:08:03 | __main__ | INFO | 🎯 [114840] 총 0개 매수 신호 발견 (실시간 방식)
2025-11-06 20:08:03 | pullback_pattern_484870 | INFO | [484870] 일봉분석: 강도50, 이상적패턴False, 요구신뢰도75
2025-11-06 20:08:03 | pullback_pattern_023160 | INFO | [023160] 일봉분석: 강도50, 이상적패턴False, 요구신뢰도75
2025-11-06 20:08:03 | pullback_pattern_484870 | INFO | [484870] 일봉상세: 가격변화0.0%, 거래량변화0.0%
2025-11-06 20:08:03 | __main__ | INFO |    오전 평균 수익률: -2.50%
2025-11-06 20:08:03 | pullback_pattern_458870 | INFO | [458870] 일봉분석: 강도50, 이상적패턴False, 요구신뢰도75
2025-11-06 20:08:03 | pullback_pattern_023160 | INFO | [023160] 일봉상세: 가격변화0.0%, 거래량변화0.0%
2025-11-06 20:08:03 | pullback_pattern_458870 | INFO | [458870] 일봉상세: 가격변화0.0%, 거래량변화0.0%
2025-11-06 20:08:03 | pullback_pattern_332570 | INFO | [332570] 일봉분석: 강도50, 이상적패턴False, 요구신뢰도95
2025-11-06 20:08:03 | __main__ | INFO | ✅ [064260] 처리 완료 - 2건 거래, 0건 매수 못한 기회
2025-11-06 20:08:03 | pullback_pattern_332570 | INFO | [332570] 일봉상세: 가격변화0.0%, 거래량변화0.0%
2025-11-06 20:08:03 | __main__ | INFO | 매수 신호 없음 - 거래 시뮬레이션 불가 [114840]
2025-11-06 20:08:03 | pullback_pattern_484870 | INFO | [484870] 일봉분석: 강도50, 이상적패턴False, 요구신뢰도75
2025-11-06 20:08:03 | __main__ | INFO |    🔴 11:09 매수 → -2.50%
2025-11-06 20:08:03 | pullback_pattern_458870 | INFO | [458870] 일봉분석: 강도50, 이상적패턴False, 요구신뢰도75
2025-11-06 20:08:03 | pullback_pattern_484870 | INFO | [484870] 일봉상세: 가격변화0.0%, 거래량변화0.0%
2025-11-06 20:08:03 | pullback_pattern_458870 | INFO | [458870] 일봉상세: 가격변화0.0%, 거래량변화0.0%
2025-11-06 20:08:03 | pullback_pattern_332570 | INFO | [332570] 일봉분석: 강도50, 이상적패턴False, 요구신뢰도95
2025-11-06 20:08:03 | __main__ | INFO | 🔄 [425420] 처리 시작...
2025-11-06 20:08:03 | pullback_pattern_332570 | INFO | [332570] 일봉상세: 가격변화0.0%, 거래량변화0.0%
2025-11-06 20:08:03 | pullback_pattern_023160 | INFO | [023160] 일봉분석: 강도50, 이상적패턴False, 요구신뢰도75
2025-11-06 20:08:03 | __main__ | INFO | ✅ [114840] 처리 완료 - 0건 거래, 0건 매수 못한 기회
2025-11-06 20:08:03 | __main__ | INFO |    평균 수익률: -2.50%
2025-11-06 20:08:03 | pullback_pattern_458870 | INFO | [458870] 일봉분석: 강도50, 이상적패턴False, 요구신뢰도75
2025-11-06 20:08:03 | __main__ | INFO | 🔄 [084990] 처리 시작...
2025-11-06 20:08:03 | pullback_pattern_023160 | INFO | [023160] 일봉상세: 가격변화0.0%, 거래량변화0.0%
2025-11-06 20:08:03 | pullback_pattern_458870 | INFO | [458870] 일봉상세: 가격변화0.0%, 거래량변화0.0%
2025-11-06 20:08:03 | pullback_pattern_484870 | INFO | [484870] 일봉분석: 강도50, 이상적패턴False, 요구신뢰도75
2025-11-06 20:08:03 | pullback_pattern_332570 | INFO | [332570] 일봉분석: 강도50, 이상적패턴False, 요구신뢰도95
2025-11-06 20:08:03 | pullback_pattern_484870 | INFO | [484870] 일봉상세: 가격변화0.0%, 거래량변화0.0%
2025-11-06 20:08:03 | __main__ | INFO | ✅ [441270] 처리 완료 - 1건 거래, 0건 매수 못한 기회
2025-11-06 20:08:03 | pullback_pattern_332570 | INFO | [332570] 일봉상세: 가격변화0.0%, 거래량변화0.0%
2025-11-06 20:08:03 | pullback_pattern_458870 | INFO | [458870] 일봉분석: 강도50, 이상적패턴False, 요구신뢰도75
2025-11-06 20:08:03 | __main__ | INFO | 💾 [425420] 캐시 데이터 사용 - 380개 봉
2025-11-06 20:08:03 | pullback_pattern_023160 | INFO | [023160] 일봉분석: 강도50, 이상적패턴False, 요구신뢰도75
2025-11-06 20:08:03 | pullback_pattern_458870 | INFO | [458870] 일봉상세: 가격변화0.0%, 거래량변화0.0%
2025-11-06 20:08:03 | __main__ | INFO | 💾 [084990] 캐시 데이터 사용 - 378개 봉
2025-11-06 20:08:03 | pullback_pattern_332570 | INFO | [332570] 일봉분석: 강도50, 이상적패턴False, 요구신뢰도95
2025-11-06 20:08:03 | pullback_pattern_023160 | INFO | [023160] 일봉상세: 가격변화0.0%, 거래량변화0.0%
2025-11-06 20:08:03 | pullback_pattern_484870 | INFO | [484870] 일봉분석: 강도50, 이상적패턴False, 요구신뢰도75
2025-11-06 20:08:03 | __main__ | INFO | 🔄 [462310] 처리 시작...
2025-11-06 20:08:03 | pullback_pattern_332570 | INFO | [332570] 일봉상세: 가격변화0.0%, 거래량변화0.0%
2025-11-06 20:08:03 | pullback_pattern_484870 | INFO | [484870] 일봉상세: 가격변화0.0%, 거래량변화0.0%
2025-11-06 20:08:03 | pullback_pattern_078520 | INFO | [078520] 일봉분석: 강도50, 이상적패턴False, 요구신뢰도70
2025-11-06 20:08:03 | pullback_pattern_458870 | INFO | [458870] 일봉분석: 강도50, 이상적패턴False, 요구신뢰도75
2025-11-06 20:08:03 | pullback_pattern_078520 | INFO | [078520] 일봉상세: 가격변화0.0%, 거래량변화0.0%
2025-11-06 20:08:03 | pullback_pattern_458870 | INFO | [458870] 일봉상세: 가격변화0.0%, 거래량변화0.0%
2025-11-06 20:08:03 | pullback_pattern_084990 | INFO | [084990] 일봉분석: 강도50, 이상적패턴False, 요구신뢰도70
2025-11-06 20:08:03 | __main__ | INFO | 💾 [462310] 캐시 데이터 사용 - 375개 봉
2025-11-06 20:08:03 | pullback_pattern_084990 | INFO | [084990] 일봉상세: 가격변화0.0%, 거래량변화0.0%
2025-11-06 20:08:03 | pullback_pattern_023160 | INFO | [023160] 일봉분석: 강도50, 이상적패턴False, 요구신뢰도75
2025-11-06 20:08:03 | pullback_pattern_332570 | INFO | [332570] 일봉분석: 강도50, 이상적패턴False, 요구신뢰도95
2025-11-06 20:08:03 | pullback_pattern_023160 | INFO | [023160] 일봉상세: 가격변화0.0%, 거래량변화0.0%
2025-11-06 20:08:03 | pullback_pattern_458870 | INFO | [458870] 일봉분석: 강도50, 이상적패턴False, 요구신뢰도75
2025-11-06 20:08:03 | pullback_pattern_484870 | INFO | [484870] 일봉분석: 강도50, 이상적패턴False, 요구신뢰도75
2025-11-06 20:08:03 | pullback_pattern_332570 | INFO | [332570] 일봉상세: 가격변화0.0%, 거래량변화0.0%
2025-11-06 20:08:03 | pullback_pattern_078520 | INFO | [078520] 일봉분석: 강도50, 이상적패턴False, 요구신뢰도70
2025-11-06 20:08:03 | pullback_pattern_458870 | INFO | [458870] 일봉상세: 가격변화0.0%, 거래량변화0.0%
2025-11-06 20:08:03 | pullback_pattern_484870 | INFO | [484870] 일봉상세: 가격변화0.0%, 거래량변화0.0%
2025-11-06 20:08:03 | pullback_pattern_078520 | INFO | [078520] 일봉상세: 가격변화0.0%, 거래량변화0.0%
2025-11-06 20:08:03 | pullback_pattern_023160 | INFO | [023160] 일봉분석: 강도50, 이상적패턴False, 요구신뢰도75
2025-11-06 20:08:03 | pullback_pattern_084990 | INFO | [084990] 일봉분석: 강도50, 이상적패턴False, 요구신뢰도70
2025-11-06 20:08:03 | pullback_pattern_023160 | INFO | [023160] 일봉상세: 가격변화0.0%, 거래량변화0.0%
2025-11-06 20:08:03 | pullback_pattern_462310 | INFO | [462310] 일봉분석: 강도50, 이상적패턴False, 요구신뢰도70
2025-11-06 20:08:03 | pullback_pattern_458870 | INFO | [458870] 일봉분석: 강도50, 이상적패턴False, 요구신뢰도75
2025-11-06 20:08:03 | pullback_pattern_084990 | INFO | [084990] 일봉상세: 가격변화0.0%, 거래량변화0.0%
2025-11-06 20:08:03 | pullback_pattern_078520 | INFO | [078520] 일봉분석: 강도50, 이상적패턴False, 요구신뢰도75
2025-11-06 20:08:03 | pullback_pattern_458870 | INFO | [458870] 일봉상세: 가격변화0.0%, 거래량변화0.0%
2025-11-06 20:08:03 | pullback_pattern_462310 | INFO | [462310] 일봉상세: 가격변화0.0%, 거래량변화0.0%
2025-11-06 20:08:03 | pullback_pattern_078520 | INFO | [078520] 일봉상세: 가격변화0.0%, 거래량변화0.0%
2025-11-06 20:08:03 | pullback_pattern_332570 | INFO | [332570] 일봉분석: 강도50, 이상적패턴False, 요구신뢰도95
2025-11-06 20:08:03 | pullback_pattern_458870 | INFO | [458870] 4단계패턴매수: 신뢰도86%, 진입가0원
2025-11-06 20:08:03 | pullback_pattern_484870 | INFO | [484870] 일봉분석: 강도50, 이상적패턴False, 요구신뢰도75
2025-11-06 20:08:03 | pullback_pattern_332570 | INFO | [332570] 일봉상세: 가격변화0.0%, 거래량변화0.0%
2025-11-06 20:08:03 | pullback_pattern_023160 | INFO | [023160] 일봉분석: 강도50, 이상적패턴False, 요구신뢰도75
2025-11-06 20:08:03 | pullback_pattern_462310 | INFO | [462310] 일봉분석: 강도50, 이상적패턴False, 요구신뢰도70
2025-11-06 20:08:03 | pullback_pattern_078520 | INFO | [078520] 일봉분석: 강도50, 이상적패턴False, 요구신뢰도75
2025-11-06 20:08:03 | pullback_pattern_023160 | INFO | [023160] 일봉상세: 가격변화0.0%, 거래량변화0.0%
2025-11-06 20:08:03 | pullback_pattern_462310 | INFO | [462310] 일봉상세: 가격변화0.0%, 거래량변화0.0%
2025-11-06 20:08:03 | pullback_pattern_084990 | INFO | [084990] 일봉분석: 강도50, 이상적패턴False, 요구신뢰도70
✅ 458870 매수 신호 감지: STRONG_BUY (신뢰도: 86.0%)
📊 458870: 가격변화 -0.6%, 거래량 증가, 신뢰도 86%
✅ 458870 패턴 필터 통과: 패턴 필터 통과
2025-11-06 20:08:03 | pullback_pattern_484870 | INFO | [484870] 일봉상세: 가격변화0.0%, 거래량변화0.0%
2025-11-06 20:08:03 | pullback_pattern_332570 | INFO | [332570] 일봉분석: 강도50, 이상적패턴False, 요구신뢰도95
2025-11-06 20:08:03 | pullback_pattern_078520 | INFO | [078520] 일봉상세: 가격변화0.0%, 거래량변화0.0%
2025-11-06 20:08:03 | pullback_pattern_023160 | INFO | [023160] 일봉분석: 강도50, 이상적패턴False, 요구신뢰도75
2025-11-06 20:08:03 | pullback_pattern_084990 | INFO | [084990] 일봉상세: 가격변화0.0%, 거래량변화0.0%
2025-11-06 20:08:03 | pullback_pattern_458870 | INFO | [458870] 일봉분석: 강도50, 이상적패턴False, 요구신뢰도75
2025-11-06 20:08:03 | pullback_pattern_023160 | INFO | [023160] 일봉상세: 가격변화0.0%, 거래량변화0.0%
2025-11-06 20:08:03 | pullback_pattern_332570 | INFO | [332570] 일봉상세: 가격변화0.0%, 거래량변화0.0%
2025-11-06 20:08:03 | pullback_pattern_484870 | INFO | [484870] 일봉분석: 강도50, 이상적패턴False, 요구신뢰도75
2025-11-06 20:08:03 | pullback_pattern_458870 | INFO | [458870] 일봉상세: 가격변화0.0%, 거래량변화0.0%
2025-11-06 20:08:03 | pullback_pattern_009540 | INFO | [009540] 일봉분석: 강도50, 이상적패턴False, 요구신뢰도75
2025-11-06 20:08:03 | pullback_pattern_462310 | INFO | [462310] 일봉분석: 강도50, 이상적패턴False, 요구신뢰도70
2025-11-06 20:08:03 | pullback_pattern_484870 | INFO | [484870] 일봉상세: 가격변화0.0%, 거래량변화0.0%
2025-11-06 20:08:03 | pullback_pattern_023160 | INFO | [023160] 일봉분석: 강도50, 이상적패턴False, 요구신뢰도75
2025-11-06 20:08:03 | pullback_pattern_078520 | INFO | [078520] 일봉분석: 강도50, 이상적패턴False, 요구신뢰도75
2025-11-06 20:08:03 | pullback_pattern_084990 | INFO | [084990] 일봉분석: 강도50, 이상적패턴False, 요구신뢰도70
2025-11-06 20:08:03 | pullback_pattern_425420 | INFO | [425420] 일봉분석: 강도50, 이상적패턴False, 요구신뢰도70
2025-11-06 20:08:03 | pullback_pattern_009540 | INFO | [009540] 일봉상세: 가격변화0.0%, 거래량변화0.0%
2025-11-06 20:08:03 | pullback_pattern_078520 | INFO | [078520] 일봉상세: 가격변화0.0%, 거래량변화0.0%
2025-11-06 20:08:03 | pullback_pattern_462310 | INFO | [462310] 일봉상세: 가격변화0.0%, 거래량변화0.0%
2025-11-06 20:08:03 | pullback_pattern_425420 | INFO | [425420] 일봉상세: 가격변화0.0%, 거래량변화0.0%
2025-11-06 20:08:03 | pullback_pattern_023160 | INFO | [023160] 일봉상세: 가격변화0.0%, 거래량변화0.0%
2025-11-06 20:08:03 | pullback_pattern_084990 | INFO | [084990] 일봉상세: 가격변화0.0%, 거래량변화0.0%
2025-11-06 20:08:03 | pullback_pattern_484870 | INFO | [484870] 일봉분석: 강도50, 이상적패턴False, 요구신뢰도75
2025-11-06 20:08:03 | pullback_pattern_458870 | INFO | [458870] 일봉분석: 강도50, 이상적패턴False, 요구신뢰도75
2025-11-06 20:08:03 | pullback_pattern_484870 | INFO | [484870] 일봉상세: 가격변화0.0%, 거래량변화0.0%
2025-11-06 20:08:03 | pullback_pattern_425420 | INFO | [425420] 일봉분석: 강도50, 이상적패턴False, 요구신뢰도70
2025-11-06 20:08:03 | pullback_pattern_332570 | INFO | [332570] 일봉분석: 강도50, 이상적패턴False, 요구신뢰도95
2025-11-06 20:08:03 | pullback_pattern_462310 | INFO | [462310] 일봉분석: 강도50, 이상적패턴False, 요구신뢰도70
2025-11-06 20:08:03 | pullback_pattern_458870 | INFO | [458870] 일봉상세: 가격변화0.0%, 거래량변화0.0%
2025-11-06 20:08:03 | pullback_pattern_425420 | INFO | [425420] 일봉상세: 가격변화0.0%, 거래량변화0.0%
2025-11-06 20:08:03 | pullback_pattern_078520 | INFO | [078520] 일봉분석: 강도50, 이상적패턴False, 요구신뢰도75
2025-11-06 20:08:03 | pullback_pattern_462310 | INFO | [462310] 일봉상세: 가격변화0.0%, 거래량변화0.0%
2025-11-06 20:08:03 | pullback_pattern_332570 | INFO | [332570] 일봉상세: 가격변화0.0%, 거래량변화0.0%
2025-11-06 20:08:03 | pullback_pattern_484870 | INFO | [484870] 일봉분석: 강도50, 이상적패턴False, 요구신뢰도75
2025-11-06 20:08:03 | pullback_pattern_078520 | INFO | [078520] 일봉상세: 가격변화0.0%, 거래량변화0.0%
2025-11-06 20:08:03 | pullback_pattern_084990 | INFO | [084990] 일봉분석: 강도50, 이상적패턴False, 요구신뢰도70
2025-11-06 20:08:03 | pullback_pattern_484870 | INFO | [484870] 일봉상세: 가격변화0.0%, 거래량변화0.0%
2025-11-06 20:08:03 | pullback_pattern_458870 | INFO | [458870] 일봉분석: 강도50, 이상적패턴False, 요구신뢰도75
2025-11-06 20:08:03 | pullback_pattern_462310 | INFO | [462310] 일봉분석: 강도50, 이상적패턴False, 요구신뢰도70
2025-11-06 20:08:03 | pullback_pattern_084990 | INFO | [084990] 일봉상세: 가격변화0.0%, 거래량변화0.0%
2025-11-06 20:08:03 | pullback_pattern_458870 | INFO | [458870] 일봉상세: 가격변화0.0%, 거래량변화0.0%
2025-11-06 20:08:03 | pullback_pattern_425420 | INFO | [425420] 일봉분석: 강도50, 이상적패턴False, 요구신뢰도70
2025-11-06 20:08:03 | pullback_pattern_023160 | INFO | [023160] 일봉분석: 강도50, 이상적패턴False, 요구신뢰도75
2025-11-06 20:08:03 | pullback_pattern_462310 | INFO | [462310] 일봉상세: 가격변화0.0%, 거래량변화0.0%
2025-11-06 20:08:03 | pullback_pattern_332570 | INFO | [332570] 일봉분석: 강도50, 이상적패턴False, 요구신뢰도95
2025-11-06 20:08:03 | pullback_pattern_425420 | INFO | [425420] 일봉상세: 가격변화0.0%, 거래량변화0.0%
2025-11-06 20:08:03 | pullback_pattern_023160 | INFO | [023160] 일봉상세: 가격변화0.0%, 거래량변화0.0%
2025-11-06 20:08:03 | pullback_pattern_332570 | INFO | [332570] 일봉상세: 가격변화0.0%, 거래량변화0.0%
2025-11-06 20:08:03 | pullback_pattern_078520 | INFO | [078520] 일봉분석: 강도50, 이상적패턴False, 요구신뢰도75
2025-11-06 20:08:03 | pullback_pattern_458870 | INFO | [458870] 일봉분석: 강도50, 이상적패턴False, 요구신뢰도75
2025-11-06 20:08:03 | pullback_pattern_484870 | INFO | [484870] 일봉분석: 강도50, 이상적패턴False, 요구신뢰도75
2025-11-06 20:08:03 | pullback_pattern_078520 | INFO | [078520] 일봉상세: 가격변화0.0%, 거래량변화0.0%
2025-11-06 20:08:03 | pullback_pattern_458870 | INFO | [458870] 일봉상세: 가격변화0.0%, 거래량변화0.0%
2025-11-06 20:08:03 | pullback_pattern_084990 | INFO | [084990] 일봉분석: 강도50, 이상적패턴False, 요구신뢰도70
2025-11-06 20:08:03 | pullback_pattern_425420 | INFO | [425420] 일봉분석: 강도50, 이상적패턴False, 요구신뢰도70
2025-11-06 20:08:03 | pullback_pattern_484870 | INFO | [484870] 일봉상세: 가격변화0.0%, 거래량변화0.0%
2025-11-06 20:08:03 | pullback_pattern_023160 | INFO | [023160] 일봉분석: 강도50, 이상적패턴False, 요구신뢰도75
2025-11-06 20:08:03 | pullback_pattern_462310 | INFO | [462310] 일봉분석: 강도50, 이상적패턴False, 요구신뢰도70
2025-11-06 20:08:03 | pullback_pattern_425420 | INFO | [425420] 일봉상세: 가격변화0.0%, 거래량변화0.0%
2025-11-06 20:08:03 | pullback_pattern_084990 | INFO | [084990] 일봉상세: 가격변화0.0%, 거래량변화0.0%
2025-11-06 20:08:03 | pullback_pattern_023160 | INFO | [023160] 일봉상세: 가격변화0.0%, 거래량변화0.0%
2025-11-06 20:08:03 | pullback_pattern_332570 | INFO | [332570] 일봉분석: 강도50, 이상적패턴False, 요구신뢰도95
2025-11-06 20:08:03 | pullback_pattern_458870 | INFO | [458870] 일봉분석: 강도50, 이상적패턴False, 요구신뢰도75
2025-11-06 20:08:03 | pullback_pattern_484870 | INFO | [484870] 일봉분석: 강도50, 이상적패턴False, 요구신뢰도75
2025-11-06 20:08:03 | pullback_pattern_078520 | INFO | [078520] 일봉분석: 강도50, 이상적패턴False, 요구신뢰도75
2025-11-06 20:08:03 | pullback_pattern_425420 | INFO | [425420] 일봉분석: 강도50, 이상적패턴False, 요구신뢰도70
2025-11-06 20:08:03 | pullback_pattern_458870 | INFO | [458870] 일봉상세: 가격변화0.0%, 거래량변화0.0%
2025-11-06 20:08:03 | pullback_pattern_484870 | INFO | [484870] 일봉상세: 가격변화0.0%, 거래량변화0.0%
2025-11-06 20:08:03 | pullback_pattern_078520 | INFO | [078520] 일봉상세: 가격변화0.0%, 거래량변화0.0%
2025-11-06 20:08:03 | pullback_pattern_084990 | INFO | [084990] 일봉분석: 강도50, 이상적패턴False, 요구신뢰도70
2025-11-06 20:08:03 | pullback_pattern_462310 | INFO | [462310] 일봉상세: 가격변화0.0%, 거래량변화0.0%
2025-11-06 20:08:03 | pullback_pattern_023160 | INFO | [023160] 일봉분석: 강도50, 이상적패턴False, 요구신뢰도75
2025-11-06 20:08:03 | pullback_pattern_084990 | INFO | [084990] 일봉상세: 가격변화0.0%, 거래량변화0.0%
2025-11-06 20:08:03 | pullback_pattern_458870 | INFO | [458870] 일봉분석: 강도50, 이상적패턴False, 요구신뢰도75
2025-11-06 20:08:03 | pullback_pattern_484870 | INFO | [484870] 일봉분석: 강도50, 이상적패턴False, 요구신뢰도75
2025-11-06 20:08:03 | pullback_pattern_023160 | INFO | [023160] 일봉상세: 가격변화0.0%, 거래량변화0.0%
2025-11-06 20:08:03 | pullback_pattern_332570 | INFO | [332570] 일봉상세: 가격변화0.0%, 거래량변화0.0%
2025-11-06 20:08:03 | __main__ | INFO | 🎯 [009540] 총 1개 매수 신호 발견 (실시간 방식)
2025-11-06 20:08:03 | pullback_pattern_458870 | INFO | [458870] 일봉상세: 가격변화0.0%, 거래량변화0.0%
2025-11-06 20:08:03 | pullback_pattern_484870 | INFO | [484870] 일봉상세: 가격변화0.0%, 거래량변화0.0%
2025-11-06 20:08:03 | pullback_pattern_425420 | INFO | [425420] 일봉상세: 가격변화0.0%, 거래량변화0.0%
2025-11-06 20:08:03 | pullback_pattern_078520 | INFO | [078520] 일봉분석: 강도50, 이상적패턴False, 요구신뢰도75
2025-11-06 20:08:03 | __main__ | WARNING | ⚠️ [009540] 일봉 패턴 필터 초기화 실패: No module named 'core.indicators.daily_pattern_filter'
2025-11-06 20:08:03 | pullback_pattern_462310 | INFO | [462310] 일봉분석: 강도50, 이상적패턴False, 요구신뢰도70
2025-11-06 20:08:03 | pullback_pattern_023160 | INFO | [023160] 일봉분석: 강도50, 이상적패턴False, 요구신뢰도75
2025-11-06 20:08:03 | pullback_pattern_484870 | INFO | [484870] 일봉분석: 강도50, 이상적패턴False, 요구신뢰도75
2025-11-06 20:08:03 | pullback_pattern_332570 | INFO | [332570] 일봉분석: 강도50, 이상적패턴False, 요구신뢰도95
2025-11-06 20:08:03 | pullback_pattern_462310 | INFO | [462310] 일봉상세: 가격변화0.0%, 거래량변화0.0%
2025-11-06 20:08:03 | pullback_pattern_023160 | INFO | [023160] 일봉상세: 가격변화0.0%, 거래량변화0.0%
2025-11-06 20:08:03 | pullback_pattern_484870 | INFO | [484870] 일봉상세: 가격변화0.0%, 거래량변화0.0%
2025-11-06 20:08:03 | pullback_pattern_084990 | INFO | [084990] 일봉분석: 강도50, 이상적패턴False, 요구신뢰도70
2025-11-06 20:08:03 | pullback_pattern_332570 | INFO | [332570] 일봉상세: 가격변화0.0%, 거래량변화0.0%
2025-11-06 20:08:03 | pullback_pattern_078520 | INFO | [078520] 일봉상세: 가격변화0.0%, 거래량변화0.0%
2025-11-06 20:08:03 | pullback_pattern_425420 | INFO | [425420] 일봉분석: 강도50, 이상적패턴False, 요구신뢰도70
2025-11-06 20:08:03 | pullback_pattern_084990 | INFO | [084990] 일봉상세: 가격변화0.0%, 거래량변화0.0%
2025-11-06 20:08:03 | pullback_pattern_458870 | INFO | [458870] 일봉분석: 강도50, 이상적패턴False, 요구신뢰도75
2025-11-06 20:08:03 | __main__ | DEBUG | ⚠️ [10:12] selection_date(10:27) 이전 신호로 건너뜀
2025-11-06 20:08:03 | pullback_pattern_425420 | INFO | [425420] 일봉상세: 가격변화0.0%, 거래량변화0.0%
2025-11-06 20:08:03 | pullback_pattern_462310 | INFO | [462310] 일봉분석: 강도50, 이상적패턴False, 요구신뢰도70
2025-11-06 20:08:03 | pullback_pattern_458870 | INFO | [458870] 일봉상세: 가격변화0.0%, 거래량변화0.0%
2025-11-06 20:08:03 | pullback_pattern_078520 | INFO | [078520] 일봉분석: 강도50, 이상적패턴False, 요구신뢰도75
2025-11-06 20:08:03 | __main__ | INFO | 📈 [009540] 거래 시뮬레이션 완료:
2025-11-06 20:08:03 | pullback_pattern_484870 | INFO | [484870] 일봉분석: 강도50, 이상적패턴False, 요구신뢰도75
2025-11-06 20:08:03 | pullback_pattern_332570 | INFO | [332570] 일봉분석: 강도50, 이상적패턴False, 요구신뢰도95
2025-11-06 20:08:03 | pullback_pattern_023160 | INFO | [023160] 일봉분석: 강도50, 이상적패턴False, 요구신뢰도75
2025-11-06 20:08:03 | __main__ | INFO |    전체 거래: 0건
2025-11-06 20:08:03 | pullback_pattern_484870 | INFO | [484870] 일봉상세: 가격변화0.0%, 거래량변화0.0%
2025-11-06 20:08:03 | pullback_pattern_332570 | INFO | [332570] 일봉상세: 가격변화0.0%, 거래량변화0.0%
2025-11-06 20:08:03 | pullback_pattern_425420 | INFO | [425420] 일봉분석: 강도50, 이상적패턴False, 요구신뢰도70
2025-11-06 20:08:03 | pullback_pattern_462310 | INFO | [462310] 일봉상세: 가격변화0.0%, 거래량변화0.0%
2025-11-06 20:08:03 | pullback_pattern_084990 | INFO | [084990] 일봉분석: 강도50, 이상적패턴False, 요구신뢰도70
2025-11-06 20:08:03 | pullback_pattern_078520 | INFO | [078520] 일봉상세: 가격변화0.0%, 거래량변화0.0%
2025-11-06 20:08:03 | pullback_pattern_023160 | INFO | [023160] 일봉상세: 가격변화0.0%, 거래량변화0.0%
2025-11-06 20:08:03 | __main__ | INFO |    완료 거래: 0건
2025-11-06 20:08:03 | pullback_pattern_458870 | INFO | [458870] 일봉분석: 강도50, 이상적패턴False, 요구신뢰도75
2025-11-06 20:08:03 | pullback_pattern_425420 | INFO | [425420] 일봉상세: 가격변화0.0%, 거래량변화0.0%
2025-11-06 20:08:03 | pullback_pattern_332570 | INFO | [332570] 일봉분석: 강도50, 이상적패턴False, 요구신뢰도95
2025-11-06 20:08:03 | __main__ | INFO |    성공 거래: 0건
2025-11-06 20:08:03 | pullback_pattern_484870 | INFO | [484870] 일봉분석: 강도50, 이상적패턴False, 요구신뢰도75
2025-11-06 20:08:03 | pullback_pattern_084990 | INFO | [084990] 일봉상세: 가격변화0.0%, 거래량변화0.0%
2025-11-06 20:08:03 | pullback_pattern_462310 | INFO | [462310] 일봉분석: 강도50, 이상적패턴False, 요구신뢰도70
2025-11-06 20:08:03 | pullback_pattern_458870 | INFO | [458870] 일봉상세: 가격변화0.0%, 거래량변화0.0%
2025-11-06 20:08:03 | pullback_pattern_332570 | INFO | [332570] 일봉상세: 가격변화0.0%, 거래량변화0.0%
2025-11-06 20:08:04 | pullback_pattern_425420 | INFO | [425420] 일봉분석: 강도50, 이상적패턴False, 요구신뢰도75
2025-11-06 20:08:03 | pullback_pattern_078520 | INFO | [078520] 일봉분석: 강도50, 이상적패턴False, 요구신뢰도75
2025-11-06 20:08:03 | __main__ | INFO |    매수 못한 기회: 0건
2025-11-06 20:08:04 | pullback_pattern_023160 | INFO | [023160] 일봉분석: 강도50, 이상적패턴False, 요구신뢰도75
2025-11-06 20:08:04 | pullback_pattern_425420 | INFO | [425420] 일봉상세: 가격변화0.0%, 거래량변화0.0%
2025-11-06 20:08:03 | pullback_pattern_484870 | INFO | [484870] 일봉상세: 가격변화0.0%, 거래량변화0.0%
2025-11-06 20:08:04 | __main__ | INFO | ✅ [009540] 처리 완료 - 0건 거래, 0건 매수 못한 기회
2025-11-06 20:08:04 | pullback_pattern_023160 | INFO | [023160] 일봉상세: 가격변화0.0%, 거래량변화0.0%
2025-11-06 20:08:04 | pullback_pattern_078520 | INFO | [078520] 일봉상세: 가격변화0.0%, 거래량변화0.0%
2025-11-06 20:08:04 | pullback_pattern_458870 | INFO | [458870] 일봉분석: 강도50, 이상적패턴False, 요구신뢰도75
2025-11-06 20:08:04 | pullback_pattern_462310 | INFO | [462310] 일봉상세: 가격변화0.0%, 거래량변화0.0%
2025-11-06 20:08:04 | __main__ | INFO | 🔄 [089150] 처리 시작...
2025-11-06 20:08:04 | pullback_pattern_458870 | INFO | [458870] 일봉상세: 가격변화0.0%, 거래량변화0.0%
2025-11-06 20:08:04 | pullback_pattern_484870 | INFO | [484870] 일봉분석: 강도50, 이상적패턴False, 요구신뢰도75
2025-11-06 20:08:04 | pullback_pattern_084990 | INFO | [084990] 일봉분석: 강도50, 이상적패턴False, 요구신뢰도70
2025-11-06 20:08:04 | pullback_pattern_332570 | INFO | [332570] 일봉분석: 강도50, 이상적패턴False, 요구신뢰도95
2025-11-06 20:08:04 | pullback_pattern_078520 | INFO | [078520] 일봉분석: 강도50, 이상적패턴False, 요구신뢰도75
2025-11-06 20:08:04 | pullback_pattern_425420 | INFO | [425420] 일봉분석: 강도50, 이상적패턴False, 요구신뢰도75
2025-11-06 20:08:04 | pullback_pattern_084990 | INFO | [084990] 일봉상세: 가격변화0.0%, 거래량변화0.0%
2025-11-06 20:08:04 | __main__ | INFO | 💾 [089150] 캐시 데이터 사용 - 371개 봉
2025-11-06 20:08:04 | pullback_pattern_078520 | INFO | [078520] 일봉상세: 가격변화0.0%, 거래량변화0.0%
2025-11-06 20:08:04 | pullback_pattern_462310 | INFO | [462310] 일봉분석: 강도50, 이상적패턴False, 요구신뢰도70
2025-11-06 20:08:04 | pullback_pattern_425420 | INFO | [425420] 일봉상세: 가격변화0.0%, 거래량변화0.0%
2025-11-06 20:08:04 | pullback_pattern_458870 | INFO | [458870] 일봉분석: 강도50, 이상적패턴False, 요구신뢰도75
2025-11-06 20:08:04 | pullback_pattern_332570 | INFO | [332570] 일봉상세: 가격변화0.0%, 거래량변화0.0%
2025-11-06 20:08:04 | pullback_pattern_462310 | INFO | [462310] 일봉상세: 가격변화0.0%, 거래량변화0.0%
2025-11-06 20:08:04 | pullback_pattern_458870 | INFO | [458870] 일봉상세: 가격변화0.0%, 거래량변화0.0%
2025-11-06 20:08:04 | pullback_pattern_484870 | INFO | [484870] 일봉상세: 가격변화0.0%, 거래량변화0.0%
2025-11-06 20:08:04 | pullback_pattern_084990 | INFO | [084990] 일봉분석: 강도50, 이상적패턴False, 요구신뢰도70
2025-11-06 20:08:04 | pullback_pattern_078520 | INFO | [078520] 일봉분석: 강도50, 이상적패턴False, 요구신뢰도75
2025-11-06 20:08:04 | pullback_pattern_023160 | INFO | [023160] 일봉분석: 강도50, 이상적패턴False, 요구신뢰도75
2025-11-06 20:08:04 | pullback_pattern_084990 | INFO | [084990] 일봉상세: 가격변화0.0%, 거래량변화0.0%
2025-11-06 20:08:04 | pullback_pattern_484870 | INFO | [484870] 일봉분석: 강도50, 이상적패턴False, 요구신뢰도75
2025-11-06 20:08:04 | pullback_pattern_332570 | INFO | [332570] 일봉분석: 강도50, 이상적패턴False, 요구신뢰도95
2025-11-06 20:08:04 | pullback_pattern_462310 | INFO | [462310] 일봉분석: 강도50, 이상적패턴False, 요구신뢰도70
2025-11-06 20:08:04 | pullback_pattern_023160 | INFO | [023160] 일봉상세: 가격변화0.0%, 거래량변화0.0%
2025-11-06 20:08:04 | pullback_pattern_484870 | INFO | [484870] 일봉상세: 가격변화0.0%, 거래량변화0.0%
2025-11-06 20:08:04 | pullback_pattern_332570 | INFO | [332570] 일봉상세: 가격변화0.0%, 거래량변화0.0%
2025-11-06 20:08:04 | pullback_pattern_458870 | INFO | [458870] 일봉분석: 강도50, 이상적패턴False, 요구신뢰도75
2025-11-06 20:08:04 | pullback_pattern_078520 | INFO | [078520] 일봉상세: 가격변화0.0%, 거래량변화0.0%
2025-11-06 20:08:04 | pullback_pattern_425420 | INFO | [425420] 일봉분석: 강도50, 이상적패턴False, 요구신뢰도75
2025-11-06 20:08:04 | pullback_pattern_458870 | INFO | [458870] 일봉상세: 가격변화0.0%, 거래량변화0.0%
2025-11-06 20:08:04 | pullback_pattern_462310 | INFO | [462310] 일봉상세: 가격변화0.0%, 거래량변화0.0%
2025-11-06 20:08:04 | pullback_pattern_084990 | INFO | [084990] 일봉분석: 강도50, 이상적패턴False, 요구신뢰도70
2025-11-06 20:08:04 | pullback_pattern_023160 | INFO | [023160] 일봉분석: 강도50, 이상적패턴False, 요구신뢰도75
2025-11-06 20:08:04 | pullback_pattern_484870 | INFO | [484870] 일봉분석: 강도50, 이상적패턴False, 요구신뢰도75
2025-11-06 20:08:04 | pullback_pattern_078520 | INFO | [078520] 일봉분석: 강도50, 이상적패턴False, 요구신뢰도75
2025-11-06 20:08:04 | pullback_pattern_462310 | INFO | [462310] 4단계패턴매수: 신뢰도93%, 진입가0원
2025-11-06 20:08:04 | pullback_pattern_332570 | INFO | [332570] 일봉분석: 강도50, 이상적패턴False, 요구신뢰도95
2025-11-06 20:08:04 | pullback_pattern_084990 | INFO | [084990] 일봉상세: 가격변화0.0%, 거래량변화0.0%
2025-11-06 20:08:04 | pullback_pattern_023160 | INFO | [023160] 일봉상세: 가격변화0.0%, 거래량변화0.0%
2025-11-06 20:08:04 | pullback_pattern_425420 | INFO | [425420] 일봉상세: 가격변화0.0%, 거래량변화0.0%
2025-11-06 20:08:04 | pullback_pattern_484870 | INFO | [484870] 일봉상세: 가격변화0.0%, 거래량변화0.0%
2025-11-06 20:08:04 | pullback_pattern_078520 | INFO | [078520] 일봉상세: 가격변화0.0%, 거래량변화0.0%
2025-11-06 20:08:04 | __main__ | INFO | 🎯 [023160] 총 0개 매수 신호 발견 (실시간 방식)
2025-11-06 20:08:04 | pullback_pattern_458870 | INFO | [458870] 일봉분석: 강도50, 이상적패턴False, 요구신뢰도75
2025-11-06 20:08:04 | __main__ | INFO | 매수 신호 없음 - 거래 시뮬레이션 불가 [023160]
2025-11-06 20:08:04 | pullback_pattern_458870 | INFO | [458870] 일봉상세: 가격변화0.0%, 거래량변화0.0%
2025-11-06 20:08:04 | pullback_pattern_425420 | INFO | [425420] 일봉분석: 강도50, 이상적패턴False, 요구신뢰도75
✅ 462310 매수 신호 감지: STRONG_BUY (신뢰도: 93.0%)
📊 462310: 가격변화 +1.0%, 거래량 감소, 신뢰도 93%
✅ 462310 패턴 필터 통과: 패턴 필터 통과
2025-11-06 20:08:04 | pullback_pattern_332570 | INFO | [332570] 일봉상세: 가격변화0.0%, 거래량변화0.0%
2025-11-06 20:08:04 | __main__ | INFO | ✅ [023160] 처리 완료 - 0건 거래, 0건 매수 못한 기회
2025-11-06 20:08:04 | pullback_pattern_462310 | INFO | [462310] 일봉분석: 강도50, 이상적패턴False, 요구신뢰도70
2025-11-06 20:08:04 | pullback_pattern_084990 | INFO | [084990] 일봉분석: 강도50, 이상적패턴False, 요구신뢰도70
2025-11-06 20:08:04 | pullback_pattern_484870 | INFO | [484870] 일봉분석: 강도50, 이상적패턴False, 요구신뢰도75
2025-11-06 20:08:04 | pullback_pattern_078520 | INFO | [078520] 일봉분석: 강도50, 이상적패턴False, 요구신뢰도75
2025-11-06 20:08:04 | pullback_pattern_425420 | INFO | [425420] 일봉상세: 가격변화0.0%, 거래량변화0.0%
2025-11-06 20:08:04 | __main__ | INFO | 🔄 [034730] 처리 시작...
2025-11-06 20:08:04 | pullback_pattern_484870 | INFO | [484870] 일봉상세: 가격변화0.0%, 거래량변화0.0%
2025-11-06 20:08:04 | pullback_pattern_084990 | INFO | [084990] 일봉상세: 가격변화0.0%, 거래량변화0.0%
2025-11-06 20:08:04 | pullback_pattern_078520 | INFO | [078520] 일봉상세: 가격변화0.0%, 거래량변화0.0%
2025-11-06 20:08:04 | pullback_pattern_462310 | INFO | [462310] 일봉상세: 가격변화0.0%, 거래량변화0.0%
2025-11-06 20:08:04 | pullback_pattern_458870 | INFO | [458870] 일봉분석: 강도50, 이상적패턴False, 요구신뢰도75
2025-11-06 20:08:04 | pullback_pattern_332570 | INFO | [332570] 일봉분석: 강도50, 이상적패턴False, 요구신뢰도95
2025-11-06 20:08:04 | pullback_pattern_458870 | INFO | [458870] 일봉상세: 가격변화0.0%, 거래량변화0.0%
2025-11-06 20:08:04 | pullback_pattern_332570 | INFO | [332570] 일봉상세: 가격변화0.0%, 거래량변화0.0%
2025-11-06 20:08:04 | __main__ | INFO | 💾 [034730] 캐시 데이터 사용 - 380개 봉
2025-11-06 20:08:04 | pullback_pattern_078520 | INFO | [078520] 일봉분석: 강도50, 이상적패턴False, 요구신뢰도75
2025-11-06 20:08:04 | pullback_pattern_084990 | INFO | [084990] 일봉분석: 강도50, 이상적패턴False, 요구신뢰도70
2025-11-06 20:08:04 | pullback_pattern_484870 | INFO | [484870] 일봉분석: 강도50, 이상적패턴False, 요구신뢰도75
2025-11-06 20:08:04 | pullback_pattern_462310 | INFO | [462310] 일봉분석: 강도50, 이상적패턴False, 요구신뢰도70
2025-11-06 20:08:04 | pullback_pattern_458870 | INFO | [458870] 일봉분석: 강도50, 이상적패턴False, 요구신뢰도75
2025-11-06 20:08:04 | pullback_pattern_084990 | INFO | [084990] 일봉상세: 가격변화0.0%, 거래량변화0.0%
2025-11-06 20:08:04 | pullback_pattern_078520 | INFO | [078520] 일봉상세: 가격변화0.0%, 거래량변화0.0%
2025-11-06 20:08:04 | pullback_pattern_462310 | INFO | [462310] 일봉상세: 가격변화0.0%, 거래량변화0.0%
2025-11-06 20:08:04 | pullback_pattern_484870 | INFO | [484870] 일봉상세: 가격변화0.0%, 거래량변화0.0%
2025-11-06 20:08:04 | pullback_pattern_332570 | INFO | [332570] 일봉분석: 강도50, 이상적패턴False, 요구신뢰도95
2025-11-06 20:08:04 | pullback_pattern_458870 | INFO | [458870] 일봉상세: 가격변화0.0%, 거래량변화0.0%
2025-11-06 20:08:04 | pullback_pattern_425420 | INFO | [425420] 일봉분석: 강도50, 이상적패턴False, 요구신뢰도75
2025-11-06 20:08:04 | pullback_pattern_034730 | INFO | [034730] 일봉분석: 강도50, 이상적패턴False, 요구신뢰도70
2025-11-06 20:08:04 | pullback_pattern_332570 | INFO | [332570] 일봉상세: 가격변화0.0%, 거래량변화0.0%
2025-11-06 20:08:04 | pullback_pattern_078520 | INFO | [078520] 일봉분석: 강도50, 이상적패턴False, 요구신뢰도75
2025-11-06 20:08:04 | pullback_pattern_462310 | INFO | [462310] 일봉분석: 강도50, 이상적패턴False, 요구신뢰도70
2025-11-06 20:08:04 | pullback_pattern_425420 | INFO | [425420] 일봉상세: 가격변화0.0%, 거래량변화0.0%
2025-11-06 20:08:04 | pullback_pattern_484870 | INFO | [484870] 일봉분석: 강도50, 이상적패턴False, 요구신뢰도75
2025-11-06 20:08:04 | pullback_pattern_034730 | INFO | [034730] 일봉상세: 가격변화0.0%, 거래량변화0.0%
2025-11-06 20:08:04 | pullback_pattern_462310 | INFO | [462310] 일봉상세: 가격변화0.0%, 거래량변화0.0%
2025-11-06 20:08:04 | pullback_pattern_458870 | INFO | [458870] 일봉분석: 강도50, 이상적패턴False, 요구신뢰도75
2025-11-06 20:08:04 | pullback_pattern_084990 | INFO | [084990] 일봉분석: 강도50, 이상적패턴False, 요구신뢰도70
2025-11-06 20:08:04 | pullback_pattern_332570 | INFO | [332570] 일봉분석: 강도50, 이상적패턴False, 요구신뢰도95
2025-11-06 20:08:04 | pullback_pattern_458870 | INFO | [458870] 일봉상세: 가격변화0.0%, 거래량변화0.0%
2025-11-06 20:08:04 | pullback_pattern_084990 | INFO | [084990] 일봉상세: 가격변화0.0%, 거래량변화0.0%
2025-11-06 20:08:04 | pullback_pattern_078520 | INFO | [078520] 일봉상세: 가격변화0.0%, 거래량변화0.0%
2025-11-06 20:08:04 | pullback_pattern_425420 | INFO | [425420] 일봉분석: 강도50, 이상적패턴False, 요구신뢰도75
2025-11-06 20:08:04 | pullback_pattern_332570 | INFO | [332570] 일봉상세: 가격변화0.0%, 거래량변화0.0%
2025-11-06 20:08:04 | pullback_pattern_484870 | INFO | [484870] 일봉상세: 가격변화0.0%, 거래량변화0.0%
2025-11-06 20:08:04 | pullback_pattern_425420 | INFO | [425420] 일봉상세: 가격변화0.0%, 거래량변화0.0%
2025-11-06 20:08:04 | pullback_pattern_458870 | INFO | [458870] 일봉분석: 강도50, 이상적패턴False, 요구신뢰도75
2025-11-06 20:08:04 | pullback_pattern_462310 | INFO | [462310] 일봉분석: 강도50, 이상적패턴False, 요구신뢰도70
2025-11-06 20:08:04 | pullback_pattern_084990 | INFO | [084990] 일봉분석: 강도50, 이상적패턴False, 요구신뢰도70
2025-11-06 20:08:04 | pullback_pattern_034730 | INFO | [034730] 일봉분석: 강도50, 이상적패턴False, 요구신뢰도70
2025-11-06 20:08:04 | pullback_pattern_078520 | INFO | [078520] 일봉분석: 강도50, 이상적패턴False, 요구신뢰도75
2025-11-06 20:08:04 | pullback_pattern_084990 | INFO | [084990] 일봉상세: 가격변화0.0%, 거래량변화0.0%
2025-11-06 20:08:04 | pullback_pattern_458870 | INFO | [458870] 일봉상세: 가격변화0.0%, 거래량변화0.0%
2025-11-06 20:08:04 | pullback_pattern_462310 | INFO | [462310] 일봉상세: 가격변화0.0%, 거래량변화0.0%
2025-11-06 20:08:04 | pullback_pattern_078520 | INFO | [078520] 일봉상세: 가격변화0.0%, 거래량변화0.0%
2025-11-06 20:08:04 | pullback_pattern_425420 | INFO | [425420] 일봉분석: 강도50, 이상적패턴False, 요구신뢰도75
2025-11-06 20:08:04 | pullback_pattern_034730 | INFO | [034730] 일봉상세: 가격변화0.0%, 거래량변화0.0%
2025-11-06 20:08:04 | pullback_pattern_332570 | INFO | [332570] 일봉분석: 강도50, 이상적패턴False, 요구신뢰도95
2025-11-06 20:08:04 | pullback_pattern_425420 | INFO | [425420] 일봉상세: 가격변화0.0%, 거래량변화0.0%
2025-11-06 20:08:04 | pullback_pattern_084990 | INFO | [084990] 일봉분석: 강도50, 이상적패턴False, 요구신뢰도75
2025-11-06 20:08:04 | pullback_pattern_484870 | INFO | [484870] 일봉분석: 강도50, 이상적패턴False, 요구신뢰도75
2025-11-06 20:08:04 | pullback_pattern_332570 | INFO | [332570] 일봉상세: 가격변화0.0%, 거래량변화0.0%
2025-11-06 20:08:04 | pullback_pattern_462310 | INFO | [462310] 일봉분석: 강도50, 이상적패턴False, 요구신뢰도70
2025-11-06 20:08:04 | pullback_pattern_078520 | INFO | [078520] 일봉분석: 강도50, 이상적패턴False, 요구신뢰도75
2025-11-06 20:08:04 | pullback_pattern_484870 | INFO | [484870] 일봉상세: 가격변화0.0%, 거래량변화0.0%
2025-11-06 20:08:04 | pullback_pattern_458870 | INFO | [458870] 일봉분석: 강도50, 이상적패턴False, 요구신뢰도75
2025-11-06 20:08:04 | pullback_pattern_078520 | INFO | [078520] 일봉상세: 가격변화0.0%, 거래량변화0.0%
2025-11-06 20:08:04 | pullback_pattern_034730 | INFO | [034730] 일봉분석: 강도50, 이상적패턴False, 요구신뢰도70
2025-11-06 20:08:04 | pullback_pattern_462310 | INFO | [462310] 일봉상세: 가격변화0.0%, 거래량변화0.0%
2025-11-06 20:08:04 | pullback_pattern_458870 | INFO | [458870] 일봉상세: 가격변화0.0%, 거래량변화0.0%
2025-11-06 20:08:04 | pullback_pattern_332570 | INFO | [332570] 일봉분석: 강도50, 이상적패턴False, 요구신뢰도95
2025-11-06 20:08:04 | pullback_pattern_034730 | INFO | [034730] 일봉상세: 가격변화0.0%, 거래량변화0.0%
2025-11-06 20:08:04 | pullback_pattern_425420 | INFO | [425420] 일봉분석: 강도50, 이상적패턴False, 요구신뢰도75
2025-11-06 20:08:04 | pullback_pattern_332570 | INFO | [332570] 일봉상세: 가격변화0.0%, 거래량변화0.0%
2025-11-06 20:08:04 | pullback_pattern_484870 | INFO | [484870] 일봉분석: 강도50, 이상적패턴False, 요구신뢰도95
2025-11-06 20:08:04 | pullback_pattern_462310 | INFO | [462310] 일봉분석: 강도50, 이상적패턴False, 요구신뢰도75
2025-11-06 20:08:04 | pullback_pattern_078520 | INFO | [078520] 일봉분석: 강도50, 이상적패턴False, 요구신뢰도75
2025-11-06 20:08:04 | pullback_pattern_458870 | INFO | [458870] 일봉분석: 강도50, 이상적패턴False, 요구신뢰도75
2025-11-06 20:08:04 | pullback_pattern_425420 | INFO | [425420] 일봉상세: 가격변화0.0%, 거래량변화0.0%
2025-11-06 20:08:04 | pullback_pattern_084990 | INFO | [084990] 일봉상세: 가격변화0.0%, 거래량변화0.0%
2025-11-06 20:08:04 | pullback_pattern_484870 | INFO | [484870] 일봉상세: 가격변화0.0%, 거래량변화0.0%
2025-11-06 20:08:04 | pullback_pattern_462310 | INFO | [462310] 일봉상세: 가격변화0.0%, 거래량변화0.0%
2025-11-06 20:08:04 | pullback_pattern_078520 | INFO | [078520] 일봉상세: 가격변화0.0%, 거래량변화0.0%
2025-11-06 20:08:04 | pullback_pattern_332570 | INFO | [332570] 일봉분석: 강도50, 이상적패턴False, 요구신뢰도95
2025-11-06 20:08:04 | pullback_pattern_425420 | INFO | [425420] 일봉분석: 강도50, 이상적패턴False, 요구신뢰도75
2025-11-06 20:08:04 | pullback_pattern_458870 | INFO | [458870] 일봉상세: 가격변화0.0%, 거래량변화0.0%
2025-11-06 20:08:04 | pullback_pattern_425420 | INFO | [425420] 일봉상세: 가격변화0.0%, 거래량변화0.0%
2025-11-06 20:08:04 | pullback_pattern_332570 | INFO | [332570] 일봉상세: 가격변화0.0%, 거래량변화0.0%
2025-11-06 20:08:04 | pullback_pattern_078520 | INFO | [078520] 일봉분석: 강도50, 이상적패턴False, 요구신뢰도75
2025-11-06 20:08:04 | pullback_pattern_084990 | INFO | [084990] 일봉분석: 강도50, 이상적패턴False, 요구신뢰도75
2025-11-06 20:08:04 | pullback_pattern_462310 | INFO | [462310] 일봉분석: 강도50, 이상적패턴False, 요구신뢰도75
2025-11-06 20:08:04 | pullback_pattern_484870 | INFO | [484870] 일봉분석: 강도50, 이상적패턴False, 요구신뢰도95
2025-11-06 20:08:04 | pullback_pattern_425420 | INFO | [425420] 일봉분석: 강도50, 이상적패턴False, 요구신뢰도75
2025-11-06 20:08:04 | pullback_pattern_084990 | INFO | [084990] 일봉상세: 가격변화0.0%, 거래량변화0.0%
2025-11-06 20:08:04 | pullback_pattern_462310 | INFO | [462310] 일봉상세: 가격변화0.0%, 거래량변화0.0%
2025-11-06 20:08:04 | pullback_pattern_332570 | INFO | [332570] 일봉분석: 강도50, 이상적패턴False, 요구신뢰도95
2025-11-06 20:08:04 | pullback_pattern_458870 | INFO | [458870] 일봉분석: 강도50, 이상적패턴False, 요구신뢰도75
2025-11-06 20:08:04 | pullback_pattern_425420 | INFO | [425420] 일봉상세: 가격변화0.0%, 거래량변화0.0%
2025-11-06 20:08:04 | pullback_pattern_484870 | INFO | [484870] 일봉상세: 가격변화0.0%, 거래량변화0.0%
2025-11-06 20:08:04 | pullback_pattern_078520 | INFO | [078520] 일봉상세: 가격변화0.0%, 거래량변화0.0%
2025-11-06 20:08:04 | pullback_pattern_084990 | INFO | [084990] 4단계패턴매수: 신뢰도93%, 진입가0원
2025-11-06 20:08:04 | pullback_pattern_458870 | INFO | [458870] 일봉상세: 가격변화0.0%, 거래량변화0.0%
2025-11-06 20:08:04 | pullback_pattern_332570 | INFO | [332570] 일봉상세: 가격변화0.0%, 거래량변화0.0%
✅ 084990 매수 신호 감지: STRONG_BUY (신뢰도: 93.0%)
📊 084990: 가격변화 -0.2%, 거래량 감소, 신뢰도 93%
🚫 084990 약한 패턴으로 매수 차단: 약한지지구간 (거래량감소-75%/돌파량부족)
2025-11-06 20:08:04 | pullback_pattern_425420 | INFO | [425420] 일봉분석: 강도50, 이상적패턴False, 요구신뢰도75
2025-11-06 20:08:04 | pullback_pattern_462310 | INFO | [462310] 일봉분석: 강도50, 이상적패턴False, 요구신뢰도75
2025-11-06 20:08:04 | pullback_pattern_425420 | INFO | [425420] 일봉상세: 가격변화0.0%, 거래량변화0.0%
2025-11-06 20:08:04 | pullback_pattern_484870 | INFO | [484870] 일봉분석: 강도50, 이상적패턴False, 요구신뢰도95
2025-11-06 20:08:04 | pullback_pattern_034730 | INFO | [034730] 일봉분석: 강도50, 이상적패턴False, 요구신뢰도70
2025-11-06 20:08:04 | pullback_pattern_084990 | INFO | [084990] 일봉분석: 강도50, 이상적패턴False, 요구신뢰도75
2025-11-06 20:08:04 | pullback_pattern_462310 | INFO | [462310] 일봉상세: 가격변화0.0%, 거래량변화0.0%
2025-11-06 20:08:04 | pullback_pattern_458870 | INFO | [458870] 일봉분석: 강도50, 이상적패턴False, 요구신뢰도75
2025-11-06 20:08:04 | pullback_pattern_078520 | INFO | [078520] 일봉분석: 강도50, 이상적패턴False, 요구신뢰도75
2025-11-06 20:08:04 | pullback_pattern_425420 | INFO | [425420] 일봉분석: 강도50, 이상적패턴False, 요구신뢰도75
2025-11-06 20:08:04 | pullback_pattern_484870 | INFO | [484870] 일봉상세: 가격변화0.0%, 거래량변화0.0%
2025-11-06 20:08:04 | pullback_pattern_332570 | INFO | [332570] 일봉분석: 강도50, 이상적패턴False, 요구신뢰도95
2025-11-06 20:08:04 | pullback_pattern_084990 | INFO | [084990] 일봉상세: 가격변화0.0%, 거래량변화0.0%
2025-11-06 20:08:04 | pullback_pattern_034730 | INFO | [034730] 일봉상세: 가격변화0.0%, 거래량변화0.0%
2025-11-06 20:08:04 | pullback_pattern_425420 | INFO | [425420] 일봉상세: 가격변화0.0%, 거래량변화0.0%
2025-11-06 20:08:04 | pullback_pattern_332570 | INFO | [332570] 일봉상세: 가격변화0.0%, 거래량변화0.0%
2025-11-06 20:08:04 | pullback_pattern_458870 | INFO | [458870] 일봉상세: 가격변화0.0%, 거래량변화0.0%
2025-11-06 20:08:04 | pullback_pattern_462310 | INFO | [462310] 일봉분석: 강도50, 이상적패턴False, 요구신뢰도75
2025-11-06 20:08:04 | pullback_pattern_484870 | INFO | [484870] 일봉분석: 강도50, 이상적패턴False, 요구신뢰도95
2025-11-06 20:08:04 | pullback_pattern_034730 | INFO | [034730] 일봉분석: 강도50, 이상적패턴False, 요구신뢰도70
2025-11-06 20:08:04 | pullback_pattern_484870 | INFO | [484870] 일봉상세: 가격변화0.0%, 거래량변화0.0%
2025-11-06 20:08:04 | pullback_pattern_425420 | INFO | [425420] 일봉분석: 강도50, 이상적패턴False, 요구신뢰도75
2025-11-06 20:08:04 | pullback_pattern_084990 | INFO | [084990] 일봉분석: 강도50, 이상적패턴False, 요구신뢰도75
2025-11-06 20:08:04 | pullback_pattern_078520 | INFO | [078520] 일봉상세: 가격변화0.0%, 거래량변화0.0%
2025-11-06 20:08:04 | pullback_pattern_332570 | INFO | [332570] 일봉분석: 강도50, 이상적패턴False, 요구신뢰도95
2025-11-06 20:08:04 | pullback_pattern_034730 | INFO | [034730] 일봉상세: 가격변화0.0%, 거래량변화0.0%
2025-11-06 20:08:04 | pullback_pattern_458870 | INFO | [458870] 일봉분석: 강도50, 이상적패턴False, 요구신뢰도75
2025-11-06 20:08:04 | pullback_pattern_462310 | INFO | [462310] 일봉상세: 가격변화0.0%, 거래량변화0.0%
2025-11-06 20:08:04 | pullback_pattern_425420 | INFO | [425420] 일봉상세: 가격변화0.0%, 거래량변화0.0%
2025-11-06 20:08:04 | pullback_pattern_084990 | INFO | [084990] 일봉상세: 가격변화0.0%, 거래량변화0.0%
2025-11-06 20:08:04 | pullback_pattern_458870 | INFO | [458870] 일봉상세: 가격변화0.0%, 거래량변화0.0%
2025-11-06 20:08:04 | pullback_pattern_089150 | INFO | [089150] 일봉분석: 강도50, 이상적패턴False, 요구신뢰도75
2025-11-06 20:08:04 | pullback_pattern_332570 | INFO | [332570] 일봉상세: 가격변화0.0%, 거래량변화0.0%
2025-11-06 20:08:04 | pullback_pattern_034730 | INFO | [034730] 일봉분석: 강도50, 이상적패턴False, 요구신뢰도70
2025-11-06 20:08:04 | pullback_pattern_484870 | INFO | [484870] 일봉분석: 강도50, 이상적패턴False, 요구신뢰도95
2025-11-06 20:08:04 | pullback_pattern_089150 | INFO | [089150] 일봉상세: 가격변화0.0%, 거래량변화0.0%
2025-11-06 20:08:04 | pullback_pattern_462310 | INFO | [462310] 일봉분석: 강도50, 이상적패턴False, 요구신뢰도75
2025-11-06 20:08:04 | pullback_pattern_034730 | INFO | [034730] 일봉상세: 가격변화0.0%, 거래량변화0.0%
2025-11-06 20:08:04 | pullback_pattern_332570 | INFO | [332570] 일봉분석: 강도50, 이상적패턴False, 요구신뢰도95
2025-11-06 20:08:04 | pullback_pattern_078520 | INFO | [078520] 일봉분석: 강도50, 이상적패턴False, 요구신뢰도75
2025-11-06 20:08:04 | pullback_pattern_084990 | INFO | [084990] 4단계패턴매수: 신뢰도90%, 진입가0원
2025-11-06 20:08:04 | pullback_pattern_425420 | INFO | [425420] 일봉분석: 강도50, 이상적패턴False, 요구신뢰도75
2025-11-06 20:08:04 | pullback_pattern_332570 | INFO | [332570] 일봉상세: 가격변화0.0%, 거래량변화0.0%
2025-11-06 20:08:04 | pullback_pattern_078520 | INFO | [078520] 일봉상세: 가격변화0.0%, 거래량변화0.0%
✅ 084990 매수 신호 감지: STRONG_BUY (신뢰도: 90.0%)
📊 084990: 가격변화 +0.2%, 거래량 증가, 신뢰도 90%
✅ 084990 패턴 필터 통과: 패턴 필터 통과
2025-11-06 20:08:04 | pullback_pattern_034730 | INFO | [034730] 일봉분석: 강도50, 이상적패턴False, 요구신뢰도70
2025-11-06 20:08:04 | pullback_pattern_089150 | INFO | [089150] 일봉분석: 강도50, 이상적패턴False, 요구신뢰도75
2025-11-06 20:08:04 | pullback_pattern_425420 | INFO | [425420] 일봉상세: 가격변화0.0%, 거래량변화0.0%
2025-11-06 20:08:04 | pullback_pattern_484870 | INFO | [484870] 일봉상세: 가격변화0.0%, 거래량변화0.0%
2025-11-06 20:08:04 | pullback_pattern_458870 | INFO | [458870] 일봉분석: 강도50, 이상적패턴False, 요구신뢰도75
2025-11-06 20:08:04 | pullback_pattern_089150 | INFO | [089150] 일봉상세: 가격변화0.0%, 거래량변화0.0%
2025-11-06 20:08:04 | pullback_pattern_462310 | INFO | [462310] 일봉상세: 가격변화0.0%, 거래량변화0.0%
2025-11-06 20:08:04 | pullback_pattern_034730 | INFO | [034730] 일봉상세: 가격변화0.0%, 거래량변화0.0%
2025-11-06 20:08:04 | pullback_pattern_458870 | INFO | [458870] 일봉상세: 가격변화0.0%, 거래량변화0.0%
2025-11-06 20:08:04 | pullback_pattern_425420 | INFO | [425420] 일봉분석: 강도50, 이상적패턴False, 요구신뢰도75
2025-11-06 20:08:04 | pullback_pattern_078520 | INFO | [078520] 일봉분석: 강도50, 이상적패턴False, 요구신뢰도75
2025-11-06 20:08:04 | pullback_pattern_084990 | INFO | [084990] 일봉분석: 강도50, 이상적패턴False, 요구신뢰도75
2025-11-06 20:08:04 | pullback_pattern_034730 | INFO | [034730] 일봉분석: 강도50, 이상적패턴False, 요구신뢰도70
2025-11-06 20:08:04 | pullback_pattern_425420 | INFO | [425420] 일봉상세: 가격변화0.0%, 거래량변화0.0%
2025-11-06 20:08:04 | pullback_pattern_084990 | INFO | [084990] 일봉상세: 가격변화0.0%, 거래량변화0.0%
2025-11-06 20:08:04 | pullback_pattern_484870 | INFO | [484870] 일봉분석: 강도50, 이상적패턴False, 요구신뢰도95
2025-11-06 20:08:04 | pullback_pattern_332570 | INFO | [332570] 일봉분석: 강도50, 이상적패턴False, 요구신뢰도95
2025-11-06 20:08:04 | pullback_pattern_458870 | INFO | [458870] 일봉분석: 강도50, 이상적패턴False, 요구신뢰도75
2025-11-06 20:08:04 | pullback_pattern_034730 | INFO | [034730] 일봉상세: 가격변화0.0%, 거래량변화0.0%
2025-11-06 20:08:04 | pullback_pattern_078520 | INFO | [078520] 일봉상세: 가격변화0.0%, 거래량변화0.0%
2025-11-06 20:08:04 | pullback_pattern_332570 | INFO | [332570] 일봉상세: 가격변화0.0%, 거래량변화0.0%
2025-11-06 20:08:04 | pullback_pattern_084990 | INFO | [084990] 4단계패턴매수: 신뢰도90%, 진입가0원
2025-11-06 20:08:04 | pullback_pattern_425420 | INFO | [425420] 일봉분석: 강도50, 이상적패턴False, 요구신뢰도75
2025-11-06 20:08:04 | pullback_pattern_462310 | INFO | [462310] 일봉분석: 강도50, 이상적패턴False, 요구신뢰도75
2025-11-06 20:08:04 | pullback_pattern_458870 | INFO | [458870] 일봉상세: 가격변화0.0%, 거래량변화0.0%
✅ 084990 매수 신호 감지: STRONG_BUY (신뢰도: 90.0%)
📊 084990: 가격변화 +1.3%, 거래량 증가, 신뢰도 90%
✅ 084990 패턴 필터 통과: 패턴 필터 통과
2025-11-06 20:08:04 | pullback_pattern_425420 | INFO | [425420] 일봉상세: 가격변화0.0%, 거래량변화0.0%
2025-11-06 20:08:04 | pullback_pattern_078520 | INFO | [078520] 일봉분석: 강도50, 이상적패턴False, 요구신뢰도75
2025-11-06 20:08:04 | pullback_pattern_484870 | INFO | [484870] 일봉상세: 가격변화0.0%, 거래량변화0.0%
2025-11-06 20:08:04 | pullback_pattern_089150 | INFO | [089150] 일봉분석: 강도50, 이상적패턴False, 요구신뢰도75
2025-11-06 20:08:04 | pullback_pattern_332570 | INFO | [332570] 일봉분석: 강도50, 이상적패턴False, 요구신뢰도95
2025-11-06 20:08:04 | pullback_pattern_078520 | INFO | [078520] 일봉상세: 가격변화0.0%, 거래량변화0.0%
2025-11-06 20:08:04 | pullback_pattern_462310 | INFO | [462310] 일봉상세: 가격변화0.0%, 거래량변화0.0%
2025-11-06 20:08:04 | pullback_pattern_089150 | INFO | [089150] 일봉상세: 가격변화0.0%, 거래량변화0.0%
2025-11-06 20:08:04 | pullback_pattern_332570 | INFO | [332570] 일봉상세: 가격변화0.0%, 거래량변화0.0%
2025-11-06 20:08:04 | pullback_pattern_084990 | INFO | [084990] 일봉분석: 강도50, 이상적패턴False, 요구신뢰도75
2025-11-06 20:08:04 | pullback_pattern_425420 | INFO | [425420] 일봉분석: 강도50, 이상적패턴False, 요구신뢰도75
2025-11-06 20:08:04 | pullback_pattern_484870 | INFO | [484870] 일봉분석: 강도50, 이상적패턴False, 요구신뢰도95
2025-11-06 20:08:04 | __main__ | DEBUG | [001270] 15시 장마감 매도: 70,200원
2025-11-06 20:08:04 | pullback_pattern_078520 | INFO | [078520] 일봉분석: 강도50, 이상적패턴False, 요구신뢰도75
2025-11-06 20:08:04 | pullback_pattern_425420 | INFO | [425420] 일봉상세: 가격변화0.0%, 거래량변화0.0%
2025-11-06 20:08:04 | pullback_pattern_034730 | INFO | [034730] 일봉분석: 강도50, 이상적패턴False, 요구신뢰도75
2025-11-06 20:08:04 | pullback_pattern_484870 | INFO | [484870] 일봉상세: 가격변화0.0%, 거래량변화0.0%
2025-11-06 20:08:04 | pullback_pattern_332570 | INFO | [332570] 일봉분석: 강도50, 이상적패턴False, 요구신뢰도95
2025-11-06 20:08:04 | pullback_pattern_078520 | INFO | [078520] 일봉상세: 가격변화0.0%, 거래량변화0.0%
2025-11-06 20:08:04 | pullback_pattern_458870 | INFO | [458870] 일봉분석: 강도50, 이상적패턴False, 요구신뢰도75
2025-11-06 20:08:04 | pullback_pattern_462310 | INFO | [462310] 일봉분석: 강도50, 이상적패턴False, 요구신뢰도75
2025-11-06 20:08:04 | pullback_pattern_034730 | INFO | [034730] 일봉상세: 가격변화0.0%, 거래량변화0.0%
2025-11-06 20:08:04 | pullback_pattern_084990 | INFO | [084990] 일봉상세: 가격변화0.0%, 거래량변화0.0%
2025-11-06 20:08:04 | pullback_pattern_332570 | INFO | [332570] 일봉상세: 가격변화0.0%, 거래량변화0.0%
2025-11-06 20:08:04 | pullback_pattern_425420 | INFO | [425420] 일봉분석: 강도50, 이상적패턴False, 요구신뢰도75
2025-11-06 20:08:04 | pullback_pattern_462310 | INFO | [462310] 일봉상세: 가격변화0.0%, 거래량변화0.0%
2025-11-06 20:08:04 | pullback_pattern_078520 | INFO | [078520] 일봉분석: 강도50, 이상적패턴False, 요구신뢰도75
2025-11-06 20:08:04 | pullback_pattern_084990 | INFO | [084990] 일봉분석: 강도50, 이상적패턴False, 요구신뢰도75
2025-11-06 20:08:04 | pullback_pattern_425420 | INFO | [425420] 일봉상세: 가격변화0.0%, 거래량변화0.0%
2025-11-06 20:08:04 | pullback_pattern_484870 | INFO | [484870] 일봉분석: 강도50, 이상적패턴False, 요구신뢰도95
2025-11-06 20:08:04 | pullback_pattern_458870 | INFO | [458870] 일봉상세: 가격변화0.0%, 거래량변화0.0%
2025-11-06 20:08:04 | pullback_pattern_084990 | INFO | [084990] 일봉상세: 가격변화0.0%, 거래량변화0.0%
2025-11-06 20:08:04 | pullback_pattern_332570 | INFO | [332570] 일봉분석: 강도50, 이상적패턴False, 요구신뢰도95
2025-11-06 20:08:04 | pullback_pattern_484870 | INFO | [484870] 일봉상세: 가격변화0.0%, 거래량변화0.0%
2025-11-06 20:08:04 | pullback_pattern_462310 | INFO | [462310] 일봉분석: 강도50, 이상적패턴False, 요구신뢰도75
2025-11-06 20:08:04 | pullback_pattern_034730 | INFO | [034730] 일봉분석: 강도50, 이상적패턴False, 요구신뢰도75
2025-11-06 20:08:04 | pullback_pattern_078520 | INFO | [078520] 일봉상세: 가격변화0.0%, 거래량변화0.0%
2025-11-06 20:08:04 | pullback_pattern_425420 | INFO | [425420] 일봉분석: 강도50, 이상적패턴False, 요구신뢰도75
2025-11-06 20:08:04 | pullback_pattern_462310 | INFO | [462310] 일봉상세: 가격변화0.0%, 거래량변화0.0%
2025-11-06 20:08:04 | pullback_pattern_458870 | INFO | [458870] 일봉분석: 강도50, 이상적패턴False, 요구신뢰도75
2025-11-06 20:08:04 | pullback_pattern_084990 | INFO | [084990] 일봉분석: 강도50, 이상적패턴False, 요구신뢰도75
2025-11-06 20:08:04 | pullback_pattern_034730 | INFO | [034730] 일봉상세: 가격변화0.0%, 거래량변화0.0%
2025-11-06 20:08:04 | pullback_pattern_484870 | INFO | [484870] 일봉분석: 강도50, 이상적패턴False, 요구신뢰도95
2025-11-06 20:08:04 | pullback_pattern_458870 | INFO | [458870] 일봉상세: 가격변화0.0%, 거래량변화0.0%
2025-11-06 20:08:04 | pullback_pattern_332570 | INFO | [332570] 일봉상세: 가격변화0.0%, 거래량변화0.0%
2025-11-06 20:08:04 | pullback_pattern_084990 | INFO | [084990] 일봉상세: 가격변화0.0%, 거래량변화0.0%
2025-11-06 20:08:04 | pullback_pattern_462310 | INFO | [462310] 일봉분석: 강도50, 이상적패턴False, 요구신뢰도75
2025-11-06 20:08:04 | pullback_pattern_425420 | INFO | [425420] 일봉상세: 가격변화0.0%, 거래량변화0.0%
2025-11-06 20:08:04 | pullback_pattern_034730 | INFO | [034730] 일봉분석: 강도50, 이상적패턴False, 요구신뢰도75
2025-11-06 20:08:04 | pullback_pattern_462310 | INFO | [462310] 일봉상세: 가격변화0.0%, 거래량변화0.0%
2025-11-06 20:08:04 | pullback_pattern_078520 | INFO | [078520] 일봉분석: 강도50, 이상적패턴False, 요구신뢰도75
2025-11-06 20:08:04 | pullback_pattern_484870 | INFO | [484870] 일봉상세: 가격변화0.0%, 거래량변화0.0%
2025-11-06 20:08:04 | pullback_pattern_458870 | INFO | [458870] 일봉분석: 강도50, 이상적패턴False, 요구신뢰도75
2025-11-06 20:08:04 | pullback_pattern_034730 | INFO | [034730] 일봉상세: 가격변화0.0%, 거래량변화0.0%
2025-11-06 20:08:04 | pullback_pattern_078520 | INFO | [078520] 일봉상세: 가격변화0.0%, 거래량변화0.0%
2025-11-06 20:08:04 | pullback_pattern_332570 | INFO | [332570] 일봉분석: 강도50, 이상적패턴False, 요구신뢰도95
2025-11-06 20:08:04 | pullback_pattern_425420 | INFO | [425420] 일봉분석: 강도50, 이상적패턴False, 요구신뢰도75
2025-11-06 20:08:04 | pullback_pattern_084990 | INFO | [084990] 일봉분석: 강도50, 이상적패턴False, 요구신뢰도75
2025-11-06 20:08:04 | pullback_pattern_462310 | INFO | [462310] 일봉분석: 강도50, 이상적패턴False, 요구신뢰도75
2025-11-06 20:08:04 | pullback_pattern_425420 | INFO | [425420] 일봉상세: 가격변화0.0%, 거래량변화0.0%
2025-11-06 20:08:04 | pullback_pattern_484870 | INFO | [484870] 일봉분석: 강도50, 이상적패턴False, 요구신뢰도95
2025-11-06 20:08:04 | pullback_pattern_332570 | INFO | [332570] 일봉상세: 가격변화0.0%, 거래량변화0.0%
2025-11-06 20:08:04 | pullback_pattern_462310 | INFO | [462310] 일봉상세: 가격변화0.0%, 거래량변화0.0%
2025-11-06 20:08:04 | pullback_pattern_034730 | INFO | [034730] 일봉분석: 강도50, 이상적패턴False, 요구신뢰도75
2025-11-06 20:08:04 | pullback_pattern_458870 | INFO | [458870] 일봉상세: 가격변화0.0%, 거래량변화0.0%
2025-11-06 20:08:04 | pullback_pattern_078520 | INFO | [078520] 일봉분석: 강도50, 이상적패턴False, 요구신뢰도75
2025-11-06 20:08:04 | pullback_pattern_484870 | INFO | [484870] 일봉상세: 가격변화0.0%, 거래량변화0.0%
2025-11-06 20:08:04 | pullback_pattern_425420 | INFO | [425420] 일봉분석: 강도50, 이상적패턴False, 요구신뢰도75
2025-11-06 20:08:04 | pullback_pattern_034730 | INFO | [034730] 일봉상세: 가격변화0.0%, 거래량변화0.0%
2025-11-06 20:08:04 | pullback_pattern_332570 | INFO | [332570] 일봉분석: 강도50, 이상적패턴False, 요구신뢰도95
2025-11-06 20:08:04 | pullback_pattern_084990 | INFO | [084990] 일봉상세: 가격변화0.0%, 거래량변화0.0%
2025-11-06 20:08:04 | pullback_pattern_078520 | INFO | [078520] 일봉상세: 가격변화0.0%, 거래량변화0.0%
2025-11-06 20:08:04 | pullback_pattern_462310 | INFO | [462310] 일봉분석: 강도50, 이상적패턴False, 요구신뢰도75
2025-11-06 20:08:04 | pullback_pattern_332570 | INFO | [332570] 일봉상세: 가격변화0.0%, 거래량변화0.0%
2025-11-06 20:08:04 | pullback_pattern_458870 | INFO | [458870] 일봉분석: 강도50, 이상적패턴False, 요구신뢰도95
2025-11-06 20:08:04 | pullback_pattern_462310 | INFO | [462310] 일봉상세: 가격변화0.0%, 거래량변화0.0%
2025-11-06 20:08:04 | pullback_pattern_425420 | INFO | [425420] 일봉상세: 가격변화0.0%, 거래량변화0.0%
2025-11-06 20:08:04 | pullback_pattern_484870 | INFO | [484870] 일봉분석: 강도50, 이상적패턴False, 요구신뢰도95
2025-11-06 20:08:04 | pullback_pattern_078520 | INFO | [078520] 일봉분석: 강도50, 이상적패턴False, 요구신뢰도75
2025-11-06 20:08:04 | pullback_pattern_458870 | INFO | [458870] 일봉상세: 가격변화0.0%, 거래량변화0.0%
2025-11-06 20:08:04 | pullback_pattern_484870 | INFO | [484870] 일봉상세: 가격변화0.0%, 거래량변화0.0%
2025-11-06 20:08:04 | pullback_pattern_034730 | INFO | [034730] 일봉분석: 강도50, 이상적패턴False, 요구신뢰도75
2025-11-06 20:08:04 | pullback_pattern_078520 | INFO | [078520] 일봉상세: 가격변화0.0%, 거래량변화0.0%
2025-11-06 20:08:04 | pullback_pattern_425420 | INFO | [425420] 일봉분석: 강도50, 이상적패턴False, 요구신뢰도75
2025-11-06 20:08:04 | pullback_pattern_084990 | INFO | [084990] 일봉분석: 강도50, 이상적패턴False, 요구신뢰도75
2025-11-06 20:08:04 | pullback_pattern_034730 | INFO | [034730] 일봉상세: 가격변화0.0%, 거래량변화0.0%
2025-11-06 20:08:04 | pullback_pattern_458870 | INFO | [458870] 일봉분석: 강도50, 이상적패턴False, 요구신뢰도95
2025-11-06 20:08:04 | pullback_pattern_332570 | INFO | [332570] 일봉분석: 강도50, 이상적패턴False, 요구신뢰도95
2025-11-06 20:08:04 | pullback_pattern_084990 | INFO | [084990] 일봉상세: 가격변화0.0%, 거래량변화0.0%
2025-11-06 20:08:04 | pullback_pattern_425420 | INFO | [425420] 일봉상세: 가격변화0.0%, 거래량변화0.0%
2025-11-06 20:08:04 | pullback_pattern_484870 | INFO | [484870] 일봉분석: 강도50, 이상적패턴False, 요구신뢰도95
2025-11-06 20:08:04 | pullback_pattern_332570 | INFO | [332570] 일봉상세: 가격변화0.0%, 거래량변화0.0%
2025-11-06 20:08:04 | pullback_pattern_034730 | INFO | [034730] 일봉분석: 강도50, 이상적패턴False, 요구신뢰도75
2025-11-06 20:08:04 | pullback_pattern_078520 | INFO | [078520] 일봉분석: 강도50, 이상적패턴False, 요구신뢰도75
2025-11-06 20:08:04 | pullback_pattern_484870 | INFO | [484870] 일봉상세: 가격변화0.0%, 거래량변화0.0%
2025-11-06 20:08:04 | pullback_pattern_462310 | INFO | [462310] 일봉분석: 강도50, 이상적패턴False, 요구신뢰도75
2025-11-06 20:08:04 | pullback_pattern_078520 | INFO | [078520] 일봉상세: 가격변화0.0%, 거래량변화0.0%
2025-11-06 20:08:04 | pullback_pattern_034730 | INFO | [034730] 일봉상세: 가격변화0.0%, 거래량변화0.0%
2025-11-06 20:08:04 | pullback_pattern_425420 | INFO | [425420] 일봉분석: 강도50, 이상적패턴False, 요구신뢰도75
2025-11-06 20:08:04 | pullback_pattern_458870 | INFO | [458870] 일봉상세: 가격변화0.0%, 거래량변화0.0%
2025-11-06 20:08:04 | pullback_pattern_332570 | INFO | [332570] 일봉분석: 강도50, 이상적패턴False, 요구신뢰도95
2025-11-06 20:08:04 | pullback_pattern_425420 | INFO | [425420] 일봉상세: 가격변화0.0%, 거래량변화0.0%
2025-11-06 20:08:04 | pullback_pattern_484870 | INFO | [484870] 일봉분석: 강도50, 이상적패턴False, 요구신뢰도95
2025-11-06 20:08:04 | pullback_pattern_462310 | INFO | [462310] 일봉상세: 가격변화0.0%, 거래량변화0.0%
2025-11-06 20:08:04 | pullback_pattern_084990 | INFO | [084990] 일봉분석: 강도50, 이상적패턴False, 요구신뢰도75
2025-11-06 20:08:04 | pullback_pattern_034730 | INFO | [034730] 일봉분석: 강도50, 이상적패턴False, 요구신뢰도75
2025-11-06 20:08:04 | pullback_pattern_078520 | INFO | [078520] 일봉분석: 강도50, 이상적패턴False, 요구신뢰도75
2025-11-06 20:08:04 | pullback_pattern_458870 | INFO | [458870] 일봉분석: 강도50, 이상적패턴False, 요구신뢰도95
2025-11-06 20:08:04 | pullback_pattern_084990 | INFO | [084990] 일봉상세: 가격변화0.0%, 거래량변화0.0%
2025-11-06 20:08:04 | pullback_pattern_332570 | INFO | [332570] 일봉상세: 가격변화0.0%, 거래량변화0.0%
2025-11-06 20:08:04 | pullback_pattern_484870 | INFO | [484870] 일봉상세: 가격변화0.0%, 거래량변화0.0%
2025-11-06 20:08:04 | pullback_pattern_458870 | INFO | [458870] 일봉상세: 가격변화0.0%, 거래량변화0.0%
2025-11-06 20:08:04 | pullback_pattern_462310 | INFO | [462310] 일봉분석: 강도50, 이상적패턴False, 요구신뢰도75
2025-11-06 20:08:04 | pullback_pattern_078520 | INFO | [078520] 일봉상세: 가격변화0.0%, 거래량변화0.0%
2025-11-06 20:08:04 | pullback_pattern_425420 | INFO | [425420] 일봉분석: 강도50, 이상적패턴False, 요구신뢰도75
2025-11-06 20:08:04 | pullback_pattern_462310 | INFO | [462310] 일봉상세: 가격변화0.0%, 거래량변화0.0%
2025-11-06 20:08:04 | pullback_pattern_034730 | INFO | [034730] 일봉상세: 가격변화0.0%, 거래량변화0.0%
2025-11-06 20:08:04 | pullback_pattern_458870 | INFO | [458870] 일봉분석: 강도50, 이상적패턴False, 요구신뢰도95
2025-11-06 20:08:04 | pullback_pattern_425420 | INFO | [425420] 일봉상세: 가격변화0.0%, 거래량변화0.0%
2025-11-06 20:08:04 | pullback_pattern_484870 | INFO | [484870] 일봉분석: 강도50, 이상적패턴False, 요구신뢰도95
2025-11-06 20:08:04 | pullback_pattern_078520 | INFO | [078520] 일봉분석: 강도50, 이상적패턴False, 요구신뢰도75
2025-11-06 20:08:04 | pullback_pattern_332570 | INFO | [332570] 일봉분석: 강도50, 이상적패턴False, 요구신뢰도95
2025-11-06 20:08:04 | pullback_pattern_458870 | INFO | [458870] 일봉상세: 가격변화0.0%, 거래량변화0.0%
2025-11-06 20:08:04 | pullback_pattern_084990 | INFO | [084990] 일봉분석: 강도50, 이상적패턴False, 요구신뢰도75
2025-11-06 20:08:04 | pullback_pattern_332570 | INFO | [332570] 일봉상세: 가격변화0.0%, 거래량변화0.0%
2025-11-06 20:08:04 | pullback_pattern_462310 | INFO | [462310] 일봉분석: 강도50, 이상적패턴False, 요구신뢰도75
2025-11-06 20:08:04 | pullback_pattern_084990 | INFO | [084990] 일봉상세: 가격변화0.0%, 거래량변화0.0%
2025-11-06 20:08:04 | pullback_pattern_425420 | INFO | [425420] 일봉분석: 강도50, 이상적패턴False, 요구신뢰도75
2025-11-06 20:08:04 | pullback_pattern_462310 | INFO | [462310] 일봉상세: 가격변화0.0%, 거래량변화0.0%
2025-11-06 20:08:04 | pullback_pattern_078520 | INFO | [078520] 일봉상세: 가격변화0.0%, 거래량변화0.0%
2025-11-06 20:08:04 | pullback_pattern_425420 | INFO | [425420] 일봉상세: 가격변화0.0%, 거래량변화0.0%
2025-11-06 20:08:04 | pullback_pattern_484870 | INFO | [484870] 일봉상세: 가격변화0.0%, 거래량변화0.0%
2025-11-06 20:08:05 | pullback_pattern_332570 | INFO | [332570] 일봉분석: 강도50, 이상적패턴False, 요구신뢰도95
2025-11-06 20:08:04 | pullback_pattern_458870 | INFO | [458870] 일봉분석: 강도50, 이상적패턴False, 요구신뢰도95
2025-11-06 20:08:05 | pullback_pattern_332570 | INFO | [332570] 일봉상세: 가격변화0.0%, 거래량변화0.0%
2025-11-06 20:08:04 | pullback_pattern_034730 | INFO | [034730] 일봉분석: 강도50, 이상적패턴False, 요구신뢰도75
2025-11-06 20:08:05 | pullback_pattern_462310 | INFO | [462310] 일봉분석: 강도50, 이상적패턴False, 요구신뢰도75
2025-11-06 20:08:05 | pullback_pattern_458870 | INFO | [458870] 일봉상세: 가격변화0.0%, 거래량변화0.0%
2025-11-06 20:08:05 | pullback_pattern_484870 | INFO | [484870] 일봉분석: 강도50, 이상적패턴False, 요구신뢰도95
2025-11-06 20:08:05 | pullback_pattern_425420 | INFO | [425420] 일봉분석: 강도50, 이상적패턴False, 요구신뢰도75
2025-11-06 20:08:05 | pullback_pattern_084990 | INFO | [084990] 일봉분석: 강도50, 이상적패턴False, 요구신뢰도75
2025-11-06 20:08:05 | pullback_pattern_034730 | INFO | [034730] 일봉상세: 가격변화0.0%, 거래량변화0.0%
2025-11-06 20:08:05 | pullback_pattern_078520 | INFO | [078520] 일봉분석: 강도50, 이상적패턴False, 요구신뢰도75
2025-11-06 20:08:05 | pullback_pattern_425420 | INFO | [425420] 일봉상세: 가격변화0.0%, 거래량변화0.0%
2025-11-06 20:08:05 | pullback_pattern_084990 | INFO | [084990] 일봉상세: 가격변화0.0%, 거래량변화0.0%
2025-11-06 20:08:05 | pullback_pattern_458870 | INFO | [458870] 일봉분석: 강도50, 이상적패턴False, 요구신뢰도95
2025-11-06 20:08:05 | pullback_pattern_332570 | INFO | [332570] 일봉분석: 강도50, 이상적패턴False, 요구신뢰도95
2025-11-06 20:08:05 | pullback_pattern_484870 | INFO | [484870] 일봉상세: 가격변화0.0%, 거래량변화0.0%
2025-11-06 20:08:05 | pullback_pattern_034730 | INFO | [034730] 일봉분석: 강도50, 이상적패턴False, 요구신뢰도75
2025-11-06 20:08:05 | pullback_pattern_458870 | INFO | [458870] 일봉상세: 가격변화0.0%, 거래량변화0.0%
2025-11-06 20:08:05 | pullback_pattern_332570 | INFO | [332570] 일봉상세: 가격변화0.0%, 거래량변화0.0%
2025-11-06 20:08:05 | pullback_pattern_425420 | INFO | [425420] 일봉분석: 강도50, 이상적패턴False, 요구신뢰도75
2025-11-06 20:08:05 | pullback_pattern_034730 | INFO | [034730] 일봉상세: 가격변화0.0%, 거래량변화0.0%
2025-11-06 20:08:05 | pullback_pattern_462310 | INFO | [462310] 일봉상세: 가격변화0.0%, 거래량변화0.0%
2025-11-06 20:08:05 | pullback_pattern_425420 | INFO | [425420] 일봉상세: 가격변화0.0%, 거래량변화0.0%
2025-11-06 20:08:05 | pullback_pattern_484870 | INFO | [484870] 일봉분석: 강도50, 이상적패턴False, 요구신뢰도95
2025-11-06 20:08:05 | pullback_pattern_084990 | INFO | [084990] 일봉분석: 강도50, 이상적패턴False, 요구신뢰도75
2025-11-06 20:08:05 | pullback_pattern_332570 | INFO | [332570] 일봉분석: 강도50, 이상적패턴False, 요구신뢰도95
2025-11-06 20:08:05 | pullback_pattern_078520 | INFO | [078520] 일봉상세: 가격변화0.0%, 거래량변화0.0%
2025-11-06 20:08:05 | pullback_pattern_084990 | INFO | [084990] 일봉상세: 가격변화0.0%, 거래량변화0.0%
2025-11-06 20:08:05 | pullback_pattern_332570 | INFO | [332570] 일봉상세: 가격변화0.0%, 거래량변화0.0%
2025-11-06 20:08:05 | pullback_pattern_034730 | INFO | [034730] 일봉분석: 강도50, 이상적패턴False, 요구신뢰도75
2025-11-06 20:08:05 | pullback_pattern_484870 | INFO | [484870] 일봉상세: 가격변화0.0%, 거래량변화0.0%
2025-11-06 20:08:05 | pullback_pattern_425420 | INFO | [425420] 일봉분석: 강도50, 이상적패턴False, 요구신뢰도75
2025-11-06 20:08:05 | pullback_pattern_084990 | INFO | [084990] 일봉분석: 강도50, 이상적패턴False, 요구신뢰도75
2025-11-06 20:08:05 | pullback_pattern_034730 | INFO | [034730] 일봉상세: 가격변화0.0%, 거래량변화0.0%
2025-11-06 20:08:05 | pullback_pattern_078520 | INFO | [078520] 일봉분석: 강도50, 이상적패턴False, 요구신뢰도75
2025-11-06 20:08:05 | pullback_pattern_462310 | INFO | [462310] 일봉분석: 강도50, 이상적패턴False, 요구신뢰도75
2025-11-06 20:08:05 | pullback_pattern_084990 | INFO | [084990] 일봉상세: 가격변화0.0%, 거래량변화0.0%
2025-11-06 20:08:05 | pullback_pattern_332570 | INFO | [332570] 일봉분석: 강도50, 이상적패턴False, 요구신뢰도95
2025-11-06 20:08:05 | pullback_pattern_078520 | INFO | [078520] 일봉상세: 가격변화0.0%, 거래량변화0.0%
2025-11-06 20:08:05 | pullback_pattern_462310 | INFO | [462310] 일봉상세: 가격변화0.0%, 거래량변화0.0%
2025-11-06 20:08:05 | pullback_pattern_458870 | INFO | [458870] 일봉분석: 강도50, 이상적패턴False, 요구신뢰도95
2025-11-06 20:08:05 | pullback_pattern_484870 | INFO | [484870] 일봉분석: 강도50, 이상적패턴False, 요구신뢰도95
2025-11-06 20:08:05 | pullback_pattern_425420 | INFO | [425420] 일봉상세: 가격변화0.0%, 거래량변화0.0%
2025-11-06 20:08:05 | pullback_pattern_084990 | INFO | [084990] 일봉분석: 강도50, 이상적패턴False, 요구신뢰도75
2025-11-06 20:08:05 | pullback_pattern_458870 | INFO | [458870] 일봉상세: 가격변화0.0%, 거래량변화0.0%
2025-11-06 20:08:05 | pullback_pattern_078520 | INFO | [078520] 일봉분석: 강도50, 이상적패턴False, 요구신뢰도75
2025-11-06 20:08:05 | pullback_pattern_332570 | INFO | [332570] 일봉상세: 가격변화0.0%, 거래량변화0.0%
2025-11-06 20:08:05 | pullback_pattern_084990 | INFO | [084990] 일봉상세: 가격변화0.0%, 거래량변화0.0%
2025-11-06 20:08:05 | pullback_pattern_462310 | INFO | [462310] 일봉분석: 강도50, 이상적패턴False, 요구신뢰도75
2025-11-06 20:08:05 | pullback_pattern_484870 | INFO | [484870] 일봉상세: 가격변화0.0%, 거래량변화0.0%
2025-11-06 20:08:05 | pullback_pattern_034730 | INFO | [034730] 일봉분석: 강도50, 이상적패턴False, 요구신뢰도75
2025-11-06 20:08:05 | pullback_pattern_425420 | INFO | [425420] 일봉분석: 강도50, 이상적패턴False, 요구신뢰도75
2025-11-06 20:08:05 | pullback_pattern_078520 | INFO | [078520] 일봉상세: 가격변화0.0%, 거래량변화0.0%
2025-11-06 20:08:05 | pullback_pattern_458870 | INFO | [458870] 일봉분석: 강도50, 이상적패턴False, 요구신뢰도95
2025-11-06 20:08:05 | pullback_pattern_332570 | INFO | [332570] 일봉분석: 강도50, 이상적패턴False, 요구신뢰도75
2025-11-06 20:08:05 | pullback_pattern_425420 | INFO | [425420] 일봉상세: 가격변화0.0%, 거래량변화0.0%
2025-11-06 20:08:05 | pullback_pattern_462310 | INFO | [462310] 일봉상세: 가격변화0.0%, 거래량변화0.0%
2025-11-06 20:08:05 | pullback_pattern_458870 | INFO | [458870] 일봉상세: 가격변화0.0%, 거래량변화0.0%
2025-11-06 20:08:05 | pullback_pattern_084990 | INFO | [084990] 일봉분석: 강도50, 이상적패턴False, 요구신뢰도75
2025-11-06 20:08:05 | pullback_pattern_034730 | INFO | [034730] 일봉상세: 가격변화0.0%, 거래량변화0.0%
2025-11-06 20:08:05 | pullback_pattern_332570 | INFO | [332570] 일봉상세: 가격변화0.0%, 거래량변화0.0%
2025-11-06 20:08:05 | pullback_pattern_084990 | INFO | [084990] 일봉상세: 가격변화0.0%, 거래량변화0.0%
2025-11-06 20:08:05 | pullback_pattern_484870 | INFO | [484870] 일봉분석: 강도50, 이상적패턴False, 요구신뢰도95
2025-11-06 20:08:05 | __main__ | INFO | 🕰️ [001270] 매수 쿨다운 설정: 10:27 + 25분 = 10:52
2025-11-06 20:08:05 | pullback_pattern_462310 | INFO | [462310] 일봉분석: 강도50, 이상적패턴False, 요구신뢰도75
2025-11-06 20:08:05 | pullback_pattern_078520 | INFO | [078520] 일봉분석: 강도50, 이상적패턴False, 요구신뢰도75
2025-11-06 20:08:05 | pullback_pattern_458870 | INFO | [458870] 일봉분석: 강도50, 이상적패턴False, 요구신뢰도95
2025-11-06 20:08:05 | __main__ | INFO | ⚠️ [10:36] 매수 쿨다운 활성화 (남은 시간: 16분)
2025-11-06 20:08:05 | pullback_pattern_084990 | INFO | [084990] 일봉분석: 강도50, 이상적패턴False, 요구신뢰도75
2025-11-06 20:08:05 | pullback_pattern_462310 | INFO | [462310] 일봉상세: 가격변화0.0%, 거래량변화0.0%
2025-11-06 20:08:05 | pullback_pattern_078520 | INFO | [078520] 일봉상세: 가격변화0.0%, 거래량변화0.0%
2025-11-06 20:08:05 | pullback_pattern_034730 | INFO | [034730] 일봉분석: 강도50, 이상적패턴False, 요구신뢰도75
2025-11-06 20:08:05 | pullback_pattern_484870 | INFO | [484870] 일봉상세: 가격변화0.0%, 거래량변화0.0%
2025-11-06 20:08:05 | pullback_pattern_332570 | INFO | [332570] 일봉분석: 강도50, 이상적패턴False, 요구신뢰도75
2025-11-06 20:08:05 | pullback_pattern_425420 | INFO | [425420] 일봉분석: 강도50, 이상적패턴False, 요구신뢰도75
2025-11-06 20:08:05 | __main__ | DEBUG | ⚠️ [11:30] 포지션 보유 중(매도예정: 15:00)으로 매수 건너뜀
2025-11-06 20:08:05 | pullback_pattern_034730 | INFO | [034730] 일봉상세: 가격변화0.0%, 거래량변화0.0%
2025-11-06 20:08:05 | pullback_pattern_458870 | INFO | [458870] 일봉상세: 가격변화0.0%, 거래량변화0.0%
2025-11-06 20:08:05 | pullback_pattern_084990 | INFO | [084990] 일봉상세: 가격변화0.0%, 거래량변화0.0%
2025-11-06 20:08:05 | pullback_pattern_332570 | INFO | [332570] 일봉상세: 가격변화0.0%, 거래량변화0.0%
2025-11-06 20:08:05 | pullback_pattern_484870 | INFO | [484870] 일봉분석: 강도50, 이상적패턴False, 요구신뢰도95
2025-11-06 20:08:05 | __main__ | INFO | 📈 [001270] 거래 시뮬레이션 완료:
2025-11-06 20:08:05 | pullback_pattern_078520 | INFO | [078520] 일봉분석: 강도50, 이상적패턴False, 요구신뢰도75
2025-11-06 20:08:05 | pullback_pattern_425420 | INFO | [425420] 일봉상세: 가격변화0.0%, 거래량변화0.0%
2025-11-06 20:08:05 | pullback_pattern_084990 | INFO | [084990] 일봉분석: 강도50, 이상적패턴False, 요구신뢰도75
2025-11-06 20:08:05 | pullback_pattern_034730 | INFO | [034730] 일봉분석: 강도50, 이상적패턴False, 요구신뢰도75
2025-11-06 20:08:05 | __main__ | INFO |    전체 거래: 1건
2025-11-06 20:08:05 | pullback_pattern_484870 | INFO | [484870] 일봉상세: 가격변화0.0%, 거래량변화0.0%
2025-11-06 20:08:05 | pullback_pattern_084990 | INFO | [084990] 일봉상세: 가격변화0.0%, 거래량변화0.0%
2025-11-06 20:08:05 | pullback_pattern_034730 | INFO | [034730] 일봉상세: 가격변화0.0%, 거래량변화0.0%
2025-11-06 20:08:05 | pullback_pattern_425420 | INFO | [425420] 일봉분석: 강도50, 이상적패턴False, 요구신뢰도75
2025-11-06 20:08:05 | pullback_pattern_332570 | INFO | [332570] 일봉분석: 강도50, 이상적패턴False, 요구신뢰도75
2025-11-06 20:08:05 | pullback_pattern_458870 | INFO | [458870] 일봉분석: 강도50, 이상적패턴False, 요구신뢰도95
2025-11-06 20:08:05 | pullback_pattern_425420 | INFO | [425420] 일봉상세: 가격변화0.0%, 거래량변화0.0%
2025-11-06 20:08:05 | __main__ | INFO |    완료 거래: 1건
2025-11-06 20:08:05 | pullback_pattern_484870 | INFO | [484870] 일봉분석: 강도50, 이상적패턴False, 요구신뢰도95
2025-11-06 20:08:05 | pullback_pattern_078520 | INFO | [078520] 일봉상세: 가격변화0.0%, 거래량변화0.0%
2025-11-06 20:08:05 | pullback_pattern_458870 | INFO | [458870] 일봉상세: 가격변화0.0%, 거래량변화0.0%
2025-11-06 20:08:05 | __main__ | INFO |    성공 거래: 1건
2025-11-06 20:08:05 | pullback_pattern_484870 | INFO | [484870] 일봉상세: 가격변화0.0%, 거래량변화0.0%
2025-11-06 20:08:05 | pullback_pattern_034730 | INFO | [034730] 일봉분석: 강도50, 이상적패턴False, 요구신뢰도75
2025-11-06 20:08:05 | pullback_pattern_084990 | INFO | [084990] 일봉분석: 강도50, 이상적패턴False, 요구신뢰도75
2025-11-06 20:08:05 | __main__ | INFO |    매수 못한 기회: 0건
2025-11-06 20:08:05 | pullback_pattern_034730 | INFO | [034730] 일봉상세: 가격변화0.0%, 거래량변화0.0%
2025-11-06 20:08:05 | pullback_pattern_084990 | INFO | [084990] 일봉상세: 가격변화0.0%, 거래량변화0.0%
2025-11-06 20:08:05 | __main__ | INFO | 🌅 12시 이전 매수 거래:
2025-11-06 20:08:05 | pullback_pattern_458870 | INFO | [458870] 일봉분석: 강도50, 이상적패턴False, 요구신뢰도95
2025-11-06 20:08:05 | pullback_pattern_425420 | INFO | [425420] 일봉분석: 강도50, 이상적패턴False, 요구신뢰도75
2025-11-06 20:08:05 | __main__ | INFO |    오전 거래 수: 1건
2025-11-06 20:08:05 | pullback_pattern_484870 | INFO | [484870] 일봉분석: 강도50, 이상적패턴False, 요구신뢰도95
2025-11-06 20:08:05 | pullback_pattern_332570 | INFO | [332570] 일봉상세: 가격변화0.0%, 거래량변화0.0%
2025-11-06 20:08:05 | pullback_pattern_078520 | INFO | [078520] 일봉분석: 강도50, 이상적패턴False, 요구신뢰도75
2025-11-06 20:08:05 | pullback_pattern_084990 | INFO | [084990] 일봉분석: 강도50, 이상적패턴False, 요구신뢰도75
2025-11-06 20:08:05 | pullback_pattern_034730 | INFO | [034730] 일봉분석: 강도50, 이상적패턴False, 요구신뢰도75
2025-11-06 20:08:05 | pullback_pattern_458870 | INFO | [458870] 일봉상세: 가격변화0.0%, 거래량변화0.0%
2025-11-06 20:08:05 | __main__ | INFO |    오전 성공: 1건
2025-11-06 20:08:05 | pullback_pattern_484870 | INFO | [484870] 일봉상세: 가격변화0.0%, 거래량변화0.0%
2025-11-06 20:08:05 | pullback_pattern_425420 | INFO | [425420] 일봉상세: 가격변화0.0%, 거래량변화0.0%
2025-11-06 20:08:05 | pullback_pattern_078520 | INFO | [078520] 일봉상세: 가격변화0.0%, 거래량변화0.0%
2025-11-06 20:08:05 | __main__ | INFO |    오전 실패: 0건
2025-11-06 20:08:05 | pullback_pattern_332570 | INFO | [332570] 일봉분석: 강도50, 이상적패턴False, 요구신뢰도75
2025-11-06 20:08:05 | pullback_pattern_034730 | INFO | [034730] 일봉상세: 가격변화0.0%, 거래량변화0.0%
2025-11-06 20:08:05 | pullback_pattern_084990 | INFO | [084990] 일봉상세: 가격변화0.0%, 거래량변화0.0%
2025-11-06 20:08:05 | pullback_pattern_458870 | INFO | [458870] 일봉분석: 강도50, 이상적패턴False, 요구신뢰도95
2025-11-06 20:08:05 | __main__ | INFO |    오전 승률: 100.0%
2025-11-06 20:08:05 | pullback_pattern_332570 | INFO | [332570] 일봉상세: 가격변화0.0%, 거래량변화0.0%
2025-11-06 20:08:05 | pullback_pattern_084990 | INFO | [084990] 4단계패턴매수: 신뢰도90%, 진입가0원
2025-11-06 20:08:05 | pullback_pattern_458870 | INFO | [458870] 일봉상세: 가격변화0.0%, 거래량변화0.0%
2025-11-06 20:08:05 | __main__ | INFO |    오전 평균 수익률: +0.69%
2025-11-06 20:08:05 | pullback_pattern_078520 | INFO | [078520] 일봉분석: 강도50, 이상적패턴False, 요구신뢰도75
✅ 084990 매수 신호 감지: STRONG_BUY (신뢰도: 90.0%)
📊 084990: 가격변화 +0.3%, 거래량 감소, 신뢰도 90%
✅ 084990 패턴 필터 통과: 패턴 필터 통과
2025-11-06 20:08:05 | pullback_pattern_034730 | INFO | [034730] 일봉분석: 강도50, 이상적패턴False, 요구신뢰도75
2025-11-06 20:08:05 | __main__ | INFO |    🟢 10:27 매수 → +0.69%
2025-11-06 20:08:05 | pullback_pattern_484870 | INFO | [484870] 일봉분석: 강도50, 이상적패턴False, 요구신뢰도95
2025-11-06 20:08:05 | pullback_pattern_034730 | INFO | [034730] 일봉상세: 가격변화0.0%, 거래량변화0.0%
2025-11-06 20:08:05 | pullback_pattern_332570 | INFO | [332570] 일봉분석: 강도50, 이상적패턴False, 요구신뢰도75
2025-11-06 20:08:05 | pullback_pattern_458870 | INFO | [458870] 일봉분석: 강도50, 이상적패턴False, 요구신뢰도95
2025-11-06 20:08:05 | pullback_pattern_078520 | INFO | [078520] 일봉상세: 가격변화0.0%, 거래량변화0.0%
2025-11-06 20:08:05 | __main__ | INFO |    평균 수익률: 0.69%
2025-11-06 20:08:05 | pullback_pattern_425420 | INFO | [425420] 일봉분석: 강도50, 이상적패턴False, 요구신뢰도75
2025-11-06 20:08:05 | pullback_pattern_484870 | INFO | [484870] 일봉상세: 가격변화0.0%, 거래량변화0.0%
2025-11-06 20:08:05 | pullback_pattern_034730 | INFO | [034730] 일봉분석: 강도50, 이상적패턴False, 요구신뢰도75
2025-11-06 20:08:05 | pullback_pattern_458870 | INFO | [458870] 일봉상세: 가격변화0.0%, 거래량변화0.0%
2025-11-06 20:08:05 | pullback_pattern_084990 | INFO | [084990] 일봉분석: 강도50, 이상적패턴False, 요구신뢰도75
2025-11-06 20:08:05 | pullback_pattern_332570 | INFO | [332570] 일봉상세: 가격변화0.0%, 거래량변화0.0%
2025-11-06 20:08:05 | pullback_pattern_078520 | INFO | [078520] 일봉분석: 강도50, 이상적패턴False, 요구신뢰도75
2025-11-06 20:08:05 | pullback_pattern_425420 | INFO | [425420] 일봉상세: 가격변화0.0%, 거래량변화0.0%
2025-11-06 20:08:05 | pullback_pattern_084990 | INFO | [084990] 일봉상세: 가격변화0.0%, 거래량변화0.0%
2025-11-06 20:08:05 | pullback_pattern_484870 | INFO | [484870] 일봉분석: 강도50, 이상적패턴False, 요구신뢰도95
2025-11-06 20:08:05 | __main__ | INFO | ✅ [001270] 처리 완료 - 1건 거래, 0건 매수 못한 기회
2025-11-06 20:08:05 | pullback_pattern_034730 | INFO | [034730] 일봉상세: 가격변화0.0%, 거래량변화0.0%
2025-11-06 20:08:05 | pullback_pattern_332570 | INFO | [332570] 일봉분석: 강도50, 이상적패턴False, 요구신뢰도75
2025-11-06 20:08:05 | pullback_pattern_484870 | INFO | [484870] 일봉상세: 가격변화0.0%, 거래량변화0.0%
2025-11-06 20:08:05 | __main__ | INFO | 🔄 [357580] 처리 시작...
2025-11-06 20:08:05 | pullback_pattern_332570 | INFO | [332570] 일봉상세: 가격변화0.0%, 거래량변화0.0%
2025-11-06 20:08:05 | pullback_pattern_458870 | INFO | [458870] 일봉분석: 강도50, 이상적패턴False, 요구신뢰도95
2025-11-06 20:08:05 | pullback_pattern_084990 | INFO | [084990] 일봉분석: 강도50, 이상적패턴False, 요구신뢰도75
2025-11-06 20:08:05 | pullback_pattern_484870 | INFO | [484870] 일봉분석: 강도50, 이상적패턴False, 요구신뢰도95
2025-11-06 20:08:05 | pullback_pattern_078520 | INFO | [078520] 일봉상세: 가격변화0.0%, 거래량변화0.0%
2025-11-06 20:08:05 | __main__ | INFO | 💾 [357580] 캐시 데이터 사용 - 379개 봉
2025-11-06 20:08:05 | pullback_pattern_084990 | INFO | [084990] 일봉상세: 가격변화0.0%, 거래량변화0.0%
2025-11-06 20:08:05 | pullback_pattern_458870 | INFO | [458870] 일봉상세: 가격변화0.0%, 거래량변화0.0%
2025-11-06 20:08:05 | pullback_pattern_425420 | INFO | [425420] 일봉분석: 강도50, 이상적패턴False, 요구신뢰도75
2025-11-06 20:08:05 | pullback_pattern_484870 | INFO | [484870] 일봉상세: 가격변화0.0%, 거래량변화0.0%
2025-11-06 20:08:05 | pullback_pattern_425420 | INFO | [425420] 일봉상세: 가격변화0.0%, 거래량변화0.0%
2025-11-06 20:08:05 | pullback_pattern_332570 | INFO | [332570] 일봉분석: 강도50, 이상적패턴False, 요구신뢰도75
2025-11-06 20:08:05 | pullback_pattern_458870 | INFO | [458870] 일봉분석: 강도50, 이상적패턴False, 요구신뢰도95
2025-11-06 20:08:05 | pullback_pattern_084990 | INFO | [084990] 일봉분석: 강도50, 이상적패턴False, 요구신뢰도75
2025-11-06 20:08:05 | pullback_pattern_332570 | INFO | [332570] 일봉상세: 가격변화0.0%, 거래량변화0.0%
2025-11-06 20:08:05 | pullback_pattern_034730 | INFO | [034730] 일봉분석: 강도50, 이상적패턴False, 요구신뢰도75
2025-11-06 20:08:05 | pullback_pattern_078520 | INFO | [078520] 일봉분석: 강도50, 이상적패턴False, 요구신뢰도75
2025-11-06 20:08:05 | pullback_pattern_458870 | INFO | [458870] 일봉상세: 가격변화0.0%, 거래량변화0.0%
2025-11-06 20:08:05 | pullback_pattern_425420 | INFO | [425420] 일봉분석: 강도50, 이상적패턴False, 요구신뢰도75
2025-11-06 20:08:05 | pullback_pattern_084990 | INFO | [084990] 일봉상세: 가격변화0.0%, 거래량변화0.0%
2025-11-06 20:08:05 | pullback_pattern_078520 | INFO | [078520] 일봉상세: 가격변화0.0%, 거래량변화0.0%
2025-11-06 20:08:05 | pullback_pattern_425420 | INFO | [425420] 일봉상세: 가격변화0.0%, 거래량변화0.0%
2025-11-06 20:08:05 | pullback_pattern_332570 | INFO | [332570] 일봉분석: 강도50, 이상적패턴False, 요구신뢰도75
2025-11-06 20:08:05 | pullback_pattern_458870 | INFO | [458870] 일봉분석: 강도50, 이상적패턴False, 요구신뢰도95
2025-11-06 20:08:05 | pullback_pattern_034730 | INFO | [034730] 일봉상세: 가격변화0.0%, 거래량변화0.0%
2025-11-06 20:08:05 | pullback_pattern_484870 | INFO | [484870] 일봉분석: 강도50, 이상적패턴False, 요구신뢰도95
2025-11-06 20:08:05 | pullback_pattern_458870 | INFO | [458870] 일봉상세: 가격변화0.0%, 거래량변화0.0%
2025-11-06 20:08:05 | pullback_pattern_084990 | INFO | [084990] 일봉분석: 강도50, 이상적패턴False, 요구신뢰도75
2025-11-06 20:08:05 | pullback_pattern_484870 | INFO | [484870] 일봉상세: 가격변화0.0%, 거래량변화0.0%
2025-11-06 20:08:05 | pullback_pattern_425420 | INFO | [425420] 일봉분석: 강도50, 이상적패턴False, 요구신뢰도75
2025-11-06 20:08:05 | pullback_pattern_078520 | INFO | [078520] 일봉분석: 강도50, 이상적패턴False, 요구신뢰도95
2025-11-06 20:08:05 | pullback_pattern_458870 | INFO | [458870] 일봉분석: 강도50, 이상적패턴False, 요구신뢰도95
2025-11-06 20:08:05 | pullback_pattern_425420 | INFO | [425420] 일봉상세: 가격변화0.0%, 거래량변화0.0%
2025-11-06 20:08:05 | pullback_pattern_084990 | INFO | [084990] 일봉상세: 가격변화0.0%, 거래량변화0.0%
2025-11-06 20:08:05 | pullback_pattern_034730 | INFO | [034730] 일봉분석: 강도50, 이상적패턴False, 요구신뢰도75
2025-11-06 20:08:05 | pullback_pattern_332570 | INFO | [332570] 일봉상세: 가격변화0.0%, 거래량변화0.0%
2025-11-06 20:08:05 | pullback_pattern_078520 | INFO | [078520] 일봉상세: 가격변화0.0%, 거래량변화0.0%
2025-11-06 20:08:05 | pullback_pattern_357580 | INFO | [357580] 일봉분석: 강도50, 이상적패턴False, 요구신뢰도70
2025-11-06 20:08:05 | pullback_pattern_034730 | INFO | [034730] 일봉상세: 가격변화0.0%, 거래량변화0.0%
2025-11-06 20:08:05 | pullback_pattern_425420 | INFO | [425420] 일봉분석: 강도50, 이상적패턴False, 요구신뢰도75
2025-11-06 20:08:05 | pullback_pattern_084990 | INFO | [084990] 일봉분석: 강도50, 이상적패턴False, 요구신뢰도75
2025-11-06 20:08:05 | pullback_pattern_089150 | INFO | [089150] 일봉분석: 강도50, 이상적패턴False, 요구신뢰도75
2025-11-06 20:08:05 | pullback_pattern_484870 | INFO | [484870] 일봉분석: 강도50, 이상적패턴False, 요구신뢰도95
2025-11-06 20:08:05 | pullback_pattern_357580 | INFO | [357580] 일봉상세: 가격변화0.0%, 거래량변화0.0%
2025-11-06 20:08:05 | pullback_pattern_425420 | INFO | [425420] 일봉상세: 가격변화0.0%, 거래량변화0.0%
2025-11-06 20:08:05 | pullback_pattern_089150 | INFO | [089150] 일봉상세: 가격변화0.0%, 거래량변화0.0%
2025-11-06 20:08:05 | pullback_pattern_034730 | INFO | [034730] 일봉분석: 강도50, 이상적패턴False, 요구신뢰도75
2025-11-06 20:08:05 | pullback_pattern_332570 | INFO | [332570] 일봉분석: 강도50, 이상적패턴False, 요구신뢰도75
2025-11-06 20:08:05 | pullback_pattern_458870 | INFO | [458870] 일봉상세: 가격변화0.0%, 거래량변화0.0%
2025-11-06 20:08:05 | pullback_pattern_084990 | INFO | [084990] 일봉상세: 가격변화0.0%, 거래량변화0.0%
2025-11-06 20:08:05 | pullback_pattern_484870 | INFO | [484870] 일봉상세: 가격변화0.0%, 거래량변화0.0%
2025-11-06 20:08:05 | pullback_pattern_078520 | INFO | [078520] 일봉분석: 강도50, 이상적패턴False, 요구신뢰도95
2025-11-06 20:08:05 | pullback_pattern_034730 | INFO | [034730] 일봉상세: 가격변화0.0%, 거래량변화0.0%
2025-11-06 20:08:05 | pullback_pattern_357580 | INFO | [357580] 일봉분석: 강도50, 이상적패턴False, 요구신뢰도70
2025-11-06 20:08:05 | pullback_pattern_332570 | INFO | [332570] 일봉상세: 가격변화0.0%, 거래량변화0.0%
2025-11-06 20:08:05 | pullback_pattern_425420 | INFO | [425420] 일봉분석: 강도50, 이상적패턴False, 요구신뢰도75
2025-11-06 20:08:05 | pullback_pattern_078520 | INFO | [078520] 일봉상세: 가격변화0.0%, 거래량변화0.0%
2025-11-06 20:08:05 | pullback_pattern_357580 | INFO | [357580] 일봉상세: 가격변화0.0%, 거래량변화0.0%
2025-11-06 20:08:05 | pullback_pattern_458870 | INFO | [458870] 일봉분석: 강도50, 이상적패턴False, 요구신뢰도95
2025-11-06 20:08:05 | pullback_pattern_425420 | INFO | [425420] 일봉상세: 가격변화0.0%, 거래량변화0.0%
2025-11-06 20:08:05 | pullback_pattern_332570 | INFO | [332570] 일봉분석: 강도50, 이상적패턴False, 요구신뢰도75
2025-11-06 20:08:05 | pullback_pattern_089150 | INFO | [089150] 일봉분석: 강도50, 이상적패턴False, 요구신뢰도75
2025-11-06 20:08:05 | pullback_pattern_484870 | INFO | [484870] 일봉분석: 강도50, 이상적패턴False, 요구신뢰도95
2025-11-06 20:08:05 | pullback_pattern_458870 | INFO | [458870] 일봉상세: 가격변화0.0%, 거래량변화0.0%
2025-11-06 20:08:05 | pullback_pattern_084990 | INFO | [084990] 일봉분석: 강도50, 이상적패턴False, 요구신뢰도75
2025-11-06 20:08:05 | pullback_pattern_089150 | INFO | [089150] 일봉상세: 가격변화0.0%, 거래량변화0.0%
2025-11-06 20:08:05 | pullback_pattern_484870 | INFO | [484870] 일봉상세: 가격변화0.0%, 거래량변화0.0%
2025-11-06 20:08:05 | pullback_pattern_084990 | INFO | [084990] 일봉상세: 가격변화0.0%, 거래량변화0.0%
2025-11-06 20:08:05 | pullback_pattern_332570 | INFO | [332570] 일봉상세: 가격변화0.0%, 거래량변화0.0%
2025-11-06 20:08:05 | pullback_pattern_357580 | INFO | [357580] 일봉분석: 강도50, 이상적패턴False, 요구신뢰도70
2025-11-06 20:08:05 | pullback_pattern_078520 | INFO | [078520] 일봉분석: 강도50, 이상적패턴False, 요구신뢰도95
2025-11-06 20:08:05 | pullback_pattern_458870 | INFO | [458870] 일봉분석: 강도50, 이상적패턴False, 요구신뢰도95
2025-11-06 20:08:05 | pullback_pattern_357580 | INFO | [357580] 일봉상세: 가격변화0.0%, 거래량변화0.0%
2025-11-06 20:08:05 | pullback_pattern_078520 | INFO | [078520] 일봉상세: 가격변화0.0%, 거래량변화0.0%
2025-11-06 20:08:05 | pullback_pattern_458870 | INFO | [458870] 일봉상세: 가격변화0.0%, 거래량변화0.0%
2025-11-06 20:08:05 | pullback_pattern_425420 | INFO | [425420] 일봉분석: 강도50, 이상적패턴False, 요구신뢰도75
2025-11-06 20:08:05 | pullback_pattern_484870 | INFO | [484870] 일봉분석: 강도50, 이상적패턴False, 요구신뢰도95
2025-11-06 20:08:05 | pullback_pattern_089150 | INFO | [089150] 일봉분석: 강도50, 이상적패턴False, 요구신뢰도75
2025-11-06 20:08:05 | pullback_pattern_332570 | INFO | [332570] 일봉분석: 강도50, 이상적패턴False, 요구신뢰도75
2025-11-06 20:08:05 | pullback_pattern_084990 | INFO | [084990] 일봉분석: 강도50, 이상적패턴False, 요구신뢰도75
2025-11-06 20:08:05 | pullback_pattern_425420 | INFO | [425420] 일봉상세: 가격변화0.0%, 거래량변화0.0%
2025-11-06 20:08:05 | pullback_pattern_484870 | INFO | [484870] 일봉상세: 가격변화0.0%, 거래량변화0.0%
2025-11-06 20:08:05 | pullback_pattern_357580 | INFO | [357580] 일봉분석: 강도50, 이상적패턴False, 요구신뢰도70
2025-11-06 20:08:05 | pullback_pattern_458870 | INFO | [458870] 일봉분석: 강도50, 이상적패턴False, 요구신뢰도95
2025-11-06 20:08:05 | pullback_pattern_084990 | INFO | [084990] 일봉상세: 가격변화0.0%, 거래량변화0.0%
2025-11-06 20:08:05 | pullback_pattern_089150 | INFO | [089150] 일봉상세: 가격변화0.0%, 거래량변화0.0%
2025-11-06 20:08:05 | pullback_pattern_357580 | INFO | [357580] 일봉상세: 가격변화0.0%, 거래량변화0.0%
2025-11-06 20:08:05 | pullback_pattern_332570 | INFO | [332570] 일봉상세: 가격변화0.0%, 거래량변화0.0%
2025-11-06 20:08:05 | pullback_pattern_084990 | INFO | [084990] 4단계패턴매수: 신뢰도88%, 진입가0원
2025-11-06 20:08:05 | pullback_pattern_458870 | INFO | [458870] 일봉상세: 가격변화0.0%, 거래량변화0.0%
2025-11-06 20:08:05 | pullback_pattern_484870 | INFO | [484870] 일봉분석: 강도50, 이상적패턴False, 요구신뢰도95
2025-11-06 20:08:05 | pullback_pattern_078520 | INFO | [078520] 일봉분석: 강도50, 이상적패턴False, 요구신뢰도95
2025-11-06 20:08:05 | pullback_pattern_484870 | INFO | [484870] 일봉상세: 가격변화0.0%, 거래량변화0.0%
✅ 084990 매수 신호 감지: STRONG_BUY (신뢰도: 88.0%)
📊 084990: 가격변화 +2.6%, 거래량 증가, 신뢰도 88%
✅ 084990 패턴 필터 통과: 패턴 필터 통과
2025-11-06 20:08:05 | pullback_pattern_425420 | INFO | [425420] 일봉분석: 강도50, 이상적패턴False, 요구신뢰도75
2025-11-06 20:08:05 | pullback_pattern_078520 | INFO | [078520] 일봉상세: 가격변화0.0%, 거래량변화0.0%
2025-11-06 20:08:05 | pullback_pattern_357580 | INFO | [357580] 일봉분석: 강도50, 이상적패턴False, 요구신뢰도70
2025-11-06 20:08:05 | pullback_pattern_425420 | INFO | [425420] 일봉상세: 가격변화0.0%, 거래량변화0.0%
2025-11-06 20:08:05 | pullback_pattern_084990 | INFO | [084990] 일봉분석: 강도50, 이상적패턴False, 요구신뢰도75
2025-11-06 20:08:05 | pullback_pattern_462310 | INFO | [462310] 일봉분석: 강도50, 이상적패턴False, 요구신뢰도95
2025-11-06 20:08:05 | pullback_pattern_484870 | INFO | [484870] 일봉분석: 강도50, 이상적패턴False, 요구신뢰도95
2025-11-06 20:08:05 | pullback_pattern_357580 | INFO | [357580] 일봉상세: 가격변화0.0%, 거래량변화0.0%
2025-11-06 20:08:05 | pullback_pattern_084990 | INFO | [084990] 일봉상세: 가격변화0.0%, 거래량변화0.0%
2025-11-06 20:08:05 | pullback_pattern_462310 | INFO | [462310] 일봉상세: 가격변화0.0%, 거래량변화0.0%
2025-11-06 20:08:05 | pullback_pattern_078520 | INFO | [078520] 일봉분석: 강도50, 이상적패턴False, 요구신뢰도95
2025-11-06 20:08:05 | pullback_pattern_332570 | INFO | [332570] 일봉분석: 강도50, 이상적패턴False, 요구신뢰도75
2025-11-06 20:08:05 | pullback_pattern_089150 | INFO | [089150] 일봉분석: 강도50, 이상적패턴False, 요구신뢰도75
2025-11-06 20:08:05 | pullback_pattern_484870 | INFO | [484870] 일봉상세: 가격변화0.0%, 거래량변화0.0%
2025-11-06 20:08:05 | pullback_pattern_078520 | INFO | [078520] 일봉상세: 가격변화0.0%, 거래량변화0.0%
2025-11-06 20:08:05 | pullback_pattern_332570 | INFO | [332570] 일봉상세: 가격변화0.0%, 거래량변화0.0%
2025-11-06 20:08:05 | pullback_pattern_425420 | INFO | [425420] 일봉분석: 강도50, 이상적패턴False, 요구신뢰도95
2025-11-06 20:08:05 | pullback_pattern_084990 | INFO | [084990] 일봉분석: 강도50, 이상적패턴False, 요구신뢰도75
2025-11-06 20:08:05 | pullback_pattern_357580 | INFO | [357580] 일봉분석: 강도50, 이상적패턴False, 요구신뢰도70
2025-11-06 20:08:05 | pullback_pattern_089150 | INFO | [089150] 일봉상세: 가격변화0.0%, 거래량변화0.0%
2025-11-06 20:08:05 | pullback_pattern_484870 | INFO | [484870] 일봉분석: 강도50, 이상적패턴False, 요구신뢰도95
2025-11-06 20:08:05 | pullback_pattern_458870 | INFO | [458870] 일봉분석: 강도50, 이상적패턴False, 요구신뢰도95
2025-11-06 20:08:05 | pullback_pattern_425420 | INFO | [425420] 일봉상세: 가격변화0.0%, 거래량변화0.0%
2025-11-06 20:08:05 | pullback_pattern_332570 | INFO | [332570] 일봉분석: 강도50, 이상적패턴False, 요구신뢰도75
2025-11-06 20:08:05 | pullback_pattern_357580 | INFO | [357580] 일봉상세: 가격변화0.0%, 거래량변화0.0%
2025-11-06 20:08:05 | pullback_pattern_089150 | INFO | [089150] 일봉분석: 강도50, 이상적패턴False, 요구신뢰도75
2025-11-06 20:08:05 | pullback_pattern_078520 | INFO | [078520] 일봉분석: 강도50, 이상적패턴False, 요구신뢰도95
2025-11-06 20:08:05 | pullback_pattern_484870 | INFO | [484870] 일봉상세: 가격변화0.0%, 거래량변화0.0%
2025-11-06 20:08:05 | pullback_pattern_458870 | INFO | [458870] 일봉상세: 가격변화0.0%, 거래량변화0.0%
2025-11-06 20:08:05 | pullback_pattern_089150 | INFO | [089150] 일봉상세: 가격변화0.0%, 거래량변화0.0%
2025-11-06 20:08:05 | pullback_pattern_078520 | INFO | [078520] 일봉상세: 가격변화0.0%, 거래량변화0.0%
2025-11-06 20:08:05 | pullback_pattern_425420 | INFO | [425420] 일봉분석: 강도50, 이상적패턴False, 요구신뢰도95
2025-11-06 20:08:05 | pullback_pattern_084990 | INFO | [084990] 일봉상세: 가격변화0.0%, 거래량변화0.0%
2025-11-06 20:08:05 | pullback_pattern_357580 | INFO | [357580] 일봉분석: 강도50, 이상적패턴False, 요구신뢰도70
2025-11-06 20:08:05 | pullback_pattern_332570 | INFO | [332570] 일봉상세: 가격변화0.0%, 거래량변화0.0%
2025-11-06 20:08:05 | pullback_pattern_458870 | INFO | [458870] 일봉분석: 강도50, 이상적패턴False, 요구신뢰도95
2025-11-06 20:08:05 | pullback_pattern_484870 | INFO | [484870] 일봉분석: 강도50, 이상적패턴False, 요구신뢰도95
2025-11-06 20:08:05 | pullback_pattern_425420 | INFO | [425420] 일봉상세: 가격변화0.0%, 거래량변화0.0%
2025-11-06 20:08:05 | pullback_pattern_458870 | INFO | [458870] 일봉상세: 가격변화0.0%, 거래량변화0.0%
2025-11-06 20:08:05 | pullback_pattern_089150 | INFO | [089150] 일봉분석: 강도50, 이상적패턴False, 요구신뢰도75
2025-11-06 20:08:05 | pullback_pattern_484870 | INFO | [484870] 일봉상세: 가격변화0.0%, 거래량변화0.0%
2025-11-06 20:08:05 | pullback_pattern_084990 | INFO | [084990] 일봉분석: 강도50, 이상적패턴False, 요구신뢰도75
2025-11-06 20:08:05 | pullback_pattern_078520 | INFO | [078520] 일봉분석: 강도50, 이상적패턴False, 요구신뢰도95
2025-11-06 20:08:05 | pullback_pattern_332570 | INFO | [332570] 일봉분석: 강도50, 이상적패턴False, 요구신뢰도75
2025-11-06 20:08:05 | pullback_pattern_357580 | INFO | [357580] 일봉상세: 가격변화0.0%, 거래량변화0.0%
2025-11-06 20:08:05 | pullback_pattern_425420 | INFO | [425420] 일봉분석: 강도50, 이상적패턴False, 요구신뢰도95
2025-11-06 20:08:05 | pullback_pattern_078520 | INFO | [078520] 일봉상세: 가격변화0.0%, 거래량변화0.0%
2025-11-06 20:08:05 | pullback_pattern_089150 | INFO | [089150] 일봉상세: 가격변화0.0%, 거래량변화0.0%
2025-11-06 20:08:05 | pullback_pattern_332570 | INFO | [332570] 일봉상세: 가격변화0.0%, 거래량변화0.0%
2025-11-06 20:08:05 | pullback_pattern_462310 | INFO | [462310] 일봉분석: 강도50, 이상적패턴False, 요구신뢰도95
2025-11-06 20:08:05 | pullback_pattern_425420 | INFO | [425420] 일봉상세: 가격변화0.0%, 거래량변화0.0%
2025-11-06 20:08:05 | pullback_pattern_484870 | INFO | [484870] 일봉분석: 강도50, 이상적패턴False, 요구신뢰도95
2025-11-06 20:08:05 | pullback_pattern_084990 | INFO | [084990] 일봉상세: 가격변화0.0%, 거래량변화0.0%
2025-11-06 20:08:05 | pullback_pattern_462310 | INFO | [462310] 일봉상세: 가격변화0.0%, 거래량변화0.0%
2025-11-06 20:08:05 | pullback_pattern_357580 | INFO | [357580] 일봉분석: 강도50, 이상적패턴False, 요구신뢰도70
2025-11-06 20:08:05 | pullback_pattern_458870 | INFO | [458870] 일봉분석: 강도50, 이상적패턴False, 요구신뢰도95
2025-11-06 20:08:05 | pullback_pattern_089150 | INFO | [089150] 일봉분석: 강도50, 이상적패턴False, 요구신뢰도75
2025-11-06 20:08:05 | pullback_pattern_484870 | INFO | [484870] 일봉상세: 가격변화0.0%, 거래량변화0.0%
2025-11-06 20:08:05 | pullback_pattern_357580 | INFO | [357580] 일봉상세: 가격변화0.0%, 거래량변화0.0%
2025-11-06 20:08:05 | pullback_pattern_458870 | INFO | [458870] 일봉상세: 가격변화0.0%, 거래량변화0.0%
2025-11-06 20:08:05 | pullback_pattern_078520 | INFO | [078520] 일봉분석: 강도50, 이상적패턴False, 요구신뢰도95
2025-11-06 20:08:05 | pullback_pattern_332570 | INFO | [332570] 일봉분석: 강도50, 이상적패턴False, 요구신뢰도75
2025-11-06 20:08:05 | pullback_pattern_089150 | INFO | [089150] 일봉상세: 가격변화0.0%, 거래량변화0.0%
2025-11-06 20:08:05 | pullback_pattern_084990 | INFO | [084990] 일봉분석: 강도50, 이상적패턴False, 요구신뢰도75
2025-11-06 20:08:05 | pullback_pattern_462310 | INFO | [462310] 일봉분석: 강도50, 이상적패턴False, 요구신뢰도95
2025-11-06 20:08:05 | pullback_pattern_332570 | INFO | [332570] 일봉상세: 가격변화0.0%, 거래량변화0.0%
2025-11-06 20:08:05 | pullback_pattern_078520 | INFO | [078520] 일봉상세: 가격변화0.0%, 거래량변화0.0%
2025-11-06 20:08:05 | pullback_pattern_425420 | INFO | [425420] 일봉분석: 강도50, 이상적패턴False, 요구신뢰도95
2025-11-06 20:08:05 | pullback_pattern_462310 | INFO | [462310] 일봉상세: 가격변화0.0%, 거래량변화0.0%
2025-11-06 20:08:05 | pullback_pattern_458870 | INFO | [458870] 일봉분석: 강도50, 이상적패턴False, 요구신뢰도95
2025-11-06 20:08:05 | pullback_pattern_484870 | INFO | [484870] 일봉분석: 강도50, 이상적패턴False, 요구신뢰도95
2025-11-06 20:08:05 | pullback_pattern_425420 | INFO | [425420] 일봉상세: 가격변화0.0%, 거래량변화0.0%
2025-11-06 20:08:05 | pullback_pattern_084990 | INFO | [084990] 일봉상세: 가격변화0.0%, 거래량변화0.0%
2025-11-06 20:08:05 | pullback_pattern_357580 | INFO | [357580] 일봉분석: 강도50, 이상적패턴False, 요구신뢰도70
2025-11-06 20:08:05 | pullback_pattern_089150 | INFO | [089150] 일봉분석: 강도50, 이상적패턴False, 요구신뢰도75
2025-11-06 20:08:05 | pullback_pattern_484870 | INFO | [484870] 일봉상세: 가격변화0.0%, 거래량변화0.0%
2025-11-06 20:08:05 | pullback_pattern_357580 | INFO | [357580] 일봉상세: 가격변화0.0%, 거래량변화0.0%
2025-11-06 20:08:05 | pullback_pattern_332570 | INFO | [332570] 일봉분석: 강도50, 이상적패턴False, 요구신뢰도75
2025-11-06 20:08:05 | pullback_pattern_458870 | INFO | [458870] 일봉상세: 가격변화0.0%, 거래량변화0.0%
2025-11-06 20:08:05 | pullback_pattern_425420 | INFO | [425420] 일봉분석: 강도50, 이상적패턴False, 요구신뢰도95
2025-11-06 20:08:05 | pullback_pattern_078520 | INFO | [078520] 일봉분석: 강도50, 이상적패턴False, 요구신뢰도95
2025-11-06 20:08:05 | pullback_pattern_089150 | INFO | [089150] 일봉상세: 가격변화0.0%, 거래량변화0.0%
2025-11-06 20:08:05 | pullback_pattern_462310 | INFO | [462310] 일봉분석: 강도50, 이상적패턴False, 요구신뢰도95
2025-11-06 20:08:05 | pullback_pattern_084990 | INFO | [084990] 일봉분석: 강도50, 이상적패턴False, 요구신뢰도75
2025-11-06 20:08:05 | pullback_pattern_078520 | INFO | [078520] 일봉상세: 가격변화0.0%, 거래량변화0.0%
2025-11-06 20:08:05 | pullback_pattern_484870 | INFO | [484870] 일봉분석: 강도50, 이상적패턴False, 요구신뢰도95
2025-11-06 20:08:05 | pullback_pattern_462310 | INFO | [462310] 일봉상세: 가격변화0.0%, 거래량변화0.0%
2025-11-06 20:08:05 | pullback_pattern_425420 | INFO | [425420] 일봉상세: 가격변화0.0%, 거래량변화0.0%
2025-11-06 20:08:05 | pullback_pattern_084990 | INFO | [084990] 일봉상세: 가격변화0.0%, 거래량변화0.0%
2025-11-06 20:08:05 | pullback_pattern_332570 | INFO | [332570] 일봉상세: 가격변화0.0%, 거래량변화0.0%
2025-11-06 20:08:05 | pullback_pattern_484870 | INFO | [484870] 일봉상세: 가격변화0.0%, 거래량변화0.0%
2025-11-06 20:08:05 | pullback_pattern_357580 | INFO | [357580] 일봉분석: 강도50, 이상적패턴False, 요구신뢰도70
2025-11-06 20:08:05 | pullback_pattern_458870 | INFO | [458870] 일봉분석: 강도50, 이상적패턴False, 요구신뢰도95
2025-11-06 20:08:05 | pullback_pattern_089150 | INFO | [089150] 일봉분석: 강도50, 이상적패턴False, 요구신뢰도75
2025-11-06 20:08:05 | pullback_pattern_078520 | INFO | [078520] 일봉분석: 강도50, 이상적패턴False, 요구신뢰도95
2025-11-06 20:08:05 | pullback_pattern_084990 | INFO | [084990] 일봉분석: 강도50, 이상적패턴False, 요구신뢰도75
2025-11-06 20:08:05 | pullback_pattern_462310 | INFO | [462310] 일봉분석: 강도50, 이상적패턴False, 요구신뢰도95
2025-11-06 20:08:05 | pullback_pattern_357580 | INFO | [357580] 일봉상세: 가격변화0.0%, 거래량변화0.0%
2025-11-06 20:08:05 | pullback_pattern_089150 | INFO | [089150] 일봉상세: 가격변화0.0%, 거래량변화0.0%
2025-11-06 20:08:05 | pullback_pattern_425420 | INFO | [425420] 일봉분석: 강도50, 이상적패턴False, 요구신뢰도95
2025-11-06 20:08:05 | pullback_pattern_084990 | INFO | [084990] 일봉상세: 가격변화0.0%, 거래량변화0.0%
2025-11-06 20:08:05 | pullback_pattern_458870 | INFO | [458870] 일봉상세: 가격변화0.0%, 거래량변화0.0%
2025-11-06 20:08:05 | pullback_pattern_484870 | INFO | [484870] 일봉분석: 강도50, 이상적패턴False, 요구신뢰도95
2025-11-06 20:08:05 | pullback_pattern_332570 | INFO | [332570] 일봉분석: 강도50, 이상적패턴False, 요구신뢰도75
2025-11-06 20:08:05 | pullback_pattern_462310 | INFO | [462310] 일봉상세: 가격변화0.0%, 거래량변화0.0%
2025-11-06 20:08:05 | pullback_pattern_484870 | INFO | [484870] 일봉상세: 가격변화0.0%, 거래량변화0.0%
2025-11-06 20:08:05 | pullback_pattern_357580 | INFO | [357580] 일봉분석: 강도50, 이상적패턴False, 요구신뢰도70
2025-11-06 20:08:05 | pullback_pattern_089150 | INFO | [089150] 일봉분석: 강도50, 이상적패턴False, 요구신뢰도75
2025-11-06 20:08:05 | pullback_pattern_425420 | INFO | [425420] 일봉상세: 가격변화0.0%, 거래량변화0.0%
2025-11-06 20:08:05 | pullback_pattern_458870 | INFO | [458870] 일봉분석: 강도50, 이상적패턴False, 요구신뢰도95
2025-11-06 20:08:05 | pullback_pattern_078520 | INFO | [078520] 일봉상세: 가격변화0.0%, 거래량변화0.0%
2025-11-06 20:08:05 | pullback_pattern_084990 | INFO | [084990] 일봉분석: 강도50, 이상적패턴False, 요구신뢰도75
2025-11-06 20:08:05 | pullback_pattern_332570 | INFO | [332570] 일봉상세: 가격변화0.0%, 거래량변화0.0%
2025-11-06 20:08:05 | pullback_pattern_357580 | INFO | [357580] 일봉상세: 가격변화0.0%, 거래량변화0.0%
2025-11-06 20:08:05 | pullback_pattern_462310 | INFO | [462310] 일봉분석: 강도50, 이상적패턴False, 요구신뢰도95
2025-11-06 20:08:05 | pullback_pattern_425420 | INFO | [425420] 일봉분석: 강도50, 이상적패턴False, 요구신뢰도95
2025-11-06 20:08:05 | pullback_pattern_089150 | INFO | [089150] 일봉상세: 가격변화0.0%, 거래량변화0.0%
2025-11-06 20:08:05 | pullback_pattern_484870 | INFO | [484870] 일봉분석: 강도50, 이상적패턴False, 요구신뢰도95
2025-11-06 20:08:05 | pullback_pattern_078520 | INFO | [078520] 일봉분석: 강도50, 이상적패턴False, 요구신뢰도95
2025-11-06 20:08:05 | pullback_pattern_084990 | INFO | [084990] 일봉상세: 가격변화0.0%, 거래량변화0.0%
2025-11-06 20:08:05 | pullback_pattern_462310 | INFO | [462310] 일봉상세: 가격변화0.0%, 거래량변화0.0%
2025-11-06 20:08:05 | pullback_pattern_332570 | INFO | [332570] 일봉분석: 강도50, 이상적패턴False, 요구신뢰도75
2025-11-06 20:08:05 | pullback_pattern_484870 | INFO | [484870] 일봉상세: 가격변화0.0%, 거래량변화0.0%
2025-11-06 20:08:05 | pullback_pattern_078520 | INFO | [078520] 일봉상세: 가격변화0.0%, 거래량변화0.0%
2025-11-06 20:08:05 | pullback_pattern_357580 | INFO | [357580] 일봉분석: 강도50, 이상적패턴False, 요구신뢰도75
2025-11-06 20:08:05 | pullback_pattern_332570 | INFO | [332570] 일봉상세: 가격변화0.0%, 거래량변화0.0%
2025-11-06 20:08:05 | pullback_pattern_089150 | INFO | [089150] 일봉분석: 강도50, 이상적패턴False, 요구신뢰도75
2025-11-06 20:08:05 | pullback_pattern_425420 | INFO | [425420] 일봉상세: 가격변화0.0%, 거래량변화0.0%
2025-11-06 20:08:05 | pullback_pattern_458870 | INFO | [458870] 일봉상세: 가격변화0.0%, 거래량변화0.0%
2025-11-06 20:08:05 | pullback_pattern_089150 | INFO | [089150] 일봉상세: 가격변화0.0%, 거래량변화0.0%
2025-11-06 20:08:05 | pullback_pattern_357580 | INFO | [357580] 일봉상세: 가격변화0.0%, 거래량변화0.0%
2025-11-06 20:08:05 | pullback_pattern_078520 | INFO | [078520] 일봉분석: 강도50, 이상적패턴False, 요구신뢰도95
2025-11-06 20:08:05 | pullback_pattern_462310 | INFO | [462310] 일봉분석: 강도50, 이상적패턴False, 요구신뢰도95
2025-11-06 20:08:05 | pullback_pattern_484870 | INFO | [484870] 일봉분석: 강도50, 이상적패턴False, 요구신뢰도95
2025-11-06 20:08:05 | pullback_pattern_078520 | INFO | [078520] 일봉상세: 가격변화0.0%, 거래량변화0.0%
2025-11-06 20:08:05 | pullback_pattern_332570 | INFO | [332570] 일봉분석: 강도50, 이상적패턴False, 요구신뢰도75
2025-11-06 20:08:05 | pullback_pattern_084990 | INFO | [084990] 일봉분석: 강도50, 이상적패턴False, 요구신뢰도75
2025-11-06 20:08:05 | pullback_pattern_462310 | INFO | [462310] 일봉상세: 가격변화0.0%, 거래량변화0.0%
2025-11-06 20:08:05 | pullback_pattern_425420 | INFO | [425420] 일봉분석: 강도50, 이상적패턴False, 요구신뢰도95
2025-11-06 20:08:05 | pullback_pattern_357580 | INFO | [357580] 일봉분석: 강도50, 이상적패턴False, 요구신뢰도75
2025-11-06 20:08:05 | pullback_pattern_458870 | INFO | [458870] 일봉분석: 강도50, 이상적패턴False, 요구신뢰도95
2025-11-06 20:08:05 | pullback_pattern_084990 | INFO | [084990] 일봉상세: 가격변화0.0%, 거래량변화0.0%
2025-11-06 20:08:05 | pullback_pattern_332570 | INFO | [332570] 일봉상세: 가격변화0.0%, 거래량변화0.0%
2025-11-06 20:08:05 | pullback_pattern_484870 | INFO | [484870] 일봉상세: 가격변화0.0%, 거래량변화0.0%
2025-11-06 20:08:05 | pullback_pattern_357580 | INFO | [357580] 일봉상세: 가격변화0.0%, 거래량변화0.0%
2025-11-06 20:08:05 | pullback_pattern_078520 | INFO | [078520] 일봉분석: 강도50, 이상적패턴False, 요구신뢰도95
2025-11-06 20:08:05 | pullback_pattern_458870 | INFO | [458870] 일봉상세: 가격변화0.0%, 거래량변화0.0%
2025-11-06 20:08:05 | pullback_pattern_089150 | INFO | [089150] 일봉분석: 강도50, 이상적패턴False, 요구신뢰도75
2025-11-06 20:08:05 | pullback_pattern_078520 | INFO | [078520] 일봉상세: 가격변화0.0%, 거래량변화0.0%
2025-11-06 20:08:05 | pullback_pattern_425420 | INFO | [425420] 일봉상세: 가격변화0.0%, 거래량변화0.0%
2025-11-06 20:08:05 | pullback_pattern_462310 | INFO | [462310] 일봉분석: 강도50, 이상적패턴False, 요구신뢰도95
2025-11-06 20:08:05 | pullback_pattern_089150 | INFO | [089150] 일봉상세: 가격변화0.0%, 거래량변화0.0%
2025-11-06 20:08:05 | pullback_pattern_084990 | INFO | [084990] 일봉분석: 강도50, 이상적패턴False, 요구신뢰도75
2025-11-06 20:08:05 | pullback_pattern_357580 | INFO | [357580] 일봉분석: 강도50, 이상적패턴False, 요구신뢰도75
2025-11-06 20:08:05 | pullback_pattern_332570 | INFO | [332570] 일봉분석: 강도50, 이상적패턴False, 요구신뢰도75
2025-11-06 20:08:05 | pullback_pattern_458870 | INFO | [458870] 일봉분석: 강도50, 이상적패턴False, 요구신뢰도95
2025-11-06 20:08:05 | pullback_pattern_484870 | INFO | [484870] 일봉분석: 강도50, 이상적패턴False, 요구신뢰도95
2025-11-06 20:08:05 | pullback_pattern_462310 | INFO | [462310] 일봉상세: 가격변화0.0%, 거래량변화0.0%
2025-11-06 20:08:06 | pullback_pattern_425420 | INFO | [425420] 일봉분석: 강도50, 이상적패턴False, 요구신뢰도95
2025-11-06 20:08:05 | pullback_pattern_078520 | INFO | [078520] 일봉분석: 강도50, 이상적패턴False, 요구신뢰도95
2025-11-06 20:08:05 | pullback_pattern_084990 | INFO | [084990] 일봉상세: 가격변화0.0%, 거래량변화0.0%
2025-11-06 20:08:06 | pullback_pattern_357580 | INFO | [357580] 일봉상세: 가격변화0.0%, 거래량변화0.0%
2025-11-06 20:08:06 | pullback_pattern_332570 | INFO | [332570] 일봉상세: 가격변화0.0%, 거래량변화0.0%
2025-11-06 20:08:06 | pullback_pattern_425420 | INFO | [425420] 일봉상세: 가격변화0.0%, 거래량변화0.0%
2025-11-06 20:08:06 | pullback_pattern_078520 | INFO | [078520] 일봉상세: 가격변화0.0%, 거래량변화0.0%
2025-11-06 20:08:06 | pullback_pattern_462310 | INFO | [462310] 일봉분석: 강도50, 이상적패턴False, 요구신뢰도95
2025-11-06 20:08:06 | pullback_pattern_089150 | INFO | [089150] 일봉분석: 강도50, 이상적패턴False, 요구신뢰도75
2025-11-06 20:08:06 | pullback_pattern_458870 | INFO | [458870] 일봉상세: 가격변화0.0%, 거래량변화0.0%
2025-11-06 20:08:06 | pullback_pattern_484870 | INFO | [484870] 일봉상세: 가격변화0.0%, 거래량변화0.0%
2025-11-06 20:08:06 | pullback_pattern_089150 | INFO | [089150] 일봉상세: 가격변화0.0%, 거래량변화0.0%
2025-11-06 20:08:06 | pullback_pattern_462310 | INFO | [462310] 일봉상세: 가격변화0.0%, 거래량변화0.0%
2025-11-06 20:08:06 | pullback_pattern_084990 | INFO | [084990] 일봉분석: 강도50, 이상적패턴False, 요구신뢰도75
2025-11-06 20:08:06 | pullback_pattern_332570 | INFO | [332570] 일봉분석: 강도50, 이상적패턴False, 요구신뢰도75
2025-11-06 20:08:06 | pullback_pattern_078520 | INFO | [078520] 일봉분석: 강도50, 이상적패턴False, 요구신뢰도95
2025-11-06 20:08:06 | pullback_pattern_425420 | INFO | [425420] 일봉분석: 강도50, 이상적패턴False, 요구신뢰도95
2025-11-06 20:08:06 | __main__ | INFO | 🎯 [089150] 총 0개 매수 신호 발견 (실시간 방식)
2025-11-06 20:08:06 | pullback_pattern_357580 | INFO | [357580] 일봉분석: 강도50, 이상적패턴False, 요구신뢰도75
2025-11-06 20:08:06 | pullback_pattern_484870 | INFO | [484870] 일봉분석: 강도50, 이상적패턴False, 요구신뢰도95
2025-11-06 20:08:06 | pullback_pattern_078520 | INFO | [078520] 일봉상세: 가격변화0.0%, 거래량변화0.0%
2025-11-06 20:08:06 | pullback_pattern_332570 | INFO | [332570] 일봉상세: 가격변화0.0%, 거래량변화0.0%
2025-11-06 20:08:06 | pullback_pattern_462310 | INFO | [462310] 일봉분석: 강도50, 이상적패턴False, 요구신뢰도95
2025-11-06 20:08:06 | pullback_pattern_458870 | INFO | [458870] 일봉분석: 강도50, 이상적패턴False, 요구신뢰도95
2025-11-06 20:08:06 | pullback_pattern_084990 | INFO | [084990] 일봉상세: 가격변화0.0%, 거래량변화0.0%
2025-11-06 20:08:06 | pullback_pattern_484870 | INFO | [484870] 일봉상세: 가격변화0.0%, 거래량변화0.0%
2025-11-06 20:08:06 | pullback_pattern_357580 | INFO | [357580] 일봉상세: 가격변화0.0%, 거래량변화0.0%
2025-11-06 20:08:06 | pullback_pattern_425420 | INFO | [425420] 일봉상세: 가격변화0.0%, 거래량변화0.0%
2025-11-06 20:08:06 | __main__ | INFO | 매수 신호 없음 - 거래 시뮬레이션 불가 [089150]
2025-11-06 20:08:06 | pullback_pattern_458870 | INFO | [458870] 일봉상세: 가격변화0.0%, 거래량변화0.0%
2025-11-06 20:08:06 | pullback_pattern_484870 | INFO | [484870] 일봉분석: 강도50, 이상적패턴False, 요구신뢰도75
2025-11-06 20:08:06 | pullback_pattern_084990 | INFO | [084990] 일봉분석: 강도50, 이상적패턴False, 요구신뢰도75
2025-11-06 20:08:06 | pullback_pattern_357580 | INFO | [357580] 일봉분석: 강도50, 이상적패턴False, 요구신뢰도75
2025-11-06 20:08:06 | pullback_pattern_078520 | INFO | [078520] 일봉분석: 강도50, 이상적패턴False, 요구신뢰도95
2025-11-06 20:08:06 | pullback_pattern_332570 | INFO | [332570] 일봉분석: 강도50, 이상적패턴False, 요구신뢰도75
2025-11-06 20:08:06 | pullback_pattern_484870 | INFO | [484870] 일봉상세: 가격변화0.0%, 거래량변화0.0%
2025-11-06 20:08:06 | pullback_pattern_084990 | INFO | [084990] 일봉상세: 가격변화0.0%, 거래량변화0.0%
2025-11-06 20:08:06 | pullback_pattern_462310 | INFO | [462310] 일봉상세: 가격변화0.0%, 거래량변화0.0%
2025-11-06 20:08:06 | pullback_pattern_078520 | INFO | [078520] 일봉상세: 가격변화0.0%, 거래량변화0.0%
2025-11-06 20:08:06 | pullback_pattern_458870 | INFO | [458870] 일봉분석: 강도50, 이상적패턴False, 요구신뢰도95
2025-11-06 20:08:06 | pullback_pattern_357580 | INFO | [357580] 일봉상세: 가격변화0.0%, 거래량변화0.0%
2025-11-06 20:08:06 | pullback_pattern_332570 | INFO | [332570] 일봉상세: 가격변화0.0%, 거래량변화0.0%
2025-11-06 20:08:06 | pullback_pattern_458870 | INFO | [458870] 일봉상세: 가격변화0.0%, 거래량변화0.0%
2025-11-06 20:08:06 | pullback_pattern_084990 | INFO | [084990] 일봉분석: 강도50, 이상적패턴False, 요구신뢰도95
2025-11-06 20:08:06 | pullback_pattern_425420 | INFO | [425420] 일봉분석: 강도50, 이상적패턴False, 요구신뢰도95
2025-11-06 20:08:06 | pullback_pattern_078520 | INFO | [078520] 일봉분석: 강도50, 이상적패턴False, 요구신뢰도95
2025-11-06 20:08:06 | pullback_pattern_084990 | INFO | [084990] 일봉상세: 가격변화0.0%, 거래량변화0.0%
2025-11-06 20:08:06 | pullback_pattern_462310 | INFO | [462310] 일봉분석: 강도50, 이상적패턴False, 요구신뢰도95
2025-11-06 20:08:06 | __main__ | INFO | ✅ [089150] 처리 완료 - 0건 거래, 0건 매수 못한 기회
2025-11-06 20:08:06 | pullback_pattern_425420 | INFO | [425420] 일봉상세: 가격변화0.0%, 거래량변화0.0%
2025-11-06 20:08:06 | pullback_pattern_484870 | INFO | [484870] 일봉분석: 강도50, 이상적패턴False, 요구신뢰도75
2025-11-06 20:08:06 | pullback_pattern_458870 | INFO | [458870] 일봉분석: 강도50, 이상적패턴False, 요구신뢰도95
2025-11-06 20:08:06 | pullback_pattern_462310 | INFO | [462310] 일봉상세: 가격변화0.0%, 거래량변화0.0%
2025-11-06 20:08:06 | __main__ | INFO | 🔄 [136150] 처리 시작...
2025-11-06 20:08:06 | pullback_pattern_484870 | INFO | [484870] 일봉상세: 가격변화0.0%, 거래량변화0.0%
2025-11-06 20:08:06 | pullback_pattern_084990 | INFO | [084990] 일봉분석: 강도50, 이상적패턴False, 요구신뢰도95
2025-11-06 20:08:06 | pullback_pattern_458870 | INFO | [458870] 일봉상세: 가격변화0.0%, 거래량변화0.0%
2025-11-06 20:08:06 | pullback_pattern_078520 | INFO | [078520] 일봉상세: 가격변화0.0%, 거래량변화0.0%
2025-11-06 20:08:06 | pullback_pattern_084990 | INFO | [084990] 일봉상세: 가격변화0.0%, 거래량변화0.0%
2025-11-06 20:08:06 | pullback_pattern_332570 | INFO | [332570] 일봉분석: 강도50, 이상적패턴False, 요구신뢰도75
2025-11-06 20:08:06 | __main__ | INFO | 💾 [136150] 캐시 데이터 사용 - 364개 봉
2025-11-06 20:08:06 | pullback_pattern_425420 | INFO | [425420] 일봉분석: 강도50, 이상적패턴False, 요구신뢰도95
2025-11-06 20:08:06 | pullback_pattern_332570 | INFO | [332570] 일봉상세: 가격변화0.0%, 거래량변화0.0%
2025-11-06 20:08:06 | pullback_pattern_357580 | INFO | [357580] 일봉분석: 강도50, 이상적패턴False, 요구신뢰도75
2025-11-06 20:08:06 | pullback_pattern_425420 | INFO | [425420] 일봉상세: 가격변화0.0%, 거래량변화0.0%
2025-11-06 20:08:06 | pullback_pattern_484870 | INFO | [484870] 일봉분석: 강도50, 이상적패턴False, 요구신뢰도75
2025-11-06 20:08:06 | pullback_pattern_458870 | INFO | [458870] 일봉분석: 강도50, 이상적패턴False, 요구신뢰도95
2025-11-06 20:08:06 | pullback_pattern_462310 | INFO | [462310] 일봉분석: 강도50, 이상적패턴False, 요구신뢰도95
2025-11-06 20:08:06 | pullback_pattern_084990 | INFO | [084990] 일봉분석: 강도50, 이상적패턴False, 요구신뢰도95
2025-11-06 20:08:06 | pullback_pattern_484870 | INFO | [484870] 일봉상세: 가격변화0.0%, 거래량변화0.0%
2025-11-06 20:08:06 | pullback_pattern_332570 | INFO | [332570] 일봉분석: 강도50, 이상적패턴False, 요구신뢰도75
2025-11-06 20:08:06 | pullback_pattern_357580 | INFO | [357580] 일봉상세: 가격변화0.0%, 거래량변화0.0%
2025-11-06 20:08:06 | pullback_pattern_078520 | INFO | [078520] 일봉분석: 강도50, 이상적패턴False, 요구신뢰도95
2025-11-06 20:08:06 | pullback_pattern_136150 | INFO | [136150] 일봉분석: 강도50, 이상적패턴False, 요구신뢰도70
2025-11-06 20:08:06 | pullback_pattern_425420 | INFO | [425420] 일봉분석: 강도50, 이상적패턴False, 요구신뢰도95
2025-11-06 20:08:06 | pullback_pattern_084990 | INFO | [084990] 일봉상세: 가격변화0.0%, 거래량변화0.0%
2025-11-06 20:08:06 | pullback_pattern_078520 | INFO | [078520] 일봉상세: 가격변화0.0%, 거래량변화0.0%
2025-11-06 20:08:06 | pullback_pattern_332570 | INFO | [332570] 일봉상세: 가격변화0.0%, 거래량변화0.0%
2025-11-06 20:08:06 | pullback_pattern_425420 | INFO | [425420] 일봉상세: 가격변화0.0%, 거래량변화0.0%
2025-11-06 20:08:06 | pullback_pattern_462310 | INFO | [462310] 일봉상세: 가격변화0.0%, 거래량변화0.0%
2025-11-06 20:08:06 | pullback_pattern_458870 | INFO | [458870] 일봉상세: 가격변화0.0%, 거래량변화0.0%
2025-11-06 20:08:06 | pullback_pattern_484870 | INFO | [484870] 일봉분석: 강도50, 이상적패턴False, 요구신뢰도75
2025-11-06 20:08:06 | pullback_pattern_136150 | INFO | [136150] 일봉상세: 가격변화0.0%, 거래량변화0.0%
2025-11-06 20:08:06 | pullback_pattern_357580 | INFO | [357580] 일봉분석: 강도50, 이상적패턴False, 요구신뢰도75
2025-11-06 20:08:06 | pullback_pattern_484870 | INFO | [484870] 일봉상세: 가격변화0.0%, 거래량변화0.0%
2025-11-06 20:08:06 | pullback_pattern_425420 | INFO | [425420] 일봉분석: 강도50, 이상적패턴False, 요구신뢰도95
2025-11-06 20:08:06 | pullback_pattern_357580 | INFO | [357580] 일봉상세: 가격변화0.0%, 거래량변화0.0%
2025-11-06 20:08:06 | pullback_pattern_332570 | INFO | [332570] 일봉분석: 강도50, 이상적패턴False, 요구신뢰도75
2025-11-06 20:08:06 | pullback_pattern_078520 | INFO | [078520] 일봉분석: 강도50, 이상적패턴False, 요구신뢰도95
2025-11-06 20:08:06 | pullback_pattern_084990 | INFO | [084990] 일봉분석: 강도50, 이상적패턴False, 요구신뢰도95
2025-11-06 20:08:06 | pullback_pattern_425420 | INFO | [425420] 일봉상세: 가격변화0.0%, 거래량변화0.0%
2025-11-06 20:08:06 | pullback_pattern_332570 | INFO | [332570] 일봉상세: 가격변화0.0%, 거래량변화0.0%
2025-11-06 20:08:06 | pullback_pattern_462310 | INFO | [462310] 일봉분석: 강도50, 이상적패턴False, 요구신뢰도95
2025-11-06 20:08:06 | pullback_pattern_084990 | INFO | [084990] 일봉상세: 가격변화0.0%, 거래량변화0.0%
2025-11-06 20:08:06 | pullback_pattern_357580 | INFO | [357580] 일봉분석: 강도50, 이상적패턴False, 요구신뢰도75
2025-11-06 20:08:06 | pullback_pattern_484870 | INFO | [484870] 일봉분석: 강도50, 이상적패턴False, 요구신뢰도75
2025-11-06 20:08:06 | pullback_pattern_462310 | INFO | [462310] 일봉상세: 가격변화0.0%, 거래량변화0.0%
2025-11-06 20:08:06 | pullback_pattern_136150 | INFO | [136150] 일봉분석: 강도50, 이상적패턴False, 요구신뢰도70
2025-11-06 20:08:06 | pullback_pattern_357580 | INFO | [357580] 일봉상세: 가격변화0.0%, 거래량변화0.0%
2025-11-06 20:08:06 | pullback_pattern_458870 | INFO | [458870] 일봉분석: 강도50, 이상적패턴False, 요구신뢰도95
2025-11-06 20:08:06 | pullback_pattern_425420 | INFO | [425420] 일봉분석: 강도50, 이상적패턴False, 요구신뢰도95
2025-11-06 20:08:06 | pullback_pattern_078520 | INFO | [078520] 일봉상세: 가격변화0.0%, 거래량변화0.0%
2025-11-06 20:08:06 | pullback_pattern_484870 | INFO | [484870] 일봉상세: 가격변화0.0%, 거래량변화0.0%
2025-11-06 20:08:06 | pullback_pattern_332570 | INFO | [332570] 일봉분석: 강도50, 이상적패턴False, 요구신뢰도75
2025-11-06 20:08:06 | pullback_pattern_084990 | INFO | [084990] 일봉분석: 강도50, 이상적패턴False, 요구신뢰도95
2025-11-06 20:08:06 | pullback_pattern_136150 | INFO | [136150] 일봉상세: 가격변화0.0%, 거래량변화0.0%
2025-11-06 20:08:06 | pullback_pattern_462310 | INFO | [462310] 일봉분석: 강도50, 이상적패턴False, 요구신뢰도95
2025-11-06 20:08:06 | pullback_pattern_332570 | INFO | [332570] 일봉상세: 가격변화0.0%, 거래량변화0.0%
2025-11-06 20:08:06 | pullback_pattern_357580 | INFO | [357580] 일봉분석: 강도50, 이상적패턴False, 요구신뢰도75
2025-11-06 20:08:06 | pullback_pattern_084990 | INFO | [084990] 일봉상세: 가격변화0.0%, 거래량변화0.0%
2025-11-06 20:08:06 | pullback_pattern_425420 | INFO | [425420] 일봉상세: 가격변화0.0%, 거래량변화0.0%
2025-11-06 20:08:06 | pullback_pattern_458870 | INFO | [458870] 일봉상세: 가격변화0.0%, 거래량변화0.0%
2025-11-06 20:08:06 | pullback_pattern_357580 | INFO | [357580] 일봉상세: 가격변화0.0%, 거래량변화0.0%
2025-11-06 20:08:06 | pullback_pattern_078520 | INFO | [078520] 일봉분석: 강도50, 이상적패턴False, 요구신뢰도95
2025-11-06 20:08:06 | pullback_pattern_462310 | INFO | [462310] 일봉상세: 가격변화0.0%, 거래량변화0.0%
2025-11-06 20:08:06 | pullback_pattern_136150 | INFO | [136150] 일봉분석: 강도50, 이상적패턴False, 요구신뢰도70
2025-11-06 20:08:06 | pullback_pattern_078520 | INFO | [078520] 일봉상세: 가격변화0.0%, 거래량변화0.0%
2025-11-06 20:08:06 | pullback_pattern_332570 | INFO | [332570] 일봉분석: 강도50, 이상적패턴False, 요구신뢰도75
2025-11-06 20:08:06 | pullback_pattern_136150 | INFO | [136150] 일봉상세: 가격변화0.0%, 거래량변화0.0%
2025-11-06 20:08:06 | pullback_pattern_484870 | INFO | [484870] 일봉분석: 강도50, 이상적패턴False, 요구신뢰도75
2025-11-06 20:08:06 | pullback_pattern_425420 | INFO | [425420] 일봉분석: 강도50, 이상적패턴False, 요구신뢰도95
2025-11-06 20:08:06 | pullback_pattern_357580 | INFO | [357580] 일봉분석: 강도50, 이상적패턴False, 요구신뢰도75
2025-11-06 20:08:06 | pullback_pattern_078520 | INFO | [078520] 일봉분석: 강도50, 이상적패턴False, 요구신뢰도95
2025-11-06 20:08:06 | pullback_pattern_462310 | INFO | [462310] 일봉분석: 강도50, 이상적패턴False, 요구신뢰도95
2025-11-06 20:08:06 | pullback_pattern_484870 | INFO | [484870] 일봉상세: 가격변화0.0%, 거래량변화0.0%
2025-11-06 20:08:06 | pullback_pattern_425420 | INFO | [425420] 일봉상세: 가격변화0.0%, 거래량변화0.0%
2025-11-06 20:08:06 | pullback_pattern_357580 | INFO | [357580] 일봉상세: 가격변화0.0%, 거래량변화0.0%
2025-11-06 20:08:06 | pullback_pattern_078520 | INFO | [078520] 일봉상세: 가격변화0.0%, 거래량변화0.0%
2025-11-06 20:08:06 | pullback_pattern_462310 | INFO | [462310] 일봉상세: 가격변화0.0%, 거래량변화0.0%
2025-11-06 20:08:06 | pullback_pattern_332570 | INFO | [332570] 일봉상세: 가격변화0.0%, 거래량변화0.0%
2025-11-06 20:08:06 | pullback_pattern_084990 | INFO | [084990] 일봉분석: 강도50, 이상적패턴False, 요구신뢰도95
2025-11-06 20:08:06 | pullback_pattern_136150 | INFO | [136150] 일봉분석: 강도50, 이상적패턴False, 요구신뢰도70
2025-11-06 20:08:06 | pullback_pattern_484870 | INFO | [484870] 일봉분석: 강도50, 이상적패턴False, 요구신뢰도75
2025-11-06 20:08:06 | pullback_pattern_084990 | INFO | [084990] 일봉상세: 가격변화0.0%, 거래량변화0.0%
2025-11-06 20:08:06 | pullback_pattern_458870 | INFO | [458870] 일봉분석: 강도50, 이상적패턴False, 요구신뢰도95
2025-11-06 20:08:06 | pullback_pattern_357580 | INFO | [357580] 일봉분석: 강도50, 이상적패턴False, 요구신뢰도75
2025-11-06 20:08:06 | pullback_pattern_425420 | INFO | [425420] 일봉분석: 강도50, 이상적패턴False, 요구신뢰도95
2025-11-06 20:08:06 | pullback_pattern_078520 | INFO | [078520] 일봉분석: 강도50, 이상적패턴False, 요구신뢰도95
2025-11-06 20:08:06 | pullback_pattern_484870 | INFO | [484870] 일봉상세: 가격변화0.0%, 거래량변화0.0%
2025-11-06 20:08:06 | pullback_pattern_136150 | INFO | [136150] 일봉상세: 가격변화0.0%, 거래량변화0.0%
2025-11-06 20:08:06 | pullback_pattern_332570 | INFO | [332570] 일봉분석: 강도50, 이상적패턴False, 요구신뢰도75
2025-11-06 20:08:06 | pullback_pattern_078520 | INFO | [078520] 일봉상세: 가격변화0.0%, 거래량변화0.0%
2025-11-06 20:08:06 | pullback_pattern_084990 | INFO | [084990] 일봉분석: 강도50, 이상적패턴False, 요구신뢰도95
2025-11-06 20:08:06 | pullback_pattern_425420 | INFO | [425420] 일봉상세: 가격변화0.0%, 거래량변화0.0%
2025-11-06 20:08:06 | pullback_pattern_458870 | INFO | [458870] 일봉상세: 가격변화0.0%, 거래량변화0.0%
2025-11-06 20:08:06 | pullback_pattern_332570 | INFO | [332570] 일봉상세: 가격변화0.0%, 거래량변화0.0%
2025-11-06 20:08:06 | pullback_pattern_357580 | INFO | [357580] 일봉상세: 가격변화0.0%, 거래량변화0.0%
2025-11-06 20:08:06 | pullback_pattern_136150 | INFO | [136150] 일봉분석: 강도50, 이상적패턴False, 요구신뢰도70
2025-11-06 20:08:06 | __main__ | INFO | 🎯 [332570] 총 2개 매수 신호 발견 (실시간 방식)
2025-11-06 20:08:06 | pullback_pattern_484870 | INFO | [484870] 일봉분석: 강도50, 이상적패턴False, 요구신뢰도75
2025-11-06 20:08:06 | pullback_pattern_136150 | INFO | [136150] 일봉상세: 가격변화0.0%, 거래량변화0.0%
2025-11-06 20:08:06 | pullback_pattern_078520 | INFO | [078520] 일봉분석: 강도50, 이상적패턴False, 요구신뢰도95
2025-11-06 20:08:06 | pullback_pattern_425420 | INFO | [425420] 일봉분석: 강도50, 이상적패턴False, 요구신뢰도95
2025-11-06 20:08:06 | pullback_pattern_462310 | INFO | [462310] 일봉분석: 강도50, 이상적패턴False, 요구신뢰도95
2025-11-06 20:08:06 | pullback_pattern_084990 | INFO | [084990] 일봉상세: 가격변화0.0%, 거래량변화0.0%
2025-11-06 20:08:06 | pullback_pattern_357580 | INFO | [357580] 일봉분석: 강도50, 이상적패턴False, 요구신뢰도75
2025-11-06 20:08:06 | __main__ | WARNING | ⚠️ [332570] 일봉 패턴 필터 초기화 실패: No module named 'core.indicators.daily_pattern_filter'
2025-11-06 20:08:06 | pullback_pattern_425420 | INFO | [425420] 일봉상세: 가격변화0.0%, 거래량변화0.0%
2025-11-06 20:08:06 | pullback_pattern_462310 | INFO | [462310] 일봉상세: 가격변화0.0%, 거래량변화0.0%
2025-11-06 20:08:06 | pullback_pattern_357580 | INFO | [357580] 일봉상세: 가격변화0.0%, 거래량변화0.0%
2025-11-06 20:08:06 | pullback_pattern_458870 | INFO | [458870] 일봉분석: 강도50, 이상적패턴False, 요구신뢰도95
2025-11-06 20:08:06 | pullback_pattern_084990 | INFO | [084990] 일봉분석: 강도50, 이상적패턴False, 요구신뢰도95
2025-11-06 20:08:06 | pullback_pattern_136150 | INFO | [136150] 일봉분석: 강도50, 이상적패턴False, 요구신뢰도70
2025-11-06 20:08:06 | pullback_pattern_484870 | INFO | [484870] 일봉상세: 가격변화0.0%, 거래량변화0.0%
2025-11-06 20:08:06 | __main__ | DEBUG | 🔍 [332570] 4/5가 체크: 돌파봉인덱스=25, 4/5가=4,849원, 다음2봉범위=26~27, 전체데이터길이=128
2025-11-06 20:08:06 | pullback_pattern_078520 | INFO | [078520] 일봉상세: 가격변화0.0%, 거래량변화0.0%
2025-11-06 20:08:06 | pullback_pattern_425420 | INFO | [425420] 일봉분석: 강도50, 이상적패턴False, 요구신뢰도95
2025-11-06 20:08:06 | pullback_pattern_458870 | INFO | [458870] 일봉상세: 가격변화0.0%, 거래량변화0.0%
2025-11-06 20:08:06 | pullback_pattern_357580 | INFO | [357580] 일봉분석: 강도50, 이상적패턴False, 요구신뢰도75
2025-11-06 20:08:06 | __main__ | DEBUG | 🔍 [332570] 다음 2개 3분봉 데이터: 2개
2025-11-06 20:08:06 | pullback_pattern_425420 | INFO | [425420] 일봉상세: 가격변화0.0%, 거래량변화0.0%
2025-11-06 20:08:06 | pullback_pattern_357580 | INFO | [357580] 일봉상세: 가격변화0.0%, 거래량변화0.0%
2025-11-06 20:08:06 | pullback_pattern_484870 | INFO | [484870] 일봉분석: 강도50, 이상적패턴False, 요구신뢰도75
2025-11-06 20:08:06 | pullback_pattern_136150 | INFO | [136150] 일봉상세: 가격변화0.0%, 거래량변화0.0%
2025-11-06 20:08:06 | pullback_pattern_078520 | INFO | [078520] 일봉분석: 강도50, 이상적패턴False, 요구신뢰도95
2025-11-06 20:08:06 | pullback_pattern_462310 | INFO | [462310] 일봉분석: 강도50, 이상적패턴False, 요구신뢰도75
2025-11-06 20:08:06 | __main__ | DEBUG |   봉1(인덱스26): 10:18 저가=4,815원, 4/5가=4,849원, 도달여부=True
2025-11-06 20:08:06 | pullback_pattern_084990 | INFO | [084990] 일봉상세: 가격변화0.0%, 거래량변화0.0%
2025-11-06 20:08:06 | pullback_pattern_425420 | INFO | [425420] 일봉분석: 강도50, 이상적패턴False, 요구신뢰도95
2025-11-06 20:08:06 | pullback_pattern_462310 | INFO | [462310] 일봉상세: 가격변화0.0%, 거래량변화0.0%
2025-11-06 20:08:06 | pullback_pattern_484870 | INFO | [484870] 일봉상세: 가격변화0.0%, 거래량변화0.0%
2025-11-06 20:08:06 | __main__ | DEBUG |   봉2(인덱스27): 10:21 저가=4,815원, 4/5가=4,849원, 도달여부=True
2025-11-06 20:08:06 | pullback_pattern_458870 | INFO | [458870] 일봉분석: 강도50, 이상적패턴False, 요구신뢰도95
2025-11-06 20:08:06 | pullback_pattern_425420 | INFO | [425420] 일봉상세: 가격변화0.0%, 거래량변화0.0%
2025-11-06 20:08:06 | pullback_pattern_136150 | INFO | [136150] 일봉분석: 강도50, 이상적패턴False, 요구신뢰도70
2025-11-06 20:08:06 | __main__ | DEBUG | ✅ [332570] 4/5가 도달: 10:18 저가 4,815원 ≤ 4/5가 4,849원 (인덱스26)
2025-11-06 20:08:06 | pullback_pattern_078520 | INFO | [078520] 일봉상세: 가격변화0.0%, 거래량변화0.0%
2025-11-06 20:08:06 | pullback_pattern_357580 | INFO | [357580] 일봉분석: 강도50, 이상적패턴False, 요구신뢰도75
2025-11-06 20:08:06 | pullback_pattern_136150 | INFO | [136150] 일봉상세: 가격변화0.0%, 거래량변화0.0%
2025-11-06 20:08:06 | __main__ | DEBUG | 🕐 신호 라벨: 10:15, 신호 발생: 10:18, 매수가: 4,849원
2025-11-06 20:08:06 | pullback_pattern_084990 | INFO | [084990] 일봉분석: 강도50, 이상적패턴False, 요구신뢰도95
2025-11-06 20:08:06 | pullback_pattern_458870 | INFO | [458870] 일봉상세: 가격변화0.0%, 거래량변화0.0%
2025-11-06 20:08:06 | pullback_pattern_078520 | INFO | [078520] 일봉분석: 강도50, 이상적패턴False, 요구신뢰도95
2025-11-06 20:08:06 | pullback_pattern_357580 | INFO | [357580] 일봉상세: 가격변화0.0%, 거래량변화0.0%
2025-11-06 20:08:06 | pullback_pattern_484870 | INFO | [484870] 일봉분석: 강도50, 이상적패턴False, 요구신뢰도75
2025-11-06 20:08:06 | pullback_pattern_136150 | INFO | [136150] 일봉분석: 강도50, 이상적패턴False, 요구신뢰도70
2025-11-06 20:08:06 | __main__ | INFO | 🎯 [034730] 총 0개 매수 신호 발견 (실시간 방식)
2025-11-06 20:08:06 | pullback_pattern_084990 | INFO | [084990] 일봉상세: 가격변화0.0%, 거래량변화0.0%
2025-11-06 20:08:06 | pullback_pattern_484870 | INFO | [484870] 일봉상세: 가격변화0.0%, 거래량변화0.0%
2025-11-06 20:08:06 | pullback_pattern_136150 | INFO | [136150] 일봉상세: 가격변화0.0%, 거래량변화0.0%
2025-11-06 20:08:06 | __main__ | DEBUG | 💰 [332570] 매수 체결: 4,849원 @ 10:18:00 (실제 체결: 10:18:00)
2025-11-06 20:08:06 | pullback_pattern_462310 | INFO | [462310] 일봉분석: 강도50, 이상적패턴False, 요구신뢰도75
2025-11-06 20:08:06 | pullback_pattern_078520 | INFO | [078520] 일봉상세: 가격변화0.0%, 거래량변화0.0%
2025-11-06 20:08:06 | pullback_pattern_458870 | INFO | [458870] 일봉분석: 강도50, 이상적패턴False, 요구신뢰도95
2025-11-06 20:08:06 | __main__ | INFO | 매수 신호 없음 - 거래 시뮬레이션 불가 [034730]
2025-11-06 20:08:06 | pullback_pattern_462310 | INFO | [462310] 일봉상세: 가격변화0.0%, 거래량변화0.0%
2025-11-06 20:08:06 | pullback_pattern_084990 | INFO | [084990] 일봉분석: 강도50, 이상적패턴False, 요구신뢰도95
2025-11-06 20:08:06 | pullback_pattern_484870 | INFO | [484870] 일봉분석: 강도50, 이상적패턴False, 요구신뢰도75
2025-11-06 20:08:06 | pullback_pattern_458870 | INFO | [458870] 일봉상세: 가격변화0.0%, 거래량변화0.0%
2025-11-06 20:08:06 | pullback_pattern_425420 | INFO | [425420] 일봉분석: 강도50, 이상적패턴False, 요구신뢰도95
2025-11-06 20:08:06 | pullback_pattern_084990 | INFO | [084990] 일봉상세: 가격변화0.0%, 거래량변화0.0%
2025-11-06 20:08:06 | __main__ | DEBUG | ⏰ [332570] 25분 쿨다운 설정: 10:43까지
2025-11-06 20:08:06 | pullback_pattern_136150 | INFO | [136150] 일봉분석: 강도50, 이상적패턴False, 요구신뢰도70
2025-11-06 20:08:06 | pullback_pattern_357580 | INFO | [357580] 일봉분석: 강도50, 이상적패턴False, 요구신뢰도75
2025-11-06 20:08:06 | pullback_pattern_484870 | INFO | [484870] 일봉상세: 가격변화0.0%, 거래량변화0.0%
2025-11-06 20:08:06 | __main__ | INFO | ✅ [034730] 처리 완료 - 0건 거래, 0건 매수 못한 기회
2025-11-06 20:08:06 | pullback_pattern_136150 | INFO | [136150] 일봉상세: 가격변화0.0%, 거래량변화0.0%
2025-11-06 20:08:06 | pullback_pattern_078520 | INFO | [078520] 일봉분석: 강도50, 이상적패턴False, 요구신뢰도95
2025-11-06 20:08:06 | pullback_pattern_357580 | INFO | [357580] 일봉상세: 가격변화0.0%, 거래량변화0.0%
2025-11-06 20:08:06 | pullback_pattern_458870 | INFO | [458870] 일봉분석: 강도50, 이상적패턴False, 요구신뢰도95
2025-11-06 20:08:06 | pullback_pattern_084990 | INFO | [084990] 일봉분석: 강도50, 이상적패턴False, 요구신뢰도95
2025-11-06 20:08:06 | __main__ | INFO | 🔄 [402490] 처리 시작...
2025-11-06 20:08:06 | pullback_pattern_425420 | INFO | [425420] 일봉상세: 가격변화0.0%, 거래량변화0.0%
2025-11-06 20:08:06 | pullback_pattern_462310 | INFO | [462310] 일봉분석: 강도50, 이상적패턴False, 요구신뢰도75
2025-11-06 20:08:06 | pullback_pattern_078520 | INFO | [078520] 일봉상세: 가격변화0.0%, 거래량변화0.0%
2025-11-06 20:08:06 | pullback_pattern_484870 | INFO | [484870] 일봉분석: 강도50, 이상적패턴False, 요구신뢰도75
2025-11-06 20:08:06 | pullback_pattern_458870 | INFO | [458870] 일봉상세: 가격변화0.0%, 거래량변화0.0%
2025-11-06 20:08:06 | pullback_pattern_462310 | INFO | [462310] 일봉상세: 가격변화0.0%, 거래량변화0.0%
2025-11-06 20:08:06 | pullback_pattern_136150 | INFO | [136150] 일봉분석: 강도50, 이상적패턴False, 요구신뢰도70
2025-11-06 20:08:06 | pullback_pattern_084990 | INFO | [084990] 일봉상세: 가격변화0.0%, 거래량변화0.0%
2025-11-06 20:08:06 | pullback_pattern_425420 | INFO | [425420] 일봉분석: 강도50, 이상적패턴False, 요구신뢰도95
2025-11-06 20:08:06 | pullback_pattern_484870 | INFO | [484870] 일봉상세: 가격변화0.0%, 거래량변화0.0%
2025-11-06 20:08:06 | pullback_pattern_078520 | INFO | [078520] 일봉분석: 강도50, 이상적패턴False, 요구신뢰도95
2025-11-06 20:08:06 | pullback_pattern_136150 | INFO | [136150] 일봉상세: 가격변화0.0%, 거래량변화0.0%
2025-11-06 20:08:06 | pullback_pattern_357580 | INFO | [357580] 일봉분석: 강도50, 이상적패턴False, 요구신뢰도75
2025-11-06 20:08:06 | pullback_pattern_458870 | INFO | [458870] 일봉분석: 강도50, 이상적패턴False, 요구신뢰도95
2025-11-06 20:08:06 | pullback_pattern_462310 | INFO | [462310] 일봉분석: 강도50, 이상적패턴False, 요구신뢰도75
2025-11-06 20:08:06 | __main__ | INFO | 💾 [402490] 캐시 데이터 사용 - 376개 봉
2025-11-06 20:08:06 | pullback_pattern_357580 | INFO | [357580] 일봉상세: 가격변화0.0%, 거래량변화0.0%
2025-11-06 20:08:06 | pullback_pattern_425420 | INFO | [425420] 일봉상세: 가격변화0.0%, 거래량변화0.0%
2025-11-06 20:08:06 | pullback_pattern_458870 | INFO | [458870] 일봉상세: 가격변화0.0%, 거래량변화0.0%
2025-11-06 20:08:06 | pullback_pattern_462310 | INFO | [462310] 일봉상세: 가격변화0.0%, 거래량변화0.0%
2025-11-06 20:08:06 | pullback_pattern_078520 | INFO | [078520] 일봉상세: 가격변화0.0%, 거래량변화0.0%
2025-11-06 20:08:06 | pullback_pattern_084990 | INFO | [084990] 일봉분석: 강도50, 이상적패턴False, 요구신뢰도95
2025-11-06 20:08:06 | pullback_pattern_484870 | INFO | [484870] 일봉분석: 강도50, 이상적패턴False, 요구신뢰도75
2025-11-06 20:08:06 | pullback_pattern_357580 | INFO | [357580] 일봉분석: 강도50, 이상적패턴False, 요구신뢰도75
2025-11-06 20:08:06 | pullback_pattern_462310 | INFO | [462310] 일봉분석: 강도50, 이상적패턴False, 요구신뢰도75
2025-11-06 20:08:06 | pullback_pattern_084990 | INFO | [084990] 일봉상세: 가격변화0.0%, 거래량변화0.0%
2025-11-06 20:08:06 | pullback_pattern_484870 | INFO | [484870] 일봉상세: 가격변화0.0%, 거래량변화0.0%
2025-11-06 20:08:06 | pullback_pattern_425420 | INFO | [425420] 일봉분석: 강도50, 이상적패턴False, 요구신뢰도95
2025-11-06 20:08:06 | pullback_pattern_462310 | INFO | [462310] 일봉상세: 가격변화0.0%, 거래량변화0.0%
2025-11-06 20:08:06 | pullback_pattern_458870 | INFO | [458870] 일봉분석: 강도50, 이상적패턴False, 요구신뢰도95
2025-11-06 20:08:06 | pullback_pattern_136150 | INFO | [136150] 일봉분석: 강도50, 이상적패턴False, 요구신뢰도70
2025-11-06 20:08:06 | pullback_pattern_425420 | INFO | [425420] 일봉상세: 가격변화0.0%, 거래량변화0.0%
2025-11-06 20:08:06 | pullback_pattern_458870 | INFO | [458870] 일봉상세: 가격변화0.0%, 거래량변화0.0%
2025-11-06 20:08:06 | pullback_pattern_078520 | INFO | [078520] 일봉분석: 강도50, 이상적패턴False, 요구신뢰도95
2025-11-06 20:08:06 | pullback_pattern_357580 | INFO | [357580] 일봉상세: 가격변화0.0%, 거래량변화0.0%
2025-11-06 20:08:06 | pullback_pattern_084990 | INFO | [084990] 일봉분석: 강도50, 이상적패턴False, 요구신뢰도95
2025-11-06 20:08:06 | pullback_pattern_484870 | INFO | [484870] 일봉분석: 강도50, 이상적패턴False, 요구신뢰도75
2025-11-06 20:08:06 | pullback_pattern_078520 | INFO | [078520] 일봉상세: 가격변화0.0%, 거래량변화0.0%
2025-11-06 20:08:06 | pullback_pattern_458870 | INFO | [458870] 일봉분석: 강도50, 이상적패턴False, 요구신뢰도75
2025-11-06 20:08:06 | pullback_pattern_084990 | INFO | [084990] 일봉상세: 가격변화0.0%, 거래량변화0.0%
2025-11-06 20:08:06 | pullback_pattern_462310 | INFO | [462310] 일봉분석: 강도50, 이상적패턴False, 요구신뢰도75
2025-11-06 20:08:06 | pullback_pattern_136150 | INFO | [136150] 일봉상세: 가격변화0.0%, 거래량변화0.0%
2025-11-06 20:08:06 | pullback_pattern_458870 | INFO | [458870] 일봉상세: 가격변화0.0%, 거래량변화0.0%
2025-11-06 20:08:06 | pullback_pattern_425420 | INFO | [425420] 일봉분석: 강도50, 이상적패턴False, 요구신뢰도95
2025-11-06 20:08:06 | pullback_pattern_462310 | INFO | [462310] 일봉상세: 가격변화0.0%, 거래량변화0.0%
2025-11-06 20:08:06 | pullback_pattern_357580 | INFO | [357580] 일봉분석: 강도50, 이상적패턴False, 요구신뢰도75
2025-11-06 20:08:06 | pullback_pattern_425420 | INFO | [425420] 일봉상세: 가격변화0.0%, 거래량변화0.0%
2025-11-06 20:08:06 | pullback_pattern_084990 | INFO | [084990] 일봉분석: 강도50, 이상적패턴False, 요구신뢰도95
2025-11-06 20:08:06 | pullback_pattern_078520 | INFO | [078520] 일봉분석: 강도50, 이상적패턴False, 요구신뢰도95
2025-11-06 20:08:06 | pullback_pattern_136150 | INFO | [136150] 일봉분석: 강도50, 이상적패턴False, 요구신뢰도70
2025-11-06 20:08:06 | pullback_pattern_357580 | INFO | [357580] 일봉상세: 가격변화0.0%, 거래량변화0.0%
2025-11-06 20:08:06 | pullback_pattern_484870 | INFO | [484870] 일봉상세: 가격변화0.0%, 거래량변화0.0%
2025-11-06 20:08:06 | pullback_pattern_078520 | INFO | [078520] 일봉상세: 가격변화0.0%, 거래량변화0.0%
2025-11-06 20:08:06 | pullback_pattern_462310 | INFO | [462310] 일봉분석: 강도50, 이상적패턴False, 요구신뢰도75
2025-11-06 20:08:06 | pullback_pattern_458870 | INFO | [458870] 일봉분석: 강도50, 이상적패턴False, 요구신뢰도75
2025-11-06 20:08:06 | pullback_pattern_425420 | INFO | [425420] 일봉분석: 강도50, 이상적패턴False, 요구신뢰도95
2025-11-06 20:08:06 | pullback_pattern_136150 | INFO | [136150] 일봉상세: 가격변화0.0%, 거래량변화0.0%
2025-11-06 20:08:06 | pullback_pattern_084990 | INFO | [084990] 일봉상세: 가격변화0.0%, 거래량변화0.0%
2025-11-06 20:08:06 | pullback_pattern_425420 | INFO | [425420] 일봉상세: 가격변화0.0%, 거래량변화0.0%
2025-11-06 20:08:06 | pullback_pattern_458870 | INFO | [458870] 일봉상세: 가격변화0.0%, 거래량변화0.0%
2025-11-06 20:08:06 | pullback_pattern_078520 | INFO | [078520] 일봉분석: 강도50, 이상적패턴False, 요구신뢰도95
2025-11-06 20:08:06 | pullback_pattern_357580 | INFO | [357580] 일봉분석: 강도50, 이상적패턴False, 요구신뢰도75
2025-11-06 20:08:06 | pullback_pattern_484870 | INFO | [484870] 일봉분석: 강도50, 이상적패턴False, 요구신뢰도75
2025-11-06 20:08:06 | pullback_pattern_078520 | INFO | [078520] 일봉상세: 가격변화0.0%, 거래량변화0.0%
2025-11-06 20:08:06 | pullback_pattern_357580 | INFO | [357580] 일봉상세: 가격변화0.0%, 거래량변화0.0%
2025-11-06 20:08:06 | pullback_pattern_462310 | INFO | [462310] 일봉상세: 가격변화0.0%, 거래량변화0.0%
2025-11-06 20:08:06 | pullback_pattern_136150 | INFO | [136150] 일봉분석: 강도50, 이상적패턴False, 요구신뢰도70
2025-11-06 20:08:06 | pullback_pattern_084990 | INFO | [084990] 일봉분석: 강도50, 이상적패턴False, 요구신뢰도95
2025-11-06 20:08:06 | pullback_pattern_458870 | INFO | [458870] 일봉분석: 강도50, 이상적패턴False, 요구신뢰도75
2025-11-06 20:08:06 | pullback_pattern_484870 | INFO | [484870] 일봉상세: 가격변화0.0%, 거래량변화0.0%
2025-11-06 20:08:06 | pullback_pattern_078520 | INFO | [078520] 일봉분석: 강도50, 이상적패턴False, 요구신뢰도95
2025-11-06 20:08:06 | pullback_pattern_402490 | INFO | [402490] 일봉분석: 강도50, 이상적패턴False, 요구신뢰도70
2025-11-06 20:08:06 | pullback_pattern_458870 | INFO | [458870] 일봉상세: 가격변화0.0%, 거래량변화0.0%
2025-11-06 20:08:06 | pullback_pattern_462310 | INFO | [462310] 일봉분석: 강도50, 이상적패턴False, 요구신뢰도75
2025-11-06 20:08:06 | pullback_pattern_357580 | INFO | [357580] 일봉분석: 강도50, 이상적패턴False, 요구신뢰도75
2025-11-06 20:08:06 | pullback_pattern_084990 | INFO | [084990] 일봉상세: 가격변화0.0%, 거래량변화0.0%
2025-11-06 20:08:06 | pullback_pattern_402490 | INFO | [402490] 일봉상세: 가격변화0.0%, 거래량변화0.0%
2025-11-06 20:08:06 | pullback_pattern_078520 | INFO | [078520] 일봉상세: 가격변화0.0%, 거래량변화0.0%
2025-11-06 20:08:06 | pullback_pattern_462310 | INFO | [462310] 일봉상세: 가격변화0.0%, 거래량변화0.0%
2025-11-06 20:08:06 | pullback_pattern_136150 | INFO | [136150] 일봉상세: 가격변화0.0%, 거래량변화0.0%
2025-11-06 20:08:06 | pullback_pattern_484870 | INFO | [484870] 일봉분석: 강도50, 이상적패턴False, 요구신뢰도75
2025-11-06 20:08:06 | pullback_pattern_357580 | INFO | [357580] 일봉상세: 가격변화0.0%, 거래량변화0.0%
2025-11-06 20:08:06 | pullback_pattern_484870 | INFO | [484870] 일봉상세: 가격변화0.0%, 거래량변화0.0%
2025-11-06 20:08:06 | pullback_pattern_078520 | INFO | [078520] 일봉분석: 강도50, 이상적패턴False, 요구신뢰도95
2025-11-06 20:08:06 | pullback_pattern_458870 | INFO | [458870] 일봉분석: 강도50, 이상적패턴False, 요구신뢰도75
2025-11-06 20:08:06 | pullback_pattern_402490 | INFO | [402490] 일봉분석: 강도50, 이상적패턴False, 요구신뢰도70
2025-11-06 20:08:06 | pullback_pattern_136150 | INFO | [136150] 일봉분석: 강도50, 이상적패턴False, 요구신뢰도70
2025-11-06 20:08:06 | pullback_pattern_462310 | INFO | [462310] 일봉분석: 강도50, 이상적패턴False, 요구신뢰도75
2025-11-06 20:08:06 | pullback_pattern_458870 | INFO | [458870] 일봉상세: 가격변화0.0%, 거래량변화0.0%
2025-11-06 20:08:06 | pullback_pattern_425420 | INFO | [425420] 일봉분석: 강도50, 이상적패턴False, 요구신뢰도95
2025-11-06 20:08:06 | pullback_pattern_484870 | INFO | [484870] 일봉분석: 강도50, 이상적패턴False, 요구신뢰도75
2025-11-06 20:08:06 | pullback_pattern_078520 | INFO | [078520] 일봉상세: 가격변화0.0%, 거래량변화0.0%
2025-11-06 20:08:06 | pullback_pattern_084990 | INFO | [084990] 일봉분석: 강도50, 이상적패턴False, 요구신뢰도95
2025-11-06 20:08:06 | pullback_pattern_462310 | INFO | [462310] 일봉상세: 가격변화0.0%, 거래량변화0.0%
2025-11-06 20:08:06 | pullback_pattern_425420 | INFO | [425420] 일봉상세: 가격변화0.0%, 거래량변화0.0%
2025-11-06 20:08:06 | pullback_pattern_484870 | INFO | [484870] 일봉상세: 가격변화0.0%, 거래량변화0.0%
2025-11-06 20:08:06 | pullback_pattern_357580 | INFO | [357580] 일봉분석: 강도50, 이상적패턴False, 요구신뢰도75
2025-11-06 20:08:06 | pullback_pattern_084990 | INFO | [084990] 일봉상세: 가격변화0.0%, 거래량변화0.0%
2025-11-06 20:08:06 | pullback_pattern_458870 | INFO | [458870] 일봉분석: 강도50, 이상적패턴False, 요구신뢰도75
2025-11-06 20:08:06 | pullback_pattern_078520 | INFO | [078520] 일봉분석: 강도50, 이상적패턴False, 요구신뢰도95
2025-11-06 20:08:06 | pullback_pattern_136150 | INFO | [136150] 일봉상세: 가격변화0.0%, 거래량변화0.0%
2025-11-06 20:08:06 | pullback_pattern_462310 | INFO | [462310] 일봉분석: 강도50, 이상적패턴False, 요구신뢰도75
2025-11-06 20:08:06 | pullback_pattern_484870 | INFO | [484870] 일봉분석: 강도50, 이상적패턴False, 요구신뢰도75
2025-11-06 20:08:06 | pullback_pattern_458870 | INFO | [458870] 일봉상세: 가격변화0.0%, 거래량변화0.0%
2025-11-06 20:08:06 | pullback_pattern_357580 | INFO | [357580] 일봉상세: 가격변화0.0%, 거래량변화0.0%
2025-11-06 20:08:06 | pullback_pattern_425420 | INFO | [425420] 일봉분석: 강도50, 이상적패턴False, 요구신뢰도95
2025-11-06 20:08:06 | pullback_pattern_402490 | INFO | [402490] 일봉상세: 가격변화0.0%, 거래량변화0.0%
2025-11-06 20:08:06 | pullback_pattern_484870 | INFO | [484870] 일봉상세: 가격변화0.0%, 거래량변화0.0%
2025-11-06 20:08:06 | pullback_pattern_462310 | INFO | [462310] 일봉상세: 가격변화0.0%, 거래량변화0.0%
2025-11-06 20:08:06 | pullback_pattern_425420 | INFO | [425420] 일봉상세: 가격변화0.0%, 거래량변화0.0%
2025-11-06 20:08:06 | pullback_pattern_458870 | INFO | [458870] 일봉분석: 강도50, 이상적패턴False, 요구신뢰도75
2025-11-06 20:08:06 | pullback_pattern_078520 | INFO | [078520] 일봉상세: 가격변화0.0%, 거래량변화0.0%
2025-11-06 20:08:06 | pullback_pattern_084990 | INFO | [084990] 일봉분석: 강도50, 이상적패턴False, 요구신뢰도95
2025-11-06 20:08:06 | pullback_pattern_136150 | INFO | [136150] 일봉분석: 강도50, 이상적패턴False, 요구신뢰도70
2025-11-06 20:08:06 | pullback_pattern_357580 | INFO | [357580] 일봉분석: 강도50, 이상적패턴False, 요구신뢰도75
2025-11-06 20:08:06 | pullback_pattern_484870 | INFO | [484870] 일봉분석: 강도50, 이상적패턴False, 요구신뢰도75
2025-11-06 20:08:06 | pullback_pattern_084990 | INFO | [084990] 일봉상세: 가격변화0.0%, 거래량변화0.0%
2025-11-06 20:08:06 | pullback_pattern_458870 | INFO | [458870] 일봉상세: 가격변화0.0%, 거래량변화0.0%
2025-11-06 20:08:06 | pullback_pattern_357580 | INFO | [357580] 일봉상세: 가격변화0.0%, 거래량변화0.0%
2025-11-06 20:08:06 | pullback_pattern_136150 | INFO | [136150] 일봉상세: 가격변화0.0%, 거래량변화0.0%
2025-11-06 20:08:06 | pullback_pattern_402490 | INFO | [402490] 일봉분석: 강도50, 이상적패턴False, 요구신뢰도70
2025-11-06 20:08:06 | pullback_pattern_078520 | INFO | [078520] 일봉분석: 강도50, 이상적패턴False, 요구신뢰도95
2025-11-06 20:08:06 | pullback_pattern_484870 | INFO | [484870] 일봉상세: 가격변화0.0%, 거래량변화0.0%
2025-11-06 20:08:06 | pullback_pattern_402490 | INFO | [402490] 일봉상세: 가격변화0.0%, 거래량변화0.0%
2025-11-06 20:08:06 | pullback_pattern_078520 | INFO | [078520] 일봉상세: 가격변화0.0%, 거래량변화0.0%
2025-11-06 20:08:06 | pullback_pattern_425420 | INFO | [425420] 일봉분석: 강도50, 이상적패턴False, 요구신뢰도95
2025-11-06 20:08:06 | pullback_pattern_458870 | INFO | [458870] 일봉분석: 강도50, 이상적패턴False, 요구신뢰도75
2025-11-06 20:08:06 | pullback_pattern_462310 | INFO | [462310] 일봉분석: 강도50, 이상적패턴False, 요구신뢰도75
2025-11-06 20:08:06 | pullback_pattern_136150 | INFO | [136150] 일봉분석: 강도50, 이상적패턴False, 요구신뢰도70
2025-11-06 20:08:06 | pullback_pattern_084990 | INFO | [084990] 일봉분석: 강도50, 이상적패턴False, 요구신뢰도95
2025-11-06 20:08:06 | pullback_pattern_458870 | INFO | [458870] 일봉상세: 가격변화0.0%, 거래량변화0.0%
2025-11-06 20:08:06 | pullback_pattern_425420 | INFO | [425420] 일봉상세: 가격변화0.0%, 거래량변화0.0%
2025-11-06 20:08:06 | pullback_pattern_136150 | INFO | [136150] 일봉상세: 가격변화0.0%, 거래량변화0.0%
2025-11-06 20:08:06 | pullback_pattern_357580 | INFO | [357580] 일봉분석: 강도50, 이상적패턴False, 요구신뢰도75
2025-11-06 20:08:06 | pullback_pattern_402490 | INFO | [402490] 일봉분석: 강도50, 이상적패턴False, 요구신뢰도70
2025-11-06 20:08:06 | pullback_pattern_078520 | INFO | [078520] 일봉분석: 강도50, 이상적패턴False, 요구신뢰도95
2025-11-06 20:08:06 | pullback_pattern_084990 | INFO | [084990] 일봉상세: 가격변화0.0%, 거래량변화0.0%
2025-11-06 20:08:06 | pullback_pattern_357580 | INFO | [357580] 일봉상세: 가격변화0.0%, 거래량변화0.0%
2025-11-06 20:08:06 | pullback_pattern_462310 | INFO | [462310] 일봉상세: 가격변화0.0%, 거래량변화0.0%
2025-11-06 20:08:06 | pullback_pattern_484870 | INFO | [484870] 일봉분석: 강도50, 이상적패턴False, 요구신뢰도75
2025-11-06 20:08:06 | pullback_pattern_458870 | INFO | [458870] 일봉분석: 강도50, 이상적패턴False, 요구신뢰도75
2025-11-06 20:08:06 | pullback_pattern_402490 | INFO | [402490] 일봉상세: 가격변화0.0%, 거래량변화0.0%
2025-11-06 20:08:06 | pullback_pattern_425420 | INFO | [425420] 일봉분석: 강도50, 이상적패턴False, 요구신뢰도95
2025-11-06 20:08:06 | pullback_pattern_484870 | INFO | [484870] 일봉상세: 가격변화0.0%, 거래량변화0.0%
2025-11-06 20:08:06 | pullback_pattern_458870 | INFO | [458870] 일봉상세: 가격변화0.0%, 거래량변화0.0%
2025-11-06 20:08:06 | pullback_pattern_425420 | INFO | [425420] 일봉상세: 가격변화0.0%, 거래량변화0.0%
2025-11-06 20:08:06 | pullback_pattern_078520 | INFO | [078520] 일봉상세: 가격변화0.0%, 거래량변화0.0%
2025-11-06 20:08:06 | pullback_pattern_136150 | INFO | [136150] 일봉분석: 강도50, 이상적패턴False, 요구신뢰도75
2025-11-06 20:08:06 | pullback_pattern_084990 | INFO | [084990] 일봉분석: 강도50, 이상적패턴False, 요구신뢰도95
2025-11-06 20:08:06 | pullback_pattern_402490 | INFO | [402490] 일봉분석: 강도50, 이상적패턴False, 요구신뢰도70
2025-11-06 20:08:06 | pullback_pattern_357580 | INFO | [357580] 일봉분석: 강도50, 이상적패턴False, 요구신뢰도75
2025-11-06 20:08:06 | pullback_pattern_084990 | INFO | [084990] 일봉상세: 가격변화0.0%, 거래량변화0.0%
2025-11-06 20:08:06 | pullback_pattern_078520 | INFO | [078520] 일봉분석: 강도50, 이상적패턴False, 요구신뢰도95
2025-11-06 20:08:06 | pullback_pattern_484870 | INFO | [484870] 일봉분석: 강도50, 이상적패턴False, 요구신뢰도75
2025-11-06 20:08:06 | pullback_pattern_425420 | INFO | [425420] 일봉분석: 강도50, 이상적패턴False, 요구신뢰도95
2025-11-06 20:08:06 | pullback_pattern_136150 | INFO | [136150] 일봉상세: 가격변화0.0%, 거래량변화0.0%
2025-11-06 20:08:06 | pullback_pattern_458870 | INFO | [458870] 일봉분석: 강도50, 이상적패턴False, 요구신뢰도75
2025-11-06 20:08:06 | pullback_pattern_357580 | INFO | [357580] 일봉상세: 가격변화0.0%, 거래량변화0.0%
2025-11-06 20:08:06 | pullback_pattern_484870 | INFO | [484870] 일봉상세: 가격변화0.0%, 거래량변화0.0%
2025-11-06 20:08:06 | pullback_pattern_078520 | INFO | [078520] 일봉상세: 가격변화0.0%, 거래량변화0.0%
2025-11-06 20:08:06 | pullback_pattern_425420 | INFO | [425420] 일봉상세: 가격변화0.0%, 거래량변화0.0%
2025-11-06 20:08:06 | pullback_pattern_458870 | INFO | [458870] 일봉상세: 가격변화0.0%, 거래량변화0.0%
2025-11-06 20:08:06 | pullback_pattern_402490 | INFO | [402490] 일봉상세: 가격변화0.0%, 거래량변화0.0%
2025-11-06 20:08:06 | pullback_pattern_084990 | INFO | [084990] 일봉분석: 강도50, 이상적패턴False, 요구신뢰도95
2025-11-06 20:08:06 | pullback_pattern_357580 | INFO | [357580] 일봉분석: 강도50, 이상적패턴False, 요구신뢰도75
2025-11-06 20:08:06 | pullback_pattern_084990 | INFO | [084990] 일봉상세: 가격변화0.0%, 거래량변화0.0%
2025-11-06 20:08:06 | pullback_pattern_078520 | INFO | [078520] 일봉분석: 강도50, 이상적패턴False, 요구신뢰도95
2025-11-06 20:08:06 | pullback_pattern_484870 | INFO | [484870] 일봉분석: 강도50, 이상적패턴False, 요구신뢰도75
2025-11-06 20:08:06 | pullback_pattern_357580 | INFO | [357580] 일봉상세: 가격변화0.0%, 거래량변화0.0%
2025-11-06 20:08:06 | pullback_pattern_425420 | INFO | [425420] 일봉분석: 강도50, 이상적패턴False, 요구신뢰도95
2025-11-06 20:08:06 | pullback_pattern_078520 | INFO | [078520] 일봉상세: 가격변화0.0%, 거래량변화0.0%
2025-11-06 20:08:06 | pullback_pattern_458870 | INFO | [458870] 일봉분석: 강도50, 이상적패턴False, 요구신뢰도75
2025-11-06 20:08:06 | pullback_pattern_136150 | INFO | [136150] 일봉분석: 강도50, 이상적패턴False, 요구신뢰도75
2025-11-06 20:08:06 | pullback_pattern_425420 | INFO | [425420] 일봉상세: 가격변화0.0%, 거래량변화0.0%
2025-11-06 20:08:06 | pullback_pattern_084990 | INFO | [084990] 일봉분석: 강도50, 이상적패턴False, 요구신뢰도95
2025-11-06 20:08:06 | pullback_pattern_402490 | INFO | [402490] 일봉분석: 강도50, 이상적패턴False, 요구신뢰도70
2025-11-06 20:08:06 | pullback_pattern_136150 | INFO | [136150] 일봉상세: 가격변화0.0%, 거래량변화0.0%
2025-11-06 20:08:06 | pullback_pattern_458870 | INFO | [458870] 일봉상세: 가격변화0.0%, 거래량변화0.0%
2025-11-06 20:08:06 | pullback_pattern_357580 | INFO | [357580] 일봉분석: 강도50, 이상적패턴False, 요구신뢰도75
2025-11-06 20:08:06 | pullback_pattern_484870 | INFO | [484870] 일봉상세: 가격변화0.0%, 거래량변화0.0%
2025-11-06 20:08:06 | pullback_pattern_078520 | INFO | [078520] 일봉분석: 강도50, 이상적패턴False, 요구신뢰도95
2025-11-06 20:08:06 | pullback_pattern_425420 | INFO | [425420] 일봉분석: 강도50, 이상적패턴False, 요구신뢰도95
2025-11-06 20:08:06 | pullback_pattern_357580 | INFO | [357580] 일봉상세: 가격변화0.0%, 거래량변화0.0%
2025-11-06 20:08:06 | pullback_pattern_078520 | INFO | [078520] 일봉상세: 가격변화0.0%, 거래량변화0.0%
2025-11-06 20:08:06 | pullback_pattern_402490 | INFO | [402490] 일봉상세: 가격변화0.0%, 거래량변화0.0%
2025-11-06 20:08:06 | pullback_pattern_484870 | INFO | [484870] 일봉분석: 강도50, 이상적패턴False, 요구신뢰도75
2025-11-06 20:08:06 | pullback_pattern_084990 | INFO | [084990] 일봉상세: 가격변화0.0%, 거래량변화0.0%
2025-11-06 20:08:06 | pullback_pattern_458870 | INFO | [458870] 일봉분석: 강도50, 이상적패턴False, 요구신뢰도75
2025-11-06 20:08:06 | pullback_pattern_484870 | INFO | [484870] 일봉상세: 가격변화0.0%, 거래량변화0.0%
2025-11-06 20:08:06 | pullback_pattern_078520 | INFO | [078520] 일봉분석: 강도50, 이상적패턴False, 요구신뢰도95
2025-11-06 20:08:06 | pullback_pattern_458870 | INFO | [458870] 일봉상세: 가격변화0.0%, 거래량변화0.0%
2025-11-06 20:08:07 | pullback_pattern_357580 | INFO | [357580] 일봉분석: 강도50, 이상적패턴False, 요구신뢰도75
2025-11-06 20:08:07 | pullback_pattern_078520 | INFO | [078520] 일봉상세: 가격변화0.0%, 거래량변화0.0%
2025-11-06 20:08:06 | pullback_pattern_136150 | INFO | [136150] 일봉분석: 강도50, 이상적패턴False, 요구신뢰도75
2025-11-06 20:08:07 | pullback_pattern_357580 | INFO | [357580] 일봉상세: 가격변화0.0%, 거래량변화0.0%
2025-11-06 20:08:06 | pullback_pattern_425420 | INFO | [425420] 일봉상세: 가격변화0.0%, 거래량변화0.0%
2025-11-06 20:08:07 | pullback_pattern_084990 | INFO | [084990] 일봉분석: 강도50, 이상적패턴False, 요구신뢰도95
2025-11-06 20:08:07 | pullback_pattern_136150 | INFO | [136150] 일봉상세: 가격변화0.0%, 거래량변화0.0%
2025-11-06 20:08:07 | pullback_pattern_402490 | INFO | [402490] 일봉분석: 강도50, 이상적패턴False, 요구신뢰도70
2025-11-06 20:08:07 | pullback_pattern_084990 | INFO | [084990] 일봉상세: 가격변화0.0%, 거래량변화0.0%
2025-11-06 20:08:07 | pullback_pattern_458870 | INFO | [458870] 일봉분석: 강도50, 이상적패턴False, 요구신뢰도75
2025-11-06 20:08:07 | __main__ | INFO | 🎯 [462310] 총 1개 매수 신호 발견 (실시간 방식)
2025-11-06 20:08:07 | pullback_pattern_357580 | INFO | [357580] 일봉분석: 강도50, 이상적패턴False, 요구신뢰도75
2025-11-06 20:08:07 | pullback_pattern_425420 | INFO | [425420] 일봉분석: 강도50, 이상적패턴False, 요구신뢰도95
2025-11-06 20:08:07 | pullback_pattern_078520 | INFO | [078520] 일봉분석: 강도50, 이상적패턴False, 요구신뢰도95
2025-11-06 20:08:07 | pullback_pattern_458870 | INFO | [458870] 일봉상세: 가격변화0.0%, 거래량변화0.0%
2025-11-06 20:08:07 | pullback_pattern_357580 | INFO | [357580] 일봉상세: 가격변화0.0%, 거래량변화0.0%
2025-11-06 20:08:07 | pullback_pattern_484870 | INFO | [484870] 일봉분석: 강도50, 이상적패턴False, 요구신뢰도75
2025-11-06 20:08:07 | __main__ | WARNING | ⚠️ [462310] 일봉 패턴 필터 초기화 실패: No module named 'core.indicators.daily_pattern_filter'
2025-11-06 20:08:07 | pullback_pattern_078520 | INFO | [078520] 일봉상세: 가격변화0.0%, 거래량변화0.0%
2025-11-06 20:08:07 | pullback_pattern_136150 | INFO | [136150] 일봉분석: 강도50, 이상적패턴False, 요구신뢰도75
2025-11-06 20:08:07 | pullback_pattern_402490 | INFO | [402490] 일봉상세: 가격변화0.0%, 거래량변화0.0%
2025-11-06 20:08:07 | pullback_pattern_084990 | INFO | [084990] 일봉분석: 강도50, 이상적패턴False, 요구신뢰도95
2025-11-06 20:08:07 | pullback_pattern_136150 | INFO | [136150] 일봉상세: 가격변화0.0%, 거래량변화0.0%
2025-11-06 20:08:07 | pullback_pattern_425420 | INFO | [425420] 일봉상세: 가격변화0.0%, 거래량변화0.0%
2025-11-06 20:08:07 | pullback_pattern_084990 | INFO | [084990] 일봉상세: 가격변화0.0%, 거래량변화0.0%
2025-11-06 20:08:07 | pullback_pattern_078520 | INFO | [078520] 일봉분석: 강도50, 이상적패턴False, 요구신뢰도75
2025-11-06 20:08:07 | pullback_pattern_458870 | INFO | [458870] 일봉분석: 강도50, 이상적패턴False, 요구신뢰도75
2025-11-06 20:08:07 | pullback_pattern_357580 | INFO | [357580] 일봉분석: 강도50, 이상적패턴False, 요구신뢰도75
2025-11-06 20:08:07 | __main__ | DEBUG | 🔍 [462310] 4/5가 체크: 돌파봉인덱스=14, 4/5가=7,956원, 다음2봉범위=15~16, 전체데이터길이=128
2025-11-06 20:08:07 | pullback_pattern_078520 | INFO | [078520] 일봉상세: 가격변화0.0%, 거래량변화0.0%
2025-11-06 20:08:07 | pullback_pattern_484870 | INFO | [484870] 일봉상세: 가격변화0.0%, 거래량변화0.0%
2025-11-06 20:08:07 | pullback_pattern_357580 | INFO | [357580] 일봉상세: 가격변화0.0%, 거래량변화0.0%
2025-11-06 20:08:07 | pullback_pattern_425420 | INFO | [425420] 일봉분석: 강도50, 이상적패턴False, 요구신뢰도95
2025-11-06 20:08:07 | pullback_pattern_402490 | INFO | [402490] 일봉분석: 강도50, 이상적패턴False, 요구신뢰도70
2025-11-06 20:08:07 | __main__ | DEBUG | 🔍 [462310] 다음 2개 3분봉 데이터: 2개
2025-11-06 20:08:07 | pullback_pattern_458870 | INFO | [458870] 일봉상세: 가격변화0.0%, 거래량변화0.0%
2025-11-06 20:08:07 | pullback_pattern_425420 | INFO | [425420] 일봉상세: 가격변화0.0%, 거래량변화0.0%
2025-11-06 20:08:07 | pullback_pattern_402490 | INFO | [402490] 일봉상세: 가격변화0.0%, 거래량변화0.0%
2025-11-06 20:08:07 | pullback_pattern_084990 | INFO | [084990] 일봉분석: 강도50, 이상적패턴False, 요구신뢰도95
2025-11-06 20:08:07 | pullback_pattern_078520 | INFO | [078520] 일봉분석: 강도50, 이상적패턴False, 요구신뢰도75
2025-11-06 20:08:07 | pullback_pattern_136150 | INFO | [136150] 일봉분석: 강도50, 이상적패턴False, 요구신뢰도75
2025-11-06 20:08:07 | pullback_pattern_357580 | INFO | [357580] 일봉분석: 강도50, 이상적패턴False, 요구신뢰도75
2025-11-06 20:08:07 | pullback_pattern_084990 | INFO | [084990] 일봉상세: 가격변화0.0%, 거래량변화0.0%
2025-11-06 20:08:07 | pullback_pattern_078520 | INFO | [078520] 일봉상세: 가격변화0.0%, 거래량변화0.0%
2025-11-06 20:08:07 | pullback_pattern_136150 | INFO | [136150] 일봉상세: 가격변화0.0%, 거래량변화0.0%
2025-11-06 20:08:07 | pullback_pattern_357580 | INFO | [357580] 일봉상세: 가격변화0.0%, 거래량변화0.0%
2025-11-06 20:08:07 | pullback_pattern_484870 | INFO | [484870] 일봉분석: 강도50, 이상적패턴False, 요구신뢰도75
2025-11-06 20:08:07 | __main__ | DEBUG |   봉1(인덱스15): 09:45 저가=7,890원, 4/5가=7,956원, 도달여부=True
2025-11-06 20:08:07 | pullback_pattern_484870 | INFO | [484870] 일봉상세: 가격변화0.0%, 거래량변화0.0%
2025-11-06 20:08:07 | pullback_pattern_084990 | INFO | [084990] 일봉분석: 강도50, 이상적패턴False, 요구신뢰도95
2025-11-06 20:08:07 | __main__ | DEBUG |   봉2(인덱스16): 09:48 저가=7,900원, 4/5가=7,956원, 도달여부=True
2025-11-06 20:08:07 | pullback_pattern_425420 | INFO | [425420] 일봉분석: 강도50, 이상적패턴False, 요구신뢰도95
2025-11-06 20:08:07 | pullback_pattern_078520 | INFO | [078520] 일봉분석: 강도50, 이상적패턴False, 요구신뢰도75
2025-11-06 20:08:07 | pullback_pattern_084990 | INFO | [084990] 일봉상세: 가격변화0.0%, 거래량변화0.0%
2025-11-06 20:08:07 | pullback_pattern_458870 | INFO | [458870] 일봉분석: 강도50, 이상적패턴False, 요구신뢰도75
2025-11-06 20:08:07 | pullback_pattern_357580 | INFO | [357580] 일봉분석: 강도50, 이상적패턴False, 요구신뢰도75
2025-11-06 20:08:07 | pullback_pattern_078520 | INFO | [078520] 일봉상세: 가격변화0.0%, 거래량변화0.0%
2025-11-06 20:08:07 | pullback_pattern_425420 | INFO | [425420] 일봉상세: 가격변화0.0%, 거래량변화0.0%
2025-11-06 20:08:07 | __main__ | DEBUG | ✅ [462310] 4/5가 도달: 09:45 저가 7,890원 ≤ 4/5가 7,956원 (인덱스15)
2025-11-06 20:08:07 | pullback_pattern_458870 | INFO | [458870] 일봉상세: 가격변화0.0%, 거래량변화0.0%
2025-11-06 20:08:07 | pullback_pattern_484870 | INFO | [484870] 일봉분석: 강도50, 이상적패턴False, 요구신뢰도75
2025-11-06 20:08:07 | pullback_pattern_357580 | INFO | [357580] 일봉상세: 가격변화0.0%, 거래량변화0.0%
2025-11-06 20:08:07 | pullback_pattern_136150 | INFO | [136150] 일봉분석: 강도50, 이상적패턴False, 요구신뢰도75
2025-11-06 20:08:07 | pullback_pattern_402490 | INFO | [402490] 일봉분석: 강도50, 이상적패턴False, 요구신뢰도75
2025-11-06 20:08:07 | pullback_pattern_484870 | INFO | [484870] 일봉상세: 가격변화0.0%, 거래량변화0.0%
2025-11-06 20:08:07 | pullback_pattern_084990 | INFO | [084990] 일봉분석: 강도50, 이상적패턴False, 요구신뢰도95
2025-11-06 20:08:07 | pullback_pattern_136150 | INFO | [136150] 일봉상세: 가격변화0.0%, 거래량변화0.0%
2025-11-06 20:08:07 | pullback_pattern_078520 | INFO | [078520] 일봉분석: 강도50, 이상적패턴False, 요구신뢰도75
2025-11-06 20:08:07 | __main__ | DEBUG | 🕐 신호 라벨: 09:42, 신호 발생: 09:45, 매수가: 7,956원
2025-11-06 20:08:07 | pullback_pattern_402490 | INFO | [402490] 일봉상세: 가격변화0.0%, 거래량변화0.0%
2025-11-06 20:08:07 | pullback_pattern_425420 | INFO | [425420] 일봉분석: 강도50, 이상적패턴False, 요구신뢰도95
2025-11-06 20:08:07 | pullback_pattern_084990 | INFO | [084990] 일봉상세: 가격변화0.0%, 거래량변화0.0%
2025-11-06 20:08:07 | pullback_pattern_458870 | INFO | [458870] 일봉분석: 강도50, 이상적패턴False, 요구신뢰도75
2025-11-06 20:08:07 | pullback_pattern_136150 | INFO | [136150] 일봉분석: 강도50, 이상적패턴False, 요구신뢰도75
2025-11-06 20:08:07 | pullback_pattern_484870 | INFO | [484870] 일봉분석: 강도50, 이상적패턴False, 요구신뢰도75
2025-11-06 20:08:07 | pullback_pattern_078520 | INFO | [078520] 일봉상세: 가격변화0.0%, 거래량변화0.0%
2025-11-06 20:08:07 | pullback_pattern_357580 | INFO | [357580] 일봉분석: 강도50, 이상적패턴False, 요구신뢰도75
2025-11-06 20:08:07 | pullback_pattern_402490 | INFO | [402490] 일봉분석: 강도50, 이상적패턴False, 요구신뢰도75
2025-11-06 20:08:07 | pullback_pattern_425420 | INFO | [425420] 일봉상세: 가격변화0.0%, 거래량변화0.0%
2025-11-06 20:08:07 | __main__ | DEBUG | 💰 [462310] 매수 체결: 7,956원 @ 09:45:00 (실제 체결: 09:45:00)
2025-11-06 20:08:07 | pullback_pattern_136150 | INFO | [136150] 일봉상세: 가격변화0.0%, 거래량변화0.0%
2025-11-06 20:08:07 | pullback_pattern_484870 | INFO | [484870] 일봉상세: 가격변화0.0%, 거래량변화0.0%
2025-11-06 20:08:07 | pullback_pattern_357580 | INFO | [357580] 일봉상세: 가격변화0.0%, 거래량변화0.0%
2025-11-06 20:08:07 | pullback_pattern_078520 | INFO | [078520] 일봉분석: 강도50, 이상적패턴False, 요구신뢰도75
2025-11-06 20:08:07 | pullback_pattern_084990 | INFO | [084990] 일봉분석: 강도50, 이상적패턴False, 요구신뢰도95
2025-11-06 20:08:07 | pullback_pattern_458870 | INFO | [458870] 일봉상세: 가격변화0.0%, 거래량변화0.0%
2025-11-06 20:08:07 | __main__ | DEBUG | ⏰ [462310] 25분 쿨다운 설정: 10:10까지
2025-11-06 20:08:07 | pullback_pattern_402490 | INFO | [402490] 일봉상세: 가격변화0.0%, 거래량변화0.0%
2025-11-06 20:08:07 | pullback_pattern_425420 | INFO | [425420] 일봉분석: 강도50, 이상적패턴False, 요구신뢰도95
2025-11-06 20:08:07 | pullback_pattern_357580 | INFO | [357580] 일봉분석: 강도50, 이상적패턴False, 요구신뢰도75
2025-11-06 20:08:07 | pullback_pattern_136150 | INFO | [136150] 일봉분석: 강도50, 이상적패턴False, 요구신뢰도75
2025-11-06 20:08:07 | pullback_pattern_484870 | INFO | [484870] 일봉분석: 강도50, 이상적패턴False, 요구신뢰도75
2025-11-06 20:08:07 | pullback_pattern_425420 | INFO | [425420] 일봉상세: 가격변화0.0%, 거래량변화0.0%
2025-11-06 20:08:07 | pullback_pattern_084990 | INFO | [084990] 일봉상세: 가격변화0.0%, 거래량변화0.0%
2025-11-06 20:08:07 | pullback_pattern_458870 | INFO | [458870] 일봉분석: 강도50, 이상적패턴False, 요구신뢰도75
2025-11-06 20:08:07 | pullback_pattern_484870 | INFO | [484870] 일봉상세: 가격변화0.0%, 거래량변화0.0%
2025-11-06 20:08:07 | pullback_pattern_402490 | INFO | [402490] 일봉분석: 강도50, 이상적패턴False, 요구신뢰도75
2025-11-06 20:08:07 | pullback_pattern_078520 | INFO | [078520] 일봉상세: 가격변화0.0%, 거래량변화0.0%
2025-11-06 20:08:07 | pullback_pattern_458870 | INFO | [458870] 일봉상세: 가격변화0.0%, 거래량변화0.0%
2025-11-06 20:08:07 | pullback_pattern_136150 | INFO | [136150] 일봉상세: 가격변화0.0%, 거래량변화0.0%
2025-11-06 20:08:07 | pullback_pattern_357580 | INFO | [357580] 일봉상세: 가격변화0.0%, 거래량변화0.0%
2025-11-06 20:08:07 | __main__ | INFO | 🎯 [484870] 총 0개 매수 신호 발견 (실시간 방식)
2025-11-06 20:08:07 | pullback_pattern_402490 | INFO | [402490] 일봉상세: 가격변화0.0%, 거래량변화0.0%
2025-11-06 20:08:07 | pullback_pattern_425420 | INFO | [425420] 일봉분석: 강도50, 이상적패턴False, 요구신뢰도95
2025-11-06 20:08:07 | pullback_pattern_084990 | INFO | [084990] 일봉분석: 강도50, 이상적패턴False, 요구신뢰도95
2025-11-06 20:08:07 | pullback_pattern_458870 | INFO | [458870] 일봉분석: 강도50, 이상적패턴False, 요구신뢰도75
2025-11-06 20:08:07 | __main__ | INFO | 매수 신호 없음 - 거래 시뮬레이션 불가 [484870]
2025-11-06 20:08:07 | pullback_pattern_425420 | INFO | [425420] 일봉상세: 가격변화0.0%, 거래량변화0.0%
2025-11-06 20:08:07 | pullback_pattern_136150 | INFO | [136150] 일봉분석: 강도50, 이상적패턴False, 요구신뢰도75
2025-11-06 20:08:07 | pullback_pattern_458870 | INFO | [458870] 일봉상세: 가격변화0.0%, 거래량변화0.0%
2025-11-06 20:08:07 | __main__ | INFO | ✅ [484870] 처리 완료 - 0건 거래, 0건 매수 못한 기회
2025-11-06 20:08:07 | pullback_pattern_357580 | INFO | [357580] 일봉분석: 강도50, 이상적패턴False, 요구신뢰도75
2025-11-06 20:08:07 | pullback_pattern_078520 | INFO | [078520] 일봉분석: 강도50, 이상적패턴False, 요구신뢰도75
2025-11-06 20:08:07 | pullback_pattern_084990 | INFO | [084990] 일봉상세: 가격변화0.0%, 거래량변화0.0%
2025-11-06 20:08:07 | __main__ | INFO | 🔄 [080220] 처리 시작...
2025-11-06 20:08:07 | pullback_pattern_357580 | INFO | [357580] 일봉상세: 가격변화0.0%, 거래량변화0.0%
2025-11-06 20:08:07 | pullback_pattern_078520 | INFO | [078520] 일봉상세: 가격변화0.0%, 거래량변화0.0%
2025-11-06 20:08:07 | pullback_pattern_136150 | INFO | [136150] 일봉상세: 가격변화0.0%, 거래량변화0.0%
2025-11-06 20:08:07 | pullback_pattern_402490 | INFO | [402490] 일봉분석: 강도50, 이상적패턴False, 요구신뢰도75
2025-11-06 20:08:07 | pullback_pattern_425420 | INFO | [425420] 일봉분석: 강도50, 이상적패턴False, 요구신뢰도95
2025-11-06 20:08:07 | pullback_pattern_084990 | INFO | [084990] 일봉분석: 강도50, 이상적패턴False, 요구신뢰도95
2025-11-06 20:08:07 | pullback_pattern_458870 | INFO | [458870] 일봉분석: 강도50, 이상적패턴False, 요구신뢰도75
2025-11-06 20:08:07 | pullback_pattern_357580 | INFO | [357580] 일봉분석: 강도50, 이상적패턴False, 요구신뢰도75
2025-11-06 20:08:07 | __main__ | INFO | 💾 [080220] 캐시 데이터 사용 - 380개 봉
2025-11-06 20:08:07 | pullback_pattern_402490 | INFO | [402490] 일봉상세: 가격변화0.0%, 거래량변화0.0%
2025-11-06 20:08:07 | pullback_pattern_425420 | INFO | [425420] 일봉상세: 가격변화0.0%, 거래량변화0.0%
2025-11-06 20:08:07 | pullback_pattern_084990 | INFO | [084990] 일봉상세: 가격변화0.0%, 거래량변화0.0%
2025-11-06 20:08:07 | pullback_pattern_136150 | INFO | [136150] 일봉분석: 강도50, 이상적패턴False, 요구신뢰도75
2025-11-06 20:08:07 | pullback_pattern_078520 | INFO | [078520] 일봉분석: 강도50, 이상적패턴False, 요구신뢰도75
2025-11-06 20:08:07 | pullback_pattern_357580 | INFO | [357580] 일봉상세: 가격변화0.0%, 거래량변화0.0%
2025-11-06 20:08:07 | pullback_pattern_458870 | INFO | [458870] 일봉상세: 가격변화0.0%, 거래량변화0.0%
2025-11-06 20:08:07 | pullback_pattern_425420 | INFO | [425420] 일봉분석: 강도50, 이상적패턴False, 요구신뢰도95
2025-11-06 20:08:07 | pullback_pattern_136150 | INFO | [136150] 일봉상세: 가격변화0.0%, 거래량변화0.0%
2025-11-06 20:08:07 | pullback_pattern_078520 | INFO | [078520] 일봉상세: 가격변화0.0%, 거래량변화0.0%
2025-11-06 20:08:07 | pullback_pattern_425420 | INFO | [425420] 일봉상세: 가격변화0.0%, 거래량변화0.0%
2025-11-06 20:08:07 | pullback_pattern_402490 | INFO | [402490] 일봉분석: 강도50, 이상적패턴False, 요구신뢰도75
2025-11-06 20:08:07 | pullback_pattern_357580 | INFO | [357580] 일봉분석: 강도50, 이상적패턴False, 요구신뢰도75
2025-11-06 20:08:07 | pullback_pattern_136150 | INFO | [136150] 4단계패턴매수: 신뢰도90%, 진입가0원
2025-11-06 20:08:07 | pullback_pattern_402490 | INFO | [402490] 일봉상세: 가격변화0.0%, 거래량변화0.0%
2025-11-06 20:08:07 | pullback_pattern_357580 | INFO | [357580] 일봉상세: 가격변화0.0%, 거래량변화0.0%
2025-11-06 20:08:07 | pullback_pattern_458870 | INFO | [458870] 일봉분석: 강도50, 이상적패턴False, 요구신뢰도75
2025-11-06 20:08:07 | pullback_pattern_078520 | INFO | [078520] 일봉분석: 강도50, 이상적패턴False, 요구신뢰도75
✅ 136150 매수 신호 감지: STRONG_BUY (신뢰도: 90.0%)
📊 136150: 가격변화 +1.2%, 거래량 증가, 신뢰도 90%
✅ 136150 패턴 필터 통과: 패턴 필터 통과
2025-11-06 20:08:07 | pullback_pattern_425420 | INFO | [425420] 일봉분석: 강도50, 이상적패턴False, 요구신뢰도75
2025-11-06 20:08:07 | pullback_pattern_084990 | INFO | [084990] 일봉분석: 강도50, 이상적패턴False, 요구신뢰도95
2025-11-06 20:08:07 | pullback_pattern_458870 | INFO | [458870] 일봉상세: 가격변화0.0%, 거래량변화0.0%
2025-11-06 20:08:07 | pullback_pattern_136150 | INFO | [136150] 일봉분석: 강도50, 이상적패턴False, 요구신뢰도75
2025-11-06 20:08:07 | pullback_pattern_357580 | INFO | [357580] 일봉분석: 강도50, 이상적패턴False, 요구신뢰도75
2025-11-06 20:08:07 | pullback_pattern_078520 | INFO | [078520] 일봉상세: 가격변화0.0%, 거래량변화0.0%
2025-11-06 20:08:07 | pullback_pattern_425420 | INFO | [425420] 일봉상세: 가격변화0.0%, 거래량변화0.0%
2025-11-06 20:08:07 | pullback_pattern_402490 | INFO | [402490] 일봉분석: 강도50, 이상적패턴False, 요구신뢰도75
2025-11-06 20:08:07 | pullback_pattern_357580 | INFO | [357580] 일봉상세: 가격변화0.0%, 거래량변화0.0%
2025-11-06 20:08:07 | pullback_pattern_084990 | INFO | [084990] 일봉상세: 가격변화0.0%, 거래량변화0.0%
2025-11-06 20:08:07 | pullback_pattern_402490 | INFO | [402490] 일봉상세: 가격변화0.0%, 거래량변화0.0%
2025-11-06 20:08:07 | pullback_pattern_458870 | INFO | [458870] 일봉분석: 강도50, 이상적패턴False, 요구신뢰도75
2025-11-06 20:08:07 | pullback_pattern_402490 | INFO | [402490] 4단계패턴매수: 신뢰도85%, 진입가0원
2025-11-06 20:08:07 | pullback_pattern_078520 | INFO | [078520] 일봉분석: 강도50, 이상적패턴False, 요구신뢰도75
2025-11-06 20:08:07 | pullback_pattern_136150 | INFO | [136150] 일봉상세: 가격변화0.0%, 거래량변화0.0%
2025-11-06 20:08:07 | pullback_pattern_458870 | INFO | [458870] 일봉상세: 가격변화0.0%, 거래량변화0.0%
✅ 402490 매수 신호 감지: STRONG_BUY (신뢰도: 85.0%)
📊 402490: 가격변화 +1.2%, 거래량 감소, 신뢰도 85%
🚫 402490 약한 패턴으로 매수 차단: 약한지지구간 (거래량감소-76%/돌파량부족)
2025-11-06 20:08:07 | pullback_pattern_078520 | INFO | [078520] 일봉상세: 가격변화0.0%, 거래량변화0.0%
2025-11-06 20:08:07 | pullback_pattern_084990 | INFO | [084990] 일봉분석: 강도50, 이상적패턴False, 요구신뢰도95
2025-11-06 20:08:07 | pullback_pattern_357580 | INFO | [357580] 일봉분석: 강도50, 이상적패턴False, 요구신뢰도75
2025-11-06 20:08:07 | pullback_pattern_136150 | INFO | [136150] 일봉분석: 강도50, 이상적패턴False, 요구신뢰도75
2025-11-06 20:08:07 | pullback_pattern_425420 | INFO | [425420] 일봉분석: 강도50, 이상적패턴False, 요구신뢰도75
2025-11-06 20:08:07 | pullback_pattern_402490 | INFO | [402490] 일봉분석: 강도50, 이상적패턴False, 요구신뢰도75
2025-11-06 20:08:07 | pullback_pattern_084990 | INFO | [084990] 일봉상세: 가격변화0.0%, 거래량변화0.0%
2025-11-06 20:08:07 | pullback_pattern_136150 | INFO | [136150] 일봉상세: 가격변화0.0%, 거래량변화0.0%
2025-11-06 20:08:07 | pullback_pattern_458870 | INFO | [458870] 일봉분석: 강도50, 이상적패턴False, 요구신뢰도75
2025-11-06 20:08:07 | pullback_pattern_078520 | INFO | [078520] 일봉분석: 강도50, 이상적패턴False, 요구신뢰도75
2025-11-06 20:08:07 | pullback_pattern_402490 | INFO | [402490] 일봉상세: 가격변화0.0%, 거래량변화0.0%
2025-11-06 20:08:07 | pullback_pattern_425420 | INFO | [425420] 일봉상세: 가격변화0.0%, 거래량변화0.0%
2025-11-06 20:08:07 | pullback_pattern_458870 | INFO | [458870] 일봉상세: 가격변화0.0%, 거래량변화0.0%
2025-11-06 20:08:07 | pullback_pattern_078520 | INFO | [078520] 일봉상세: 가격변화0.0%, 거래량변화0.0%
2025-11-06 20:08:07 | pullback_pattern_357580 | INFO | [357580] 일봉상세: 가격변화0.0%, 거래량변화0.0%
2025-11-06 20:08:07 | pullback_pattern_084990 | INFO | [084990] 일봉분석: 강도50, 이상적패턴False, 요구신뢰도95
2025-11-06 20:08:07 | pullback_pattern_080220 | INFO | [080220] 일봉분석: 강도50, 이상적패턴False, 요구신뢰도70
2025-11-06 20:08:07 | pullback_pattern_084990 | INFO | [084990] 일봉상세: 가격변화0.0%, 거래량변화0.0%
2025-11-06 20:08:07 | pullback_pattern_136150 | INFO | [136150] 일봉분석: 강도50, 이상적패턴False, 요구신뢰도75
2025-11-06 20:08:07 | pullback_pattern_425420 | INFO | [425420] 일봉분석: 강도50, 이상적패턴False, 요구신뢰도75
2025-11-06 20:08:07 | pullback_pattern_458870 | INFO | [458870] 일봉분석: 강도50, 이상적패턴False, 요구신뢰도75
2025-11-06 20:08:07 | pullback_pattern_402490 | INFO | [402490] 일봉분석: 강도50, 이상적패턴False, 요구신뢰도75
2025-11-06 20:08:07 | pullback_pattern_080220 | INFO | [080220] 일봉상세: 가격변화0.0%, 거래량변화0.0%
2025-11-06 20:08:07 | pullback_pattern_425420 | INFO | [425420] 일봉상세: 가격변화0.0%, 거래량변화0.0%
2025-11-06 20:08:07 | pullback_pattern_458870 | INFO | [458870] 일봉상세: 가격변화0.0%, 거래량변화0.0%
2025-11-06 20:08:07 | pullback_pattern_402490 | INFO | [402490] 일봉상세: 가격변화0.0%, 거래량변화0.0%
2025-11-06 20:08:07 | pullback_pattern_078520 | INFO | [078520] 일봉분석: 강도50, 이상적패턴False, 요구신뢰도75
2025-11-06 20:08:07 | pullback_pattern_136150 | INFO | [136150] 일봉상세: 가격변화0.0%, 거래량변화0.0%
2025-11-06 20:08:07 | pullback_pattern_084990 | INFO | [084990] 일봉분석: 강도50, 이상적패턴False, 요구신뢰도95
2025-11-06 20:08:07 | pullback_pattern_078520 | INFO | [078520] 일봉상세: 가격변화0.0%, 거래량변화0.0%
2025-11-06 20:08:07 | pullback_pattern_080220 | INFO | [080220] 일봉분석: 강도50, 이상적패턴False, 요구신뢰도70
2025-11-06 20:08:07 | pullback_pattern_084990 | INFO | [084990] 일봉상세: 가격변화0.0%, 거래량변화0.0%
2025-11-06 20:08:07 | pullback_pattern_425420 | INFO | [425420] 일봉분석: 강도50, 이상적패턴False, 요구신뢰도75
2025-11-06 20:08:07 | pullback_pattern_080220 | INFO | [080220] 일봉상세: 가격변화0.0%, 거래량변화0.0%
2025-11-06 20:08:07 | pullback_pattern_458870 | INFO | [458870] 일봉분석: 강도50, 이상적패턴False, 요구신뢰도75
2025-11-06 20:08:07 | pullback_pattern_425420 | INFO | [425420] 일봉상세: 가격변화0.0%, 거래량변화0.0%
2025-11-06 20:08:07 | pullback_pattern_357580 | INFO | [357580] 일봉분석: 강도50, 이상적패턴False, 요구신뢰도75
2025-11-06 20:08:07 | pullback_pattern_078520 | INFO | [078520] 일봉분석: 강도50, 이상적패턴False, 요구신뢰도75
2025-11-06 20:08:07 | pullback_pattern_136150 | INFO | [136150] 일봉분석: 강도50, 이상적패턴False, 요구신뢰도75
2025-11-06 20:08:07 | pullback_pattern_402490 | INFO | [402490] 일봉분석: 강도50, 이상적패턴False, 요구신뢰도75
2025-11-06 20:08:07 | pullback_pattern_458870 | INFO | [458870] 일봉상세: 가격변화0.0%, 거래량변화0.0%
2025-11-06 20:08:07 | pullback_pattern_084990 | INFO | [084990] 일봉분석: 강도50, 이상적패턴False, 요구신뢰도95
2025-11-06 20:08:07 | pullback_pattern_357580 | INFO | [357580] 일봉상세: 가격변화0.0%, 거래량변화0.0%
2025-11-06 20:08:07 | pullback_pattern_402490 | INFO | [402490] 일봉상세: 가격변화0.0%, 거래량변화0.0%
2025-11-06 20:08:07 | pullback_pattern_136150 | INFO | [136150] 일봉상세: 가격변화0.0%, 거래량변화0.0%
2025-11-06 20:08:07 | pullback_pattern_425420 | INFO | [425420] 일봉분석: 강도50, 이상적패턴False, 요구신뢰도75
2025-11-06 20:08:07 | pullback_pattern_080220 | INFO | [080220] 일봉분석: 강도50, 이상적패턴False, 요구신뢰도70
2025-11-06 20:08:07 | pullback_pattern_078520 | INFO | [078520] 일봉상세: 가격변화0.0%, 거래량변화0.0%
2025-11-06 20:08:07 | pullback_pattern_084990 | INFO | [084990] 일봉상세: 가격변화0.0%, 거래량변화0.0%
2025-11-06 20:08:07 | pullback_pattern_458870 | INFO | [458870] 일봉분석: 강도50, 이상적패턴False, 요구신뢰도75
2025-11-06 20:08:07 | pullback_pattern_080220 | INFO | [080220] 일봉상세: 가격변화0.0%, 거래량변화0.0%
2025-11-06 20:08:07 | pullback_pattern_136150 | INFO | [136150] 일봉분석: 강도50, 이상적패턴False, 요구신뢰도75
2025-11-06 20:08:07 | pullback_pattern_357580 | INFO | [357580] 일봉분석: 강도50, 이상적패턴False, 요구신뢰도75
2025-11-06 20:08:07 | pullback_pattern_425420 | INFO | [425420] 일봉상세: 가격변화0.0%, 거래량변화0.0%
2025-11-06 20:08:07 | pullback_pattern_458870 | INFO | [458870] 일봉상세: 가격변화0.0%, 거래량변화0.0%
2025-11-06 20:08:07 | pullback_pattern_078520 | INFO | [078520] 일봉분석: 강도50, 이상적패턴False, 요구신뢰도75
2025-11-06 20:08:07 | pullback_pattern_136150 | INFO | [136150] 일봉상세: 가격변화0.0%, 거래량변화0.0%
2025-11-06 20:08:07 | pullback_pattern_080220 | INFO | [080220] 일봉분석: 강도50, 이상적패턴False, 요구신뢰도70
2025-11-06 20:08:07 | pullback_pattern_084990 | INFO | [084990] 일봉분석: 강도50, 이상적패턴False, 요구신뢰도95
2025-11-06 20:08:07 | pullback_pattern_357580 | INFO | [357580] 일봉상세: 가격변화0.0%, 거래량변화0.0%
2025-11-06 20:08:07 | pullback_pattern_080220 | INFO | [080220] 일봉상세: 가격변화0.0%, 거래량변화0.0%
2025-11-06 20:08:07 | pullback_pattern_084990 | INFO | [084990] 일봉상세: 가격변화0.0%, 거래량변화0.0%
2025-11-06 20:08:07 | pullback_pattern_425420 | INFO | [425420] 일봉분석: 강도50, 이상적패턴False, 요구신뢰도75
2025-11-06 20:08:07 | pullback_pattern_458870 | INFO | [458870] 일봉분석: 강도50, 이상적패턴False, 요구신뢰도75
2025-11-06 20:08:07 | pullback_pattern_402490 | INFO | [402490] 일봉분석: 강도50, 이상적패턴False, 요구신뢰도75
2025-11-06 20:08:07 | pullback_pattern_136150 | INFO | [136150] 일봉분석: 강도50, 이상적패턴False, 요구신뢰도75
2025-11-06 20:08:07 | pullback_pattern_357580 | INFO | [357580] 일봉분석: 강도50, 이상적패턴False, 요구신뢰도95
2025-11-06 20:08:07 | pullback_pattern_458870 | INFO | [458870] 일봉상세: 가격변화0.0%, 거래량변화0.0%
2025-11-06 20:08:07 | pullback_pattern_402490 | INFO | [402490] 일봉상세: 가격변화0.0%, 거래량변화0.0%
2025-11-06 20:08:07 | pullback_pattern_080220 | INFO | [080220] 일봉분석: 강도50, 이상적패턴False, 요구신뢰도70
2025-11-06 20:08:07 | pullback_pattern_136150 | INFO | [136150] 일봉상세: 가격변화0.0%, 거래량변화0.0%
2025-11-06 20:08:07 | pullback_pattern_425420 | INFO | [425420] 일봉상세: 가격변화0.0%, 거래량변화0.0%
2025-11-06 20:08:07 | pullback_pattern_078520 | INFO | [078520] 일봉상세: 가격변화0.0%, 거래량변화0.0%
2025-11-06 20:08:07 | pullback_pattern_080220 | INFO | [080220] 일봉상세: 가격변화0.0%, 거래량변화0.0%
2025-11-06 20:08:07 | pullback_pattern_357580 | INFO | [357580] 일봉상세: 가격변화0.0%, 거래량변화0.0%
2025-11-06 20:08:07 | pullback_pattern_084990 | INFO | [084990] 일봉분석: 강도50, 이상적패턴False, 요구신뢰도95
2025-11-06 20:08:07 | pullback_pattern_402490 | INFO | [402490] 일봉분석: 강도50, 이상적패턴False, 요구신뢰도75
2025-11-06 20:08:07 | pullback_pattern_084990 | INFO | [084990] 일봉상세: 가격변화0.0%, 거래량변화0.0%
2025-11-06 20:08:07 | pullback_pattern_080220 | INFO | [080220] 일봉분석: 강도50, 이상적패턴False, 요구신뢰도70
2025-11-06 20:08:07 | pullback_pattern_458870 | INFO | [458870] 일봉분석: 강도50, 이상적패턴False, 요구신뢰도75
2025-11-06 20:08:07 | pullback_pattern_136150 | INFO | [136150] 일봉분석: 강도50, 이상적패턴False, 요구신뢰도75
2025-11-06 20:08:07 | pullback_pattern_078520 | INFO | [078520] 일봉분석: 강도50, 이상적패턴False, 요구신뢰도75
2025-11-06 20:08:07 | pullback_pattern_080220 | INFO | [080220] 일봉상세: 가격변화0.0%, 거래량변화0.0%
2025-11-06 20:08:07 | pullback_pattern_402490 | INFO | [402490] 일봉상세: 가격변화0.0%, 거래량변화0.0%
2025-11-06 20:08:07 | pullback_pattern_136150 | INFO | [136150] 일봉상세: 가격변화0.0%, 거래량변화0.0%
2025-11-06 20:08:07 | pullback_pattern_458870 | INFO | [458870] 일봉상세: 가격변화0.0%, 거래량변화0.0%
2025-11-06 20:08:07 | pullback_pattern_357580 | INFO | [357580] 일봉분석: 강도50, 이상적패턴False, 요구신뢰도95
2025-11-06 20:08:07 | pullback_pattern_084990 | INFO | [084990] 일봉분석: 강도50, 이상적패턴False, 요구신뢰도95
2025-11-06 20:08:07 | pullback_pattern_425420 | INFO | [425420] 일봉분석: 강도50, 이상적패턴False, 요구신뢰도75
2025-11-06 20:08:07 | pullback_pattern_078520 | INFO | [078520] 일봉상세: 가격변화0.0%, 거래량변화0.0%
2025-11-06 20:08:07 | pullback_pattern_357580 | INFO | [357580] 일봉상세: 가격변화0.0%, 거래량변화0.0%
2025-11-06 20:08:07 | pullback_pattern_425420 | INFO | [425420] 일봉상세: 가격변화0.0%, 거래량변화0.0%
2025-11-06 20:08:07 | pullback_pattern_084990 | INFO | [084990] 일봉상세: 가격변화0.0%, 거래량변화0.0%
2025-11-06 20:08:07 | pullback_pattern_080220 | INFO | [080220] 일봉분석: 강도50, 이상적패턴False, 요구신뢰도70
2025-11-06 20:08:07 | pullback_pattern_136150 | INFO | [136150] 일봉분석: 강도50, 이상적패턴False, 요구신뢰도75
2025-11-06 20:08:07 | pullback_pattern_402490 | INFO | [402490] 일봉분석: 강도50, 이상적패턴False, 요구신뢰도75
2025-11-06 20:08:07 | pullback_pattern_080220 | INFO | [080220] 일봉상세: 가격변화0.0%, 거래량변화0.0%
2025-11-06 20:08:07 | pullback_pattern_458870 | INFO | [458870] 일봉분석: 강도50, 이상적패턴False, 요구신뢰도75
2025-11-06 20:08:07 | pullback_pattern_136150 | INFO | [136150] 일봉상세: 가격변화0.0%, 거래량변화0.0%
2025-11-06 20:08:07 | pullback_pattern_402490 | INFO | [402490] 일봉상세: 가격변화0.0%, 거래량변화0.0%
2025-11-06 20:08:07 | pullback_pattern_425420 | INFO | [425420] 일봉분석: 강도50, 이상적패턴False, 요구신뢰도75
2025-11-06 20:08:07 | pullback_pattern_357580 | INFO | [357580] 일봉분석: 강도50, 이상적패턴False, 요구신뢰도95
2025-11-06 20:08:07 | pullback_pattern_078520 | INFO | [078520] 일봉분석: 강도50, 이상적패턴False, 요구신뢰도75
2025-11-06 20:08:07 | pullback_pattern_425420 | INFO | [425420] 일봉상세: 가격변화0.0%, 거래량변화0.0%
2025-11-06 20:08:07 | pullback_pattern_357580 | INFO | [357580] 일봉상세: 가격변화0.0%, 거래량변화0.0%
2025-11-06 20:08:07 | pullback_pattern_080220 | INFO | [080220] 일봉분석: 강도50, 이상적패턴False, 요구신뢰도70
2025-11-06 20:08:07 | pullback_pattern_078520 | INFO | [078520] 일봉상세: 가격변화0.0%, 거래량변화0.0%
2025-11-06 20:08:07 | pullback_pattern_458870 | INFO | [458870] 일봉상세: 가격변화0.0%, 거래량변화0.0%
2025-11-06 20:08:07 | pullback_pattern_084990 | INFO | [084990] 일봉분석: 강도50, 이상적패턴False, 요구신뢰도95
2025-11-06 20:08:07 | pullback_pattern_402490 | INFO | [402490] 일봉분석: 강도50, 이상적패턴False, 요구신뢰도75
2025-11-06 20:08:07 | pullback_pattern_080220 | INFO | [080220] 일봉상세: 가격변화0.0%, 거래량변화0.0%
2025-11-06 20:08:07 | pullback_pattern_136150 | INFO | [136150] 일봉분석: 강도50, 이상적패턴False, 요구신뢰도75
2025-11-06 20:08:07 | pullback_pattern_084990 | INFO | [084990] 일봉상세: 가격변화0.0%, 거래량변화0.0%
2025-11-06 20:08:07 | pullback_pattern_402490 | INFO | [402490] 일봉상세: 가격변화0.0%, 거래량변화0.0%
2025-11-06 20:08:07 | pullback_pattern_357580 | INFO | [357580] 일봉분석: 강도50, 이상적패턴False, 요구신뢰도95
2025-11-06 20:08:07 | pullback_pattern_425420 | INFO | [425420] 일봉분석: 강도50, 이상적패턴False, 요구신뢰도75
2025-11-06 20:08:07 | pullback_pattern_136150 | INFO | [136150] 일봉상세: 가격변화0.0%, 거래량변화0.0%
2025-11-06 20:08:07 | __main__ | INFO | 🕰️ [462310] 매수 쿨다운 설정: 09:45 + 25분 = 10:10
2025-11-06 20:08:07 | pullback_pattern_458870 | INFO | [458870] 일봉분석: 강도50, 이상적패턴False, 요구신뢰도75
2025-11-06 20:08:07 | pullback_pattern_402490 | INFO | [402490] 일봉분석: 강도50, 이상적패턴False, 요구신뢰도75
2025-11-06 20:08:07 | pullback_pattern_425420 | INFO | [425420] 일봉상세: 가격변화0.0%, 거래량변화0.0%
2025-11-06 20:08:07 | pullback_pattern_357580 | INFO | [357580] 일봉상세: 가격변화0.0%, 거래량변화0.0%
2025-11-06 20:08:07 | pullback_pattern_084990 | INFO | [084990] 일봉분석: 강도50, 이상적패턴False, 요구신뢰도95
2025-11-06 20:08:07 | pullback_pattern_458870 | INFO | [458870] 일봉상세: 가격변화0.0%, 거래량변화0.0%
2025-11-06 20:08:07 | pullback_pattern_402490 | INFO | [402490] 일봉상세: 가격변화0.0%, 거래량변화0.0%
2025-11-06 20:08:07 | pullback_pattern_078520 | INFO | [078520] 일봉분석: 강도50, 이상적패턴False, 요구신뢰도75
2025-11-06 20:08:07 | pullback_pattern_084990 | INFO | [084990] 일봉상세: 가격변화0.0%, 거래량변화0.0%
2025-11-06 20:08:07 | __main__ | INFO | 📈 [462310] 거래 시뮬레이션 완료:
2025-11-06 20:08:07 | pullback_pattern_080220 | INFO | [080220] 일봉분석: 강도50, 이상적패턴False, 요구신뢰도75
2025-11-06 20:08:07 | pullback_pattern_425420 | INFO | [425420] 일봉분석: 강도50, 이상적패턴False, 요구신뢰도75
2025-11-06 20:08:07 | __main__ | INFO | 🎯 [458870] 총 1개 매수 신호 발견 (실시간 방식)
2025-11-06 20:08:07 | pullback_pattern_080220 | INFO | [080220] 일봉상세: 가격변화0.0%, 거래량변화0.0%
2025-11-06 20:08:07 | pullback_pattern_425420 | INFO | [425420] 일봉상세: 가격변화0.0%, 거래량변화0.0%
2025-11-06 20:08:07 | pullback_pattern_357580 | INFO | [357580] 일봉분석: 강도50, 이상적패턴False, 요구신뢰도95
2025-11-06 20:08:07 | __main__ | DEBUG | [332570] 15시 장마감 매도: 4,840원
2025-11-06 20:08:07 | pullback_pattern_078520 | INFO | [078520] 일봉상세: 가격변화0.0%, 거래량변화0.0%
2025-11-06 20:08:07 | pullback_pattern_357580 | INFO | [357580] 일봉상세: 가격변화0.0%, 거래량변화0.0%
2025-11-06 20:08:07 | __main__ | INFO |    전체 거래: 1건
2025-11-06 20:08:07 | pullback_pattern_084990 | INFO | [084990] 일봉분석: 강도50, 이상적패턴False, 요구신뢰도95
2025-11-06 20:08:07 | pullback_pattern_425420 | INFO | [425420] 일봉분석: 강도50, 이상적패턴False, 요구신뢰도75
2025-11-06 20:08:07 | __main__ | WARNING | ⚠️ [458870] 일봉 패턴 필터 초기화 실패: No module named 'core.indicators.daily_pattern_filter'
2025-11-06 20:08:07 | pullback_pattern_084990 | INFO | [084990] 일봉상세: 가격변화0.0%, 거래량변화0.0%
2025-11-06 20:08:07 | pullback_pattern_080220 | INFO | [080220] 일봉분석: 강도50, 이상적패턴False, 요구신뢰도75
2025-11-06 20:08:07 | pullback_pattern_078520 | INFO | [078520] 일봉분석: 강도50, 이상적패턴False, 요구신뢰도75
2025-11-06 20:08:07 | __main__ | INFO |    완료 거래: 1건
2025-11-06 20:08:07 | pullback_pattern_425420 | INFO | [425420] 일봉상세: 가격변화0.0%, 거래량변화0.0%
2025-11-06 20:08:07 | pullback_pattern_080220 | INFO | [080220] 일봉상세: 가격변화0.0%, 거래량변화0.0%
2025-11-06 20:08:07 | pullback_pattern_078520 | INFO | [078520] 일봉상세: 가격변화0.0%, 거래량변화0.0%
2025-11-06 20:08:07 | pullback_pattern_357580 | INFO | [357580] 일봉분석: 강도50, 이상적패턴False, 요구신뢰도95
2025-11-06 20:08:07 | pullback_pattern_136150 | INFO | [136150] 일봉분석: 강도50, 이상적패턴False, 요구신뢰도75
2025-11-06 20:08:07 | pullback_pattern_357580 | INFO | [357580] 일봉상세: 가격변화0.0%, 거래량변화0.0%
2025-11-06 20:08:07 | pullback_pattern_084990 | INFO | [084990] 일봉분석: 강도50, 이상적패턴False, 요구신뢰도75
2025-11-06 20:08:07 | __main__ | DEBUG | 🔍 [458870] 4/5가 체크: 돌파봉인덱스=33, 4/5가=52,860원, 다음2봉범위=34~35, 전체데이터길이=128
2025-11-06 20:08:07 | pullback_pattern_402490 | INFO | [402490] 일봉분석: 강도50, 이상적패턴False, 요구신뢰도75
2025-11-06 20:08:07 | pullback_pattern_080220 | INFO | [080220] 일봉분석: 강도50, 이상적패턴False, 요구신뢰도75
2025-11-06 20:08:07 | pullback_pattern_136150 | INFO | [136150] 일봉상세: 가격변화0.0%, 거래량변화0.0%
2025-11-06 20:08:07 | pullback_pattern_078520 | INFO | [078520] 일봉분석: 강도50, 이상적패턴False, 요구신뢰도75
2025-11-06 20:08:07 | pullback_pattern_084990 | INFO | [084990] 일봉상세: 가격변화0.0%, 거래량변화0.0%
2025-11-06 20:08:07 | pullback_pattern_357580 | INFO | [357580] 일봉분석: 강도50, 이상적패턴False, 요구신뢰도95
2025-11-06 20:08:07 | pullback_pattern_080220 | INFO | [080220] 일봉상세: 가격변화0.0%, 거래량변화0.0%
2025-11-06 20:08:07 | pullback_pattern_078520 | INFO | [078520] 일봉상세: 가격변화0.0%, 거래량변화0.0%
2025-11-06 20:08:07 | __main__ | INFO |    성공 거래: 0건
2025-11-06 20:08:07 | pullback_pattern_425420 | INFO | [425420] 일봉분석: 강도50, 이상적패턴False, 요구신뢰도75
2025-11-06 20:08:07 | pullback_pattern_357580 | INFO | [357580] 일봉상세: 가격변화0.0%, 거래량변화0.0%
2025-11-06 20:08:07 | pullback_pattern_084990 | INFO | [084990] 일봉분석: 강도50, 이상적패턴False, 요구신뢰도75
2025-11-06 20:08:07 | pullback_pattern_136150 | INFO | [136150] 일봉분석: 강도50, 이상적패턴False, 요구신뢰도75
2025-11-06 20:08:07 | pullback_pattern_425420 | INFO | [425420] 일봉상세: 가격변화0.0%, 거래량변화0.0%
2025-11-06 20:08:07 | pullback_pattern_084990 | INFO | [084990] 일봉상세: 가격변화0.0%, 거래량변화0.0%
2025-11-06 20:08:07 | pullback_pattern_080220 | INFO | [080220] 일봉분석: 강도50, 이상적패턴False, 요구신뢰도75
2025-11-06 20:08:07 | pullback_pattern_136150 | INFO | [136150] 일봉상세: 가격변화0.0%, 거래량변화0.0%
2025-11-06 20:08:07 | __main__ | DEBUG | 🔍 [458870] 다음 2개 3분봉 데이터: 2개
2025-11-06 20:08:07 | pullback_pattern_402490 | INFO | [402490] 일봉상세: 가격변화0.0%, 거래량변화0.0%
2025-11-06 20:08:07 | pullback_pattern_080220 | INFO | [080220] 일봉상세: 가격변화0.0%, 거래량변화0.0%
2025-11-06 20:08:07 | pullback_pattern_084990 | INFO | [084990] 일봉분석: 강도50, 이상적패턴False, 요구신뢰도75
2025-11-06 20:08:07 | __main__ | INFO |    매수 못한 기회: 0건
2025-11-06 20:08:07 | pullback_pattern_078520 | INFO | [078520] 일봉분석: 강도50, 이상적패턴False, 요구신뢰도75
2025-11-06 20:08:07 | pullback_pattern_425420 | INFO | [425420] 일봉분석: 강도50, 이상적패턴False, 요구신뢰도75
2025-11-06 20:08:07 | pullback_pattern_136150 | INFO | [136150] 일봉분석: 강도50, 이상적패턴False, 요구신뢰도75
2025-11-06 20:08:07 | __main__ | DEBUG |   봉1(인덱스34): 10:42 저가=52,400원, 4/5가=52,860원, 도달여부=True
2025-11-06 20:08:07 | pullback_pattern_402490 | INFO | [402490] 일봉분석: 강도50, 이상적패턴False, 요구신뢰도75
2025-11-06 20:08:07 | pullback_pattern_080220 | INFO | [080220] 일봉분석: 강도50, 이상적패턴False, 요구신뢰도75
2025-11-06 20:08:07 | pullback_pattern_425420 | INFO | [425420] 일봉상세: 가격변화0.0%, 거래량변화0.0%
2025-11-06 20:08:07 | pullback_pattern_136150 | INFO | [136150] 일봉상세: 가격변화0.0%, 거래량변화0.0%
2025-11-06 20:08:07 | __main__ | INFO | 🌅 12시 이전 매수 거래:
2025-11-06 20:08:07 | pullback_pattern_402490 | INFO | [402490] 일봉상세: 가격변화0.0%, 거래량변화0.0%
2025-11-06 20:08:07 | pullback_pattern_080220 | INFO | [080220] 일봉상세: 가격변화0.0%, 거래량변화0.0%
2025-11-06 20:08:07 | pullback_pattern_357580 | INFO | [357580] 일봉분석: 강도50, 이상적패턴False, 요구신뢰도95
2025-11-06 20:08:07 | pullback_pattern_078520 | INFO | [078520] 일봉상세: 가격변화0.0%, 거래량변화0.0%
2025-11-06 20:08:07 | __main__ | DEBUG |   봉2(인덱스35): 10:45 저가=52,500원, 4/5가=52,860원, 도달여부=True
2025-11-06 20:08:07 | pullback_pattern_084990 | INFO | [084990] 일봉상세: 가격변화0.0%, 거래량변화0.0%
2025-11-06 20:08:07 | pullback_pattern_357580 | INFO | [357580] 일봉상세: 가격변화0.0%, 거래량변화0.0%
2025-11-06 20:08:07 | __main__ | INFO |    오전 거래 수: 1건
2025-11-06 20:08:07 | pullback_pattern_136150 | INFO | [136150] 일봉분석: 강도50, 이상적패턴False, 요구신뢰도75
2025-11-06 20:08:07 | pullback_pattern_080220 | INFO | [080220] 일봉분석: 강도50, 이상적패턴False, 요구신뢰도75
2025-11-06 20:08:07 | pullback_pattern_425420 | INFO | [425420] 일봉분석: 강도50, 이상적패턴False, 요구신뢰도75
2025-11-06 20:08:08 | pullback_pattern_136150 | INFO | [136150] 일봉상세: 가격변화0.0%, 거래량변화0.0%
2025-11-06 20:08:08 | pullback_pattern_078520 | INFO | [078520] 일봉분석: 강도50, 이상적패턴False, 요구신뢰도75
2025-11-06 20:08:07 | __main__ | DEBUG | ✅ [458870] 4/5가 도달: 10:42 저가 52,400원 ≤ 4/5가 52,860원 (인덱스34)
2025-11-06 20:08:08 | pullback_pattern_425420 | INFO | [425420] 일봉상세: 가격변화0.0%, 거래량변화0.0%
2025-11-06 20:08:08 | pullback_pattern_084990 | INFO | [084990] 일봉분석: 강도50, 이상적패턴False, 요구신뢰도75
2025-11-06 20:08:08 | pullback_pattern_402490 | INFO | [402490] 일봉분석: 강도50, 이상적패턴False, 요구신뢰도75
2025-11-06 20:08:08 | pullback_pattern_080220 | INFO | [080220] 일봉상세: 가격변화0.0%, 거래량변화0.0%
2025-11-06 20:08:08 | pullback_pattern_357580 | INFO | [357580] 일봉분석: 강도50, 이상적패턴False, 요구신뢰도95
2025-11-06 20:08:08 | pullback_pattern_084990 | INFO | [084990] 일봉상세: 가격변화0.0%, 거래량변화0.0%
2025-11-06 20:08:07 | __main__ | INFO |    오전 성공: 0건
2025-11-06 20:08:08 | pullback_pattern_136150 | INFO | [136150] 일봉분석: 강도50, 이상적패턴False, 요구신뢰도75
2025-11-06 20:08:08 | pullback_pattern_357580 | INFO | [357580] 일봉상세: 가격변화0.0%, 거래량변화0.0%
2025-11-06 20:08:08 | pullback_pattern_078520 | INFO | [078520] 일봉상세: 가격변화0.0%, 거래량변화0.0%
2025-11-06 20:08:08 | pullback_pattern_425420 | INFO | [425420] 일봉분석: 강도50, 이상적패턴False, 요구신뢰도75
2025-11-06 20:08:08 | pullback_pattern_080220 | INFO | [080220] 일봉분석: 강도50, 이상적패턴False, 요구신뢰도75
2025-11-06 20:08:08 | __main__ | DEBUG | 🕐 신호 라벨: 10:39, 신호 발생: 10:42, 매수가: 52,860원
2025-11-06 20:08:08 | pullback_pattern_084990 | INFO | [084990] 일봉분석: 강도50, 이상적패턴False, 요구신뢰도75
2025-11-06 20:08:08 | pullback_pattern_425420 | INFO | [425420] 일봉상세: 가격변화0.0%, 거래량변화0.0%
2025-11-06 20:08:08 | __main__ | INFO |    오전 실패: 1건
2025-11-06 20:08:08 | pullback_pattern_402490 | INFO | [402490] 일봉상세: 가격변화0.0%, 거래량변화0.0%
2025-11-06 20:08:08 | pullback_pattern_080220 | INFO | [080220] 일봉상세: 가격변화0.0%, 거래량변화0.0%
2025-11-06 20:08:08 | pullback_pattern_136150 | INFO | [136150] 일봉상세: 가격변화0.0%, 거래량변화0.0%
2025-11-06 20:08:08 | pullback_pattern_357580 | INFO | [357580] 일봉분석: 강도50, 이상적패턴False, 요구신뢰도95
2025-11-06 20:08:08 | pullback_pattern_078520 | INFO | [078520] 일봉분석: 강도50, 이상적패턴False, 요구신뢰도75
2025-11-06 20:08:08 | pullback_pattern_084990 | INFO | [084990] 일봉상세: 가격변화0.0%, 거래량변화0.0%
2025-11-06 20:08:08 | pullback_pattern_357580 | INFO | [357580] 일봉상세: 가격변화0.0%, 거래량변화0.0%
2025-11-06 20:08:08 | pullback_pattern_078520 | INFO | [078520] 일봉상세: 가격변화0.0%, 거래량변화0.0%
2025-11-06 20:08:08 | pullback_pattern_425420 | INFO | [425420] 일봉분석: 강도50, 이상적패턴False, 요구신뢰도75
2025-11-06 20:08:08 | __main__ | DEBUG | 💰 [458870] 매수 체결: 52,860원 @ 10:42:00 (실제 체결: 10:42:00)
2025-11-06 20:08:08 | pullback_pattern_402490 | INFO | [402490] 일봉분석: 강도50, 이상적패턴False, 요구신뢰도75
2025-11-06 20:08:08 | pullback_pattern_425420 | INFO | [425420] 일봉상세: 가격변화0.0%, 거래량변화0.0%
2025-11-06 20:08:08 | pullback_pattern_080220 | INFO | [080220] 일봉분석: 강도50, 이상적패턴False, 요구신뢰도75
2025-11-06 20:08:08 | pullback_pattern_084990 | INFO | [084990] 일봉분석: 강도50, 이상적패턴False, 요구신뢰도75
2025-11-06 20:08:08 | pullback_pattern_357580 | INFO | [357580] 일봉분석: 강도50, 이상적패턴False, 요구신뢰도95
2025-11-06 20:08:08 | __main__ | INFO |    오전 승률: 0.0%
2025-11-06 20:08:08 | pullback_pattern_136150 | INFO | [136150] 일봉분석: 강도50, 이상적패턴False, 요구신뢰도75
2025-11-06 20:08:08 | pullback_pattern_402490 | INFO | [402490] 일봉상세: 가격변화0.0%, 거래량변화0.0%
2025-11-06 20:08:08 | pullback_pattern_080220 | INFO | [080220] 일봉상세: 가격변화0.0%, 거래량변화0.0%
2025-11-06 20:08:08 | __main__ | DEBUG | ⏰ [458870] 25분 쿨다운 설정: 11:07까지
2025-11-06 20:08:08 | pullback_pattern_425420 | INFO | [425420] 일봉분석: 강도50, 이상적패턴False, 요구신뢰도75
2025-11-06 20:08:08 | pullback_pattern_136150 | INFO | [136150] 일봉상세: 가격변화0.0%, 거래량변화0.0%
2025-11-06 20:08:08 | pullback_pattern_078520 | INFO | [078520] 일봉분석: 강도50, 이상적패턴False, 요구신뢰도75
2025-11-06 20:08:08 | __main__ | INFO |    오전 평균 수익률: -2.50%
2025-11-06 20:08:08 | pullback_pattern_425420 | INFO | [425420] 일봉상세: 가격변화0.0%, 거래량변화0.0%
2025-11-06 20:08:08 | pullback_pattern_078520 | INFO | [078520] 일봉상세: 가격변화0.0%, 거래량변화0.0%
2025-11-06 20:08:08 | pullback_pattern_084990 | INFO | [084990] 일봉상세: 가격변화0.0%, 거래량변화0.0%
2025-11-06 20:08:08 | pullback_pattern_357580 | INFO | [357580] 일봉상세: 가격변화0.0%, 거래량변화0.0%
2025-11-06 20:08:08 | pullback_pattern_080220 | INFO | [080220] 일봉분석: 강도50, 이상적패턴False, 요구신뢰도75
2025-11-06 20:08:08 | pullback_pattern_402490 | INFO | [402490] 일봉분석: 강도50, 이상적패턴False, 요구신뢰도75
2025-11-06 20:08:08 | __main__ | INFO |    🔴 09:45 매수 → -2.50%
2025-11-06 20:08:08 | pullback_pattern_136150 | INFO | [136150] 일봉분석: 강도50, 이상적패턴False, 요구신뢰도75
2025-11-06 20:08:08 | pullback_pattern_402490 | INFO | [402490] 일봉상세: 가격변화0.0%, 거래량변화0.0%
2025-11-06 20:08:08 | pullback_pattern_357580 | INFO | [357580] 일봉분석: 강도50, 이상적패턴False, 요구신뢰도95
2025-11-06 20:08:08 | pullback_pattern_078520 | INFO | [078520] 일봉분석: 강도50, 이상적패턴False, 요구신뢰도75
2025-11-06 20:08:08 | __main__ | INFO |    평균 수익률: -2.50%
2025-11-06 20:08:08 | pullback_pattern_136150 | INFO | [136150] 일봉상세: 가격변화0.0%, 거래량변화0.0%
2025-11-06 20:08:08 | pullback_pattern_425420 | INFO | [425420] 일봉분석: 강도50, 이상적패턴False, 요구신뢰도75
2025-11-06 20:08:08 | pullback_pattern_084990 | INFO | [084990] 일봉분석: 강도50, 이상적패턴False, 요구신뢰도75
2025-11-06 20:08:08 | __main__ | INFO | ✅ [462310] 처리 완료 - 1건 거래, 0건 매수 못한 기회
2025-11-06 20:08:08 | pullback_pattern_357580 | INFO | [357580] 일봉상세: 가격변화0.0%, 거래량변화0.0%
2025-11-06 20:08:08 | pullback_pattern_425420 | INFO | [425420] 일봉상세: 가격변화0.0%, 거래량변화0.0%
2025-11-06 20:08:08 | pullback_pattern_084990 | INFO | [084990] 일봉상세: 가격변화0.0%, 거래량변화0.0%
2025-11-06 20:08:08 | pullback_pattern_078520 | INFO | [078520] 일봉상세: 가격변화0.0%, 거래량변화0.0%
2025-11-06 20:08:08 | pullback_pattern_136150 | INFO | [136150] 일봉분석: 강도50, 이상적패턴False, 요구신뢰도75
2025-11-06 20:08:08 | pullback_pattern_080220 | INFO | [080220] 일봉상세: 가격변화0.0%, 거래량변화0.0%
2025-11-06 20:08:08 | pullback_pattern_402490 | INFO | [402490] 일봉분석: 강도50, 이상적패턴False, 요구신뢰도75
2025-11-06 20:08:08 | pullback_pattern_136150 | INFO | [136150] 일봉상세: 가격변화0.0%, 거래량변화0.0%
2025-11-06 20:08:08 | pullback_pattern_357580 | INFO | [357580] 일봉분석: 강도50, 이상적패턴False, 요구신뢰도95
2025-11-06 20:08:08 | pullback_pattern_084990 | INFO | [084990] 일봉분석: 강도50, 이상적패턴False, 요구신뢰도75
2025-11-06 20:08:08 | pullback_pattern_402490 | INFO | [402490] 일봉상세: 가격변화0.0%, 거래량변화0.0%
2025-11-06 20:08:08 | pullback_pattern_425420 | INFO | [425420] 일봉분석: 강도50, 이상적패턴False, 요구신뢰도75
2025-11-06 20:08:08 | pullback_pattern_357580 | INFO | [357580] 일봉상세: 가격변화0.0%, 거래량변화0.0%
2025-11-06 20:08:08 | pullback_pattern_084990 | INFO | [084990] 일봉상세: 가격변화0.0%, 거래량변화0.0%
2025-11-06 20:08:08 | pullback_pattern_078520 | INFO | [078520] 일봉분석: 강도50, 이상적패턴False, 요구신뢰도75
2025-11-06 20:08:08 | pullback_pattern_425420 | INFO | [425420] 일봉상세: 가격변화0.0%, 거래량변화0.0%
2025-11-06 20:08:08 | pullback_pattern_080220 | INFO | [080220] 일봉분석: 강도50, 이상적패턴False, 요구신뢰도75
2025-11-06 20:08:08 | pullback_pattern_136150 | INFO | [136150] 일봉분석: 강도50, 이상적패턴False, 요구신뢰도75
2025-11-06 20:08:08 | pullback_pattern_080220 | INFO | [080220] 일봉상세: 가격변화0.0%, 거래량변화0.0%
2025-11-06 20:08:08 | pullback_pattern_357580 | INFO | [357580] 일봉분석: 강도50, 이상적패턴False, 요구신뢰도95
2025-11-06 20:08:08 | pullback_pattern_136150 | INFO | [136150] 일봉상세: 가격변화0.0%, 거래량변화0.0%
2025-11-06 20:08:08 | pullback_pattern_078520 | INFO | [078520] 일봉상세: 가격변화0.0%, 거래량변화0.0%
2025-11-06 20:08:08 | pullback_pattern_357580 | INFO | [357580] 일봉상세: 가격변화0.0%, 거래량변화0.0%
2025-11-06 20:08:08 | pullback_pattern_402490 | INFO | [402490] 일봉분석: 강도50, 이상적패턴False, 요구신뢰도75
2025-11-06 20:08:08 | pullback_pattern_402490 | INFO | [402490] 일봉상세: 가격변화0.0%, 거래량변화0.0%
2025-11-06 20:08:08 | pullback_pattern_080220 | INFO | [080220] 일봉분석: 강도50, 이상적패턴False, 요구신뢰도75
2025-11-06 20:08:08 | pullback_pattern_084990 | INFO | [084990] 일봉분석: 강도50, 이상적패턴False, 요구신뢰도75
2025-11-06 20:08:08 | pullback_pattern_084990 | INFO | [084990] 일봉상세: 가격변화0.0%, 거래량변화0.0%
2025-11-06 20:08:08 | pullback_pattern_080220 | INFO | [080220] 일봉상세: 가격변화0.0%, 거래량변화0.0%
2025-11-06 20:08:08 | pullback_pattern_078520 | INFO | [078520] 일봉분석: 강도50, 이상적패턴False, 요구신뢰도75
2025-11-06 20:08:08 | pullback_pattern_136150 | INFO | [136150] 일봉분석: 강도50, 이상적패턴False, 요구신뢰도75
2025-11-06 20:08:08 | pullback_pattern_357580 | INFO | [357580] 일봉분석: 강도50, 이상적패턴False, 요구신뢰도95
2025-11-06 20:08:08 | pullback_pattern_078520 | INFO | [078520] 일봉상세: 가격변화0.0%, 거래량변화0.0%
2025-11-06 20:08:08 | pullback_pattern_136150 | INFO | [136150] 일봉상세: 가격변화0.0%, 거래량변화0.0%
2025-11-06 20:08:08 | pullback_pattern_357580 | INFO | [357580] 일봉상세: 가격변화0.0%, 거래량변화0.0%
2025-11-06 20:08:08 | pullback_pattern_425420 | INFO | [425420] 일봉분석: 강도50, 이상적패턴False, 요구신뢰도75
2025-11-06 20:08:08 | pullback_pattern_402490 | INFO | [402490] 일봉분석: 강도50, 이상적패턴False, 요구신뢰도75
2025-11-06 20:08:08 | pullback_pattern_080220 | INFO | [080220] 일봉분석: 강도50, 이상적패턴False, 요구신뢰도75
2025-11-06 20:08:08 | pullback_pattern_084990 | INFO | [084990] 일봉분석: 강도50, 이상적패턴False, 요구신뢰도75
2025-11-06 20:08:08 | pullback_pattern_357580 | INFO | [357580] 일봉분석: 강도50, 이상적패턴False, 요구신뢰도95
2025-11-06 20:08:08 | pullback_pattern_136150 | INFO | [136150] 일봉분석: 강도50, 이상적패턴False, 요구신뢰도75
2025-11-06 20:08:08 | pullback_pattern_425420 | INFO | [425420] 일봉상세: 가격변화0.0%, 거래량변화0.0%
2025-11-06 20:08:08 | pullback_pattern_084990 | INFO | [084990] 일봉상세: 가격변화0.0%, 거래량변화0.0%
2025-11-06 20:08:08 | pullback_pattern_402490 | INFO | [402490] 일봉상세: 가격변화0.0%, 거래량변화0.0%
2025-11-06 20:08:08 | pullback_pattern_136150 | INFO | [136150] 일봉상세: 가격변화0.0%, 거래량변화0.0%
2025-11-06 20:08:08 | pullback_pattern_078520 | INFO | [078520] 일봉분석: 강도50, 이상적패턴False, 요구신뢰도75
2025-11-06 20:08:08 | pullback_pattern_080220 | INFO | [080220] 일봉상세: 가격변화0.0%, 거래량변화0.0%
2025-11-06 20:08:08 | pullback_pattern_078520 | INFO | [078520] 일봉상세: 가격변화0.0%, 거래량변화0.0%
2025-11-06 20:08:08 | pullback_pattern_084990 | INFO | [084990] 일봉분석: 강도50, 이상적패턴False, 요구신뢰도75
2025-11-06 20:08:08 | pullback_pattern_425420 | INFO | [425420] 일봉분석: 강도50, 이상적패턴False, 요구신뢰도75
2025-11-06 20:08:08 | pullback_pattern_136150 | INFO | [136150] 일봉분석: 강도50, 이상적패턴False, 요구신뢰도75
2025-11-06 20:08:08 | pullback_pattern_357580 | INFO | [357580] 일봉상세: 가격변화0.0%, 거래량변화0.0%
2025-11-06 20:08:08 | pullback_pattern_402490 | INFO | [402490] 일봉분석: 강도50, 이상적패턴False, 요구신뢰도75
2025-11-06 20:08:08 | pullback_pattern_136150 | INFO | [136150] 일봉상세: 가격변화0.0%, 거래량변화0.0%
2025-11-06 20:08:08 | __main__ | INFO | 🕰️ [332570] 매수 쿨다운 설정: 10:18 + 25분 = 10:43
2025-11-06 20:08:08 | pullback_pattern_425420 | INFO | [425420] 일봉상세: 가격변화0.0%, 거래량변화0.0%
2025-11-06 20:08:08 | pullback_pattern_084990 | INFO | [084990] 일봉상세: 가격변화0.0%, 거래량변화0.0%
2025-11-06 20:08:08 | pullback_pattern_080220 | INFO | [080220] 일봉분석: 강도50, 이상적패턴False, 요구신뢰도75
2025-11-06 20:08:08 | __main__ | INFO | ⚠️ [10:36] 매수 쿨다운 활성화 (남은 시간: 7분)
2025-11-06 20:08:08 | pullback_pattern_078520 | INFO | [078520] 일봉분석: 강도50, 이상적패턴False, 요구신뢰도75
2025-11-06 20:08:08 | pullback_pattern_357580 | INFO | [357580] 일봉분석: 강도50, 이상적패턴False, 요구신뢰도95
2025-11-06 20:08:08 | __main__ | INFO | 📈 [332570] 거래 시뮬레이션 완료:
2025-11-06 20:08:08 | pullback_pattern_078520 | INFO | [078520] 일봉상세: 가격변화0.0%, 거래량변화0.0%
2025-11-06 20:08:08 | pullback_pattern_080220 | INFO | [080220] 일봉상세: 가격변화0.0%, 거래량변화0.0%
2025-11-06 20:08:08 | pullback_pattern_402490 | INFO | [402490] 일봉상세: 가격변화0.0%, 거래량변화0.0%
2025-11-06 20:08:08 | __main__ | INFO |    전체 거래: 1건
2025-11-06 20:08:08 | pullback_pattern_136150 | INFO | [136150] 일봉분석: 강도50, 이상적패턴False, 요구신뢰도75
2025-11-06 20:08:08 | pullback_pattern_084990 | INFO | [084990] 일봉분석: 강도50, 이상적패턴False, 요구신뢰도75
2025-11-06 20:08:08 | __main__ | INFO |    완료 거래: 1건
2025-11-06 20:08:08 | pullback_pattern_425420 | INFO | [425420] 일봉분석: 강도50, 이상적패턴False, 요구신뢰도75
2025-11-06 20:08:08 | pullback_pattern_357580 | INFO | [357580] 일봉상세: 가격변화0.0%, 거래량변화0.0%
2025-11-06 20:08:08 | pullback_pattern_136150 | INFO | [136150] 일봉상세: 가격변화0.0%, 거래량변화0.0%
2025-11-06 20:08:08 | pullback_pattern_078520 | INFO | [078520] 일봉분석: 강도50, 이상적패턴False, 요구신뢰도75
2025-11-06 20:08:08 | pullback_pattern_084990 | INFO | [084990] 일봉상세: 가격변화0.0%, 거래량변화0.0%
2025-11-06 20:08:08 | __main__ | INFO |    성공 거래: 0건
2025-11-06 20:08:08 | pullback_pattern_402490 | INFO | [402490] 일봉분석: 강도50, 이상적패턴False, 요구신뢰도75
2025-11-06 20:08:08 | pullback_pattern_078520 | INFO | [078520] 일봉상세: 가격변화0.0%, 거래량변화0.0%
2025-11-06 20:08:08 | pullback_pattern_425420 | INFO | [425420] 일봉상세: 가격변화0.0%, 거래량변화0.0%
2025-11-06 20:08:08 | pullback_pattern_402490 | INFO | [402490] 일봉상세: 가격변화0.0%, 거래량변화0.0%
2025-11-06 20:08:08 | pullback_pattern_136150 | INFO | [136150] 일봉분석: 강도50, 이상적패턴False, 요구신뢰도75
2025-11-06 20:08:08 | __main__ | INFO |    매수 못한 기회: 0건
2025-11-06 20:08:08 | pullback_pattern_357580 | INFO | [357580] 일봉분석: 강도50, 이상적패턴False, 요구신뢰도95
2025-11-06 20:08:08 | pullback_pattern_080220 | INFO | [080220] 일봉분석: 강도50, 이상적패턴False, 요구신뢰도75
2025-11-06 20:08:08 | pullback_pattern_084990 | INFO | [084990] 일봉분석: 강도50, 이상적패턴False, 요구신뢰도75
2025-11-06 20:08:08 | pullback_pattern_357580 | INFO | [357580] 일봉상세: 가격변화0.0%, 거래량변화0.0%
2025-11-06 20:08:08 | pullback_pattern_080220 | INFO | [080220] 일봉상세: 가격변화0.0%, 거래량변화0.0%
2025-11-06 20:08:08 | __main__ | INFO | 🎯 [078520] 총 0개 매수 신호 발견 (실시간 방식)
2025-11-06 20:08:08 | pullback_pattern_084990 | INFO | [084990] 일봉상세: 가격변화0.0%, 거래량변화0.0%
2025-11-06 20:08:08 | pullback_pattern_425420 | INFO | [425420] 일봉분석: 강도50, 이상적패턴False, 요구신뢰도75
2025-11-06 20:08:08 | pullback_pattern_402490 | INFO | [402490] 일봉분석: 강도50, 이상적패턴False, 요구신뢰도75
2025-11-06 20:08:08 | pullback_pattern_136150 | INFO | [136150] 일봉상세: 가격변화0.0%, 거래량변화0.0%
2025-11-06 20:08:08 | __main__ | INFO | 🌅 12시 이전 매수 거래:
2025-11-06 20:08:08 | pullback_pattern_402490 | INFO | [402490] 일봉상세: 가격변화0.0%, 거래량변화0.0%
2025-11-06 20:08:08 | pullback_pattern_425420 | INFO | [425420] 일봉상세: 가격변화0.0%, 거래량변화0.0%
2025-11-06 20:08:08 | __main__ | INFO | 매수 신호 없음 - 거래 시뮬레이션 불가 [078520]
2025-11-06 20:08:08 | pullback_pattern_084990 | INFO | [084990] 일봉분석: 강도50, 이상적패턴False, 요구신뢰도75
2025-11-06 20:08:08 | pullback_pattern_080220 | INFO | [080220] 일봉분석: 강도50, 이상적패턴False, 요구신뢰도75
2025-11-06 20:08:08 | pullback_pattern_136150 | INFO | [136150] 일봉분석: 강도50, 이상적패턴False, 요구신뢰도75
2025-11-06 20:08:08 | pullback_pattern_084990 | INFO | [084990] 일봉상세: 가격변화0.0%, 거래량변화0.0%
2025-11-06 20:08:08 | pullback_pattern_080220 | INFO | [080220] 일봉상세: 가격변화0.0%, 거래량변화0.0%
2025-11-06 20:08:08 | __main__ | INFO |    오전 거래 수: 1건
2025-11-06 20:08:08 | pullback_pattern_402490 | INFO | [402490] 일봉분석: 강도50, 이상적패턴False, 요구신뢰도75
2025-11-06 20:08:08 | pullback_pattern_136150 | INFO | [136150] 일봉상세: 가격변화0.0%, 거래량변화0.0%
2025-11-06 20:08:08 | __main__ | INFO | ✅ [078520] 처리 완료 - 0건 거래, 0건 매수 못한 기회
2025-11-06 20:08:08 | pullback_pattern_402490 | INFO | [402490] 일봉상세: 가격변화0.0%, 거래량변화0.0%
2025-11-06 20:08:08 | pullback_pattern_084990 | INFO | [084990] 일봉분석: 강도50, 이상적패턴False, 요구신뢰도75
2025-11-06 20:08:08 | pullback_pattern_357580 | INFO | [357580] 일봉분석: 강도50, 이상적패턴False, 요구신뢰도95
2025-11-06 20:08:08 | pullback_pattern_425420 | INFO | [425420] 일봉분석: 강도50, 이상적패턴False, 요구신뢰도75
2025-11-06 20:08:08 | __main__ | INFO |    오전 성공: 0건
2025-11-06 20:08:08 | pullback_pattern_080220 | INFO | [080220] 일봉분석: 강도50, 이상적패턴False, 요구신뢰도75
2025-11-06 20:08:08 | pullback_pattern_425420 | INFO | [425420] 일봉상세: 가격변화0.0%, 거래량변화0.0%
2025-11-06 20:08:08 | pullback_pattern_357580 | INFO | [357580] 일봉상세: 가격변화0.0%, 거래량변화0.0%
2025-11-06 20:08:08 | pullback_pattern_080220 | INFO | [080220] 일봉상세: 가격변화0.0%, 거래량변화0.0%
2025-11-06 20:08:08 | pullback_pattern_136150 | INFO | [136150] 일봉분석: 강도50, 이상적패턴False, 요구신뢰도75
2025-11-06 20:08:08 | pullback_pattern_084990 | INFO | [084990] 일봉상세: 가격변화0.0%, 거래량변화0.0%
2025-11-06 20:08:08 | pullback_pattern_402490 | INFO | [402490] 일봉분석: 강도50, 이상적패턴False, 요구신뢰도75
2025-11-06 20:08:08 | pullback_pattern_136150 | INFO | [136150] 일봉상세: 가격변화0.0%, 거래량변화0.0%
2025-11-06 20:08:08 | pullback_pattern_425420 | INFO | [425420] 일봉분석: 강도50, 이상적패턴False, 요구신뢰도75
2025-11-06 20:08:08 | pullback_pattern_402490 | INFO | [402490] 일봉상세: 가격변화0.0%, 거래량변화0.0%
2025-11-06 20:08:08 | __main__ | INFO |    오전 실패: 1건
2025-11-06 20:08:08 | pullback_pattern_357580 | INFO | [357580] 일봉분석: 강도50, 이상적패턴False, 요구신뢰도95
2025-11-06 20:08:08 | pullback_pattern_425420 | INFO | [425420] 일봉상세: 가격변화0.0%, 거래량변화0.0%
2025-11-06 20:08:08 | __main__ | INFO |    오전 승률: 0.0%
2025-11-06 20:08:08 | pullback_pattern_357580 | INFO | [357580] 일봉상세: 가격변화0.0%, 거래량변화0.0%
2025-11-06 20:08:08 | pullback_pattern_136150 | INFO | [136150] 일봉분석: 강도50, 이상적패턴False, 요구신뢰도75
2025-11-06 20:08:08 | __main__ | INFO |    오전 평균 수익률: -0.19%
2025-11-06 20:08:08 | pullback_pattern_080220 | INFO | [080220] 일봉분석: 강도50, 이상적패턴False, 요구신뢰도75
2025-11-06 20:08:08 | pullback_pattern_084990 | INFO | [084990] 일봉분석: 강도50, 이상적패턴False, 요구신뢰도75
2025-11-06 20:08:08 | __main__ | INFO |    🔴 10:18 매수 → -0.19%
2025-11-06 20:08:08 | pullback_pattern_136150 | INFO | [136150] 일봉상세: 가격변화0.0%, 거래량변화0.0%
2025-11-06 20:08:08 | pullback_pattern_402490 | INFO | [402490] 일봉분석: 강도50, 이상적패턴False, 요구신뢰도75
2025-11-06 20:08:08 | __main__ | INFO |    평균 수익률: -0.19%
2025-11-06 20:08:08 | pullback_pattern_080220 | INFO | [080220] 일봉상세: 가격변화0.0%, 거래량변화0.0%
2025-11-06 20:08:08 | pullback_pattern_084990 | INFO | [084990] 일봉상세: 가격변화0.0%, 거래량변화0.0%
2025-11-06 20:08:08 | pullback_pattern_402490 | INFO | [402490] 일봉상세: 가격변화0.0%, 거래량변화0.0%
2025-11-06 20:08:08 | pullback_pattern_425420 | INFO | [425420] 일봉분석: 강도50, 이상적패턴False, 요구신뢰도75
2025-11-06 20:08:08 | pullback_pattern_357580 | INFO | [357580] 일봉분석: 강도50, 이상적패턴False, 요구신뢰도95
2025-11-06 20:08:08 | __main__ | INFO | ✅ [332570] 처리 완료 - 1건 거래, 0건 매수 못한 기회
2025-11-06 20:08:08 | pullback_pattern_425420 | INFO | [425420] 일봉상세: 가격변화0.0%, 거래량변화0.0%
2025-11-06 20:08:08 | pullback_pattern_357580 | INFO | [357580] 일봉상세: 가격변화0.0%, 거래량변화0.0%
2025-11-06 20:08:08 | pullback_pattern_080220 | INFO | [080220] 일봉분석: 강도50, 이상적패턴False, 요구신뢰도75
2025-11-06 20:08:08 | pullback_pattern_084990 | INFO | [084990] 일봉분석: 강도50, 이상적패턴False, 요구신뢰도75
2025-11-06 20:08:08 | pullback_pattern_136150 | INFO | [136150] 일봉분석: 강도50, 이상적패턴False, 요구신뢰도75
2025-11-06 20:08:08 | pullback_pattern_402490 | INFO | [402490] 일봉분석: 강도50, 이상적패턴False, 요구신뢰도75
2025-11-06 20:08:08 | pullback_pattern_084990 | INFO | [084990] 일봉상세: 가격변화0.0%, 거래량변화0.0%
2025-11-06 20:08:08 | pullback_pattern_136150 | INFO | [136150] 일봉상세: 가격변화0.0%, 거래량변화0.0%
2025-11-06 20:08:08 | pullback_pattern_080220 | INFO | [080220] 일봉상세: 가격변화0.0%, 거래량변화0.0%
2025-11-06 20:08:08 | pullback_pattern_357580 | INFO | [357580] 일봉분석: 강도50, 이상적패턴False, 요구신뢰도95
2025-11-06 20:08:08 | pullback_pattern_402490 | INFO | [402490] 일봉상세: 가격변화0.0%, 거래량변화0.0%
2025-11-06 20:08:08 | pullback_pattern_425420 | INFO | [425420] 일봉분석: 강도50, 이상적패턴False, 요구신뢰도75
2025-11-06 20:08:08 | pullback_pattern_357580 | INFO | [357580] 일봉상세: 가격변화0.0%, 거래량변화0.0%
2025-11-06 20:08:08 | pullback_pattern_084990 | INFO | [084990] 일봉분석: 강도50, 이상적패턴False, 요구신뢰도75
2025-11-06 20:08:08 | pullback_pattern_136150 | INFO | [136150] 일봉분석: 강도50, 이상적패턴False, 요구신뢰도75
2025-11-06 20:08:08 | pullback_pattern_425420 | INFO | [425420] 일봉상세: 가격변화0.0%, 거래량변화0.0%
2025-11-06 20:08:08 | pullback_pattern_080220 | INFO | [080220] 일봉분석: 강도50, 이상적패턴False, 요구신뢰도75
2025-11-06 20:08:08 | pullback_pattern_084990 | INFO | [084990] 일봉상세: 가격변화0.0%, 거래량변화0.0%
2025-11-06 20:08:08 | pullback_pattern_402490 | INFO | [402490] 일봉분석: 강도50, 이상적패턴False, 요구신뢰도75
2025-11-06 20:08:08 | pullback_pattern_136150 | INFO | [136150] 일봉상세: 가격변화0.0%, 거래량변화0.0%
2025-11-06 20:08:08 | pullback_pattern_402490 | INFO | [402490] 일봉상세: 가격변화0.0%, 거래량변화0.0%
2025-11-06 20:08:08 | pullback_pattern_357580 | INFO | [357580] 일봉분석: 강도50, 이상적패턴False, 요구신뢰도95
2025-11-06 20:08:08 | pullback_pattern_080220 | INFO | [080220] 일봉상세: 가격변화0.0%, 거래량변화0.0%
2025-11-06 20:08:08 | pullback_pattern_357580 | INFO | [357580] 일봉상세: 가격변화0.0%, 거래량변화0.0%
2025-11-06 20:08:08 | pullback_pattern_425420 | INFO | [425420] 일봉분석: 강도50, 이상적패턴False, 요구신뢰도75
2025-11-06 20:08:08 | pullback_pattern_084990 | INFO | [084990] 일봉분석: 강도50, 이상적패턴False, 요구신뢰도75
2025-11-06 20:08:08 | pullback_pattern_402490 | INFO | [402490] 일봉분석: 강도50, 이상적패턴False, 요구신뢰도75
2025-11-06 20:08:08 | pullback_pattern_425420 | INFO | [425420] 일봉상세: 가격변화0.0%, 거래량변화0.0%
2025-11-06 20:08:08 | pullback_pattern_084990 | INFO | [084990] 일봉상세: 가격변화0.0%, 거래량변화0.0%
2025-11-06 20:08:08 | pullback_pattern_402490 | INFO | [402490] 일봉상세: 가격변화0.0%, 거래량변화0.0%
2025-11-06 20:08:08 | __main__ | INFO | 🎯 [425420] 총 0개 매수 신호 발견 (실시간 방식)
2025-11-06 20:08:08 | pullback_pattern_136150 | INFO | [136150] 일봉분석: 강도50, 이상적패턴False, 요구신뢰도75
2025-11-06 20:08:08 | __main__ | INFO | 매수 신호 없음 - 거래 시뮬레이션 불가 [425420]
2025-11-06 20:08:08 | pullback_pattern_080220 | INFO | [080220] 일봉분석: 강도50, 이상적패턴False, 요구신뢰도75
2025-11-06 20:08:08 | pullback_pattern_136150 | INFO | [136150] 일봉상세: 가격변화0.0%, 거래량변화0.0%
2025-11-06 20:08:08 | __main__ | INFO | ✅ [425420] 처리 완료 - 0건 거래, 0건 매수 못한 기회
2025-11-06 20:08:08 | pullback_pattern_402490 | INFO | [402490] 일봉분석: 강도50, 이상적패턴False, 요구신뢰도75
2025-11-06 20:08:08 | pullback_pattern_357580 | INFO | [357580] 일봉분석: 강도50, 이상적패턴False, 요구신뢰도95
2025-11-06 20:08:08 | pullback_pattern_080220 | INFO | [080220] 일봉상세: 가격변화0.0%, 거래량변화0.0%
2025-11-06 20:08:08 | pullback_pattern_402490 | INFO | [402490] 일봉상세: 가격변화0.0%, 거래량변화0.0%
2025-11-06 20:08:08 | pullback_pattern_357580 | INFO | [357580] 일봉상세: 가격변화0.0%, 거래량변화0.0%
2025-11-06 20:08:08 | pullback_pattern_084990 | INFO | [084990] 일봉분석: 강도50, 이상적패턴False, 요구신뢰도75
2025-11-06 20:08:08 | pullback_pattern_136150 | INFO | [136150] 일봉분석: 강도50, 이상적패턴False, 요구신뢰도75
2025-11-06 20:08:08 | pullback_pattern_084990 | INFO | [084990] 일봉상세: 가격변화0.0%, 거래량변화0.0%
2025-11-06 20:08:08 | pullback_pattern_136150 | INFO | [136150] 일봉상세: 가격변화0.0%, 거래량변화0.0%
2025-11-06 20:08:08 | pullback_pattern_080220 | INFO | [080220] 일봉분석: 강도50, 이상적패턴False, 요구신뢰도75
2025-11-06 20:08:08 | pullback_pattern_080220 | INFO | [080220] 일봉상세: 가격변화0.0%, 거래량변화0.0%
2025-11-06 20:08:08 | pullback_pattern_357580 | INFO | [357580] 일봉분석: 강도50, 이상적패턴False, 요구신뢰도95
2025-11-06 20:08:08 | pullback_pattern_402490 | INFO | [402490] 일봉분석: 강도50, 이상적패턴False, 요구신뢰도75
2025-11-06 20:08:08 | pullback_pattern_357580 | INFO | [357580] 일봉상세: 가격변화0.0%, 거래량변화0.0%
2025-11-06 20:08:08 | pullback_pattern_402490 | INFO | [402490] 일봉상세: 가격변화0.0%, 거래량변화0.0%
2025-11-06 20:08:08 | pullback_pattern_136150 | INFO | [136150] 일봉분석: 강도50, 이상적패턴False, 요구신뢰도95
2025-11-06 20:08:08 | pullback_pattern_084990 | INFO | [084990] 일봉분석: 강도50, 이상적패턴False, 요구신뢰도75
2025-11-06 20:08:08 | pullback_pattern_080220 | INFO | [080220] 일봉분석: 강도50, 이상적패턴False, 요구신뢰도75
2025-11-06 20:08:08 | pullback_pattern_136150 | INFO | [136150] 일봉상세: 가격변화0.0%, 거래량변화0.0%
2025-11-06 20:08:08 | pullback_pattern_084990 | INFO | [084990] 일봉상세: 가격변화0.0%, 거래량변화0.0%
2025-11-06 20:08:08 | pullback_pattern_402490 | INFO | [402490] 일봉분석: 강도50, 이상적패턴False, 요구신뢰도95
2025-11-06 20:08:08 | pullback_pattern_080220 | INFO | [080220] 일봉상세: 가격변화0.0%, 거래량변화0.0%
2025-11-06 20:08:08 | pullback_pattern_402490 | INFO | [402490] 일봉상세: 가격변화0.0%, 거래량변화0.0%
2025-11-06 20:08:08 | pullback_pattern_357580 | INFO | [357580] 일봉분석: 강도50, 이상적패턴False, 요구신뢰도95
2025-11-06 20:08:08 | pullback_pattern_136150 | INFO | [136150] 일봉분석: 강도50, 이상적패턴False, 요구신뢰도95
2025-11-06 20:08:08 | pullback_pattern_357580 | INFO | [357580] 일봉상세: 가격변화0.0%, 거래량변화0.0%
2025-11-06 20:08:08 | pullback_pattern_136150 | INFO | [136150] 일봉상세: 가격변화0.0%, 거래량변화0.0%
2025-11-06 20:08:08 | pullback_pattern_084990 | INFO | [084990] 일봉분석: 강도50, 이상적패턴False, 요구신뢰도75
2025-11-06 20:08:08 | pullback_pattern_080220 | INFO | [080220] 일봉분석: 강도50, 이상적패턴False, 요구신뢰도75
2025-11-06 20:08:08 | pullback_pattern_084990 | INFO | [084990] 일봉상세: 가격변화0.0%, 거래량변화0.0%
2025-11-06 20:08:08 | pullback_pattern_080220 | INFO | [080220] 일봉상세: 가격변화0.0%, 거래량변화0.0%
2025-11-06 20:08:08 | pullback_pattern_402490 | INFO | [402490] 일봉분석: 강도50, 이상적패턴False, 요구신뢰도95
2025-11-06 20:08:08 | pullback_pattern_136150 | INFO | [136150] 일봉분석: 강도50, 이상적패턴False, 요구신뢰도95
2025-11-06 20:08:08 | pullback_pattern_402490 | INFO | [402490] 일봉상세: 가격변화0.0%, 거래량변화0.0%
2025-11-06 20:08:08 | pullback_pattern_357580 | INFO | [357580] 일봉분석: 강도50, 이상적패턴False, 요구신뢰도95
2025-11-06 20:08:08 | pullback_pattern_136150 | INFO | [136150] 일봉상세: 가격변화0.0%, 거래량변화0.0%
2025-11-06 20:08:08 | pullback_pattern_357580 | INFO | [357580] 일봉상세: 가격변화0.0%, 거래량변화0.0%
2025-11-06 20:08:08 | pullback_pattern_080220 | INFO | [080220] 일봉분석: 강도50, 이상적패턴False, 요구신뢰도75
2025-11-06 20:08:08 | pullback_pattern_080220 | INFO | [080220] 일봉상세: 가격변화0.0%, 거래량변화0.0%
2025-11-06 20:08:08 | pullback_pattern_084990 | INFO | [084990] 일봉분석: 강도50, 이상적패턴False, 요구신뢰도75
2025-11-06 20:08:08 | pullback_pattern_084990 | INFO | [084990] 일봉상세: 가격변화0.0%, 거래량변화0.0%
2025-11-06 20:08:08 | pullback_pattern_402490 | INFO | [402490] 일봉분석: 강도50, 이상적패턴False, 요구신뢰도95
2025-11-06 20:08:08 | pullback_pattern_402490 | INFO | [402490] 일봉상세: 가격변화0.0%, 거래량변화0.0%
2025-11-06 20:08:08 | pullback_pattern_357580 | INFO | [357580] 일봉분석: 강도50, 이상적패턴False, 요구신뢰도95
2025-11-06 20:08:08 | pullback_pattern_080220 | INFO | [080220] 일봉분석: 강도50, 이상적패턴False, 요구신뢰도75
2025-11-06 20:08:08 | pullback_pattern_084990 | INFO | [084990] 일봉분석: 강도50, 이상적패턴False, 요구신뢰도75
2025-11-06 20:08:08 | pullback_pattern_136150 | INFO | [136150] 일봉분석: 강도50, 이상적패턴False, 요구신뢰도95
2025-11-06 20:08:08 | pullback_pattern_357580 | INFO | [357580] 일봉상세: 가격변화0.0%, 거래량변화0.0%
2025-11-06 20:08:08 | pullback_pattern_136150 | INFO | [136150] 일봉상세: 가격변화0.0%, 거래량변화0.0%
2025-11-06 20:08:08 | pullback_pattern_080220 | INFO | [080220] 일봉상세: 가격변화0.0%, 거래량변화0.0%
2025-11-06 20:08:08 | pullback_pattern_084990 | INFO | [084990] 일봉상세: 가격변화0.0%, 거래량변화0.0%
2025-11-06 20:08:08 | pullback_pattern_402490 | INFO | [402490] 일봉분석: 강도50, 이상적패턴False, 요구신뢰도95
2025-11-06 20:08:08 | pullback_pattern_402490 | INFO | [402490] 일봉상세: 가격변화0.0%, 거래량변화0.0%
2025-11-06 20:08:08 | pullback_pattern_357580 | INFO | [357580] 일봉분석: 강도50, 이상적패턴False, 요구신뢰도95
2025-11-06 20:08:08 | pullback_pattern_357580 | INFO | [357580] 일봉상세: 가격변화0.0%, 거래량변화0.0%
2025-11-06 20:08:08 | pullback_pattern_136150 | INFO | [136150] 일봉분석: 강도50, 이상적패턴False, 요구신뢰도95
2025-11-06 20:08:08 | pullback_pattern_084990 | INFO | [084990] 일봉분석: 강도50, 이상적패턴False, 요구신뢰도75
2025-11-06 20:08:08 | pullback_pattern_136150 | INFO | [136150] 일봉상세: 가격변화0.0%, 거래량변화0.0%
2025-11-06 20:08:08 | pullback_pattern_084990 | INFO | [084990] 일봉상세: 가격변화0.0%, 거래량변화0.0%
2025-11-06 20:08:08 | pullback_pattern_080220 | INFO | [080220] 일봉분석: 강도50, 이상적패턴False, 요구신뢰도75
2025-11-06 20:08:08 | pullback_pattern_080220 | INFO | [080220] 일봉상세: 가격변화0.0%, 거래량변화0.0%
2025-11-06 20:08:08 | pullback_pattern_357580 | INFO | [357580] 일봉분석: 강도50, 이상적패턴False, 요구신뢰도95
2025-11-06 20:08:08 | pullback_pattern_357580 | INFO | [357580] 일봉상세: 가격변화0.0%, 거래량변화0.0%
2025-11-06 20:08:08 | pullback_pattern_136150 | INFO | [136150] 일봉분석: 강도50, 이상적패턴False, 요구신뢰도95
2025-11-06 20:08:08 | pullback_pattern_084990 | INFO | [084990] 일봉분석: 강도50, 이상적패턴False, 요구신뢰도75
2025-11-06 20:08:08 | pullback_pattern_136150 | INFO | [136150] 일봉상세: 가격변화0.0%, 거래량변화0.0%
2025-11-06 20:08:08 | pullback_pattern_080220 | INFO | [080220] 일봉분석: 강도50, 이상적패턴False, 요구신뢰도75
2025-11-06 20:08:08 | pullback_pattern_084990 | INFO | [084990] 일봉상세: 가격변화0.0%, 거래량변화0.0%
2025-11-06 20:08:08 | pullback_pattern_080220 | INFO | [080220] 일봉상세: 가격변화0.0%, 거래량변화0.0%
2025-11-06 20:08:08 | pullback_pattern_357580 | INFO | [357580] 일봉분석: 강도50, 이상적패턴False, 요구신뢰도95
2025-11-06 20:08:08 | pullback_pattern_357580 | INFO | [357580] 일봉상세: 가격변화0.0%, 거래량변화0.0%
2025-11-06 20:08:08 | pullback_pattern_084990 | INFO | [084990] 일봉분석: 강도50, 이상적패턴False, 요구신뢰도75
2025-11-06 20:08:08 | pullback_pattern_084990 | INFO | [084990] 일봉상세: 가격변화0.0%, 거래량변화0.0%
2025-11-06 20:08:08 | pullback_pattern_136150 | INFO | [136150] 일봉분석: 강도50, 이상적패턴False, 요구신뢰도95
2025-11-06 20:08:08 | __main__ | INFO | 🎯 [084990] 총 4개 매수 신호 발견 (실시간 방식)
2025-11-06 20:08:08 | pullback_pattern_136150 | INFO | [136150] 일봉상세: 가격변화0.0%, 거래량변화0.0%
2025-11-06 20:08:08 | pullback_pattern_080220 | INFO | [080220] 일봉분석: 강도50, 이상적패턴False, 요구신뢰도75
2025-11-06 20:08:08 | __main__ | WARNING | ⚠️ [084990] 일봉 패턴 필터 초기화 실패: No module named 'core.indicators.daily_pattern_filter'
2025-11-06 20:08:08 | pullback_pattern_080220 | INFO | [080220] 일봉상세: 가격변화0.0%, 거래량변화0.0%
2025-11-06 20:08:08 | pullback_pattern_357580 | INFO | [357580] 일봉분석: 강도50, 이상적패턴False, 요구신뢰도95
2025-11-06 20:08:08 | pullback_pattern_402490 | INFO | [402490] 일봉분석: 강도50, 이상적패턴False, 요구신뢰도95
2025-11-06 20:08:08 | pullback_pattern_357580 | INFO | [357580] 일봉상세: 가격변화0.0%, 거래량변화0.0%
2025-11-06 20:08:08 | pullback_pattern_402490 | INFO | [402490] 일봉상세: 가격변화0.0%, 거래량변화0.0%
2025-11-06 20:08:08 | __main__ | DEBUG | 🔍 [084990] 4/5가 체크: 돌파봉인덱스=23, 4/5가=6,238원, 다음2봉범위=24~25, 전체데이터길이=128
2025-11-06 20:08:08 | __main__ | DEBUG | 🔍 [084990] 다음 2개 3분봉 데이터: 2개
2025-11-06 20:08:08 | pullback_pattern_136150 | INFO | [136150] 일봉분석: 강도50, 이상적패턴False, 요구신뢰도95
2025-11-06 20:08:08 | __main__ | DEBUG |   봉1(인덱스24): 10:12 저가=6,250원, 4/5가=6,238원, 도달여부=False
2025-11-06 20:08:08 | __main__ | DEBUG |   봉2(인덱스25): 10:15 저가=6,270원, 4/5가=6,238원, 도달여부=False
2025-11-06 20:08:08 | pullback_pattern_136150 | INFO | [136150] 일봉상세: 가격변화0.0%, 거래량변화0.0%
2025-11-06 20:08:08 | pullback_pattern_357580 | INFO | [357580] 일봉분석: 강도50, 이상적패턴False, 요구신뢰도95
2025-11-06 20:08:08 | pullback_pattern_080220 | INFO | [080220] 일봉분석: 강도50, 이상적패턴False, 요구신뢰도75
2025-11-06 20:08:08 | __main__ | DEBUG | 🕐 신호 라벨: 10:09, 신호 발생: 10:12, 매수가: 6,238원
2025-11-06 20:08:08 | pullback_pattern_357580 | INFO | [357580] 일봉상세: 가격변화0.0%, 거래량변화0.0%
2025-11-06 20:08:08 | pullback_pattern_080220 | INFO | [080220] 일봉상세: 가격변화0.0%, 거래량변화0.0%
2025-11-06 20:08:08 | __main__ | DEBUG | 💸 [084990] 매수 미체결: 5분 내 3/5가(6,238원) 도달 실패
2025-11-06 20:08:08 | __main__ | DEBUG | 🔍 [084990] 4/5가 체크: 돌파봉인덱스=24, 4/5가=6,282원, 다음2봉범위=25~26, 전체데이터길이=128
2025-11-06 20:08:08 | __main__ | DEBUG | 🔍 [084990] 다음 2개 3분봉 데이터: 2개
2025-11-06 20:08:08 | pullback_pattern_136150 | INFO | [136150] 일봉분석: 강도50, 이상적패턴False, 요구신뢰도95
2025-11-06 20:08:08 | __main__ | DEBUG |   봉1(인덱스25): 10:15 저가=6,270원, 4/5가=6,282원, 도달여부=True
2025-11-06 20:08:08 | pullback_pattern_136150 | INFO | [136150] 일봉상세: 가격변화0.0%, 거래량변화0.0%
2025-11-06 20:08:08 | __main__ | DEBUG |   봉2(인덱스26): 10:18 저가=6,255원, 4/5가=6,282원, 도달여부=True
2025-11-06 20:08:08 | pullback_pattern_357580 | INFO | [357580] 일봉분석: 강도50, 이상적패턴False, 요구신뢰도95
2025-11-06 20:08:08 | pullback_pattern_080220 | INFO | [080220] 일봉분석: 강도50, 이상적패턴False, 요구신뢰도75
2025-11-06 20:08:08 | pullback_pattern_357580 | INFO | [357580] 일봉상세: 가격변화0.0%, 거래량변화0.0%
2025-11-06 20:08:08 | __main__ | DEBUG | ✅ [084990] 4/5가 도달: 10:15 저가 6,270원 ≤ 4/5가 6,282원 (인덱스25)
2025-11-06 20:08:08 | pullback_pattern_080220 | INFO | [080220] 일봉상세: 가격변화0.0%, 거래량변화0.0%
2025-11-06 20:08:08 | __main__ | DEBUG | 🕐 신호 라벨: 10:12, 신호 발생: 10:15, 매수가: 6,282원
2025-11-06 20:08:08 | pullback_pattern_136150 | INFO | [136150] 일봉분석: 강도50, 이상적패턴False, 요구신뢰도95
2025-11-06 20:08:08 | __main__ | DEBUG | 💰 [084990] 매수 체결: 6,282원 @ 10:15:00 (실제 체결: 10:15:00)
2025-11-06 20:08:08 | pullback_pattern_136150 | INFO | [136150] 일봉상세: 가격변화0.0%, 거래량변화0.0%
2025-11-06 20:08:08 | __main__ | DEBUG | ⏰ [084990] 25분 쿨다운 설정: 10:40까지
2025-11-06 20:08:08 | pullback_pattern_080220 | INFO | [080220] 일봉분석: 강도50, 이상적패턴False, 요구신뢰도75
2025-11-06 20:08:08 | pullback_pattern_357580 | INFO | [357580] 일봉분석: 강도50, 이상적패턴False, 요구신뢰도95
2025-11-06 20:08:08 | pullback_pattern_080220 | INFO | [080220] 일봉상세: 가격변화0.0%, 거래량변화0.0%
2025-11-06 20:08:08 | pullback_pattern_357580 | INFO | [357580] 일봉상세: 가격변화0.0%, 거래량변화0.0%
2025-11-06 20:08:08 | pullback_pattern_136150 | INFO | [136150] 일봉분석: 강도50, 이상적패턴False, 요구신뢰도95
2025-11-06 20:08:08 | pullback_pattern_136150 | INFO | [136150] 일봉상세: 가격변화0.0%, 거래량변화0.0%
2025-11-06 20:08:08 | pullback_pattern_080220 | INFO | [080220] 일봉분석: 강도50, 이상적패턴False, 요구신뢰도75
2025-11-06 20:08:08 | pullback_pattern_357580 | INFO | [357580] 일봉분석: 강도50, 이상적패턴False, 요구신뢰도95
2025-11-06 20:08:08 | pullback_pattern_080220 | INFO | [080220] 일봉상세: 가격변화0.0%, 거래량변화0.0%
2025-11-06 20:08:08 | pullback_pattern_357580 | INFO | [357580] 일봉상세: 가격변화0.0%, 거래량변화0.0%
2025-11-06 20:08:08 | pullback_pattern_136150 | INFO | [136150] 일봉분석: 강도50, 이상적패턴False, 요구신뢰도95
2025-11-06 20:08:08 | pullback_pattern_136150 | INFO | [136150] 일봉상세: 가격변화0.0%, 거래량변화0.0%
2025-11-06 20:08:08 | pullback_pattern_080220 | INFO | [080220] 일봉분석: 강도50, 이상적패턴False, 요구신뢰도75
2025-11-06 20:08:08 | pullback_pattern_080220 | INFO | [080220] 일봉상세: 가격변화0.0%, 거래량변화0.0%
2025-11-06 20:08:08 | pullback_pattern_357580 | INFO | [357580] 일봉분석: 강도50, 이상적패턴False, 요구신뢰도75
2025-11-06 20:08:08 | pullback_pattern_357580 | INFO | [357580] 일봉상세: 가격변화0.0%, 거래량변화0.0%
2025-11-06 20:08:08 | pullback_pattern_136150 | INFO | [136150] 일봉분석: 강도50, 이상적패턴False, 요구신뢰도95
2025-11-06 20:08:08 | pullback_pattern_080220 | INFO | [080220] 일봉분석: 강도50, 이상적패턴False, 요구신뢰도75
2025-11-06 20:08:08 | pullback_pattern_357580 | INFO | [357580] 일봉분석: 강도50, 이상적패턴False, 요구신뢰도75
2025-11-06 20:08:08 | pullback_pattern_136150 | INFO | [136150] 일봉상세: 가격변화0.0%, 거래량변화0.0%
2025-11-06 20:08:08 | pullback_pattern_357580 | INFO | [357580] 일봉상세: 가격변화0.0%, 거래량변화0.0%
2025-11-06 20:08:08 | pullback_pattern_080220 | INFO | [080220] 일봉상세: 가격변화0.0%, 거래량변화0.0%
2025-11-06 20:08:08 | pullback_pattern_357580 | INFO | [357580] 일봉분석: 강도50, 이상적패턴False, 요구신뢰도75
2025-11-06 20:08:08 | pullback_pattern_080220 | INFO | [080220] 일봉분석: 강도50, 이상적패턴False, 요구신뢰도75
2025-11-06 20:08:08 | pullback_pattern_357580 | INFO | [357580] 일봉상세: 가격변화0.0%, 거래량변화0.0%
2025-11-06 20:08:08 | pullback_pattern_136150 | INFO | [136150] 일봉분석: 강도50, 이상적패턴False, 요구신뢰도95
2025-11-06 20:08:08 | pullback_pattern_080220 | INFO | [080220] 일봉상세: 가격변화0.0%, 거래량변화0.0%
2025-11-06 20:08:08 | pullback_pattern_136150 | INFO | [136150] 일봉상세: 가격변화0.0%, 거래량변화0.0%
2025-11-06 20:08:08 | pullback_pattern_357580 | INFO | [357580] 일봉분석: 강도50, 이상적패턴False, 요구신뢰도75
2025-11-06 20:08:08 | pullback_pattern_357580 | INFO | [357580] 일봉상세: 가격변화0.0%, 거래량변화0.0%
2025-11-06 20:08:08 | pullback_pattern_136150 | INFO | [136150] 일봉분석: 강도50, 이상적패턴False, 요구신뢰도95
2025-11-06 20:08:08 | pullback_pattern_080220 | INFO | [080220] 일봉분석: 강도50, 이상적패턴False, 요구신뢰도75
2025-11-06 20:08:08 | pullback_pattern_136150 | INFO | [136150] 일봉상세: 가격변화0.0%, 거래량변화0.0%
2025-11-06 20:08:08 | pullback_pattern_080220 | INFO | [080220] 일봉상세: 가격변화0.0%, 거래량변화0.0%
2025-11-06 20:08:08 | pullback_pattern_357580 | INFO | [357580] 일봉분석: 강도50, 이상적패턴False, 요구신뢰도75
2025-11-06 20:08:08 | pullback_pattern_357580 | INFO | [357580] 일봉상세: 가격변화0.0%, 거래량변화0.0%
2025-11-06 20:08:08 | pullback_pattern_136150 | INFO | [136150] 일봉분석: 강도50, 이상적패턴False, 요구신뢰도95
2025-11-06 20:08:08 | pullback_pattern_136150 | INFO | [136150] 일봉상세: 가격변화0.0%, 거래량변화0.0%
2025-11-06 20:08:08 | pullback_pattern_080220 | INFO | [080220] 일봉분석: 강도50, 이상적패턴False, 요구신뢰도75
2025-11-06 20:08:08 | pullback_pattern_080220 | INFO | [080220] 일봉상세: 가격변화0.0%, 거래량변화0.0%
2025-11-06 20:08:08 | pullback_pattern_357580 | INFO | [357580] 일봉분석: 강도50, 이상적패턴False, 요구신뢰도75
2025-11-06 20:08:08 | pullback_pattern_136150 | INFO | [136150] 일봉분석: 강도50, 이상적패턴False, 요구신뢰도95
2025-11-06 20:08:08 | pullback_pattern_357580 | INFO | [357580] 일봉상세: 가격변화0.0%, 거래량변화0.0%
2025-11-06 20:08:08 | pullback_pattern_136150 | INFO | [136150] 일봉상세: 가격변화0.0%, 거래량변화0.0%
2025-11-06 20:08:08 | pullback_pattern_080220 | INFO | [080220] 일봉분석: 강도50, 이상적패턴False, 요구신뢰도75
2025-11-06 20:08:09 | pullback_pattern_080220 | INFO | [080220] 일봉상세: 가격변화0.0%, 거래량변화0.0%
2025-11-06 20:08:09 | pullback_pattern_357580 | INFO | [357580] 일봉분석: 강도50, 이상적패턴False, 요구신뢰도75
2025-11-06 20:08:09 | pullback_pattern_136150 | INFO | [136150] 일봉분석: 강도50, 이상적패턴False, 요구신뢰도95
2025-11-06 20:08:09 | pullback_pattern_357580 | INFO | [357580] 일봉상세: 가격변화0.0%, 거래량변화0.0%
2025-11-06 20:08:09 | pullback_pattern_136150 | INFO | [136150] 일봉상세: 가격변화0.0%, 거래량변화0.0%
2025-11-06 20:08:09 | pullback_pattern_080220 | INFO | [080220] 일봉분석: 강도50, 이상적패턴False, 요구신뢰도75
2025-11-06 20:08:09 | pullback_pattern_080220 | INFO | [080220] 일봉상세: 가격변화0.0%, 거래량변화0.0%
2025-11-06 20:08:09 | pullback_pattern_357580 | INFO | [357580] 일봉분석: 강도50, 이상적패턴False, 요구신뢰도75
2025-11-06 20:08:09 | pullback_pattern_357580 | INFO | [357580] 일봉상세: 가격변화0.0%, 거래량변화0.0%
2025-11-06 20:08:09 | pullback_pattern_136150 | INFO | [136150] 일봉분석: 강도50, 이상적패턴False, 요구신뢰도95
2025-11-06 20:08:09 | pullback_pattern_136150 | INFO | [136150] 일봉상세: 가격변화0.0%, 거래량변화0.0%
2025-11-06 20:08:09 | pullback_pattern_080220 | INFO | [080220] 일봉분석: 강도50, 이상적패턴False, 요구신뢰도75
2025-11-06 20:08:09 | pullback_pattern_357580 | INFO | [357580] 일봉분석: 강도50, 이상적패턴False, 요구신뢰도75
2025-11-06 20:08:09 | pullback_pattern_080220 | INFO | [080220] 일봉상세: 가격변화0.0%, 거래량변화0.0%
2025-11-06 20:08:09 | pullback_pattern_357580 | INFO | [357580] 일봉상세: 가격변화0.0%, 거래량변화0.0%
2025-11-06 20:08:09 | pullback_pattern_136150 | INFO | [136150] 일봉분석: 강도50, 이상적패턴False, 요구신뢰도95
2025-11-06 20:08:09 | pullback_pattern_136150 | INFO | [136150] 일봉상세: 가격변화0.0%, 거래량변화0.0%
2025-11-06 20:08:09 | pullback_pattern_080220 | INFO | [080220] 일봉분석: 강도50, 이상적패턴False, 요구신뢰도95
2025-11-06 20:08:09 | pullback_pattern_080220 | INFO | [080220] 일봉상세: 가격변화0.0%, 거래량변화0.0%
2025-11-06 20:08:09 | pullback_pattern_357580 | INFO | [357580] 일봉분석: 강도50, 이상적패턴False, 요구신뢰도75
2025-11-06 20:08:09 | pullback_pattern_357580 | INFO | [357580] 일봉상세: 가격변화0.0%, 거래량변화0.0%
2025-11-06 20:08:09 | pullback_pattern_136150 | INFO | [136150] 일봉분석: 강도50, 이상적패턴False, 요구신뢰도95
2025-11-06 20:08:09 | pullback_pattern_136150 | INFO | [136150] 일봉상세: 가격변화0.0%, 거래량변화0.0%
2025-11-06 20:08:09 | pullback_pattern_357580 | INFO | [357580] 일봉분석: 강도50, 이상적패턴False, 요구신뢰도75
2025-11-06 20:08:09 | pullback_pattern_357580 | INFO | [357580] 일봉상세: 가격변화0.0%, 거래량변화0.0%
2025-11-06 20:08:09 | pullback_pattern_080220 | INFO | [080220] 일봉분석: 강도50, 이상적패턴False, 요구신뢰도95
2025-11-06 20:08:09 | pullback_pattern_080220 | INFO | [080220] 일봉상세: 가격변화0.0%, 거래량변화0.0%
2025-11-06 20:08:09 | pullback_pattern_136150 | INFO | [136150] 일봉분석: 강도50, 이상적패턴False, 요구신뢰도95
2025-11-06 20:08:09 | pullback_pattern_136150 | INFO | [136150] 일봉상세: 가격변화0.0%, 거래량변화0.0%
2025-11-06 20:08:09 | pullback_pattern_357580 | INFO | [357580] 일봉분석: 강도50, 이상적패턴False, 요구신뢰도75
2025-11-06 20:08:09 | pullback_pattern_357580 | INFO | [357580] 일봉상세: 가격변화0.0%, 거래량변화0.0%
2025-11-06 20:08:09 | pullback_pattern_080220 | INFO | [080220] 일봉분석: 강도50, 이상적패턴False, 요구신뢰도95
2025-11-06 20:08:09 | pullback_pattern_080220 | INFO | [080220] 일봉상세: 가격변화0.0%, 거래량변화0.0%
2025-11-06 20:08:09 | pullback_pattern_136150 | INFO | [136150] 일봉분석: 강도50, 이상적패턴False, 요구신뢰도95
2025-11-06 20:08:09 | pullback_pattern_357580 | INFO | [357580] 일봉분석: 강도50, 이상적패턴False, 요구신뢰도75
2025-11-06 20:08:09 | pullback_pattern_136150 | INFO | [136150] 일봉상세: 가격변화0.0%, 거래량변화0.0%
2025-11-06 20:08:09 | pullback_pattern_357580 | INFO | [357580] 일봉상세: 가격변화0.0%, 거래량변화0.0%
2025-11-06 20:08:09 | pullback_pattern_080220 | INFO | [080220] 일봉분석: 강도50, 이상적패턴False, 요구신뢰도95
2025-11-06 20:08:09 | pullback_pattern_080220 | INFO | [080220] 일봉상세: 가격변화0.0%, 거래량변화0.0%
2025-11-06 20:08:09 | pullback_pattern_402490 | INFO | [402490] 일봉분석: 강도50, 이상적패턴False, 요구신뢰도95
2025-11-06 20:08:09 | pullback_pattern_402490 | INFO | [402490] 일봉상세: 가격변화0.0%, 거래량변화0.0%
2025-11-06 20:08:09 | pullback_pattern_136150 | INFO | [136150] 일봉분석: 강도50, 이상적패턴False, 요구신뢰도95
2025-11-06 20:08:09 | pullback_pattern_357580 | INFO | [357580] 일봉분석: 강도50, 이상적패턴False, 요구신뢰도75
2025-11-06 20:08:09 | pullback_pattern_357580 | INFO | [357580] 일봉상세: 가격변화0.0%, 거래량변화0.0%
2025-11-06 20:08:09 | pullback_pattern_136150 | INFO | [136150] 일봉상세: 가격변화0.0%, 거래량변화0.0%
2025-11-06 20:08:09 | pullback_pattern_080220 | INFO | [080220] 일봉분석: 강도50, 이상적패턴False, 요구신뢰도95
2025-11-06 20:08:09 | pullback_pattern_402490 | INFO | [402490] 일봉분석: 강도50, 이상적패턴False, 요구신뢰도95
2025-11-06 20:08:09 | pullback_pattern_080220 | INFO | [080220] 일봉상세: 가격변화0.0%, 거래량변화0.0%
2025-11-06 20:08:09 | pullback_pattern_402490 | INFO | [402490] 일봉상세: 가격변화0.0%, 거래량변화0.0%
2025-11-06 20:08:09 | pullback_pattern_136150 | INFO | [136150] 일봉분석: 강도50, 이상적패턴False, 요구신뢰도95
2025-11-06 20:08:09 | pullback_pattern_357580 | INFO | [357580] 일봉분석: 강도50, 이상적패턴False, 요구신뢰도75
2025-11-06 20:08:09 | pullback_pattern_136150 | INFO | [136150] 일봉상세: 가격변화0.0%, 거래량변화0.0%
2025-11-06 20:08:09 | pullback_pattern_357580 | INFO | [357580] 일봉상세: 가격변화0.0%, 거래량변화0.0%
2025-11-06 20:08:09 | pullback_pattern_080220 | INFO | [080220] 일봉분석: 강도50, 이상적패턴False, 요구신뢰도95
2025-11-06 20:08:09 | pullback_pattern_080220 | INFO | [080220] 일봉상세: 가격변화0.0%, 거래량변화0.0%
2025-11-06 20:08:09 | pullback_pattern_402490 | INFO | [402490] 일봉분석: 강도50, 이상적패턴False, 요구신뢰도95
2025-11-06 20:08:09 | pullback_pattern_402490 | INFO | [402490] 일봉상세: 가격변화0.0%, 거래량변화0.0%
2025-11-06 20:08:09 | pullback_pattern_357580 | INFO | [357580] 일봉분석: 강도50, 이상적패턴False, 요구신뢰도75
2025-11-06 20:08:09 | pullback_pattern_080220 | INFO | [080220] 일봉분석: 강도50, 이상적패턴False, 요구신뢰도95
2025-11-06 20:08:09 | pullback_pattern_357580 | INFO | [357580] 일봉상세: 가격변화0.0%, 거래량변화0.0%
2025-11-06 20:08:09 | pullback_pattern_136150 | INFO | [136150] 일봉분석: 강도50, 이상적패턴False, 요구신뢰도95
2025-11-06 20:08:09 | pullback_pattern_080220 | INFO | [080220] 일봉상세: 가격변화0.0%, 거래량변화0.0%
2025-11-06 20:08:09 | pullback_pattern_402490 | INFO | [402490] 일봉분석: 강도50, 이상적패턴False, 요구신뢰도95
2025-11-06 20:08:09 | pullback_pattern_136150 | INFO | [136150] 일봉상세: 가격변화0.0%, 거래량변화0.0%
2025-11-06 20:08:09 | pullback_pattern_402490 | INFO | [402490] 일봉상세: 가격변화0.0%, 거래량변화0.0%
2025-11-06 20:08:09 | pullback_pattern_357580 | INFO | [357580] 일봉분석: 강도50, 이상적패턴False, 요구신뢰도75
2025-11-06 20:08:09 | pullback_pattern_357580 | INFO | [357580] 일봉상세: 가격변화0.0%, 거래량변화0.0%
2025-11-06 20:08:09 | pullback_pattern_080220 | INFO | [080220] 일봉분석: 강도50, 이상적패턴False, 요구신뢰도95
2025-11-06 20:08:09 | pullback_pattern_080220 | INFO | [080220] 일봉상세: 가격변화0.0%, 거래량변화0.0%
2025-11-06 20:08:09 | pullback_pattern_136150 | INFO | [136150] 일봉분석: 강도50, 이상적패턴False, 요구신뢰도95
2025-11-06 20:08:09 | pullback_pattern_402490 | INFO | [402490] 일봉분석: 강도50, 이상적패턴False, 요구신뢰도95
2025-11-06 20:08:09 | pullback_pattern_136150 | INFO | [136150] 일봉상세: 가격변화0.0%, 거래량변화0.0%
2025-11-06 20:08:09 | pullback_pattern_402490 | INFO | [402490] 일봉상세: 가격변화0.0%, 거래량변화0.0%
2025-11-06 20:08:09 | __main__ | DEBUG | [458870] 15시 장마감 매도: 53,800원
2025-11-06 20:08:09 | pullback_pattern_357580 | INFO | [357580] 일봉분석: 강도50, 이상적패턴False, 요구신뢰도75
2025-11-06 20:08:09 | pullback_pattern_080220 | INFO | [080220] 일봉분석: 강도50, 이상적패턴False, 요구신뢰도95
2025-11-06 20:08:09 | pullback_pattern_357580 | INFO | [357580] 일봉상세: 가격변화0.0%, 거래량변화0.0%
2025-11-06 20:08:09 | pullback_pattern_136150 | INFO | [136150] 일봉분석: 강도50, 이상적패턴False, 요구신뢰도95
2025-11-06 20:08:09 | pullback_pattern_080220 | INFO | [080220] 일봉상세: 가격변화0.0%, 거래량변화0.0%
2025-11-06 20:08:09 | pullback_pattern_402490 | INFO | [402490] 일봉분석: 강도50, 이상적패턴False, 요구신뢰도75
2025-11-06 20:08:09 | pullback_pattern_136150 | INFO | [136150] 일봉상세: 가격변화0.0%, 거래량변화0.0%
2025-11-06 20:08:09 | pullback_pattern_402490 | INFO | [402490] 일봉상세: 가격변화0.0%, 거래량변화0.0%
2025-11-06 20:08:09 | pullback_pattern_357580 | INFO | [357580] 일봉분석: 강도50, 이상적패턴False, 요구신뢰도75
2025-11-06 20:08:09 | pullback_pattern_357580 | INFO | [357580] 일봉상세: 가격변화0.0%, 거래량변화0.0%
2025-11-06 20:08:09 | pullback_pattern_080220 | INFO | [080220] 일봉분석: 강도50, 이상적패턴False, 요구신뢰도95
2025-11-06 20:08:09 | pullback_pattern_080220 | INFO | [080220] 일봉상세: 가격변화0.0%, 거래량변화0.0%
2025-11-06 20:08:09 | pullback_pattern_136150 | INFO | [136150] 일봉분석: 강도50, 이상적패턴False, 요구신뢰도95
2025-11-06 20:08:09 | pullback_pattern_357580 | INFO | [357580] 일봉분석: 강도50, 이상적패턴False, 요구신뢰도75
2025-11-06 20:08:09 | pullback_pattern_136150 | INFO | [136150] 일봉상세: 가격변화0.0%, 거래량변화0.0%
2025-11-06 20:08:09 | pullback_pattern_357580 | INFO | [357580] 일봉상세: 가격변화0.0%, 거래량변화0.0%
2025-11-06 20:08:09 | pullback_pattern_402490 | INFO | [402490] 일봉분석: 강도50, 이상적패턴False, 요구신뢰도75
2025-11-06 20:08:09 | pullback_pattern_402490 | INFO | [402490] 일봉상세: 가격변화0.0%, 거래량변화0.0%
2025-11-06 20:08:09 | pullback_pattern_080220 | INFO | [080220] 일봉분석: 강도50, 이상적패턴False, 요구신뢰도95
2025-11-06 20:08:09 | pullback_pattern_080220 | INFO | [080220] 일봉상세: 가격변화0.0%, 거래량변화0.0%
2025-11-06 20:08:09 | pullback_pattern_136150 | INFO | [136150] 일봉분석: 강도50, 이상적패턴False, 요구신뢰도95
2025-11-06 20:08:09 | pullback_pattern_357580 | INFO | [357580] 일봉분석: 강도50, 이상적패턴False, 요구신뢰도75
2025-11-06 20:08:09 | pullback_pattern_402490 | INFO | [402490] 일봉분석: 강도50, 이상적패턴False, 요구신뢰도75
2025-11-06 20:08:09 | pullback_pattern_357580 | INFO | [357580] 일봉상세: 가격변화0.0%, 거래량변화0.0%
2025-11-06 20:08:09 | pullback_pattern_136150 | INFO | [136150] 일봉상세: 가격변화0.0%, 거래량변화0.0%
2025-11-06 20:08:09 | pullback_pattern_402490 | INFO | [402490] 일봉상세: 가격변화0.0%, 거래량변화0.0%
2025-11-06 20:08:09 | pullback_pattern_080220 | INFO | [080220] 일봉분석: 강도50, 이상적패턴False, 요구신뢰도95
2025-11-06 20:08:09 | pullback_pattern_080220 | INFO | [080220] 일봉상세: 가격변화0.0%, 거래량변화0.0%
2025-11-06 20:08:09 | pullback_pattern_136150 | INFO | [136150] 일봉분석: 강도50, 이상적패턴False, 요구신뢰도95
2025-11-06 20:08:09 | pullback_pattern_357580 | INFO | [357580] 일봉분석: 강도50, 이상적패턴False, 요구신뢰도75
2025-11-06 20:08:09 | pullback_pattern_402490 | INFO | [402490] 일봉분석: 강도50, 이상적패턴False, 요구신뢰도75
2025-11-06 20:08:09 | pullback_pattern_357580 | INFO | [357580] 일봉상세: 가격변화0.0%, 거래량변화0.0%
2025-11-06 20:08:09 | pullback_pattern_402490 | INFO | [402490] 일봉상세: 가격변화0.0%, 거래량변화0.0%
2025-11-06 20:08:09 | pullback_pattern_080220 | INFO | [080220] 일봉분석: 강도50, 이상적패턴False, 요구신뢰도95
2025-11-06 20:08:09 | pullback_pattern_136150 | INFO | [136150] 일봉상세: 가격변화0.0%, 거래량변화0.0%
2025-11-06 20:08:09 | __main__ | INFO | 🕰️ [458870] 매수 쿨다운 설정: 10:42 + 25분 = 11:07
2025-11-06 20:08:09 | pullback_pattern_080220 | INFO | [080220] 일봉상세: 가격변화0.0%, 거래량변화0.0%
2025-11-06 20:08:09 | __main__ | INFO | 📈 [458870] 거래 시뮬레이션 완료:
2025-11-06 20:08:09 | pullback_pattern_402490 | INFO | [402490] 일봉분석: 강도50, 이상적패턴False, 요구신뢰도75
2025-11-06 20:08:09 | pullback_pattern_357580 | INFO | [357580] 일봉분석: 강도50, 이상적패턴False, 요구신뢰도75
2025-11-06 20:08:09 | __main__ | INFO |    전체 거래: 1건
2025-11-06 20:08:09 | pullback_pattern_357580 | INFO | [357580] 일봉상세: 가격변화0.0%, 거래량변화0.0%
2025-11-06 20:08:09 | pullback_pattern_080220 | INFO | [080220] 일봉분석: 강도50, 이상적패턴False, 요구신뢰도95
2025-11-06 20:08:09 | __main__ | INFO |    완료 거래: 1건
2025-11-06 20:08:09 | pullback_pattern_136150 | INFO | [136150] 일봉분석: 강도50, 이상적패턴False, 요구신뢰도95
2025-11-06 20:08:09 | pullback_pattern_080220 | INFO | [080220] 일봉상세: 가격변화0.0%, 거래량변화0.0%
2025-11-06 20:08:09 | __main__ | INFO |    성공 거래: 1건
2025-11-06 20:08:09 | pullback_pattern_402490 | INFO | [402490] 일봉상세: 가격변화0.0%, 거래량변화0.0%
2025-11-06 20:08:09 | __main__ | INFO |    매수 못한 기회: 0건
2025-11-06 20:08:09 | pullback_pattern_357580 | INFO | [357580] 일봉분석: 강도50, 이상적패턴False, 요구신뢰도75
2025-11-06 20:08:09 | __main__ | INFO | 🌅 12시 이전 매수 거래:
2025-11-06 20:08:09 | pullback_pattern_080220 | INFO | [080220] 일봉분석: 강도50, 이상적패턴False, 요구신뢰도95
2025-11-06 20:08:09 | pullback_pattern_357580 | INFO | [357580] 일봉상세: 가격변화0.0%, 거래량변화0.0%
2025-11-06 20:08:09 | __main__ | INFO |    오전 거래 수: 1건
2025-11-06 20:08:09 | pullback_pattern_136150 | INFO | [136150] 일봉상세: 가격변화0.0%, 거래량변화0.0%
2025-11-06 20:08:09 | pullback_pattern_402490 | INFO | [402490] 일봉분석: 강도50, 이상적패턴False, 요구신뢰도75
2025-11-06 20:08:09 | __main__ | INFO |    오전 성공: 1건
2025-11-06 20:08:09 | pullback_pattern_080220 | INFO | [080220] 일봉상세: 가격변화0.0%, 거래량변화0.0%
2025-11-06 20:08:09 | __main__ | INFO |    오전 실패: 0건
2025-11-06 20:08:09 | pullback_pattern_402490 | INFO | [402490] 일봉상세: 가격변화0.0%, 거래량변화0.0%
2025-11-06 20:08:09 | pullback_pattern_357580 | INFO | [357580] 일봉분석: 강도50, 이상적패턴False, 요구신뢰도75
2025-11-06 20:08:09 | pullback_pattern_136150 | INFO | [136150] 일봉분석: 강도50, 이상적패턴False, 요구신뢰도95
2025-11-06 20:08:09 | __main__ | INFO |    오전 승률: 100.0%
2025-11-06 20:08:09 | pullback_pattern_136150 | INFO | [136150] 일봉상세: 가격변화0.0%, 거래량변화0.0%
2025-11-06 20:08:09 | pullback_pattern_357580 | INFO | [357580] 일봉상세: 가격변화0.0%, 거래량변화0.0%
2025-11-06 20:08:09 | __main__ | INFO |    오전 평균 수익률: +1.78%
2025-11-06 20:08:09 | pullback_pattern_080220 | INFO | [080220] 일봉분석: 강도50, 이상적패턴False, 요구신뢰도95
2025-11-06 20:08:09 | __main__ | INFO |    🟢 10:42 매수 → +1.78%
2025-11-06 20:08:09 | pullback_pattern_080220 | INFO | [080220] 일봉상세: 가격변화0.0%, 거래량변화0.0%
2025-11-06 20:08:09 | __main__ | INFO |    평균 수익률: 1.78%
2025-11-06 20:08:09 | pullback_pattern_136150 | INFO | [136150] 일봉분석: 강도50, 이상적패턴False, 요구신뢰도95
2025-11-06 20:08:09 | pullback_pattern_357580 | INFO | [357580] 일봉분석: 강도50, 이상적패턴False, 요구신뢰도75
2025-11-06 20:08:09 | __main__ | INFO | ✅ [458870] 처리 완료 - 1건 거래, 0건 매수 못한 기회
2025-11-06 20:08:09 | pullback_pattern_357580 | INFO | [357580] 일봉상세: 가격변화0.0%, 거래량변화0.0%
2025-11-06 20:08:09 | pullback_pattern_080220 | INFO | [080220] 일봉분석: 강도50, 이상적패턴False, 요구신뢰도95
2025-11-06 20:08:09 | pullback_pattern_136150 | INFO | [136150] 일봉상세: 가격변화0.0%, 거래량변화0.0%
2025-11-06 20:08:09 | pullback_pattern_080220 | INFO | [080220] 일봉상세: 가격변화0.0%, 거래량변화0.0%
2025-11-06 20:08:09 | pullback_pattern_357580 | INFO | [357580] 일봉분석: 강도50, 이상적패턴False, 요구신뢰도75
2025-11-06 20:08:09 | pullback_pattern_357580 | INFO | [357580] 일봉상세: 가격변화0.0%, 거래량변화0.0%
2025-11-06 20:08:09 | __main__ | INFO | 🕰️ [084990] 매수 쿨다운 설정: 10:15 + 25분 = 10:40
2025-11-06 20:08:09 | __main__ | DEBUG | ✅ [11:06] 매도 완료, 새 매수 가능
2025-11-06 20:08:09 | pullback_pattern_080220 | INFO | [080220] 일봉분석: 강도50, 이상적패턴False, 요구신뢰도95
2025-11-06 20:08:09 | __main__ | DEBUG | 🔍 [084990] 4/5가 체크: 돌파봉인덱스=41, 4/5가=6,628원, 다음2봉범위=42~43, 전체데이터길이=128
2025-11-06 20:08:09 | pullback_pattern_136150 | INFO | [136150] 일봉분석: 강도50, 이상적패턴False, 요구신뢰도95
2025-11-06 20:08:09 | __main__ | DEBUG | 🔍 [084990] 다음 2개 3분봉 데이터: 2개
2025-11-06 20:08:09 | pullback_pattern_136150 | INFO | [136150] 일봉상세: 가격변화0.0%, 거래량변화0.0%
2025-11-06 20:08:09 | pullback_pattern_080220 | INFO | [080220] 일봉상세: 가격변화0.0%, 거래량변화0.0%
2025-11-06 20:08:09 | __main__ | DEBUG |   봉1(인덱스42): 11:06 저가=6,590원, 4/5가=6,628원, 도달여부=True
2025-11-06 20:08:09 | pullback_pattern_357580 | INFO | [357580] 일봉분석: 강도50, 이상적패턴False, 요구신뢰도75
2025-11-06 20:08:09 | __main__ | DEBUG |   봉2(인덱스43): 11:09 저가=6,580원, 4/5가=6,628원, 도달여부=True
2025-11-06 20:08:09 | pullback_pattern_357580 | INFO | [357580] 일봉상세: 가격변화0.0%, 거래량변화0.0%
2025-11-06 20:08:09 | pullback_pattern_136150 | INFO | [136150] 일봉분석: 강도50, 이상적패턴False, 요구신뢰도95
2025-11-06 20:08:09 | __main__ | DEBUG | ✅ [084990] 4/5가 도달: 11:06 저가 6,590원 ≤ 4/5가 6,628원 (인덱스42)
2025-11-06 20:08:09 | pullback_pattern_080220 | INFO | [080220] 일봉분석: 강도50, 이상적패턴False, 요구신뢰도95
2025-11-06 20:08:09 | __main__ | INFO | 🎯 [357580] 총 0개 매수 신호 발견 (실시간 방식)
2025-11-06 20:08:09 | pullback_pattern_136150 | INFO | [136150] 일봉상세: 가격변화0.0%, 거래량변화0.0%
2025-11-06 20:08:09 | pullback_pattern_080220 | INFO | [080220] 일봉상세: 가격변화0.0%, 거래량변화0.0%
2025-11-06 20:08:09 | __main__ | DEBUG | 🕐 신호 라벨: 11:03, 신호 발생: 11:06, 매수가: 6,628원
2025-11-06 20:08:09 | __main__ | INFO | 매수 신호 없음 - 거래 시뮬레이션 불가 [357580]
2025-11-06 20:08:09 | __main__ | DEBUG | 💰 [084990] 매수 체결: 6,628원 @ 11:08:00 (실제 체결: 11:08:00)
2025-11-06 20:08:09 | __main__ | INFO | ✅ [357580] 처리 완료 - 0건 거래, 0건 매수 못한 기회
2025-11-06 20:08:09 | pullback_pattern_080220 | INFO | [080220] 일봉분석: 강도50, 이상적패턴False, 요구신뢰도95
2025-11-06 20:08:09 | pullback_pattern_080220 | INFO | [080220] 일봉상세: 가격변화0.0%, 거래량변화0.0%
2025-11-06 20:08:09 | pullback_pattern_136150 | INFO | [136150] 일봉분석: 강도50, 이상적패턴False, 요구신뢰도95
2025-11-06 20:08:09 | __main__ | DEBUG | ⏰ [084990] 25분 쿨다운 설정: 11:33까지
2025-11-06 20:08:09 | pullback_pattern_136150 | INFO | [136150] 일봉상세: 가격변화0.0%, 거래량변화0.0%
2025-11-06 20:08:09 | pullback_pattern_080220 | INFO | [080220] 일봉분석: 강도50, 이상적패턴False, 요구신뢰도95
2025-11-06 20:08:09 | pullback_pattern_080220 | INFO | [080220] 일봉상세: 가격변화0.0%, 거래량변화0.0%
2025-11-06 20:08:09 | pullback_pattern_136150 | INFO | [136150] 일봉분석: 강도50, 이상적패턴False, 요구신뢰도95
2025-11-06 20:08:09 | pullback_pattern_136150 | INFO | [136150] 일봉상세: 가격변화0.0%, 거래량변화0.0%
2025-11-06 20:08:09 | pullback_pattern_080220 | INFO | [080220] 일봉분석: 강도50, 이상적패턴False, 요구신뢰도95
2025-11-06 20:08:09 | pullback_pattern_080220 | INFO | [080220] 일봉상세: 가격변화0.0%, 거래량변화0.0%
2025-11-06 20:08:09 | pullback_pattern_136150 | INFO | [136150] 일봉분석: 강도50, 이상적패턴False, 요구신뢰도95
2025-11-06 20:08:09 | pullback_pattern_136150 | INFO | [136150] 일봉상세: 가격변화0.0%, 거래량변화0.0%
2025-11-06 20:08:09 | pullback_pattern_080220 | INFO | [080220] 일봉분석: 강도50, 이상적패턴False, 요구신뢰도95
2025-11-06 20:08:09 | pullback_pattern_080220 | INFO | [080220] 일봉상세: 가격변화0.0%, 거래량변화0.0%
2025-11-06 20:08:09 | pullback_pattern_136150 | INFO | [136150] 일봉분석: 강도50, 이상적패턴False, 요구신뢰도95
2025-11-06 20:08:09 | pullback_pattern_136150 | INFO | [136150] 일봉상세: 가격변화0.0%, 거래량변화0.0%
2025-11-06 20:08:09 | pullback_pattern_080220 | INFO | [080220] 일봉분석: 강도50, 이상적패턴False, 요구신뢰도95
2025-11-06 20:08:09 | pullback_pattern_080220 | INFO | [080220] 일봉상세: 가격변화0.0%, 거래량변화0.0%
2025-11-06 20:08:09 | pullback_pattern_136150 | INFO | [136150] 일봉분석: 강도50, 이상적패턴False, 요구신뢰도75
2025-11-06 20:08:09 | pullback_pattern_136150 | INFO | [136150] 일봉상세: 가격변화0.0%, 거래량변화0.0%
2025-11-06 20:08:09 | pullback_pattern_136150 | INFO | [136150] 일봉분석: 강도50, 이상적패턴False, 요구신뢰도75
2025-11-06 20:08:09 | pullback_pattern_136150 | INFO | [136150] 일봉상세: 가격변화0.0%, 거래량변화0.0%
2025-11-06 20:08:09 | pullback_pattern_080220 | INFO | [080220] 일봉분석: 강도50, 이상적패턴False, 요구신뢰도95
2025-11-06 20:08:09 | pullback_pattern_080220 | INFO | [080220] 일봉상세: 가격변화0.0%, 거래량변화0.0%
2025-11-06 20:08:09 | pullback_pattern_136150 | INFO | [136150] 일봉분석: 강도50, 이상적패턴False, 요구신뢰도75
2025-11-06 20:08:09 | pullback_pattern_136150 | INFO | [136150] 일봉상세: 가격변화0.0%, 거래량변화0.0%
2025-11-06 20:08:09 | pullback_pattern_080220 | INFO | [080220] 일봉분석: 강도50, 이상적패턴False, 요구신뢰도95
2025-11-06 20:08:09 | pullback_pattern_080220 | INFO | [080220] 일봉상세: 가격변화0.0%, 거래량변화0.0%
2025-11-06 20:08:09 | pullback_pattern_136150 | INFO | [136150] 일봉분석: 강도50, 이상적패턴False, 요구신뢰도75
2025-11-06 20:08:09 | pullback_pattern_136150 | INFO | [136150] 일봉상세: 가격변화0.0%, 거래량변화0.0%
2025-11-06 20:08:09 | pullback_pattern_080220 | INFO | [080220] 일봉분석: 강도50, 이상적패턴False, 요구신뢰도95
2025-11-06 20:08:09 | pullback_pattern_080220 | INFO | [080220] 일봉상세: 가격변화0.0%, 거래량변화0.0%
2025-11-06 20:08:09 | pullback_pattern_136150 | INFO | [136150] 일봉분석: 강도50, 이상적패턴False, 요구신뢰도75
2025-11-06 20:08:09 | pullback_pattern_136150 | INFO | [136150] 일봉상세: 가격변화0.0%, 거래량변화0.0%
2025-11-06 20:08:09 | pullback_pattern_080220 | INFO | [080220] 일봉분석: 강도50, 이상적패턴False, 요구신뢰도95
2025-11-06 20:08:09 | pullback_pattern_080220 | INFO | [080220] 일봉상세: 가격변화0.0%, 거래량변화0.0%
2025-11-06 20:08:09 | __main__ | INFO | 🎯 [402490] 총 0개 매수 신호 발견 (실시간 방식)
2025-11-06 20:08:09 | __main__ | INFO | 매수 신호 없음 - 거래 시뮬레이션 불가 [402490]
2025-11-06 20:08:09 | pullback_pattern_136150 | INFO | [136150] 일봉분석: 강도50, 이상적패턴False, 요구신뢰도75
2025-11-06 20:08:09 | __main__ | INFO | ✅ [402490] 처리 완료 - 0건 거래, 0건 매수 못한 기회
2025-11-06 20:08:09 | pullback_pattern_136150 | INFO | [136150] 일봉상세: 가격변화0.0%, 거래량변화0.0%
2025-11-06 20:08:09 | pullback_pattern_080220 | INFO | [080220] 일봉분석: 강도50, 이상적패턴False, 요구신뢰도95
2025-11-06 20:08:09 | pullback_pattern_080220 | INFO | [080220] 일봉상세: 가격변화0.0%, 거래량변화0.0%
2025-11-06 20:08:09 | pullback_pattern_136150 | INFO | [136150] 일봉분석: 강도50, 이상적패턴False, 요구신뢰도75
2025-11-06 20:08:09 | pullback_pattern_136150 | INFO | [136150] 일봉상세: 가격변화0.0%, 거래량변화0.0%
2025-11-06 20:08:09 | pullback_pattern_080220 | INFO | [080220] 일봉분석: 강도50, 이상적패턴False, 요구신뢰도95
2025-11-06 20:08:09 | pullback_pattern_080220 | INFO | [080220] 일봉상세: 가격변화0.0%, 거래량변화0.0%
2025-11-06 20:08:09 | pullback_pattern_136150 | INFO | [136150] 일봉분석: 강도50, 이상적패턴False, 요구신뢰도75
2025-11-06 20:08:09 | pullback_pattern_136150 | INFO | [136150] 일봉상세: 가격변화0.0%, 거래량변화0.0%
2025-11-06 20:08:09 | pullback_pattern_080220 | INFO | [080220] 일봉분석: 강도50, 이상적패턴False, 요구신뢰도95
2025-11-06 20:08:09 | pullback_pattern_080220 | INFO | [080220] 일봉상세: 가격변화0.0%, 거래량변화0.0%
2025-11-06 20:08:09 | pullback_pattern_080220 | INFO | [080220] 일봉분석: 강도50, 이상적패턴False, 요구신뢰도95
2025-11-06 20:08:09 | pullback_pattern_080220 | INFO | [080220] 일봉상세: 가격변화0.0%, 거래량변화0.0%
2025-11-06 20:08:09 | pullback_pattern_136150 | INFO | [136150] 일봉분석: 강도50, 이상적패턴False, 요구신뢰도75
2025-11-06 20:08:09 | pullback_pattern_136150 | INFO | [136150] 일봉상세: 가격변화0.0%, 거래량변화0.0%
2025-11-06 20:08:09 | pullback_pattern_136150 | INFO | [136150] 일봉분석: 강도50, 이상적패턴False, 요구신뢰도75
2025-11-06 20:08:09 | pullback_pattern_080220 | INFO | [080220] 일봉분석: 강도50, 이상적패턴False, 요구신뢰도95
2025-11-06 20:08:09 | pullback_pattern_136150 | INFO | [136150] 일봉상세: 가격변화0.0%, 거래량변화0.0%
2025-11-06 20:08:09 | pullback_pattern_080220 | INFO | [080220] 일봉상세: 가격변화0.0%, 거래량변화0.0%
2025-11-06 20:08:09 | pullback_pattern_136150 | INFO | [136150] 일봉분석: 강도50, 이상적패턴False, 요구신뢰도75
2025-11-06 20:08:09 | pullback_pattern_136150 | INFO | [136150] 일봉상세: 가격변화0.0%, 거래량변화0.0%
2025-11-06 20:08:09 | pullback_pattern_080220 | INFO | [080220] 일봉분석: 강도50, 이상적패턴False, 요구신뢰도95
2025-11-06 20:08:09 | pullback_pattern_080220 | INFO | [080220] 일봉상세: 가격변화0.0%, 거래량변화0.0%
2025-11-06 20:08:09 | pullback_pattern_136150 | INFO | [136150] 일봉분석: 강도50, 이상적패턴False, 요구신뢰도75
2025-11-06 20:08:09 | pullback_pattern_136150 | INFO | [136150] 일봉상세: 가격변화0.0%, 거래량변화0.0%
2025-11-06 20:08:09 | pullback_pattern_080220 | INFO | [080220] 일봉분석: 강도50, 이상적패턴False, 요구신뢰도95
2025-11-06 20:08:09 | pullback_pattern_080220 | INFO | [080220] 일봉상세: 가격변화0.0%, 거래량변화0.0%
2025-11-06 20:08:09 | pullback_pattern_136150 | INFO | [136150] 일봉분석: 강도50, 이상적패턴False, 요구신뢰도75
2025-11-06 20:08:09 | pullback_pattern_136150 | INFO | [136150] 일봉상세: 가격변화0.0%, 거래량변화0.0%
2025-11-06 20:08:09 | pullback_pattern_080220 | INFO | [080220] 일봉분석: 강도50, 이상적패턴False, 요구신뢰도95
2025-11-06 20:08:09 | pullback_pattern_080220 | INFO | [080220] 일봉상세: 가격변화0.0%, 거래량변화0.0%
2025-11-06 20:08:09 | pullback_pattern_136150 | INFO | [136150] 일봉분석: 강도50, 이상적패턴False, 요구신뢰도75
2025-11-06 20:08:09 | pullback_pattern_136150 | INFO | [136150] 일봉상세: 가격변화0.0%, 거래량변화0.0%
2025-11-06 20:08:09 | pullback_pattern_080220 | INFO | [080220] 일봉분석: 강도50, 이상적패턴False, 요구신뢰도95
2025-11-06 20:08:09 | pullback_pattern_080220 | INFO | [080220] 일봉상세: 가격변화0.0%, 거래량변화0.0%
2025-11-06 20:08:09 | pullback_pattern_136150 | INFO | [136150] 일봉분석: 강도50, 이상적패턴False, 요구신뢰도75
2025-11-06 20:08:09 | pullback_pattern_136150 | INFO | [136150] 일봉상세: 가격변화0.0%, 거래량변화0.0%
2025-11-06 20:08:09 | pullback_pattern_080220 | INFO | [080220] 일봉분석: 강도50, 이상적패턴False, 요구신뢰도95
2025-11-06 20:08:09 | pullback_pattern_080220 | INFO | [080220] 일봉상세: 가격변화0.0%, 거래량변화0.0%
2025-11-06 20:08:09 | pullback_pattern_136150 | INFO | [136150] 일봉분석: 강도50, 이상적패턴False, 요구신뢰도75
2025-11-06 20:08:09 | pullback_pattern_080220 | INFO | [080220] 일봉분석: 강도50, 이상적패턴False, 요구신뢰도95
2025-11-06 20:08:09 | pullback_pattern_136150 | INFO | [136150] 일봉상세: 가격변화0.0%, 거래량변화0.0%
2025-11-06 20:08:09 | pullback_pattern_080220 | INFO | [080220] 일봉상세: 가격변화0.0%, 거래량변화0.0%
2025-11-06 20:08:09 | pullback_pattern_136150 | INFO | [136150] 일봉분석: 강도50, 이상적패턴False, 요구신뢰도75
2025-11-06 20:08:09 | pullback_pattern_080220 | INFO | [080220] 일봉분석: 강도50, 이상적패턴False, 요구신뢰도95
2025-11-06 20:08:09 | pullback_pattern_136150 | INFO | [136150] 일봉상세: 가격변화0.0%, 거래량변화0.0%
2025-11-06 20:08:09 | pullback_pattern_080220 | INFO | [080220] 일봉상세: 가격변화0.0%, 거래량변화0.0%
2025-11-06 20:08:09 | pullback_pattern_136150 | INFO | [136150] 일봉분석: 강도50, 이상적패턴False, 요구신뢰도75
2025-11-06 20:08:09 | pullback_pattern_136150 | INFO | [136150] 일봉상세: 가격변화0.0%, 거래량변화0.0%
2025-11-06 20:08:09 | pullback_pattern_080220 | INFO | [080220] 일봉분석: 강도50, 이상적패턴False, 요구신뢰도75
2025-11-06 20:08:09 | pullback_pattern_080220 | INFO | [080220] 일봉상세: 가격변화0.0%, 거래량변화0.0%
2025-11-06 20:08:09 | pullback_pattern_136150 | INFO | [136150] 일봉분석: 강도50, 이상적패턴False, 요구신뢰도75
2025-11-06 20:08:09 | pullback_pattern_136150 | INFO | [136150] 일봉상세: 가격변화0.0%, 거래량변화0.0%
2025-11-06 20:08:09 | pullback_pattern_080220 | INFO | [080220] 일봉분석: 강도50, 이상적패턴False, 요구신뢰도75
2025-11-06 20:08:09 | pullback_pattern_080220 | INFO | [080220] 일봉상세: 가격변화0.0%, 거래량변화0.0%
2025-11-06 20:08:09 | pullback_pattern_136150 | INFO | [136150] 일봉분석: 강도50, 이상적패턴False, 요구신뢰도75
2025-11-06 20:08:09 | pullback_pattern_136150 | INFO | [136150] 일봉상세: 가격변화0.0%, 거래량변화0.0%
2025-11-06 20:08:09 | pullback_pattern_080220 | INFO | [080220] 일봉분석: 강도50, 이상적패턴False, 요구신뢰도75
2025-11-06 20:08:09 | pullback_pattern_080220 | INFO | [080220] 일봉상세: 가격변화0.0%, 거래량변화0.0%
2025-11-06 20:08:09 | pullback_pattern_136150 | INFO | [136150] 일봉분석: 강도50, 이상적패턴False, 요구신뢰도75
2025-11-06 20:08:09 | pullback_pattern_080220 | INFO | [080220] 일봉분석: 강도50, 이상적패턴False, 요구신뢰도75
2025-11-06 20:08:09 | pullback_pattern_136150 | INFO | [136150] 일봉상세: 가격변화0.0%, 거래량변화0.0%
2025-11-06 20:08:09 | pullback_pattern_080220 | INFO | [080220] 일봉상세: 가격변화0.0%, 거래량변화0.0%
2025-11-06 20:08:09 | pullback_pattern_136150 | INFO | [136150] 일봉분석: 강도50, 이상적패턴False, 요구신뢰도75
2025-11-06 20:08:09 | pullback_pattern_136150 | INFO | [136150] 일봉상세: 가격변화0.0%, 거래량변화0.0%
2025-11-06 20:08:09 | pullback_pattern_080220 | INFO | [080220] 일봉분석: 강도50, 이상적패턴False, 요구신뢰도75
2025-11-06 20:08:09 | pullback_pattern_080220 | INFO | [080220] 일봉상세: 가격변화0.0%, 거래량변화0.0%
2025-11-06 20:08:09 | pullback_pattern_136150 | INFO | [136150] 일봉분석: 강도50, 이상적패턴False, 요구신뢰도75
2025-11-06 20:08:09 | pullback_pattern_136150 | INFO | [136150] 일봉상세: 가격변화0.0%, 거래량변화0.0%
2025-11-06 20:08:09 | pullback_pattern_080220 | INFO | [080220] 일봉분석: 강도50, 이상적패턴False, 요구신뢰도75
2025-11-06 20:08:09 | pullback_pattern_080220 | INFO | [080220] 일봉상세: 가격변화0.0%, 거래량변화0.0%
2025-11-06 20:08:09 | pullback_pattern_136150 | INFO | [136150] 일봉분석: 강도50, 이상적패턴False, 요구신뢰도75
2025-11-06 20:08:09 | pullback_pattern_136150 | INFO | [136150] 일봉상세: 가격변화0.0%, 거래량변화0.0%
2025-11-06 20:08:09 | pullback_pattern_080220 | INFO | [080220] 일봉분석: 강도50, 이상적패턴False, 요구신뢰도75
2025-11-06 20:08:09 | pullback_pattern_080220 | INFO | [080220] 일봉상세: 가격변화0.0%, 거래량변화0.0%
2025-11-06 20:08:09 | pullback_pattern_136150 | INFO | [136150] 일봉분석: 강도50, 이상적패턴False, 요구신뢰도75
2025-11-06 20:08:09 | pullback_pattern_136150 | INFO | [136150] 일봉상세: 가격변화0.0%, 거래량변화0.0%
2025-11-06 20:08:09 | pullback_pattern_080220 | INFO | [080220] 일봉분석: 강도50, 이상적패턴False, 요구신뢰도75
2025-11-06 20:08:09 | pullback_pattern_080220 | INFO | [080220] 일봉상세: 가격변화0.0%, 거래량변화0.0%
2025-11-06 20:08:09 | pullback_pattern_136150 | INFO | [136150] 일봉분석: 강도50, 이상적패턴False, 요구신뢰도75
2025-11-06 20:08:09 | pullback_pattern_080220 | INFO | [080220] 일봉분석: 강도50, 이상적패턴False, 요구신뢰도75
2025-11-06 20:08:09 | pullback_pattern_136150 | INFO | [136150] 일봉상세: 가격변화0.0%, 거래량변화0.0%
2025-11-06 20:08:09 | pullback_pattern_080220 | INFO | [080220] 일봉상세: 가격변화0.0%, 거래량변화0.0%
2025-11-06 20:08:09 | pullback_pattern_136150 | INFO | [136150] 일봉분석: 강도50, 이상적패턴False, 요구신뢰도75
2025-11-06 20:08:09 | pullback_pattern_080220 | INFO | [080220] 일봉분석: 강도50, 이상적패턴False, 요구신뢰도75
2025-11-06 20:08:09 | pullback_pattern_136150 | INFO | [136150] 일봉상세: 가격변화0.0%, 거래량변화0.0%
2025-11-06 20:08:09 | pullback_pattern_080220 | INFO | [080220] 일봉상세: 가격변화0.0%, 거래량변화0.0%
2025-11-06 20:08:09 | __main__ | INFO | 🎯 [136150] 총 1개 매수 신호 발견 (실시간 방식)
2025-11-06 20:08:09 | __main__ | WARNING | ⚠️ [136150] 일봉 패턴 필터 초기화 실패: No module named 'core.indicators.daily_pattern_filter'
2025-11-06 20:08:09 | pullback_pattern_080220 | INFO | [080220] 일봉분석: 강도50, 이상적패턴False, 요구신뢰도75
2025-11-06 20:08:09 | pullback_pattern_080220 | INFO | [080220] 일봉상세: 가격변화0.0%, 거래량변화0.0%
2025-11-06 20:08:09 | __main__ | DEBUG | 🔍 [136150] 4/5가 체크: 돌파봉인덱스=29, 4/5가=24,370원, 다음2봉범위=30~31, 전체데이터길이=128
2025-11-06 20:08:09 | __main__ | DEBUG | 🔍 [136150] 다음 2개 3분봉 데이터: 2개
2025-11-06 20:08:09 | pullback_pattern_080220 | INFO | [080220] 일봉분석: 강도50, 이상적패턴False, 요구신뢰도75
2025-11-06 20:08:09 | __main__ | DEBUG |   봉1(인덱스30): 10:30 저가=24,300원, 4/5가=24,370원, 도달여부=True
2025-11-06 20:08:09 | pullback_pattern_080220 | INFO | [080220] 일봉상세: 가격변화0.0%, 거래량변화0.0%
2025-11-06 20:08:09 | __main__ | DEBUG |   봉2(인덱스31): 10:33 저가=24,300원, 4/5가=24,370원, 도달여부=True
2025-11-06 20:08:09 | __main__ | DEBUG | ✅ [136150] 4/5가 도달: 10:30 저가 24,300원 ≤ 4/5가 24,370원 (인덱스30)
2025-11-06 20:08:09 | __main__ | DEBUG | 🕐 신호 라벨: 10:27, 신호 발생: 10:30, 매수가: 24,370원
2025-11-06 20:08:09 | __main__ | DEBUG | 💰 [136150] 매수 체결: 24,370원 @ 10:30:00 (실제 체결: 10:30:00)
2025-11-06 20:08:09 | __main__ | DEBUG | ⏰ [136150] 25분 쿨다운 설정: 10:55까지
2025-11-06 20:08:09 | pullback_pattern_080220 | INFO | [080220] 일봉분석: 강도50, 이상적패턴False, 요구신뢰도75
2025-11-06 20:08:09 | pullback_pattern_080220 | INFO | [080220] 일봉상세: 가격변화0.0%, 거래량변화0.0%
2025-11-06 20:08:09 | pullback_pattern_080220 | INFO | [080220] 일봉분석: 강도50, 이상적패턴False, 요구신뢰도75
2025-11-06 20:08:09 | pullback_pattern_080220 | INFO | [080220] 일봉상세: 가격변화0.0%, 거래량변화0.0%
2025-11-06 20:08:09 | pullback_pattern_080220 | INFO | [080220] 일봉분석: 강도50, 이상적패턴False, 요구신뢰도75
2025-11-06 20:08:09 | pullback_pattern_080220 | INFO | [080220] 일봉상세: 가격변화0.0%, 거래량변화0.0%
2025-11-06 20:08:09 | pullback_pattern_080220 | INFO | [080220] 일봉분석: 강도50, 이상적패턴False, 요구신뢰도75
2025-11-06 20:08:09 | pullback_pattern_080220 | INFO | [080220] 일봉상세: 가격변화0.0%, 거래량변화0.0%
2025-11-06 20:08:09 | pullback_pattern_080220 | INFO | [080220] 일봉분석: 강도50, 이상적패턴False, 요구신뢰도75
2025-11-06 20:08:09 | __main__ | INFO | 🕰️ [084990] 매수 쿨다운 설정: 11:08 + 25분 = 11:33
2025-11-06 20:08:09 | pullback_pattern_080220 | INFO | [080220] 일봉상세: 가격변화0.0%, 거래량변화0.0%
2025-11-06 20:08:09 | __main__ | INFO | ⚠️ [11:27] 매수 쿨다운 활성화 (남은 시간: 6분)
2025-11-06 20:08:09 | __main__ | INFO | 📈 [084990] 거래 시뮬레이션 완료:
2025-11-06 20:08:09 | __main__ | INFO |    전체 거래: 3건
2025-11-06 20:08:09 | __main__ | INFO |    완료 거래: 2건
2025-11-06 20:08:09 | __main__ | INFO |    성공 거래: 1건
2025-11-06 20:08:09 | pullback_pattern_080220 | INFO | [080220] 일봉분석: 강도50, 이상적패턴False, 요구신뢰도75
2025-11-06 20:08:09 | __main__ | INFO |    매수 못한 기회: 0건
2025-11-06 20:08:09 | pullback_pattern_080220 | INFO | [080220] 일봉상세: 가격변화0.0%, 거래량변화0.0%
2025-11-06 20:08:09 | __main__ | INFO | 🌅 12시 이전 매수 거래:
2025-11-06 20:08:09 | __main__ | INFO |    오전 거래 수: 2건
2025-11-06 20:08:09 | __main__ | INFO |    오전 성공: 1건
2025-11-06 20:08:09 | __main__ | INFO |    오전 실패: 1건
2025-11-06 20:08:09 | __main__ | INFO |    오전 승률: 50.0%
2025-11-06 20:08:09 | __main__ | INFO |    오전 평균 수익률: +0.50%
2025-11-06 20:08:09 | __main__ | INFO |    🟢 10:15 매수 → +3.50%
2025-11-06 20:08:09 | pullback_pattern_080220 | INFO | [080220] 일봉분석: 강도50, 이상적패턴False, 요구신뢰도75
2025-11-06 20:08:09 | __main__ | INFO |    🔴 11:08 매수 → -2.50%
2025-11-06 20:08:09 | pullback_pattern_080220 | INFO | [080220] 일봉상세: 가격변화0.0%, 거래량변화0.0%
2025-11-06 20:08:09 | __main__ | INFO |    평균 수익률: 0.50%
2025-11-06 20:08:09 | __main__ | INFO | ✅ [084990] 처리 완료 - 3건 거래, 0건 매수 못한 기회
2025-11-06 20:08:09 | pullback_pattern_080220 | INFO | [080220] 일봉분석: 강도50, 이상적패턴False, 요구신뢰도75
2025-11-06 20:08:09 | pullback_pattern_080220 | INFO | [080220] 일봉상세: 가격변화0.0%, 거래량변화0.0%
2025-11-06 20:08:09 | pullback_pattern_080220 | INFO | [080220] 일봉분석: 강도50, 이상적패턴False, 요구신뢰도75
2025-11-06 20:08:09 | pullback_pattern_080220 | INFO | [080220] 일봉상세: 가격변화0.0%, 거래량변화0.0%
2025-11-06 20:08:09 | pullback_pattern_080220 | INFO | [080220] 일봉분석: 강도50, 이상적패턴False, 요구신뢰도75
2025-11-06 20:08:09 | pullback_pattern_080220 | INFO | [080220] 일봉상세: 가격변화0.0%, 거래량변화0.0%
2025-11-06 20:08:09 | pullback_pattern_080220 | INFO | [080220] 일봉분석: 강도50, 이상적패턴False, 요구신뢰도75
2025-11-06 20:08:09 | pullback_pattern_080220 | INFO | [080220] 일봉상세: 가격변화0.0%, 거래량변화0.0%
2025-11-06 20:08:09 | pullback_pattern_080220 | INFO | [080220] 일봉분석: 강도50, 이상적패턴False, 요구신뢰도75
2025-11-06 20:08:09 | pullback_pattern_080220 | INFO | [080220] 일봉상세: 가격변화0.0%, 거래량변화0.0%
2025-11-06 20:08:09 | pullback_pattern_080220 | INFO | [080220] 일봉분석: 강도50, 이상적패턴False, 요구신뢰도75
2025-11-06 20:08:09 | pullback_pattern_080220 | INFO | [080220] 일봉상세: 가격변화0.0%, 거래량변화0.0%
2025-11-06 20:08:09 | pullback_pattern_080220 | INFO | [080220] 일봉분석: 강도50, 이상적패턴False, 요구신뢰도75
2025-11-06 20:08:09 | pullback_pattern_080220 | INFO | [080220] 일봉상세: 가격변화0.0%, 거래량변화0.0%
2025-11-06 20:08:09 | pullback_pattern_080220 | INFO | [080220] 일봉분석: 강도50, 이상적패턴False, 요구신뢰도75
2025-11-06 20:08:09 | pullback_pattern_080220 | INFO | [080220] 일봉상세: 가격변화0.0%, 거래량변화0.0%
2025-11-06 20:08:09 | pullback_pattern_080220 | INFO | [080220] 일봉분석: 강도50, 이상적패턴False, 요구신뢰도75
2025-11-06 20:08:09 | pullback_pattern_080220 | INFO | [080220] 일봉상세: 가격변화0.0%, 거래량변화0.0%
2025-11-06 20:08:09 | __main__ | INFO | 🎯 [080220] 총 0개 매수 신호 발견 (실시간 방식)
2025-11-06 20:08:09 | __main__ | INFO | 매수 신호 없음 - 거래 시뮬레이션 불가 [080220]
2025-11-06 20:08:09 | __main__ | INFO | ✅ [080220] 처리 완료 - 0건 거래, 0건 매수 못한 기회
2025-11-06 20:08:10 | __main__ | DEBUG | [136150] 15시 장마감 매도: 24,150원
2025-11-06 20:08:10 | __main__ | INFO | 🕰️ [136150] 매수 쿨다운 설정: 10:30 + 25분 = 10:55
2025-11-06 20:08:10 | __main__ | INFO | 📈 [136150] 거래 시뮬레이션 완료:
2025-11-06 20:08:10 | __main__ | INFO |    전체 거래: 1건
2025-11-06 20:08:10 | __main__ | INFO |    완료 거래: 1건
2025-11-06 20:08:10 | __main__ | INFO |    성공 거래: 0건
2025-11-06 20:08:10 | __main__ | INFO |    매수 못한 기회: 0건
2025-11-06 20:08:10 | __main__ | INFO | 🌅 12시 이전 매수 거래:
2025-11-06 20:08:10 | __main__ | INFO |    오전 거래 수: 1건
2025-11-06 20:08:10 | __main__ | INFO |    오전 성공: 0건
2025-11-06 20:08:10 | __main__ | INFO |    오전 실패: 1건
2025-11-06 20:08:10 | __main__ | INFO |    오전 승률: 0.0%
2025-11-06 20:08:10 | __main__ | INFO |    오전 평균 수익률: -0.90%
2025-11-06 20:08:10 | __main__ | INFO |    🔴 10:30 매수 → -0.90%
2025-11-06 20:08:10 | __main__ | INFO |    평균 수익률: -0.90%
2025-11-06 20:08:10 | __main__ | INFO | ✅ [136150] 처리 완료 - 1건 거래, 0건 매수 못한 기회
2025-11-06 20:08:10 | __main__ | INFO | ============================================================
2025-11-06 20:08:10 | __main__ | INFO | 🎯 전체 처리 완료
2025-11-06 20:08:10 | __main__ | INFO | 📊 처리된 종목: 29개
2025-11-06 20:08:10 | __main__ | INFO | ✅ 거래가 있는 종목: 10개
2025-11-06 20:08:10 | __main__ | INFO | 💰 총 거래 건수: 13건
2025-11-06 20:08:10 | __main__ | INFO | 🚫 매수 못한 기회: 0건 (0개 종목)
2025-11-06 20:08:10 | __main__ | INFO | ============================================================
2025-11-06 20:08:10 | __main__ | INFO | 📅 선택 날짜별 거래 통계
2025-11-06 20:08:10 | __main__ | INFO | 📅 2025-09-01 13:40:02: 총0건 | 성공0건 | 성공률0.0% | 평균수익률0.00%
2025-11-06 20:08:10 | __main__ | INFO | 📅 2025-09-01 12:02:02: 총0건 | 성공0건 | 성공률0.0% | 평균수익률0.00%
2025-11-06 20:08:10 | __main__ | INFO | 📅 2025-09-01 12:25:58: 총0건 | 성공0건 | 성공률0.0% | 평균수익률0.00%
2025-11-06 20:08:10 | __main__ | INFO | 📅 2025-09-01 12:40:26: 총0건 | 성공0건 | 성공률0.0% | 평균수익률0.00%
2025-11-06 20:08:10 | __main__ | INFO | 📅 2025-09-01 09:33:26: 총0건 | 성공0건 | 성공률0.0% | 평균수익률0.00%
2025-11-06 20:08:10 | __main__ | INFO | 📅 2025-09-01 09:05:27: 총1건 | 성공1건 | 성공률100.0% | 평균수익률3.50%
2025-11-06 20:08:10 | __main__ | INFO | 📅 2025-09-01 09:43:53: 총0건 | 성공0건 | 성공률0.0% | 평균수익률0.00%
2025-11-06 20:08:10 | __main__ | INFO | 📅 2025-09-01 14:41:37: 총0건 | 성공0건 | 성공률0.0% | 평균수익률0.00%
2025-11-06 20:08:10 | __main__ | INFO | 📅 2025-09-01 09:01:31: 총1건 | 성공1건 | 성공률100.0% | 평균수익률3.50%
2025-11-06 20:08:10 | __main__ | INFO | 📅 2025-09-01 10:32:22: 총0건 | 성공0건 | 성공률0.0% | 평균수익률0.00%
2025-11-06 20:08:10 | __main__ | INFO | 📅 2025-09-01 09:39:23: 총2건 | 성공1건 | 성공률50.0% | 평균수익률0.50%
2025-11-06 20:08:10 | __main__ | INFO | 📅 2025-09-01 14:00:20: 총0건 | 성공0건 | 성공률0.0% | 평균수익률0.00%
2025-11-06 20:08:10 | __main__ | INFO | 📅 2025-09-01 10:20:48: 총1건 | 성공0건 | 성공률0.0% | 평균수익률-2.50%
2025-11-06 20:08:10 | __main__ | INFO | 📅 2025-09-01 10:27:17: 총0건 | 성공0건 | 성공률0.0% | 평균수익률0.00%
2025-11-06 20:08:10 | __main__ | INFO | 📅 2025-09-01 09:47:59: 총0건 | 성공0건 | 성공률0.0% | 평균수익률0.00%
2025-11-06 20:08:10 | __main__ | INFO | 📅 2025-09-01 09:59:34: 총1건 | 성공1건 | 성공률100.0% | 평균수익률0.69%
2025-11-06 20:08:10 | __main__ | INFO | 📅 2025-09-01 11:05:16: 총0건 | 성공0건 | 성공률0.0% | 평균수익률0.00%
2025-11-06 20:08:10 | __main__ | INFO | 📅 2025-09-01 09:55:20: 총0건 | 성공0건 | 성공률0.0% | 평균수익률0.00%
2025-11-06 20:08:10 | __main__ | INFO | 📅 2025-09-01 09:13:11: 총0건 | 성공0건 | 성공률0.0% | 평균수익률0.00%
2025-11-06 20:08:10 | __main__ | INFO | 📅 2025-09-01 09:10:15: 총1건 | 성공0건 | 성공률0.0% | 평균수익률-2.50%
2025-11-06 20:08:10 | __main__ | INFO | 📅 2025-09-01 10:05:28: 총0건 | 성공0건 | 성공률0.0% | 평균수익률0.00%
2025-11-06 20:08:10 | __main__ | INFO | 📅 2025-09-01 09:24:18: 총1건 | 성공0건 | 성공률0.0% | 평균수익률-0.19%
2025-11-06 20:08:10 | __main__ | INFO | 📅 2025-09-01 11:15:30: 총0건 | 성공0건 | 성공률0.0% | 평균수익률0.00%
2025-11-06 20:08:10 | __main__ | INFO | 📅 2025-09-01 09:41:07: 총1건 | 성공1건 | 성공률100.0% | 평균수익률1.78%
2025-11-06 20:08:10 | __main__ | INFO | 📅 2025-09-01 11:27:39: 총0건 | 성공0건 | 성공률0.0% | 평균수익률0.00%
2025-11-06 20:08:10 | __main__ | INFO | 📅 2025-09-01 09:48:51: 총0건 | 성공0건 | 성공률0.0% | 평균수익률0.00%
2025-11-06 20:08:10 | __main__ | INFO | 📅 2025-09-01 09:02:33: 총3건 | 성공1건 | 성공률33.3% | 평균수익률0.33%
2025-11-06 20:08:10 | __main__ | INFO | 📅 2025-09-01 09:05:06: 총1건 | 성공0건 | 성공률0.0% | 평균수익률-0.90%
2025-11-06 20:08:10 | __main__ | INFO | 🏁 신호 재현 리포트 완료!
